=== Comparison Failure Log ===
[2025-09-13 01:24:39] org.hibernate:hibernate-core:5.4.3.Final -> org.hibernate:hibernate-core:5.4.4.Final : Failed to compare JAR files: JAPICMP comparison failed for org.hibernate:hibernate-core
[2025-09-13 01:24:41] org.hibernate:hibernate-core:5.4.3.Final -> org.hibernate:hibernate-core:5.4.5.Final : Failed to compare JAR files: JAPICMP comparison failed for org.hibernate:hibernate-core
[2025-09-13 01:24:43] org.hibernate:hibernate-core:5.4.3.Final -> org.hibernate:hibernate-core:5.4.6.Final : Failed to compare JAR files: JAPICMP comparison failed for org.hibernate:hibernate-core
[2025-09-13 01:24:47] org.hibernate:hibernate-core:5.4.3.Final -> org.hibernate:hibernate-core:5.4.7.Final : Failed to compare JAR files: JAPICMP comparison failed for org.hibernate:hibernate-core
[2025-09-13 01:24:49] org.hibernate:hibernate-core:5.4.3.Final -> org.hibernate:hibernate-core:5.4.8.Final : Failed to compare JAR files: JAPICMP comparison failed for org.hibernate:hibernate-core
[2025-09-13 01:24:52] org.hibernate:hibernate-core:5.4.3.Final -> org.hibernate:hibernate-core:5.4.9.Final : Failed to compare JAR files: JAPICMP comparison failed for org.hibernate:hibernate-core
[2025-09-13 01:24:54] org.hibernate:hibernate-core:5.4.3.Final -> org.hibernate:hibernate-core:5.4.10.Final : Failed to compare JAR files: JAPICMP comparison failed for org.hibernate:hibernate-core
[2025-09-13 01:24:57] org.hibernate:hibernate-core:5.4.3.Final -> org.hibernate:hibernate-core:5.4.11.Final : Failed to compare JAR files: JAPICMP comparison failed for org.hibernate:hibernate-core
[2025-09-13 01:25:00] org.hibernate:hibernate-core:5.4.3.Final -> org.hibernate:hibernate-core:5.4.12.Final : Failed to compare JAR files: JAPICMP comparison failed for org.hibernate:hibernate-core
[2025-09-13 01:25:02] org.hibernate:hibernate-core:5.4.3.Final -> org.hibernate:hibernate-core:5.4.13.Final : Failed to compare JAR files: JAPICMP comparison failed for org.hibernate:hibernate-core
[2025-09-13 01:25:05] org.hibernate:hibernate-core:5.4.3.Final -> org.hibernate:hibernate-core:5.4.14.Final : Failed to compare JAR files: JAPICMP comparison failed for org.hibernate:hibernate-core
[2025-09-13 01:25:08] org.hibernate:hibernate-core:5.4.3.Final -> org.hibernate:hibernate-core:5.4.15.Final : Failed to compare JAR files: JAPICMP comparison failed for org.hibernate:hibernate-core
[2025-09-13 01:25:10] org.hibernate:hibernate-core:5.4.3.Final -> org.hibernate:hibernate-core:5.4.16.Final : Failed to compare JAR files: JAPICMP comparison failed for org.hibernate:hibernate-core
[2025-09-13 01:25:13] org.hibernate:hibernate-core:5.4.3.Final -> org.hibernate:hibernate-core:5.4.17.Final : Failed to compare JAR files: JAPICMP comparison failed for org.hibernate:hibernate-core
[2025-09-13 01:25:15] org.hibernate:hibernate-core:5.4.3.Final -> org.hibernate:hibernate-core:5.4.18.Final : Failed to compare JAR files: JAPICMP comparison failed for org.hibernate:hibernate-core
[2025-09-13 01:25:17] org.hibernate:hibernate-core:5.4.3.Final -> org.hibernate:hibernate-core:5.4.19.Final : Failed to compare JAR files: JAPICMP comparison failed for org.hibernate:hibernate-core
[2025-09-13 01:25:19] org.hibernate:hibernate-core:5.4.3.Final -> org.hibernate:hibernate-core:5.4.20.Final : Failed to compare JAR files: JAPICMP comparison failed for org.hibernate:hibernate-core
[2025-09-13 01:25:22] org.hibernate:hibernate-core:5.4.3.Final -> org.hibernate:hibernate-core:5.4.21.Final : Failed to compare JAR files: JAPICMP comparison failed for org.hibernate:hibernate-core
[2025-09-13 01:25:24] org.hibernate:hibernate-core:5.4.3.Final -> org.hibernate:hibernate-core:5.4.22.Final : Failed to compare JAR files: JAPICMP comparison failed for org.hibernate:hibernate-core
[2025-09-13 01:25:27] org.hibernate:hibernate-core:5.4.3.Final -> org.hibernate:hibernate-core:5.4.23.Final : Failed to compare JAR files: JAPICMP comparison failed for org.hibernate:hibernate-core
[2025-09-13 01:25:29] org.hibernate:hibernate-core:5.4.3.Final -> org.hibernate:hibernate-core:5.4.24.Final : Failed to compare JAR files: JAPICMP comparison failed for org.hibernate:hibernate-core
[2025-09-13 01:25:34] org.hibernate:hibernate-core:5.4.3.Final -> org.hibernate:hibernate-core:5.4.25.Final : Failed to compare JAR files: JAPICMP comparison failed for org.hibernate:hibernate-core
[2025-09-13 01:25:36] org.hibernate:hibernate-core:5.4.3.Final -> org.hibernate:hibernate-core:5.4.26.Final : Failed to compare JAR files: JAPICMP comparison failed for org.hibernate:hibernate-core
[2025-09-13 01:25:44] org.hibernate:hibernate-core:5.4.3.Final -> org.hibernate:hibernate-core:5.4.27.Final : Failed to compare JAR files: JAPICMP comparison failed for org.hibernate:hibernate-core
[2025-09-13 01:25:46] org.hibernate:hibernate-core:5.4.3.Final -> org.hibernate:hibernate-core:5.4.27.SP1 : Failed to compare JAR files: JAPICMP comparison failed for org.hibernate:hibernate-core
[2025-09-13 01:25:48] org.hibernate:hibernate-core:5.4.3.Final -> org.hibernate:hibernate-core:5.4.28.Final : Failed to compare JAR files: JAPICMP comparison failed for org.hibernate:hibernate-core
[2025-09-13 01:25:51] org.hibernate:hibernate-core:5.4.3.Final -> org.hibernate:hibernate-core:5.4.29.Final : Failed to compare JAR files: JAPICMP comparison failed for org.hibernate:hibernate-core
[2025-09-13 01:25:53] org.hibernate:hibernate-core:5.4.3.Final -> org.hibernate:hibernate-core:5.4.30.Final : Failed to compare JAR files: JAPICMP comparison failed for org.hibernate:hibernate-core
[2025-09-13 01:25:56] org.hibernate:hibernate-core:5.4.3.Final -> org.hibernate:hibernate-core:5.4.31.Final : Failed to compare JAR files: JAPICMP comparison failed for org.hibernate:hibernate-core
[2025-09-13 01:25:58] org.hibernate:hibernate-core:5.4.3.Final -> org.hibernate:hibernate-core:5.4.32.Final : Failed to compare JAR files: JAPICMP comparison failed for org.hibernate:hibernate-core
[2025-09-13 01:26:01] org.hibernate:hibernate-core:5.4.3.Final -> org.hibernate:hibernate-core:5.4.33 : Failed to compare JAR files: JAPICMP comparison failed for org.hibernate:hibernate-core
[2025-09-13 01:26:03] org.hibernate:hibernate-core:5.4.3.Final -> org.hibernate:hibernate-core:5.4.33.Final : Failed to compare JAR files: JAPICMP comparison failed for org.hibernate:hibernate-core
[2025-09-13 01:26:06] org.hibernate:hibernate-core:5.4.3.Final -> org.hibernate:hibernate-core:5.5.0.CR1 : Failed to compare JAR files: JAPICMP comparison failed for org.hibernate:hibernate-core
[2025-09-13 01:26:09] org.hibernate:hibernate-core:5.4.3.Final -> org.hibernate:hibernate-core:5.5.0.Final : Failed to compare JAR files: JAPICMP comparison failed for org.hibernate:hibernate-core
[2025-09-13 01:26:11] org.hibernate:hibernate-core:5.4.3.Final -> org.hibernate:hibernate-core:5.5.2.Final : Failed to compare JAR files: JAPICMP comparison failed for org.hibernate:hibernate-core
[2025-09-13 01:26:13] org.hibernate:hibernate-core:5.4.3.Final -> org.hibernate:hibernate-core:5.5.3.Final : Failed to compare JAR files: JAPICMP comparison failed for org.hibernate:hibernate-core
[2025-09-13 01:26:18] org.hibernate:hibernate-core:5.4.3.Final -> org.hibernate:hibernate-core:5.5.4.Final : Failed to compare JAR files: JAPICMP comparison failed for org.hibernate:hibernate-core
[2025-09-13 01:26:21] org.hibernate:hibernate-core:5.4.3.Final -> org.hibernate:hibernate-core:5.5.5.Final : Failed to compare JAR files: JAPICMP comparison failed for org.hibernate:hibernate-core
[2025-09-13 01:26:23] org.hibernate:hibernate-core:5.4.3.Final -> org.hibernate:hibernate-core:5.5.6 : Failed to compare JAR files: JAPICMP comparison failed for org.hibernate:hibernate-core
[2025-09-13 01:26:26] org.hibernate:hibernate-core:5.4.3.Final -> org.hibernate:hibernate-core:5.5.6.Final : Failed to compare JAR files: JAPICMP comparison failed for org.hibernate:hibernate-core
[2025-09-13 01:26:28] org.hibernate:hibernate-core:5.4.3.Final -> org.hibernate:hibernate-core:5.5.7.Final : Failed to compare JAR files: JAPICMP comparison failed for org.hibernate:hibernate-core
[2025-09-13 01:26:31] org.hibernate:hibernate-core:5.4.3.Final -> org.hibernate:hibernate-core:5.5.8.Final : Failed to compare JAR files: JAPICMP comparison failed for org.hibernate:hibernate-core
[2025-09-13 01:26:33] org.hibernate:hibernate-core:5.4.3.Final -> org.hibernate:hibernate-core:5.5.9.Final : Failed to compare JAR files: JAPICMP comparison failed for org.hibernate:hibernate-core
[2025-09-13 01:26:37] org.hibernate:hibernate-core:5.4.3.Final -> org.hibernate:hibernate-core:5.6.0.CR1 : Failed to compare JAR files: JAPICMP comparison failed for org.hibernate:hibernate-core
[2025-09-13 01:26:40] org.hibernate:hibernate-core:5.4.3.Final -> org.hibernate:hibernate-core:5.6.0.Final : Failed to compare JAR files: JAPICMP comparison failed for org.hibernate:hibernate-core
[2025-09-13 01:26:43] org.hibernate:hibernate-core:5.4.3.Final -> org.hibernate:hibernate-core:5.6.1.Final : Failed to compare JAR files: JAPICMP comparison failed for org.hibernate:hibernate-core
[2025-09-13 01:26:45] org.hibernate:hibernate-core:5.4.3.Final -> org.hibernate:hibernate-core:5.6.2.Final : Failed to compare JAR files: JAPICMP comparison failed for org.hibernate:hibernate-core
[2025-09-13 01:26:48] org.hibernate:hibernate-core:5.4.3.Final -> org.hibernate:hibernate-core:5.6.3.Final : Failed to compare JAR files: JAPICMP comparison failed for org.hibernate:hibernate-core
[2025-09-13 01:26:50] org.hibernate:hibernate-core:5.4.3.Final -> org.hibernate:hibernate-core:5.6.4.Final : Failed to compare JAR files: JAPICMP comparison failed for org.hibernate:hibernate-core
[2025-09-13 01:26:52] org.hibernate:hibernate-core:5.4.3.Final -> org.hibernate:hibernate-core:5.6.5.Final : Failed to compare JAR files: JAPICMP comparison failed for org.hibernate:hibernate-core
[2025-09-13 01:26:56] org.hibernate:hibernate-core:5.4.3.Final -> org.hibernate:hibernate-core:5.6.6.Final : Failed to compare JAR files: JAPICMP comparison failed for org.hibernate:hibernate-core
[2025-09-13 01:26:58] org.hibernate:hibernate-core:5.4.3.Final -> org.hibernate:hibernate-core:5.6.7.Final : Failed to compare JAR files: JAPICMP comparison failed for org.hibernate:hibernate-core
[2025-09-13 01:27:00] org.hibernate:hibernate-core:5.4.3.Final -> org.hibernate:hibernate-core:5.6.8.Final : Failed to compare JAR files: JAPICMP comparison failed for org.hibernate:hibernate-core
[2025-09-13 01:27:02] org.hibernate:hibernate-core:5.4.3.Final -> org.hibernate:hibernate-core:5.6.9.Final : Failed to compare JAR files: JAPICMP comparison failed for org.hibernate:hibernate-core
[2025-09-13 01:27:04] org.hibernate:hibernate-core:5.4.3.Final -> org.hibernate:hibernate-core:5.6.10.Final : Failed to compare JAR files: JAPICMP comparison failed for org.hibernate:hibernate-core
[2025-09-13 01:27:06] org.hibernate:hibernate-core:5.4.3.Final -> org.hibernate:hibernate-core:5.6.11.Final : Failed to compare JAR files: JAPICMP comparison failed for org.hibernate:hibernate-core
[2025-09-13 01:27:07] org.hibernate:hibernate-core:5.4.3.Final -> org.hibernate:hibernate-core:5.6.12.Final : Failed to compare JAR files: JAPICMP comparison failed for org.hibernate:hibernate-core
[2025-09-13 01:27:09] org.hibernate:hibernate-core:5.4.3.Final -> org.hibernate:hibernate-core:5.6.13.Final : Failed to compare JAR files: JAPICMP comparison failed for org.hibernate:hibernate-core
[2025-09-13 01:27:11] org.hibernate:hibernate-core:5.4.3.Final -> org.hibernate:hibernate-core:5.6.14.Final : Failed to compare JAR files: JAPICMP comparison failed for org.hibernate:hibernate-core
[2025-09-13 01:27:12] org.hibernate:hibernate-core:5.4.3.Final -> org.hibernate:hibernate-core:5.6.15.Final : Failed to compare JAR files: JAPICMP comparison failed for org.hibernate:hibernate-core
[2025-09-13 01:27:17] org.hibernate:hibernate-core:5.4.3.Final -> org.hibernate:hibernate-core:6.0.0.CR1 : Failed to compare JAR files: JAPICMP comparison failed for org.hibernate:hibernate-core
[2025-09-13 01:27:20] org.hibernate:hibernate-core:5.4.3.Final -> org.hibernate:hibernate-core:6.0.0.CR2 : Failed to compare JAR files: JAPICMP comparison failed for org.hibernate:hibernate-core

=== Summary ===
Total comparisons: 213
Failures: 62
Success rate: 70.89%
