=== Comparison Failure Log ===
[2025-09-22 14:18:34] io.quarkus:quarkus-core-deployment:3.20.1 -> io.quarkus:quarkus-core-deployment:3.28.0 : Failed to compare JAR files: JAPICMP comparison failed for io.quarkus:quarkus-core-deployment
[2025-09-22 14:20:24] org.assertj:assertj-core:3.24.2 -> org.assertj:assertj-core:3.27.5 : Failed to compare JAR files: JAPICMP comparison failed for org.assertj:assertj-core
[2025-09-22 14:24:47] org.mockito:mockito-core:5.16.1 -> org.mockito:mockito-core:5.20.0 : Failed to compare JAR files: JAPICMP comparison failed for org.mockito:mockito-core

=== Summary ===
Total comparisons: 267
Failures: 3
Success rate: 98.88%
=== Comparison Failure Log ===
[2025-09-22 14:30:16] io.quarkus:quarkus-core-deployment:3.20.1 -> io.quarkus:quarkus-core-deployment:3.28.0 : Failed to compare JAR files: JAPICMP comparison failed for io.quarkus:quarkus-core-deployment
[2025-09-22 14:31:14] org.assertj:assertj-core:3.24.2 -> org.assertj:assertj-core:3.27.5 : Failed to compare JAR files: JAPICMP comparison failed for org.assertj:assertj-core
[2025-09-22 14:33:25] org.mockito:mockito-core:5.16.1 -> org.mockito:mockito-core:5.20.0 : Failed to compare JAR files: JAPICMP comparison failed for org.mockito:mockito-core

=== Summary ===
Total comparisons: 319
Failures: 3
Success rate: 99.06%
=== Comparison Failure Log ===
[2025-09-22 14:35:06] io.quarkus:quarkus-core-deployment:3.20.1 -> io.quarkus:quarkus-core-deployment:3.28.0 : Failed to compare JAR files: JAPICMP comparison failed for io.quarkus:quarkus-core-deployment

=== Summary ===
Total comparisons: 120
Failures: 1
Success rate: 99.17%
=== Comparison Failure Log ===
[2025-09-22 14:37:13] io.quarkus:quarkus-core-deployment:3.20.1 -> io.quarkus:quarkus-core-deployment:3.28.0 : Failed to compare JAR files: JAPICMP comparison failed for io.quarkus:quarkus-core-deployment

=== Summary ===
Total comparisons: 116
Failures: 1
Success rate: 99.14%
