=== Comparison Failure Log ===
[2025-09-13 02:58:32] org.springframework.boot:spring-boot-autoconfigure:2.5.15 -> org.springframework.boot:spring-boot-autoconfigure:2.6.0 : Failed to compare JAR files: JAPICMP comparison failed for org.springframework.boot:spring-boot-autoconfigure
[2025-09-13 02:58:32] org.springframework.boot:spring-boot-autoconfigure:2.5.15 -> org.springframework.boot:spring-boot-autoconfigure:2.6.1 : Failed to compare JAR files: JAPICMP comparison failed for org.springframework.boot:spring-boot-autoconfigure
[2025-09-13 02:58:33] org.springframework.boot:spring-boot-autoconfigure:2.5.15 -> org.springframework.boot:spring-boot-autoconfigure:2.6.2 : Failed to compare JAR files: JAPICMP comparison failed for org.springframework.boot:spring-boot-autoconfigure
[2025-09-13 02:58:33] org.springframework.boot:spring-boot-autoconfigure:2.5.15 -> org.springframework.boot:spring-boot-autoconfigure:2.6.3 : Failed to compare JAR files: JAPICMP comparison failed for org.springframework.boot:spring-boot-autoconfigure
[2025-09-13 02:58:33] org.springframework.boot:spring-boot-autoconfigure:2.5.15 -> org.springframework.boot:spring-boot-autoconfigure:2.6.4 : Failed to compare JAR files: JAPICMP comparison failed for org.springframework.boot:spring-boot-autoconfigure
[2025-09-13 02:58:33] org.springframework.boot:spring-boot-autoconfigure:2.5.15 -> org.springframework.boot:spring-boot-autoconfigure:2.6.5 : Failed to compare JAR files: JAPICMP comparison failed for org.springframework.boot:spring-boot-autoconfigure
[2025-09-13 02:58:33] org.springframework.boot:spring-boot-autoconfigure:2.5.15 -> org.springframework.boot:spring-boot-autoconfigure:2.6.6 : Failed to compare JAR files: JAPICMP comparison failed for org.springframework.boot:spring-boot-autoconfigure
[2025-09-13 02:58:34] org.springframework.boot:spring-boot-autoconfigure:2.5.15 -> org.springframework.boot:spring-boot-autoconfigure:2.6.7 : Failed to compare JAR files: JAPICMP comparison failed for org.springframework.boot:spring-boot-autoconfigure
[2025-09-13 02:58:34] org.springframework.boot:spring-boot-autoconfigure:2.5.15 -> org.springframework.boot:spring-boot-autoconfigure:2.6.8 : Failed to compare JAR files: JAPICMP comparison failed for org.springframework.boot:spring-boot-autoconfigure
[2025-09-13 02:58:34] org.springframework.boot:spring-boot-autoconfigure:2.5.15 -> org.springframework.boot:spring-boot-autoconfigure:2.6.9 : Failed to compare JAR files: JAPICMP comparison failed for org.springframework.boot:spring-boot-autoconfigure
[2025-09-13 02:58:34] org.springframework.boot:spring-boot-autoconfigure:2.5.15 -> org.springframework.boot:spring-boot-autoconfigure:2.6.10 : Failed to compare JAR files: JAPICMP comparison failed for org.springframework.boot:spring-boot-autoconfigure
[2025-09-13 02:58:35] org.springframework.boot:spring-boot-autoconfigure:2.5.15 -> org.springframework.boot:spring-boot-autoconfigure:2.6.11 : Failed to compare JAR files: JAPICMP comparison failed for org.springframework.boot:spring-boot-autoconfigure
[2025-09-13 02:58:35] org.springframework.boot:spring-boot-autoconfigure:2.5.15 -> org.springframework.boot:spring-boot-autoconfigure:2.6.12 : Failed to compare JAR files: JAPICMP comparison failed for org.springframework.boot:spring-boot-autoconfigure
[2025-09-13 02:58:35] org.springframework.boot:spring-boot-autoconfigure:2.5.15 -> org.springframework.boot:spring-boot-autoconfigure:2.6.13 : Failed to compare JAR files: JAPICMP comparison failed for org.springframework.boot:spring-boot-autoconfigure
[2025-09-13 02:58:35] org.springframework.boot:spring-boot-autoconfigure:2.5.15 -> org.springframework.boot:spring-boot-autoconfigure:2.6.14 : Failed to compare JAR files: JAPICMP comparison failed for org.springframework.boot:spring-boot-autoconfigure
[2025-09-13 02:58:35] org.springframework.boot:spring-boot-autoconfigure:2.5.15 -> org.springframework.boot:spring-boot-autoconfigure:2.6.15 : Failed to compare JAR files: JAPICMP comparison failed for org.springframework.boot:spring-boot-autoconfigure
[2025-09-13 02:58:36] org.springframework.boot:spring-boot-autoconfigure:2.5.15 -> org.springframework.boot:spring-boot-autoconfigure:2.7.0 : Failed to compare JAR files: JAPICMP comparison failed for org.springframework.boot:spring-boot-autoconfigure
[2025-09-13 02:58:36] org.springframework.boot:spring-boot-autoconfigure:2.5.15 -> org.springframework.boot:spring-boot-autoconfigure:2.7.1 : Failed to compare JAR files: JAPICMP comparison failed for org.springframework.boot:spring-boot-autoconfigure
[2025-09-13 02:58:36] org.springframework.boot:spring-boot-autoconfigure:2.5.15 -> org.springframework.boot:spring-boot-autoconfigure:2.7.2 : Failed to compare JAR files: JAPICMP comparison failed for org.springframework.boot:spring-boot-autoconfigure
[2025-09-13 02:58:36] org.springframework.boot:spring-boot-autoconfigure:2.5.15 -> org.springframework.boot:spring-boot-autoconfigure:2.7.3 : Failed to compare JAR files: JAPICMP comparison failed for org.springframework.boot:spring-boot-autoconfigure
[2025-09-13 02:58:37] org.springframework.boot:spring-boot-autoconfigure:2.5.15 -> org.springframework.boot:spring-boot-autoconfigure:2.7.4 : Failed to compare JAR files: JAPICMP comparison failed for org.springframework.boot:spring-boot-autoconfigure
[2025-09-13 02:58:37] org.springframework.boot:spring-boot-autoconfigure:2.5.15 -> org.springframework.boot:spring-boot-autoconfigure:2.7.5 : Failed to compare JAR files: JAPICMP comparison failed for org.springframework.boot:spring-boot-autoconfigure
[2025-09-13 02:58:37] org.springframework.boot:spring-boot-autoconfigure:2.5.15 -> org.springframework.boot:spring-boot-autoconfigure:2.7.6 : Failed to compare JAR files: JAPICMP comparison failed for org.springframework.boot:spring-boot-autoconfigure
[2025-09-13 02:58:37] org.springframework.boot:spring-boot-autoconfigure:2.5.15 -> org.springframework.boot:spring-boot-autoconfigure:2.7.7 : Failed to compare JAR files: JAPICMP comparison failed for org.springframework.boot:spring-boot-autoconfigure
[2025-09-13 02:58:37] org.springframework.boot:spring-boot-autoconfigure:2.5.15 -> org.springframework.boot:spring-boot-autoconfigure:2.7.8 : Failed to compare JAR files: JAPICMP comparison failed for org.springframework.boot:spring-boot-autoconfigure
[2025-09-13 02:58:38] org.springframework.boot:spring-boot-autoconfigure:2.5.15 -> org.springframework.boot:spring-boot-autoconfigure:2.7.9 : Failed to compare JAR files: JAPICMP comparison failed for org.springframework.boot:spring-boot-autoconfigure
[2025-09-13 02:58:38] org.springframework.boot:spring-boot-autoconfigure:2.5.15 -> org.springframework.boot:spring-boot-autoconfigure:2.7.10 : Failed to compare JAR files: JAPICMP comparison failed for org.springframework.boot:spring-boot-autoconfigure
[2025-09-13 02:58:38] org.springframework.boot:spring-boot-autoconfigure:2.5.15 -> org.springframework.boot:spring-boot-autoconfigure:2.7.11 : Failed to compare JAR files: JAPICMP comparison failed for org.springframework.boot:spring-boot-autoconfigure
[2025-09-13 02:58:38] org.springframework.boot:spring-boot-autoconfigure:2.5.15 -> org.springframework.boot:spring-boot-autoconfigure:2.7.12 : Failed to compare JAR files: JAPICMP comparison failed for org.springframework.boot:spring-boot-autoconfigure
[2025-09-13 02:58:39] org.springframework.boot:spring-boot-autoconfigure:2.5.15 -> org.springframework.boot:spring-boot-autoconfigure:2.7.13 : Failed to compare JAR files: JAPICMP comparison failed for org.springframework.boot:spring-boot-autoconfigure
[2025-09-13 02:58:39] org.springframework.boot:spring-boot-autoconfigure:2.5.15 -> org.springframework.boot:spring-boot-autoconfigure:2.7.14 : Failed to compare JAR files: JAPICMP comparison failed for org.springframework.boot:spring-boot-autoconfigure
[2025-09-13 02:58:39] org.springframework.boot:spring-boot-autoconfigure:2.5.15 -> org.springframework.boot:spring-boot-autoconfigure:2.7.15 : Failed to compare JAR files: JAPICMP comparison failed for org.springframework.boot:spring-boot-autoconfigure
[2025-09-13 02:58:39] org.springframework.boot:spring-boot-autoconfigure:2.5.15 -> org.springframework.boot:spring-boot-autoconfigure:2.7.16 : Failed to compare JAR files: JAPICMP comparison failed for org.springframework.boot:spring-boot-autoconfigure
[2025-09-13 02:58:39] org.springframework.boot:spring-boot-autoconfigure:2.5.15 -> org.springframework.boot:spring-boot-autoconfigure:2.7.17 : Failed to compare JAR files: JAPICMP comparison failed for org.springframework.boot:spring-boot-autoconfigure
[2025-09-13 02:58:40] org.springframework.boot:spring-boot-autoconfigure:2.5.15 -> org.springframework.boot:spring-boot-autoconfigure:2.7.18 : Failed to compare JAR files: JAPICMP comparison failed for org.springframework.boot:spring-boot-autoconfigure
[2025-09-13 02:58:44] org.projectlombok:lombok:1.18.30 -> org.projectlombok:lombok:1.18.32 : Failed to compare JAR files: JAPICMP comparison failed for org.projectlombok:lombok
[2025-09-13 02:58:44] org.projectlombok:lombok:1.18.30 -> org.projectlombok:lombok:1.18.34 : Failed to compare JAR files: JAPICMP comparison failed for org.projectlombok:lombok
[2025-09-13 02:58:44] org.projectlombok:lombok:1.18.30 -> org.projectlombok:lombok:1.18.36 : Failed to compare JAR files: JAPICMP comparison failed for org.projectlombok:lombok
[2025-09-13 02:58:44] org.projectlombok:lombok:1.18.30 -> org.projectlombok:lombok:1.18.38 : Failed to compare JAR files: JAPICMP comparison failed for org.projectlombok:lombok
[2025-09-13 02:58:44] org.projectlombok:lombok:1.18.30 -> org.projectlombok:lombok:1.18.40 : Failed to compare JAR files: JAPICMP comparison failed for org.projectlombok:lombok

=== Summary ===
Total comparisons: 75
Failures: 40
Success rate: 46.67%
