=== Comparison Failure Log ===
[2025-08-22 14:53:24] org.testcontainers:postgresql:1.17.6 -> org.testcontainers:postgresql:1.18.0 : Failed to compare JAR files: JAPICMP comparison failed for org.testcontainers:postgresql
[2025-08-22 14:53:26] org.testcontainers:postgresql:1.17.6 -> org.testcontainers:postgresql:1.18.1 : Failed to compare JAR files: JAPICMP comparison failed for org.testcontainers:postgresql
[2025-08-22 14:53:28] org.testcontainers:postgresql:1.17.6 -> org.testcontainers:postgresql:1.18.2 : Failed to compare JAR files: JAPICMP comparison failed for org.testcontainers:postgresql
[2025-08-22 14:53:29] org.testcontainers:postgresql:1.17.6 -> org.testcontainers:postgresql:1.18.3 : Failed to compare JAR files: JAPICMP comparison failed for org.testcontainers:postgresql
[2025-08-22 14:53:31] org.testcontainers:postgresql:1.17.6 -> org.testcontainers:postgresql:1.19.0 : Failed to compare JAR files: JAPICMP comparison failed for org.testcontainers:postgresql
[2025-08-22 14:53:33] org.testcontainers:postgresql:1.17.6 -> org.testcontainers:postgresql:1.19.1 : Failed to compare JAR files: JAPICMP comparison failed for org.testcontainers:postgresql
[2025-08-22 14:53:35] org.testcontainers:postgresql:1.17.6 -> org.testcontainers:postgresql:1.19.2 : Failed to compare JAR files: JAPICMP comparison failed for org.testcontainers:postgresql
[2025-08-22 14:53:37] org.testcontainers:postgresql:1.17.6 -> org.testcontainers:postgresql:1.19.3 : Failed to compare JAR files: JAPICMP comparison failed for org.testcontainers:postgresql
[2025-08-22 14:53:39] org.testcontainers:postgresql:1.17.6 -> org.testcontainers:postgresql:1.19.4 : Failed to compare JAR files: JAPICMP comparison failed for org.testcontainers:postgresql
[2025-08-22 14:53:41] org.testcontainers:postgresql:1.17.6 -> org.testcontainers:postgresql:1.19.5 : Failed to compare JAR files: JAPICMP comparison failed for org.testcontainers:postgresql
[2025-08-22 14:53:43] org.testcontainers:postgresql:1.17.6 -> org.testcontainers:postgresql:1.19.6 : Failed to compare JAR files: JAPICMP comparison failed for org.testcontainers:postgresql
[2025-08-22 14:53:44] org.testcontainers:postgresql:1.17.6 -> org.testcontainers:postgresql:1.19.7 : Failed to compare JAR files: JAPICMP comparison failed for org.testcontainers:postgresql
[2025-08-22 14:53:46] org.testcontainers:postgresql:1.17.6 -> org.testcontainers:postgresql:1.19.8 : Failed to compare JAR files: JAPICMP comparison failed for org.testcontainers:postgresql
[2025-08-22 14:53:48] org.testcontainers:postgresql:1.17.6 -> org.testcontainers:postgresql:1.20.0 : Failed to compare JAR files: JAPICMP comparison failed for org.testcontainers:postgresql
[2025-08-22 14:53:49] org.testcontainers:postgresql:1.17.6 -> org.testcontainers:postgresql:1.20.1 : Failed to compare JAR files: JAPICMP comparison failed for org.testcontainers:postgresql
[2025-08-22 14:53:51] org.testcontainers:postgresql:1.17.6 -> org.testcontainers:postgresql:1.20.2 : Failed to compare JAR files: JAPICMP comparison failed for org.testcontainers:postgresql
[2025-08-22 14:53:53] org.testcontainers:postgresql:1.17.6 -> org.testcontainers:postgresql:1.20.3 : Failed to compare JAR files: JAPICMP comparison failed for org.testcontainers:postgresql
[2025-08-22 14:53:55] org.testcontainers:postgresql:1.17.6 -> org.testcontainers:postgresql:1.20.4 : Failed to compare JAR files: JAPICMP comparison failed for org.testcontainers:postgresql
[2025-08-22 14:53:57] org.testcontainers:postgresql:1.17.6 -> org.testcontainers:postgresql:1.20.5 : Failed to compare JAR files: JAPICMP comparison failed for org.testcontainers:postgresql
[2025-08-22 14:53:58] org.testcontainers:postgresql:1.17.6 -> org.testcontainers:postgresql:1.20.6 : Failed to compare JAR files: JAPICMP comparison failed for org.testcontainers:postgresql
[2025-08-22 14:54:00] org.testcontainers:postgresql:1.17.6 -> org.testcontainers:postgresql:1.21.0 : Failed to compare JAR files: JAPICMP comparison failed for org.testcontainers:postgresql
[2025-08-22 14:54:01] org.testcontainers:postgresql:1.17.6 -> org.testcontainers:postgresql:1.21.1 : Failed to compare JAR files: JAPICMP comparison failed for org.testcontainers:postgresql
[2025-08-22 14:54:03] org.testcontainers:postgresql:1.17.6 -> org.testcontainers:postgresql:1.21.2 : Failed to compare JAR files: JAPICMP comparison failed for org.testcontainers:postgresql
[2025-08-22 14:54:04] org.testcontainers:postgresql:1.17.6 -> org.testcontainers:postgresql:1.21.3 : Failed to compare JAR files: JAPICMP comparison failed for org.testcontainers:postgresql
[2025-08-22 14:54:04] org.postgresql:postgresql:42.5.1 -> org.postgresql:postgresql:42.5.2 : Failed to compare JAR files: JAPICMP comparison failed for org.postgresql:postgresql
[2025-08-22 14:54:04] org.postgresql:postgresql:42.5.1 -> org.postgresql:postgresql:42.5.3 : Failed to compare JAR files: JAPICMP comparison failed for org.postgresql:postgresql
[2025-08-22 14:54:04] org.postgresql:postgresql:42.5.1 -> org.postgresql:postgresql:42.5.4 : Failed to compare JAR files: JAPICMP comparison failed for org.postgresql:postgresql
[2025-08-22 14:54:04] org.postgresql:postgresql:42.5.1 -> org.postgresql:postgresql:42.5.5 : Failed to compare JAR files: JAPICMP comparison failed for org.postgresql:postgresql
[2025-08-22 14:54:04] org.postgresql:postgresql:42.5.1 -> org.postgresql:postgresql:42.5.6 : Failed to compare JAR files: JAPICMP comparison failed for org.postgresql:postgresql
[2025-08-22 14:54:05] org.postgresql:postgresql:42.5.1 -> org.postgresql:postgresql:42.6.0 : Failed to compare JAR files: JAPICMP comparison failed for org.postgresql:postgresql
[2025-08-22 14:54:05] org.postgresql:postgresql:42.5.1 -> org.postgresql:postgresql:42.6.1 : Failed to compare JAR files: JAPICMP comparison failed for org.postgresql:postgresql
[2025-08-22 14:54:05] org.postgresql:postgresql:42.5.1 -> org.postgresql:postgresql:42.6.2 : Failed to compare JAR files: JAPICMP comparison failed for org.postgresql:postgresql
[2025-08-22 14:54:05] org.postgresql:postgresql:42.5.1 -> org.postgresql:postgresql:42.7.0 : Failed to compare JAR files: JAPICMP comparison failed for org.postgresql:postgresql
[2025-08-22 14:54:05] org.postgresql:postgresql:42.5.1 -> org.postgresql:postgresql:42.7.1 : Failed to compare JAR files: JAPICMP comparison failed for org.postgresql:postgresql
[2025-08-22 14:54:05] org.postgresql:postgresql:42.5.1 -> org.postgresql:postgresql:42.7.2 : Failed to compare JAR files: JAPICMP comparison failed for org.postgresql:postgresql
[2025-08-22 14:54:05] org.postgresql:postgresql:42.5.1 -> org.postgresql:postgresql:42.7.3 : Failed to compare JAR files: JAPICMP comparison failed for org.postgresql:postgresql
[2025-08-22 14:54:06] org.postgresql:postgresql:42.5.1 -> org.postgresql:postgresql:42.7.4 : Failed to compare JAR files: JAPICMP comparison failed for org.postgresql:postgresql
[2025-08-22 14:54:06] org.postgresql:postgresql:42.5.1 -> org.postgresql:postgresql:42.7.5 : Failed to compare JAR files: JAPICMP comparison failed for org.postgresql:postgresql
[2025-08-22 14:54:06] org.postgresql:postgresql:42.5.1 -> org.postgresql:postgresql:42.7.6 : Failed to compare JAR files: JAPICMP comparison failed for org.postgresql:postgresql
[2025-08-22 14:54:06] org.postgresql:postgresql:42.5.1 -> org.postgresql:postgresql:42.7.7 : Failed to compare JAR files: JAPICMP comparison failed for org.postgresql:postgresql
[2025-08-22 14:54:06] org.junit.jupiter:junit-jupiter-api:5.9.1 -> org.junit.jupiter:junit-jupiter-api:5.9.2 : Failed to compare JAR files: JAPICMP comparison failed for org.junit.jupiter:junit-jupiter-api
[2025-08-22 14:54:06] org.junit.jupiter:junit-jupiter-api:5.9.1 -> org.junit.jupiter:junit-jupiter-api:5.9.3 : Failed to compare JAR files: JAPICMP comparison failed for org.junit.jupiter:junit-jupiter-api
[2025-08-22 14:54:06] org.junit.jupiter:junit-jupiter-api:5.9.1 -> org.junit.jupiter:junit-jupiter-api:5.10.0 : Failed to compare JAR files: JAPICMP comparison failed for org.junit.jupiter:junit-jupiter-api
[2025-08-22 14:54:06] org.junit.jupiter:junit-jupiter-api:5.9.1 -> org.junit.jupiter:junit-jupiter-api:5.10.1 : Failed to compare JAR files: JAPICMP comparison failed for org.junit.jupiter:junit-jupiter-api
[2025-08-22 14:54:06] org.junit.jupiter:junit-jupiter-api:5.9.1 -> org.junit.jupiter:junit-jupiter-api:5.10.2 : Failed to compare JAR files: JAPICMP comparison failed for org.junit.jupiter:junit-jupiter-api
[2025-08-22 14:54:06] org.junit.jupiter:junit-jupiter-api:5.9.1 -> org.junit.jupiter:junit-jupiter-api:5.10.3 : Failed to compare JAR files: JAPICMP comparison failed for org.junit.jupiter:junit-jupiter-api
[2025-08-22 14:54:06] org.junit.jupiter:junit-jupiter-api:5.9.1 -> org.junit.jupiter:junit-jupiter-api:5.10.4 : Failed to compare JAR files: JAPICMP comparison failed for org.junit.jupiter:junit-jupiter-api
[2025-08-22 14:54:06] org.junit.jupiter:junit-jupiter-api:5.9.1 -> org.junit.jupiter:junit-jupiter-api:5.10.5 : Failed to compare JAR files: JAPICMP comparison failed for org.junit.jupiter:junit-jupiter-api
[2025-08-22 14:54:07] org.junit.jupiter:junit-jupiter-api:5.9.1 -> org.junit.jupiter:junit-jupiter-api:5.11.0 : Failed to compare JAR files: JAPICMP comparison failed for org.junit.jupiter:junit-jupiter-api
[2025-08-22 14:54:07] org.junit.jupiter:junit-jupiter-api:5.9.1 -> org.junit.jupiter:junit-jupiter-api:5.11.1 : Failed to compare JAR files: JAPICMP comparison failed for org.junit.jupiter:junit-jupiter-api
[2025-08-22 14:54:07] org.junit.jupiter:junit-jupiter-api:5.9.1 -> org.junit.jupiter:junit-jupiter-api:5.11.2 : Failed to compare JAR files: JAPICMP comparison failed for org.junit.jupiter:junit-jupiter-api
[2025-08-22 14:54:07] org.junit.jupiter:junit-jupiter-api:5.9.1 -> org.junit.jupiter:junit-jupiter-api:5.11.3 : Failed to compare JAR files: JAPICMP comparison failed for org.junit.jupiter:junit-jupiter-api
[2025-08-22 14:54:07] org.junit.jupiter:junit-jupiter-api:5.9.1 -> org.junit.jupiter:junit-jupiter-api:5.11.4 : Failed to compare JAR files: JAPICMP comparison failed for org.junit.jupiter:junit-jupiter-api
[2025-08-22 14:54:07] org.junit.jupiter:junit-jupiter-api:5.9.1 -> org.junit.jupiter:junit-jupiter-api:5.12.0 : Failed to compare JAR files: JAPICMP comparison failed for org.junit.jupiter:junit-jupiter-api
[2025-08-22 14:54:07] org.junit.jupiter:junit-jupiter-api:5.9.1 -> org.junit.jupiter:junit-jupiter-api:5.12.1 : Failed to compare JAR files: JAPICMP comparison failed for org.junit.jupiter:junit-jupiter-api
[2025-08-22 14:54:07] org.junit.jupiter:junit-jupiter-api:5.9.1 -> org.junit.jupiter:junit-jupiter-api:5.12.2 : Failed to compare JAR files: JAPICMP comparison failed for org.junit.jupiter:junit-jupiter-api
[2025-08-22 14:54:07] org.junit.jupiter:junit-jupiter-api:5.9.1 -> org.junit.jupiter:junit-jupiter-api:5.13.0 : Failed to compare JAR files: JAPICMP comparison failed for org.junit.jupiter:junit-jupiter-api
[2025-08-22 14:54:07] org.junit.jupiter:junit-jupiter-api:5.9.1 -> org.junit.jupiter:junit-jupiter-api:5.13.1 : Failed to compare JAR files: JAPICMP comparison failed for org.junit.jupiter:junit-jupiter-api
[2025-08-22 14:54:07] org.junit.jupiter:junit-jupiter-api:5.9.1 -> org.junit.jupiter:junit-jupiter-api:5.13.2 : Failed to compare JAR files: JAPICMP comparison failed for org.junit.jupiter:junit-jupiter-api
[2025-08-22 14:54:07] org.junit.jupiter:junit-jupiter-api:5.9.1 -> org.junit.jupiter:junit-jupiter-api:5.13.3 : Failed to compare JAR files: JAPICMP comparison failed for org.junit.jupiter:junit-jupiter-api
[2025-08-22 14:54:07] org.junit.jupiter:junit-jupiter-api:5.9.1 -> org.junit.jupiter:junit-jupiter-api:5.13.4 : Failed to compare JAR files: JAPICMP comparison failed for org.junit.jupiter:junit-jupiter-api
[2025-08-22 14:54:12] org.assertj:assertj-core:3.23.1 -> org.assertj:assertj-core:3.24.0 : Failed to compare JAR files: JAPICMP comparison failed for org.assertj:assertj-core
[2025-08-22 14:54:12] org.assertj:assertj-core:3.23.1 -> org.assertj:assertj-core:3.24.1 : Failed to compare JAR files: JAPICMP comparison failed for org.assertj:assertj-core
[2025-08-22 14:54:12] org.assertj:assertj-core:3.23.1 -> org.assertj:assertj-core:3.24.2 : Failed to compare JAR files: JAPICMP comparison failed for org.assertj:assertj-core
[2025-08-22 14:54:12] org.assertj:assertj-core:3.23.1 -> org.assertj:assertj-core:3.25.0 : Failed to compare JAR files: JAPICMP comparison failed for org.assertj:assertj-core
[2025-08-22 14:54:12] org.assertj:assertj-core:3.23.1 -> org.assertj:assertj-core:3.25.1 : Failed to compare JAR files: JAPICMP comparison failed for org.assertj:assertj-core
[2025-08-22 14:54:12] org.assertj:assertj-core:3.23.1 -> org.assertj:assertj-core:3.25.2 : Failed to compare JAR files: JAPICMP comparison failed for org.assertj:assertj-core
[2025-08-22 14:54:12] org.assertj:assertj-core:3.23.1 -> org.assertj:assertj-core:3.25.3 : Failed to compare JAR files: JAPICMP comparison failed for org.assertj:assertj-core
[2025-08-22 14:54:12] org.assertj:assertj-core:3.23.1 -> org.assertj:assertj-core:3.26.0 : Failed to compare JAR files: JAPICMP comparison failed for org.assertj:assertj-core
[2025-08-22 14:54:12] org.assertj:assertj-core:3.23.1 -> org.assertj:assertj-core:3.26.3 : Failed to compare JAR files: JAPICMP comparison failed for org.assertj:assertj-core
[2025-08-22 14:54:12] org.assertj:assertj-core:3.23.1 -> org.assertj:assertj-core:3.27.0 : Failed to compare JAR files: JAPICMP comparison failed for org.assertj:assertj-core
[2025-08-22 14:54:13] org.assertj:assertj-core:3.23.1 -> org.assertj:assertj-core:3.27.1 : Failed to compare JAR files: JAPICMP comparison failed for org.assertj:assertj-core
[2025-08-22 14:54:13] org.assertj:assertj-core:3.23.1 -> org.assertj:assertj-core:3.27.2 : Failed to compare JAR files: JAPICMP comparison failed for org.assertj:assertj-core
[2025-08-22 14:54:13] org.assertj:assertj-core:3.23.1 -> org.assertj:assertj-core:3.27.3 : Failed to compare JAR files: JAPICMP comparison failed for org.assertj:assertj-core
[2025-08-22 14:54:13] org.assertj:assertj-core:3.23.1 -> org.assertj:assertj-core:3.27.4 : Failed to compare JAR files: JAPICMP comparison failed for org.assertj:assertj-core
[2025-08-22 14:54:17] com.github.tomakehurst:wiremock-jre8:2.35.0 -> com.github.tomakehurst:wiremock-jre8:2.35.1 : Failed to compare JAR files: JAPICMP comparison failed for com.github.tomakehurst:wiremock-jre8
[2025-08-22 14:54:18] com.github.tomakehurst:wiremock-jre8:2.35.0 -> com.github.tomakehurst:wiremock-jre8:2.35.2 : Failed to compare JAR files: JAPICMP comparison failed for com.github.tomakehurst:wiremock-jre8

=== Summary ===
Total comparisons: 337
Failures: 77
Success rate: 77.15%
