=== Comparison Failure Log ===
[2025-08-25 15:49:28] org.mockito:mockito-core:4.8.0 -> org.mockito:mockito-core:4.8.1 : Failed to compare JAR files: JAPICMP comparison failed for org.mockito:mockito-core
[2025-08-25 15:49:28] org.mockito:mockito-core:4.8.0 -> org.mockito:mockito-core:4.9.0 : Failed to compare JAR files: JAPICMP comparison failed for org.mockito:mockito-core
[2025-08-25 15:49:28] org.mockito:mockito-core:4.8.0 -> org.mockito:mockito-core:4.10.0 : Failed to compare JAR files: JAPICMP comparison failed for org.mockito:mockito-core
[2025-08-25 15:49:28] org.mockito:mockito-core:4.8.0 -> org.mockito:mockito-core:4.11.0 : Failed to compare JAR files: JAPICMP comparison failed for org.mockito:mockito-core
[2025-08-25 15:49:29] org.codehaus.groovy:groovy:3.0.9 -> org.codehaus.groovy:groovy:3.0.10 : Failed to compare JAR files: JAPICMP comparison failed for org.codehaus.groovy:groovy
[2025-08-25 15:49:30] org.codehaus.groovy:groovy:3.0.9 -> org.codehaus.groovy:groovy:3.0.11 : Failed to compare JAR files: JAPICMP comparison failed for org.codehaus.groovy:groovy
[2025-08-25 15:49:32] org.codehaus.groovy:groovy:3.0.9 -> org.codehaus.groovy:groovy:3.0.12 : Failed to compare JAR files: JAPICMP comparison failed for org.codehaus.groovy:groovy
[2025-08-25 15:49:33] org.codehaus.groovy:groovy:3.0.9 -> org.codehaus.groovy:groovy:3.0.13 : Failed to compare JAR files: JAPICMP comparison failed for org.codehaus.groovy:groovy
[2025-08-25 15:49:35] org.codehaus.groovy:groovy:3.0.9 -> org.codehaus.groovy:groovy:3.0.14 : Failed to compare JAR files: JAPICMP comparison failed for org.codehaus.groovy:groovy
[2025-08-25 15:49:36] org.codehaus.groovy:groovy:3.0.9 -> org.codehaus.groovy:groovy:3.0.15 : Failed to compare JAR files: JAPICMP comparison failed for org.codehaus.groovy:groovy
[2025-08-25 15:49:38] org.codehaus.groovy:groovy:3.0.9 -> org.codehaus.groovy:groovy:3.0.16 : Failed to compare JAR files: JAPICMP comparison failed for org.codehaus.groovy:groovy
[2025-08-25 15:49:38] org.codehaus.groovy:groovy:3.0.9 -> org.codehaus.groovy:groovy:3.0.17 : Failed to compare JAR files: JAPICMP comparison failed for org.codehaus.groovy:groovy
[2025-08-25 15:49:39] org.codehaus.groovy:groovy:3.0.9 -> org.codehaus.groovy:groovy:3.0.18 : Failed to compare JAR files: JAPICMP comparison failed for org.codehaus.groovy:groovy
[2025-08-25 15:49:40] org.codehaus.groovy:groovy:3.0.9 -> org.codehaus.groovy:groovy:3.0.19 : Failed to compare JAR files: JAPICMP comparison failed for org.codehaus.groovy:groovy
[2025-08-25 15:49:41] org.codehaus.groovy:groovy:3.0.9 -> org.codehaus.groovy:groovy:3.0.20 : Failed to compare JAR files: JAPICMP comparison failed for org.codehaus.groovy:groovy
[2025-08-25 15:49:41] org.codehaus.groovy:groovy:3.0.9 -> org.codehaus.groovy:groovy:3.0.21 : Failed to compare JAR files: JAPICMP comparison failed for org.codehaus.groovy:groovy
[2025-08-25 15:49:42] org.codehaus.groovy:groovy:3.0.9 -> org.codehaus.groovy:groovy:3.0.22 : Failed to compare JAR files: JAPICMP comparison failed for org.codehaus.groovy:groovy
[2025-08-25 15:49:43] org.codehaus.groovy:groovy:3.0.9 -> org.codehaus.groovy:groovy:3.0.23 : Failed to compare JAR files: JAPICMP comparison failed for org.codehaus.groovy:groovy
[2025-08-25 15:49:44] org.codehaus.groovy:groovy:3.0.9 -> org.codehaus.groovy:groovy:3.0.24 : Failed to compare JAR files: JAPICMP comparison failed for org.codehaus.groovy:groovy
[2025-08-25 15:49:45] org.codehaus.groovy:groovy:3.0.9 -> org.codehaus.groovy:groovy:3.0.25 : Failed to compare JAR files: JAPICMP comparison failed for org.codehaus.groovy:groovy

=== Summary ===
Total comparisons: 43
Failures: 20
Success rate: 53.49%
