=== Comparison Failure Log ===
[2025-09-10 12:16:51] org.springframework:spring-context:5.3.31 -> org.springframework:spring-context:5.3.32 : Failed to compare JAR files: JAPICMP comparison failed for org.springframework:spring-context
[2025-09-10 12:16:51] org.springframework:spring-context:5.3.31 -> org.springframework:spring-context:5.3.33 : Failed to compare JAR files: JAPICMP comparison failed for org.springframework:spring-context
[2025-09-10 12:16:51] org.springframework:spring-context:5.3.31 -> org.springframework:spring-context:5.3.34 : Failed to compare JAR files: JAPICMP comparison failed for org.springframework:spring-context
[2025-09-10 12:16:51] org.springframework:spring-context:5.3.31 -> org.springframework:spring-context:5.3.35 : Failed to compare JAR files: JAPICMP comparison failed for org.springframework:spring-context
[2025-09-10 12:16:51] org.springframework:spring-context:5.3.31 -> org.springframework:spring-context:5.3.36 : Failed to compare JAR files: JAPICMP comparison failed for org.springframework:spring-context
[2025-09-10 12:16:52] org.springframework:spring-context:5.3.31 -> org.springframework:spring-context:5.3.37 : Failed to compare JAR files: JAPICMP comparison failed for org.springframework:spring-context
[2025-09-10 12:16:52] org.springframework:spring-context:5.3.31 -> org.springframework:spring-context:5.3.38 : Failed to compare JAR files: JAPICMP comparison failed for org.springframework:spring-context
[2025-09-10 12:16:52] org.springframework:spring-context:5.3.31 -> org.springframework:spring-context:5.3.39 : Failed to compare JAR files: JAPICMP comparison failed for org.springframework:spring-context
[2025-09-10 12:16:52] org.springframework:spring-context-support:5.3.31 -> org.springframework:spring-context-support:5.3.32 : Failed to compare JAR files: JAPICMP comparison failed for org.springframework:spring-context-support
[2025-09-10 12:16:52] org.springframework:spring-context-support:5.3.31 -> org.springframework:spring-context-support:5.3.33 : Failed to compare JAR files: JAPICMP comparison failed for org.springframework:spring-context-support
[2025-09-10 12:16:52] org.springframework:spring-context-support:5.3.31 -> org.springframework:spring-context-support:5.3.34 : Failed to compare JAR files: JAPICMP comparison failed for org.springframework:spring-context-support
[2025-09-10 12:16:52] org.springframework:spring-context-support:5.3.31 -> org.springframework:spring-context-support:5.3.35 : Failed to compare JAR files: JAPICMP comparison failed for org.springframework:spring-context-support
[2025-09-10 12:16:53] org.springframework:spring-context-support:5.3.31 -> org.springframework:spring-context-support:5.3.36 : Failed to compare JAR files: JAPICMP comparison failed for org.springframework:spring-context-support
[2025-09-10 12:16:53] org.springframework:spring-context-support:5.3.31 -> org.springframework:spring-context-support:5.3.37 : Failed to compare JAR files: JAPICMP comparison failed for org.springframework:spring-context-support
[2025-09-10 12:16:53] org.springframework:spring-context-support:5.3.31 -> org.springframework:spring-context-support:5.3.38 : Failed to compare JAR files: JAPICMP comparison failed for org.springframework:spring-context-support
[2025-09-10 12:16:53] org.springframework:spring-context-support:5.3.31 -> org.springframework:spring-context-support:5.3.39 : Failed to compare JAR files: JAPICMP comparison failed for org.springframework:spring-context-support
[2025-09-10 12:16:54] org.aspectj:aspectjweaver:1.9.22.1 -> org.aspectj:aspectjweaver:1.9.23 : Failed to compare JAR files: JAPICMP comparison failed for org.aspectj:aspectjweaver
[2025-09-10 12:16:54] org.aspectj:aspectjweaver:1.9.22.1 -> org.aspectj:aspectjweaver:1.9.24 : Failed to compare JAR files: JAPICMP comparison failed for org.aspectj:aspectjweaver
[2025-09-10 12:16:55] org.springframework:spring-test:5.3.31 -> org.springframework:spring-test:5.3.32 : Failed to compare JAR files: JAPICMP comparison failed for org.springframework:spring-test
[2025-09-10 12:16:55] org.springframework:spring-test:5.3.31 -> org.springframework:spring-test:5.3.33 : Failed to compare JAR files: JAPICMP comparison failed for org.springframework:spring-test
[2025-09-10 12:16:55] org.springframework:spring-test:5.3.31 -> org.springframework:spring-test:5.3.34 : Failed to compare JAR files: JAPICMP comparison failed for org.springframework:spring-test
[2025-09-10 12:16:55] org.springframework:spring-test:5.3.31 -> org.springframework:spring-test:5.3.35 : Failed to compare JAR files: JAPICMP comparison failed for org.springframework:spring-test
[2025-09-10 12:16:55] org.springframework:spring-test:5.3.31 -> org.springframework:spring-test:5.3.36 : Failed to compare JAR files: JAPICMP comparison failed for org.springframework:spring-test
[2025-09-10 12:16:55] org.springframework:spring-test:5.3.31 -> org.springframework:spring-test:5.3.37 : Failed to compare JAR files: JAPICMP comparison failed for org.springframework:spring-test
[2025-09-10 12:16:55] org.springframework:spring-test:5.3.31 -> org.springframework:spring-test:5.3.38 : Failed to compare JAR files: JAPICMP comparison failed for org.springframework:spring-test
[2025-09-10 12:16:55] org.springframework:spring-test:5.3.31 -> org.springframework:spring-test:5.3.39 : Failed to compare JAR files: JAPICMP comparison failed for org.springframework:spring-test
[2025-09-10 12:16:55] com.h2database:h2:2.2.224 -> com.h2database:h2:2.3.230 : Failed to compare JAR files: JAPICMP comparison failed for com.h2database:h2
[2025-09-10 12:16:55] com.h2database:h2:2.2.224 -> com.h2database:h2:2.3.232 : Failed to compare JAR files: JAPICMP comparison failed for com.h2database:h2
[2025-09-10 12:16:56] org.projectlombok:lombok:1.18.30 -> org.projectlombok:lombok:1.18.32 : Failed to compare JAR files: JAPICMP comparison failed for org.projectlombok:lombok
[2025-09-10 12:16:56] org.projectlombok:lombok:1.18.30 -> org.projectlombok:lombok:1.18.34 : Failed to compare JAR files: JAPICMP comparison failed for org.projectlombok:lombok
[2025-09-10 12:16:56] org.projectlombok:lombok:1.18.30 -> org.projectlombok:lombok:1.18.36 : Failed to compare JAR files: JAPICMP comparison failed for org.projectlombok:lombok
[2025-09-10 12:16:56] org.projectlombok:lombok:1.18.30 -> org.projectlombok:lombok:1.18.38 : Failed to compare JAR files: JAPICMP comparison failed for org.projectlombok:lombok
[2025-09-10 12:16:56] org.projectlombok:lombok:1.18.30 -> org.projectlombok:lombok:1.18.40 : Failed to compare JAR files: JAPICMP comparison failed for org.projectlombok:lombok
[2025-09-10 12:17:10] org.mockito:mockito-core:4.5.1 -> org.mockito:mockito-core:4.6.0 : Failed to compare JAR files: JAPICMP comparison failed for org.mockito:mockito-core
[2025-09-10 12:17:11] org.mockito:mockito-core:4.5.1 -> org.mockito:mockito-core:4.6.1 : Failed to compare JAR files: JAPICMP comparison failed for org.mockito:mockito-core
[2025-09-10 12:17:11] org.mockito:mockito-core:4.5.1 -> org.mockito:mockito-core:4.7.0 : Failed to compare JAR files: JAPICMP comparison failed for org.mockito:mockito-core
[2025-09-10 12:17:11] org.mockito:mockito-core:4.5.1 -> org.mockito:mockito-core:4.8.0 : Failed to compare JAR files: JAPICMP comparison failed for org.mockito:mockito-core
[2025-09-10 12:17:11] org.mockito:mockito-core:4.5.1 -> org.mockito:mockito-core:4.8.1 : Failed to compare JAR files: JAPICMP comparison failed for org.mockito:mockito-core
[2025-09-10 12:17:11] org.mockito:mockito-core:4.5.1 -> org.mockito:mockito-core:4.9.0 : Failed to compare JAR files: JAPICMP comparison failed for org.mockito:mockito-core
[2025-09-10 12:17:11] org.mockito:mockito-core:4.5.1 -> org.mockito:mockito-core:4.10.0 : Failed to compare JAR files: JAPICMP comparison failed for org.mockito:mockito-core
[2025-09-10 12:17:11] org.mockito:mockito-core:4.5.1 -> org.mockito:mockito-core:4.11.0 : Failed to compare JAR files: JAPICMP comparison failed for org.mockito:mockito-core
[2025-09-10 12:17:20] ch.qos.logback:logback-classic:1.3.0 -> ch.qos.logback:logback-classic:1.3.1 : Failed to compare JAR files: JAPICMP comparison failed for ch.qos.logback:logback-classic
[2025-09-10 12:17:20] ch.qos.logback:logback-classic:1.3.0 -> ch.qos.logback:logback-classic:1.3.2 : Failed to compare JAR files: JAPICMP comparison failed for ch.qos.logback:logback-classic
[2025-09-10 12:17:21] ch.qos.logback:logback-classic:1.3.0 -> ch.qos.logback:logback-classic:1.3.3 : Failed to compare JAR files: JAPICMP comparison failed for ch.qos.logback:logback-classic
[2025-09-10 12:17:21] ch.qos.logback:logback-classic:1.3.0 -> ch.qos.logback:logback-classic:1.3.4 : Failed to compare JAR files: JAPICMP comparison failed for ch.qos.logback:logback-classic
[2025-09-10 12:17:21] ch.qos.logback:logback-classic:1.3.0 -> ch.qos.logback:logback-classic:1.3.5 : Failed to compare JAR files: JAPICMP comparison failed for ch.qos.logback:logback-classic
[2025-09-10 12:17:21] ch.qos.logback:logback-classic:1.3.0 -> ch.qos.logback:logback-classic:1.3.6 : Failed to compare JAR files: JAPICMP comparison failed for ch.qos.logback:logback-classic
[2025-09-10 12:17:21] ch.qos.logback:logback-classic:1.3.0 -> ch.qos.logback:logback-classic:1.3.7 : Failed to compare JAR files: JAPICMP comparison failed for ch.qos.logback:logback-classic
[2025-09-10 12:17:21] ch.qos.logback:logback-classic:1.3.0 -> ch.qos.logback:logback-classic:1.3.8 : Failed to compare JAR files: JAPICMP comparison failed for ch.qos.logback:logback-classic
[2025-09-10 12:17:21] ch.qos.logback:logback-classic:1.3.0 -> ch.qos.logback:logback-classic:1.3.9 : Failed to compare JAR files: JAPICMP comparison failed for ch.qos.logback:logback-classic
[2025-09-10 12:17:21] ch.qos.logback:logback-classic:1.3.0 -> ch.qos.logback:logback-classic:1.3.10 : Failed to compare JAR files: JAPICMP comparison failed for ch.qos.logback:logback-classic
[2025-09-10 12:17:22] ch.qos.logback:logback-classic:1.3.0 -> ch.qos.logback:logback-classic:1.3.11 : Failed to compare JAR files: JAPICMP comparison failed for ch.qos.logback:logback-classic
[2025-09-10 12:17:22] ch.qos.logback:logback-classic:1.3.0 -> ch.qos.logback:logback-classic:1.3.12 : Failed to compare JAR files: JAPICMP comparison failed for ch.qos.logback:logback-classic
[2025-09-10 12:17:22] ch.qos.logback:logback-classic:1.3.0 -> ch.qos.logback:logback-classic:1.3.13 : Failed to compare JAR files: JAPICMP comparison failed for ch.qos.logback:logback-classic
[2025-09-10 12:17:22] ch.qos.logback:logback-classic:1.3.0 -> ch.qos.logback:logback-classic:1.3.14 : Failed to compare JAR files: JAPICMP comparison failed for ch.qos.logback:logback-classic
[2025-09-10 12:17:22] ch.qos.logback:logback-classic:1.3.0 -> ch.qos.logback:logback-classic:1.3.15 : Failed to compare JAR files: JAPICMP comparison failed for ch.qos.logback:logback-classic
[2025-09-10 12:17:22] ch.qos.logback:logback-classic:1.3.0 -> ch.qos.logback:logback-classic:1.4.0 : Failed to compare JAR files: JAPICMP comparison failed for ch.qos.logback:logback-classic
[2025-09-10 12:17:22] ch.qos.logback:logback-classic:1.3.0 -> ch.qos.logback:logback-classic:1.4.1 : Failed to compare JAR files: JAPICMP comparison failed for ch.qos.logback:logback-classic
[2025-09-10 12:17:22] ch.qos.logback:logback-classic:1.3.0 -> ch.qos.logback:logback-classic:1.4.2 : Failed to compare JAR files: JAPICMP comparison failed for ch.qos.logback:logback-classic
[2025-09-10 12:17:22] ch.qos.logback:logback-classic:1.3.0 -> ch.qos.logback:logback-classic:1.4.3 : Failed to compare JAR files: JAPICMP comparison failed for ch.qos.logback:logback-classic
[2025-09-10 12:17:23] ch.qos.logback:logback-classic:1.3.0 -> ch.qos.logback:logback-classic:1.4.4 : Failed to compare JAR files: JAPICMP comparison failed for ch.qos.logback:logback-classic
[2025-09-10 12:17:23] ch.qos.logback:logback-classic:1.3.0 -> ch.qos.logback:logback-classic:1.4.5 : Failed to compare JAR files: JAPICMP comparison failed for ch.qos.logback:logback-classic
[2025-09-10 12:17:23] ch.qos.logback:logback-classic:1.3.0 -> ch.qos.logback:logback-classic:1.4.6 : Failed to compare JAR files: JAPICMP comparison failed for ch.qos.logback:logback-classic
[2025-09-10 12:17:23] ch.qos.logback:logback-classic:1.3.0 -> ch.qos.logback:logback-classic:1.4.7 : Failed to compare JAR files: JAPICMP comparison failed for ch.qos.logback:logback-classic
[2025-09-10 12:17:23] ch.qos.logback:logback-classic:1.3.0 -> ch.qos.logback:logback-classic:1.4.8 : Failed to compare JAR files: JAPICMP comparison failed for ch.qos.logback:logback-classic
[2025-09-10 12:17:23] ch.qos.logback:logback-classic:1.3.0 -> ch.qos.logback:logback-classic:1.4.9 : Failed to compare JAR files: JAPICMP comparison failed for ch.qos.logback:logback-classic
[2025-09-10 12:17:23] ch.qos.logback:logback-classic:1.3.0 -> ch.qos.logback:logback-classic:1.4.10 : Failed to compare JAR files: JAPICMP comparison failed for ch.qos.logback:logback-classic
[2025-09-10 12:17:23] ch.qos.logback:logback-classic:1.3.0 -> ch.qos.logback:logback-classic:1.4.11 : Failed to compare JAR files: JAPICMP comparison failed for ch.qos.logback:logback-classic
[2025-09-10 12:17:24] ch.qos.logback:logback-classic:1.3.0 -> ch.qos.logback:logback-classic:1.4.12 : Failed to compare JAR files: JAPICMP comparison failed for ch.qos.logback:logback-classic
[2025-09-10 12:17:24] ch.qos.logback:logback-classic:1.3.0 -> ch.qos.logback:logback-classic:1.4.13 : Failed to compare JAR files: JAPICMP comparison failed for ch.qos.logback:logback-classic
[2025-09-10 12:17:24] ch.qos.logback:logback-classic:1.3.0 -> ch.qos.logback:logback-classic:1.4.14 : Failed to compare JAR files: JAPICMP comparison failed for ch.qos.logback:logback-classic
[2025-09-10 12:17:24] ch.qos.logback:logback-classic:1.3.0 -> ch.qos.logback:logback-classic:1.5.0 : Failed to compare JAR files: JAPICMP comparison failed for ch.qos.logback:logback-classic
[2025-09-10 12:17:24] ch.qos.logback:logback-classic:1.3.0 -> ch.qos.logback:logback-classic:1.5.1 : Failed to compare JAR files: JAPICMP comparison failed for ch.qos.logback:logback-classic
[2025-09-10 12:17:24] ch.qos.logback:logback-classic:1.3.0 -> ch.qos.logback:logback-classic:1.5.2 : Failed to compare JAR files: JAPICMP comparison failed for ch.qos.logback:logback-classic
[2025-09-10 12:17:24] ch.qos.logback:logback-classic:1.3.0 -> ch.qos.logback:logback-classic:1.5.3 : Failed to compare JAR files: JAPICMP comparison failed for ch.qos.logback:logback-classic
[2025-09-10 12:17:24] ch.qos.logback:logback-classic:1.3.0 -> ch.qos.logback:logback-classic:1.5.4 : Failed to compare JAR files: JAPICMP comparison failed for ch.qos.logback:logback-classic
[2025-09-10 12:17:25] ch.qos.logback:logback-classic:1.3.0 -> ch.qos.logback:logback-classic:1.5.5 : Failed to compare JAR files: JAPICMP comparison failed for ch.qos.logback:logback-classic
[2025-09-10 12:17:25] ch.qos.logback:logback-classic:1.3.0 -> ch.qos.logback:logback-classic:1.5.6 : Failed to compare JAR files: JAPICMP comparison failed for ch.qos.logback:logback-classic
[2025-09-10 12:17:25] ch.qos.logback:logback-classic:1.3.0 -> ch.qos.logback:logback-classic:1.5.7 : Failed to compare JAR files: JAPICMP comparison failed for ch.qos.logback:logback-classic
[2025-09-10 12:17:25] ch.qos.logback:logback-classic:1.3.0 -> ch.qos.logback:logback-classic:1.5.8 : Failed to compare JAR files: JAPICMP comparison failed for ch.qos.logback:logback-classic
[2025-09-10 12:17:25] ch.qos.logback:logback-classic:1.3.0 -> ch.qos.logback:logback-classic:1.5.9 : Failed to compare JAR files: JAPICMP comparison failed for ch.qos.logback:logback-classic
[2025-09-10 12:17:25] ch.qos.logback:logback-classic:1.3.0 -> ch.qos.logback:logback-classic:1.5.10 : Failed to compare JAR files: JAPICMP comparison failed for ch.qos.logback:logback-classic
[2025-09-10 12:17:25] ch.qos.logback:logback-classic:1.3.0 -> ch.qos.logback:logback-classic:1.5.11 : Failed to compare JAR files: JAPICMP comparison failed for ch.qos.logback:logback-classic
[2025-09-10 12:17:25] ch.qos.logback:logback-classic:1.3.0 -> ch.qos.logback:logback-classic:1.5.12 : Failed to compare JAR files: JAPICMP comparison failed for ch.qos.logback:logback-classic
[2025-09-10 12:17:26] ch.qos.logback:logback-classic:1.3.0 -> ch.qos.logback:logback-classic:1.5.13 : Failed to compare JAR files: JAPICMP comparison failed for ch.qos.logback:logback-classic
[2025-09-10 12:17:26] ch.qos.logback:logback-classic:1.3.0 -> ch.qos.logback:logback-classic:1.5.14 : Failed to compare JAR files: JAPICMP comparison failed for ch.qos.logback:logback-classic
[2025-09-10 12:17:26] ch.qos.logback:logback-classic:1.3.0 -> ch.qos.logback:logback-classic:1.5.15 : Failed to compare JAR files: JAPICMP comparison failed for ch.qos.logback:logback-classic
[2025-09-10 12:17:26] ch.qos.logback:logback-classic:1.3.0 -> ch.qos.logback:logback-classic:1.5.16 : Failed to compare JAR files: JAPICMP comparison failed for ch.qos.logback:logback-classic
[2025-09-10 12:17:26] ch.qos.logback:logback-classic:1.3.0 -> ch.qos.logback:logback-classic:1.5.17 : Failed to compare JAR files: JAPICMP comparison failed for ch.qos.logback:logback-classic
[2025-09-10 12:17:26] ch.qos.logback:logback-classic:1.3.0 -> ch.qos.logback:logback-classic:1.5.18 : Failed to compare JAR files: JAPICMP comparison failed for ch.qos.logback:logback-classic

=== Summary ===
Total comparisons: 295
Failures: 90
Success rate: 69.49%
