=== Comparison Failure Log ===
[2025-09-13 05:26:30] org.testcontainers:mssqlserver:1.20.1 -> org.testcontainers:mssqlserver:1.20.2 : Failed to compare JAR files: JAPICMP comparison failed for org.testcontainers:mssqlserver
[2025-09-13 05:26:31] org.testcontainers:mssqlserver:1.20.1 -> org.testcontainers:mssqlserver:1.20.3 : Failed to compare JAR files: JAPICMP comparison failed for org.testcontainers:mssqlserver
[2025-09-13 05:26:33] org.testcontainers:mssqlserver:1.20.1 -> org.testcontainers:mssqlserver:1.20.4 : Failed to compare JAR files: JAPICMP comparison failed for org.testcontainers:mssqlserver
[2025-09-13 05:26:34] org.testcontainers:mssqlserver:1.20.1 -> org.testcontainers:mssqlserver:1.20.5 : Failed to compare JAR files: JAPICMP comparison failed for org.testcontainers:mssqlserver
[2025-09-13 05:26:34] org.testcontainers:mssqlserver:1.20.1 -> org.testcontainers:mssqlserver:1.20.6 : Failed to compare JAR files: JAPICMP comparison failed for org.testcontainers:mssqlserver
[2025-09-13 05:26:36] org.testcontainers:mssqlserver:1.20.1 -> org.testcontainers:mssqlserver:1.21.0 : Failed to compare JAR files: JAPICMP comparison failed for org.testcontainers:mssqlserver
[2025-09-13 05:26:37] org.testcontainers:mssqlserver:1.20.1 -> org.testcontainers:mssqlserver:1.21.1 : Failed to compare JAR files: JAPICMP comparison failed for org.testcontainers:mssqlserver
[2025-09-13 05:26:38] org.testcontainers:mssqlserver:1.20.1 -> org.testcontainers:mssqlserver:1.21.2 : Failed to compare JAR files: JAPICMP comparison failed for org.testcontainers:mssqlserver
[2025-09-13 05:26:39] org.testcontainers:mssqlserver:1.20.1 -> org.testcontainers:mssqlserver:1.21.3 : Failed to compare JAR files: JAPICMP comparison failed for org.testcontainers:mssqlserver
[2025-09-13 05:27:15] com.microsoft.sqlserver:mssql-jdbc:12.4.2.jre8 -> com.microsoft.sqlserver:mssql-jdbc:12.4.2.jre11 : Failed to compare JAR files: JAPICMP comparison failed for com.microsoft.sqlserver:mssql-jdbc
[2025-09-13 05:27:23] com.microsoft.sqlserver:mssql-jdbc:12.4.2.jre8 -> com.microsoft.sqlserver:mssql-jdbc:12.6.0.jre8 : Failed to compare JAR files: JAPICMP comparison failed for com.microsoft.sqlserver:mssql-jdbc
[2025-09-13 05:27:27] com.microsoft.sqlserver:mssql-jdbc:12.4.2.jre8 -> com.microsoft.sqlserver:mssql-jdbc:12.6.0.jre11 : Failed to compare JAR files: JAPICMP comparison failed for com.microsoft.sqlserver:mssql-jdbc
[2025-09-13 05:27:35] com.microsoft.sqlserver:mssql-jdbc:12.4.2.jre8 -> com.microsoft.sqlserver:mssql-jdbc:12.6.1.jre8 : Failed to compare JAR files: JAPICMP comparison failed for com.microsoft.sqlserver:mssql-jdbc
[2025-09-13 05:27:39] com.microsoft.sqlserver:mssql-jdbc:12.4.2.jre8 -> com.microsoft.sqlserver:mssql-jdbc:12.6.1.jre11 : Failed to compare JAR files: JAPICMP comparison failed for com.microsoft.sqlserver:mssql-jdbc
[2025-09-13 05:27:43] com.microsoft.sqlserver:mssql-jdbc:12.4.2.jre8 -> com.microsoft.sqlserver:mssql-jdbc:12.6.2.jre8 : Failed to compare JAR files: JAPICMP comparison failed for com.microsoft.sqlserver:mssql-jdbc
[2025-09-13 05:27:46] com.microsoft.sqlserver:mssql-jdbc:12.4.2.jre8 -> com.microsoft.sqlserver:mssql-jdbc:12.6.2.jre11 : Failed to compare JAR files: JAPICMP comparison failed for com.microsoft.sqlserver:mssql-jdbc
[2025-09-13 05:27:56] com.microsoft.sqlserver:mssql-jdbc:12.4.2.jre8 -> com.microsoft.sqlserver:mssql-jdbc:12.6.3.jre8 : Failed to compare JAR files: JAPICMP comparison failed for com.microsoft.sqlserver:mssql-jdbc
[2025-09-13 05:28:00] com.microsoft.sqlserver:mssql-jdbc:12.4.2.jre8 -> com.microsoft.sqlserver:mssql-jdbc:12.6.3.jre11 : Failed to compare JAR files: JAPICMP comparison failed for com.microsoft.sqlserver:mssql-jdbc
[2025-09-13 05:28:03] com.microsoft.sqlserver:mssql-jdbc:12.4.2.jre8 -> com.microsoft.sqlserver:mssql-jdbc:12.6.4.jre8 : Failed to compare JAR files: JAPICMP comparison failed for com.microsoft.sqlserver:mssql-jdbc
[2025-09-13 05:28:07] com.microsoft.sqlserver:mssql-jdbc:12.4.2.jre8 -> com.microsoft.sqlserver:mssql-jdbc:12.6.4.jre11 : Failed to compare JAR files: JAPICMP comparison failed for com.microsoft.sqlserver:mssql-jdbc
[2025-09-13 05:28:08] com.microsoft.sqlserver:mssql-jdbc:12.4.2.jre8 -> com.microsoft.sqlserver:mssql-jdbc:12.7.0 : Failed to resolve any JAR files for new dependency: com.microsoft.sqlserver:mssql-jdbc:12.7.0 (old version resolved 58 JARs)
[2025-09-13 05:28:12] com.microsoft.sqlserver:mssql-jdbc:12.4.2.jre8 -> com.microsoft.sqlserver:mssql-jdbc:12.8.0.jre8 : Failed to compare JAR files: JAPICMP comparison failed for com.microsoft.sqlserver:mssql-jdbc
[2025-09-13 05:28:15] com.microsoft.sqlserver:mssql-jdbc:12.4.2.jre8 -> com.microsoft.sqlserver:mssql-jdbc:12.8.0.jre11 : Failed to compare JAR files: JAPICMP comparison failed for com.microsoft.sqlserver:mssql-jdbc
[2025-09-13 05:28:22] com.microsoft.sqlserver:mssql-jdbc:12.4.2.jre8 -> com.microsoft.sqlserver:mssql-jdbc:12.8.1.jre8 : Failed to compare JAR files: JAPICMP comparison failed for com.microsoft.sqlserver:mssql-jdbc
[2025-09-13 05:28:26] com.microsoft.sqlserver:mssql-jdbc:12.4.2.jre8 -> com.microsoft.sqlserver:mssql-jdbc:12.8.1.jre11 : Failed to compare JAR files: JAPICMP comparison failed for com.microsoft.sqlserver:mssql-jdbc
[2025-09-13 05:28:35] com.microsoft.sqlserver:mssql-jdbc:12.4.2.jre8 -> com.microsoft.sqlserver:mssql-jdbc:12.10.0.jre8 : Failed to compare JAR files: JAPICMP comparison failed for com.microsoft.sqlserver:mssql-jdbc
[2025-09-13 05:28:39] com.microsoft.sqlserver:mssql-jdbc:12.4.2.jre8 -> com.microsoft.sqlserver:mssql-jdbc:12.10.0.jre11 : Failed to compare JAR files: JAPICMP comparison failed for com.microsoft.sqlserver:mssql-jdbc
[2025-09-13 05:28:43] com.microsoft.sqlserver:mssql-jdbc:12.4.2.jre8 -> com.microsoft.sqlserver:mssql-jdbc:12.10.1.jre8 : Failed to compare JAR files: JAPICMP comparison failed for com.microsoft.sqlserver:mssql-jdbc
[2025-09-13 05:28:46] com.microsoft.sqlserver:mssql-jdbc:12.4.2.jre8 -> com.microsoft.sqlserver:mssql-jdbc:12.10.1.jre11 : Failed to compare JAR files: JAPICMP comparison failed for com.microsoft.sqlserver:mssql-jdbc
[2025-09-13 05:28:46] com.zaxxer:HikariCP-java6:2.3.8 -> com.zaxxer:HikariCP-java6:2.3.9 : Failed to compare JAR files: JAPICMP comparison failed for com.zaxxer:HikariCP-java6
[2025-09-13 05:28:46] com.zaxxer:HikariCP-java6:2.3.8 -> com.zaxxer:HikariCP-java6:2.3.10 : Failed to compare JAR files: JAPICMP comparison failed for com.zaxxer:HikariCP-java6
[2025-09-13 05:28:46] com.zaxxer:HikariCP-java6:2.3.8 -> com.zaxxer:HikariCP-java6:2.3.11 : Failed to compare JAR files: JAPICMP comparison failed for com.zaxxer:HikariCP-java6
[2025-09-13 05:28:46] com.zaxxer:HikariCP-java6:2.3.8 -> com.zaxxer:HikariCP-java6:2.3.12 : Failed to compare JAR files: JAPICMP comparison failed for com.zaxxer:HikariCP-java6
[2025-09-13 05:28:46] com.zaxxer:HikariCP-java6:2.3.8 -> com.zaxxer:HikariCP-java6:2.3.13 : Failed to compare JAR files: JAPICMP comparison failed for com.zaxxer:HikariCP-java6
[2025-09-13 05:28:46] org.junit.jupiter:junit-jupiter-api:5.10.2 -> org.junit.jupiter:junit-jupiter-api:5.10.3 : Failed to compare JAR files: JAPICMP comparison failed for org.junit.jupiter:junit-jupiter-api
[2025-09-13 05:28:46] org.junit.jupiter:junit-jupiter-api:5.10.2 -> org.junit.jupiter:junit-jupiter-api:5.10.4 : Failed to compare JAR files: JAPICMP comparison failed for org.junit.jupiter:junit-jupiter-api
[2025-09-13 05:28:46] org.junit.jupiter:junit-jupiter-api:5.10.2 -> org.junit.jupiter:junit-jupiter-api:5.10.5 : Failed to compare JAR files: JAPICMP comparison failed for org.junit.jupiter:junit-jupiter-api
[2025-09-13 05:28:47] org.junit.jupiter:junit-jupiter-api:5.10.2 -> org.junit.jupiter:junit-jupiter-api:5.11.0 : Failed to compare JAR files: JAPICMP comparison failed for org.junit.jupiter:junit-jupiter-api
[2025-09-13 05:28:47] org.junit.jupiter:junit-jupiter-api:5.10.2 -> org.junit.jupiter:junit-jupiter-api:5.11.1 : Failed to compare JAR files: JAPICMP comparison failed for org.junit.jupiter:junit-jupiter-api
[2025-09-13 05:28:47] org.junit.jupiter:junit-jupiter-api:5.10.2 -> org.junit.jupiter:junit-jupiter-api:5.11.2 : Failed to compare JAR files: JAPICMP comparison failed for org.junit.jupiter:junit-jupiter-api
[2025-09-13 05:28:47] org.junit.jupiter:junit-jupiter-api:5.10.2 -> org.junit.jupiter:junit-jupiter-api:5.11.3 : Failed to compare JAR files: JAPICMP comparison failed for org.junit.jupiter:junit-jupiter-api
[2025-09-13 05:28:47] org.junit.jupiter:junit-jupiter-api:5.10.2 -> org.junit.jupiter:junit-jupiter-api:5.11.4 : Failed to compare JAR files: JAPICMP comparison failed for org.junit.jupiter:junit-jupiter-api
[2025-09-13 05:28:47] org.junit.jupiter:junit-jupiter-api:5.10.2 -> org.junit.jupiter:junit-jupiter-api:5.12.0 : Failed to compare JAR files: JAPICMP comparison failed for org.junit.jupiter:junit-jupiter-api
[2025-09-13 05:28:47] org.junit.jupiter:junit-jupiter-api:5.10.2 -> org.junit.jupiter:junit-jupiter-api:5.12.1 : Failed to compare JAR files: JAPICMP comparison failed for org.junit.jupiter:junit-jupiter-api
[2025-09-13 05:28:47] org.junit.jupiter:junit-jupiter-api:5.10.2 -> org.junit.jupiter:junit-jupiter-api:5.12.2 : Failed to compare JAR files: JAPICMP comparison failed for org.junit.jupiter:junit-jupiter-api
[2025-09-13 05:28:47] org.junit.jupiter:junit-jupiter-api:5.10.2 -> org.junit.jupiter:junit-jupiter-api:5.13.0 : Failed to compare JAR files: JAPICMP comparison failed for org.junit.jupiter:junit-jupiter-api
[2025-09-13 05:28:47] org.junit.jupiter:junit-jupiter-api:5.10.2 -> org.junit.jupiter:junit-jupiter-api:5.13.1 : Failed to compare JAR files: JAPICMP comparison failed for org.junit.jupiter:junit-jupiter-api
[2025-09-13 05:28:48] org.junit.jupiter:junit-jupiter-api:5.10.2 -> org.junit.jupiter:junit-jupiter-api:5.13.2 : Failed to compare JAR files: JAPICMP comparison failed for org.junit.jupiter:junit-jupiter-api
[2025-09-13 05:28:48] org.junit.jupiter:junit-jupiter-api:5.10.2 -> org.junit.jupiter:junit-jupiter-api:5.13.3 : Failed to compare JAR files: JAPICMP comparison failed for org.junit.jupiter:junit-jupiter-api
[2025-09-13 05:28:48] org.junit.jupiter:junit-jupiter-api:5.10.2 -> org.junit.jupiter:junit-jupiter-api:5.13.4 : Failed to compare JAR files: JAPICMP comparison failed for org.junit.jupiter:junit-jupiter-api
[2025-09-13 05:28:48] org.junit.jupiter:junit-jupiter-params:5.10.2 -> org.junit.jupiter:junit-jupiter-params:5.10.3 : Failed to compare JAR files: JAPICMP comparison failed for org.junit.jupiter:junit-jupiter-params
[2025-09-13 05:28:48] org.junit.jupiter:junit-jupiter-params:5.10.2 -> org.junit.jupiter:junit-jupiter-params:5.10.4 : Failed to compare JAR files: JAPICMP comparison failed for org.junit.jupiter:junit-jupiter-params
[2025-09-13 05:28:48] org.junit.jupiter:junit-jupiter-params:5.10.2 -> org.junit.jupiter:junit-jupiter-params:5.10.5 : Failed to compare JAR files: JAPICMP comparison failed for org.junit.jupiter:junit-jupiter-params
[2025-09-13 05:28:48] org.junit.jupiter:junit-jupiter-params:5.10.2 -> org.junit.jupiter:junit-jupiter-params:5.11.0 : Failed to compare JAR files: JAPICMP comparison failed for org.junit.jupiter:junit-jupiter-params
[2025-09-13 05:28:49] org.junit.jupiter:junit-jupiter-params:5.10.2 -> org.junit.jupiter:junit-jupiter-params:5.11.1 : Failed to compare JAR files: JAPICMP comparison failed for org.junit.jupiter:junit-jupiter-params
[2025-09-13 05:28:49] org.junit.jupiter:junit-jupiter-params:5.10.2 -> org.junit.jupiter:junit-jupiter-params:5.11.2 : Failed to compare JAR files: JAPICMP comparison failed for org.junit.jupiter:junit-jupiter-params
[2025-09-13 05:28:49] org.junit.jupiter:junit-jupiter-params:5.10.2 -> org.junit.jupiter:junit-jupiter-params:5.11.3 : Failed to compare JAR files: JAPICMP comparison failed for org.junit.jupiter:junit-jupiter-params
[2025-09-13 05:28:49] org.junit.jupiter:junit-jupiter-params:5.10.2 -> org.junit.jupiter:junit-jupiter-params:5.11.4 : Failed to compare JAR files: JAPICMP comparison failed for org.junit.jupiter:junit-jupiter-params
[2025-09-13 05:28:49] org.junit.jupiter:junit-jupiter-params:5.10.2 -> org.junit.jupiter:junit-jupiter-params:5.12.0 : Failed to compare JAR files: JAPICMP comparison failed for org.junit.jupiter:junit-jupiter-params
[2025-09-13 05:28:50] org.junit.jupiter:junit-jupiter-params:5.10.2 -> org.junit.jupiter:junit-jupiter-params:5.12.1 : Failed to compare JAR files: JAPICMP comparison failed for org.junit.jupiter:junit-jupiter-params
[2025-09-13 05:28:50] org.junit.jupiter:junit-jupiter-params:5.10.2 -> org.junit.jupiter:junit-jupiter-params:5.12.2 : Failed to compare JAR files: JAPICMP comparison failed for org.junit.jupiter:junit-jupiter-params
[2025-09-13 05:28:50] org.junit.jupiter:junit-jupiter-params:5.10.2 -> org.junit.jupiter:junit-jupiter-params:5.13.0 : Failed to compare JAR files: JAPICMP comparison failed for org.junit.jupiter:junit-jupiter-params
[2025-09-13 05:28:50] org.junit.jupiter:junit-jupiter-params:5.10.2 -> org.junit.jupiter:junit-jupiter-params:5.13.1 : Failed to compare JAR files: JAPICMP comparison failed for org.junit.jupiter:junit-jupiter-params
[2025-09-13 05:28:50] org.junit.jupiter:junit-jupiter-params:5.10.2 -> org.junit.jupiter:junit-jupiter-params:5.13.2 : Failed to compare JAR files: JAPICMP comparison failed for org.junit.jupiter:junit-jupiter-params
[2025-09-13 05:28:55] org.junit.jupiter:junit-jupiter-params:5.10.2 -> org.junit.jupiter:junit-jupiter-params:5.13.3 : Failed to compare JAR files: JAPICMP comparison failed for org.junit.jupiter:junit-jupiter-params
[2025-09-13 05:28:55] org.junit.jupiter:junit-jupiter-params:5.10.2 -> org.junit.jupiter:junit-jupiter-params:5.13.4 : Failed to compare JAR files: JAPICMP comparison failed for org.junit.jupiter:junit-jupiter-params
[2025-09-13 05:29:04] org.codehaus.groovy:groovy:3.0.21 -> org.codehaus.groovy:groovy:3.0.22 : Failed to compare JAR files: JAPICMP comparison failed for org.codehaus.groovy:groovy
[2025-09-13 05:29:09] org.codehaus.groovy:groovy:3.0.21 -> org.codehaus.groovy:groovy:3.0.23 : Failed to compare JAR files: JAPICMP comparison failed for org.codehaus.groovy:groovy
[2025-09-13 05:29:11] org.codehaus.groovy:groovy:3.0.21 -> org.codehaus.groovy:groovy:3.0.24 : Failed to compare JAR files: JAPICMP comparison failed for org.codehaus.groovy:groovy
[2025-09-13 05:29:12] org.codehaus.groovy:groovy:3.0.21 -> org.codehaus.groovy:groovy:3.0.25 : Failed to compare JAR files: JAPICMP comparison failed for org.codehaus.groovy:groovy
[2025-09-13 05:29:23] ch.qos.logback:logback-classic:1.3.12 -> ch.qos.logback:logback-classic:1.3.13 : Failed to compare JAR files: JAPICMP comparison failed for ch.qos.logback:logback-classic
[2025-09-13 05:29:23] ch.qos.logback:logback-classic:1.3.12 -> ch.qos.logback:logback-classic:1.3.14 : Failed to compare JAR files: JAPICMP comparison failed for ch.qos.logback:logback-classic
[2025-09-13 05:29:23] ch.qos.logback:logback-classic:1.3.12 -> ch.qos.logback:logback-classic:1.3.15 : Failed to compare JAR files: JAPICMP comparison failed for ch.qos.logback:logback-classic
[2025-09-13 05:29:24] ch.qos.logback:logback-classic:1.3.12 -> ch.qos.logback:logback-classic:1.4.0 : Failed to compare JAR files: JAPICMP comparison failed for ch.qos.logback:logback-classic
[2025-09-13 05:29:24] ch.qos.logback:logback-classic:1.3.12 -> ch.qos.logback:logback-classic:1.4.1 : Failed to compare JAR files: JAPICMP comparison failed for ch.qos.logback:logback-classic
[2025-09-13 05:29:24] ch.qos.logback:logback-classic:1.3.12 -> ch.qos.logback:logback-classic:1.4.2 : Failed to compare JAR files: JAPICMP comparison failed for ch.qos.logback:logback-classic
[2025-09-13 05:29:24] ch.qos.logback:logback-classic:1.3.12 -> ch.qos.logback:logback-classic:1.4.3 : Failed to compare JAR files: JAPICMP comparison failed for ch.qos.logback:logback-classic
[2025-09-13 05:29:24] ch.qos.logback:logback-classic:1.3.12 -> ch.qos.logback:logback-classic:1.4.4 : Failed to compare JAR files: JAPICMP comparison failed for ch.qos.logback:logback-classic
[2025-09-13 05:29:25] ch.qos.logback:logback-classic:1.3.12 -> ch.qos.logback:logback-classic:1.4.5 : Failed to compare JAR files: JAPICMP comparison failed for ch.qos.logback:logback-classic
[2025-09-13 05:29:25] ch.qos.logback:logback-classic:1.3.12 -> ch.qos.logback:logback-classic:1.4.6 : Failed to compare JAR files: JAPICMP comparison failed for ch.qos.logback:logback-classic
[2025-09-13 05:29:25] ch.qos.logback:logback-classic:1.3.12 -> ch.qos.logback:logback-classic:1.4.7 : Failed to compare JAR files: JAPICMP comparison failed for ch.qos.logback:logback-classic
[2025-09-13 05:29:25] ch.qos.logback:logback-classic:1.3.12 -> ch.qos.logback:logback-classic:1.4.8 : Failed to compare JAR files: JAPICMP comparison failed for ch.qos.logback:logback-classic
[2025-09-13 05:29:25] ch.qos.logback:logback-classic:1.3.12 -> ch.qos.logback:logback-classic:1.4.9 : Failed to compare JAR files: JAPICMP comparison failed for ch.qos.logback:logback-classic
[2025-09-13 05:29:25] ch.qos.logback:logback-classic:1.3.12 -> ch.qos.logback:logback-classic:1.4.10 : Failed to compare JAR files: JAPICMP comparison failed for ch.qos.logback:logback-classic
[2025-09-13 05:29:26] ch.qos.logback:logback-classic:1.3.12 -> ch.qos.logback:logback-classic:1.4.11 : Failed to compare JAR files: JAPICMP comparison failed for ch.qos.logback:logback-classic
[2025-09-13 05:29:26] ch.qos.logback:logback-classic:1.3.12 -> ch.qos.logback:logback-classic:1.4.12 : Failed to compare JAR files: JAPICMP comparison failed for ch.qos.logback:logback-classic
[2025-09-13 05:29:26] ch.qos.logback:logback-classic:1.3.12 -> ch.qos.logback:logback-classic:1.4.13 : Failed to compare JAR files: JAPICMP comparison failed for ch.qos.logback:logback-classic
[2025-09-13 05:29:26] ch.qos.logback:logback-classic:1.3.12 -> ch.qos.logback:logback-classic:1.4.14 : Failed to compare JAR files: JAPICMP comparison failed for ch.qos.logback:logback-classic
[2025-09-13 05:29:26] ch.qos.logback:logback-classic:1.3.12 -> ch.qos.logback:logback-classic:1.5.0 : Failed to compare JAR files: JAPICMP comparison failed for ch.qos.logback:logback-classic
[2025-09-13 05:29:27] ch.qos.logback:logback-classic:1.3.12 -> ch.qos.logback:logback-classic:1.5.1 : Failed to compare JAR files: JAPICMP comparison failed for ch.qos.logback:logback-classic
[2025-09-13 05:29:27] ch.qos.logback:logback-classic:1.3.12 -> ch.qos.logback:logback-classic:1.5.2 : Failed to compare JAR files: JAPICMP comparison failed for ch.qos.logback:logback-classic
[2025-09-13 05:29:27] ch.qos.logback:logback-classic:1.3.12 -> ch.qos.logback:logback-classic:1.5.3 : Failed to compare JAR files: JAPICMP comparison failed for ch.qos.logback:logback-classic
[2025-09-13 05:29:27] ch.qos.logback:logback-classic:1.3.12 -> ch.qos.logback:logback-classic:1.5.4 : Failed to compare JAR files: JAPICMP comparison failed for ch.qos.logback:logback-classic
[2025-09-13 05:29:27] ch.qos.logback:logback-classic:1.3.12 -> ch.qos.logback:logback-classic:1.5.5 : Failed to compare JAR files: JAPICMP comparison failed for ch.qos.logback:logback-classic
[2025-09-13 05:29:28] ch.qos.logback:logback-classic:1.3.12 -> ch.qos.logback:logback-classic:1.5.6 : Failed to compare JAR files: JAPICMP comparison failed for ch.qos.logback:logback-classic
[2025-09-13 05:29:28] ch.qos.logback:logback-classic:1.3.12 -> ch.qos.logback:logback-classic:1.5.7 : Failed to compare JAR files: JAPICMP comparison failed for ch.qos.logback:logback-classic
[2025-09-13 05:29:28] ch.qos.logback:logback-classic:1.3.12 -> ch.qos.logback:logback-classic:1.5.8 : Failed to compare JAR files: JAPICMP comparison failed for ch.qos.logback:logback-classic
[2025-09-13 05:29:28] ch.qos.logback:logback-classic:1.3.12 -> ch.qos.logback:logback-classic:1.5.9 : Failed to compare JAR files: JAPICMP comparison failed for ch.qos.logback:logback-classic
[2025-09-13 05:29:28] ch.qos.logback:logback-classic:1.3.12 -> ch.qos.logback:logback-classic:1.5.10 : Failed to compare JAR files: JAPICMP comparison failed for ch.qos.logback:logback-classic
[2025-09-13 05:29:29] ch.qos.logback:logback-classic:1.3.12 -> ch.qos.logback:logback-classic:1.5.11 : Failed to compare JAR files: JAPICMP comparison failed for ch.qos.logback:logback-classic
[2025-09-13 05:29:29] ch.qos.logback:logback-classic:1.3.12 -> ch.qos.logback:logback-classic:1.5.12 : Failed to compare JAR files: JAPICMP comparison failed for ch.qos.logback:logback-classic
[2025-09-13 05:29:29] ch.qos.logback:logback-classic:1.3.12 -> ch.qos.logback:logback-classic:1.5.13 : Failed to compare JAR files: JAPICMP comparison failed for ch.qos.logback:logback-classic
[2025-09-13 05:29:29] ch.qos.logback:logback-classic:1.3.12 -> ch.qos.logback:logback-classic:1.5.14 : Failed to compare JAR files: JAPICMP comparison failed for ch.qos.logback:logback-classic
[2025-09-13 05:29:29] ch.qos.logback:logback-classic:1.3.12 -> ch.qos.logback:logback-classic:1.5.15 : Failed to compare JAR files: JAPICMP comparison failed for ch.qos.logback:logback-classic
[2025-09-13 05:29:30] ch.qos.logback:logback-classic:1.3.12 -> ch.qos.logback:logback-classic:1.5.16 : Failed to compare JAR files: JAPICMP comparison failed for ch.qos.logback:logback-classic
[2025-09-13 05:29:30] ch.qos.logback:logback-classic:1.3.12 -> ch.qos.logback:logback-classic:1.5.17 : Failed to compare JAR files: JAPICMP comparison failed for ch.qos.logback:logback-classic
[2025-09-13 05:29:30] ch.qos.logback:logback-classic:1.3.12 -> ch.qos.logback:logback-classic:1.5.18 : Failed to compare JAR files: JAPICMP comparison failed for ch.qos.logback:logback-classic

=== Summary ===
Total comparisons: 286
Failures: 107
Success rate: 62.59%
