=== Comparison Failure Log ===
[2025-09-13 02:46:32] org.redisson:redisson:3.23.3 -> org.redisson:redisson:3.23.4 : Failed to compare JAR files: JAPICMP comparison failed for org.redisson:redisson
[2025-09-13 02:46:32] org.redisson:redisson:3.23.3 -> org.redisson:redisson:3.23.5 : Failed to compare JAR files: JAPICMP comparison failed for org.redisson:redisson
[2025-09-13 02:46:33] org.redisson:redisson:3.23.3 -> org.redisson:redisson:3.24.0 : Failed to compare JAR files: JAPICMP comparison failed for org.redisson:redisson
[2025-09-13 02:46:34] org.redisson:redisson:3.23.3 -> org.redisson:redisson:3.24.1 : Failed to compare JAR files: JAPICMP comparison failed for org.redisson:redisson
[2025-09-13 02:46:35] org.redisson:redisson:3.23.3 -> org.redisson:redisson:3.24.2 : Failed to compare JAR files: JAPICMP comparison failed for org.redisson:redisson
[2025-09-13 02:46:36] org.redisson:redisson:3.23.3 -> org.redisson:redisson:3.24.3 : Failed to compare JAR files: JAPICMP comparison failed for org.redisson:redisson
[2025-09-13 02:46:37] org.redisson:redisson:3.23.3 -> org.redisson:redisson:3.25.0 : Failed to compare JAR files: JAPICMP comparison failed for org.redisson:redisson
[2025-09-13 02:46:38] org.redisson:redisson:3.23.3 -> org.redisson:redisson:3.25.1 : Failed to compare JAR files: JAPICMP comparison failed for org.redisson:redisson
[2025-09-13 02:46:39] org.redisson:redisson:3.23.3 -> org.redisson:redisson:3.25.2 : Failed to compare JAR files: JAPICMP comparison failed for org.redisson:redisson
[2025-09-13 02:46:40] org.redisson:redisson:3.23.3 -> org.redisson:redisson:3.26.0 : Failed to compare JAR files: JAPICMP comparison failed for org.redisson:redisson
[2025-09-13 02:46:41] org.redisson:redisson:3.23.3 -> org.redisson:redisson:3.26.1 : Failed to compare JAR files: JAPICMP comparison failed for org.redisson:redisson
[2025-09-13 02:46:42] org.redisson:redisson:3.23.3 -> org.redisson:redisson:3.27.0 : Failed to compare JAR files: JAPICMP comparison failed for org.redisson:redisson
[2025-09-13 02:46:43] org.redisson:redisson:3.23.3 -> org.redisson:redisson:3.27.1 : Failed to compare JAR files: JAPICMP comparison failed for org.redisson:redisson
[2025-09-13 02:46:44] org.redisson:redisson:3.23.3 -> org.redisson:redisson:3.27.2 : Failed to compare JAR files: JAPICMP comparison failed for org.redisson:redisson
[2025-09-13 02:46:45] org.redisson:redisson:3.23.3 -> org.redisson:redisson:3.28.0 : Failed to compare JAR files: JAPICMP comparison failed for org.redisson:redisson
[2025-09-13 02:46:46] org.redisson:redisson:3.23.3 -> org.redisson:redisson:3.29.0 : Failed to compare JAR files: JAPICMP comparison failed for org.redisson:redisson
[2025-09-13 02:46:46] org.redisson:redisson:3.23.3 -> org.redisson:redisson:3.30.0 : Failed to compare JAR files: JAPICMP comparison failed for org.redisson:redisson
[2025-09-13 02:46:47] org.redisson:redisson:3.23.3 -> org.redisson:redisson:3.31.0 : Failed to compare JAR files: JAPICMP comparison failed for org.redisson:redisson
[2025-09-13 02:46:48] org.redisson:redisson:3.23.3 -> org.redisson:redisson:3.32.0 : Failed to compare JAR files: JAPICMP comparison failed for org.redisson:redisson
[2025-09-13 02:46:49] org.redisson:redisson:3.23.3 -> org.redisson:redisson:3.33.0 : Failed to compare JAR files: JAPICMP comparison failed for org.redisson:redisson
[2025-09-13 02:46:50] org.redisson:redisson:3.23.3 -> org.redisson:redisson:3.34.0 : Failed to compare JAR files: JAPICMP comparison failed for org.redisson:redisson
[2025-09-13 02:46:51] org.redisson:redisson:3.23.3 -> org.redisson:redisson:3.34.1 : Failed to compare JAR files: JAPICMP comparison failed for org.redisson:redisson
[2025-09-13 02:46:52] org.redisson:redisson:3.23.3 -> org.redisson:redisson:3.35.0 : Failed to compare JAR files: JAPICMP comparison failed for org.redisson:redisson
[2025-09-13 02:46:53] org.redisson:redisson:3.23.3 -> org.redisson:redisson:3.36.0 : Failed to compare JAR files: JAPICMP comparison failed for org.redisson:redisson
[2025-09-13 02:46:54] org.redisson:redisson:3.23.3 -> org.redisson:redisson:3.37.0 : Failed to compare JAR files: JAPICMP comparison failed for org.redisson:redisson
[2025-09-13 02:46:55] org.redisson:redisson:3.23.3 -> org.redisson:redisson:3.38.0 : Failed to compare JAR files: JAPICMP comparison failed for org.redisson:redisson
[2025-09-13 02:46:56] org.redisson:redisson:3.23.3 -> org.redisson:redisson:3.38.1 : Failed to compare JAR files: JAPICMP comparison failed for org.redisson:redisson
[2025-09-13 02:46:57] org.redisson:redisson:3.23.3 -> org.redisson:redisson:3.39.0 : Failed to compare JAR files: JAPICMP comparison failed for org.redisson:redisson
[2025-09-13 02:46:57] org.redisson:redisson:3.23.3 -> org.redisson:redisson:3.40.0 : Failed to compare JAR files: JAPICMP comparison failed for org.redisson:redisson
[2025-09-13 02:46:58] org.redisson:redisson:3.23.3 -> org.redisson:redisson:3.40.1 : Failed to compare JAR files: JAPICMP comparison failed for org.redisson:redisson
[2025-09-13 02:46:59] org.redisson:redisson:3.23.3 -> org.redisson:redisson:3.40.2 : Failed to compare JAR files: JAPICMP comparison failed for org.redisson:redisson
[2025-09-13 02:47:00] org.redisson:redisson:3.23.3 -> org.redisson:redisson:3.41.0 : Failed to compare JAR files: JAPICMP comparison failed for org.redisson:redisson
[2025-09-13 02:47:01] org.redisson:redisson:3.23.3 -> org.redisson:redisson:3.42.0 : Failed to compare JAR files: JAPICMP comparison failed for org.redisson:redisson
[2025-09-13 02:47:02] org.redisson:redisson:3.23.3 -> org.redisson:redisson:3.43.0 : Failed to compare JAR files: JAPICMP comparison failed for org.redisson:redisson
[2025-09-13 02:47:03] org.redisson:redisson:3.23.3 -> org.redisson:redisson:3.44.0 : Failed to compare JAR files: JAPICMP comparison failed for org.redisson:redisson
[2025-09-13 02:47:04] org.redisson:redisson:3.23.3 -> org.redisson:redisson:3.45.0 : Failed to compare JAR files: JAPICMP comparison failed for org.redisson:redisson
[2025-09-13 02:47:05] org.redisson:redisson:3.23.3 -> org.redisson:redisson:3.45.1 : Failed to compare JAR files: JAPICMP comparison failed for org.redisson:redisson
[2025-09-13 02:47:09] org.redisson:redisson:3.23.3 -> org.redisson:redisson:3.46.0 : Failed to compare JAR files: JAPICMP comparison failed for org.redisson:redisson
[2025-09-13 02:47:09] org.redisson:redisson:3.23.3 -> org.redisson:redisson:3.47.0 : Failed to compare JAR files: JAPICMP comparison failed for org.redisson:redisson
[2025-09-13 02:47:10] org.redisson:redisson:3.23.3 -> org.redisson:redisson:3.48.0 : Failed to compare JAR files: JAPICMP comparison failed for org.redisson:redisson
[2025-09-13 02:47:11] org.redisson:redisson:3.23.3 -> org.redisson:redisson:3.49.0 : Failed to compare JAR files: JAPICMP comparison failed for org.redisson:redisson
[2025-09-13 02:47:12] org.redisson:redisson:3.23.3 -> org.redisson:redisson:3.50.0 : Failed to compare JAR files: JAPICMP comparison failed for org.redisson:redisson
[2025-09-13 02:47:13] org.redisson:redisson:3.23.3 -> org.redisson:redisson:3.51.0 : Failed to compare JAR files: JAPICMP comparison failed for org.redisson:redisson
[2025-09-13 02:47:15] org.springframework.data:spring-data-redis:2.3.3.RELEASE -> org.springframework.data:spring-data-redis:2.3.4.RELEASE : Failed to compare JAR files: JAPICMP comparison failed for org.springframework.data:spring-data-redis
[2025-09-13 02:47:16] org.springframework.data:spring-data-redis:2.3.3.RELEASE -> org.springframework.data:spring-data-redis:2.3.5.RELEASE : Failed to compare JAR files: JAPICMP comparison failed for org.springframework.data:spring-data-redis
[2025-09-13 02:47:17] org.springframework.data:spring-data-redis:2.3.3.RELEASE -> org.springframework.data:spring-data-redis:2.3.6.RELEASE : Failed to compare JAR files: JAPICMP comparison failed for org.springframework.data:spring-data-redis
[2025-09-13 02:47:18] org.springframework.data:spring-data-redis:2.3.3.RELEASE -> org.springframework.data:spring-data-redis:2.3.7.RELEASE : Failed to compare JAR files: JAPICMP comparison failed for org.springframework.data:spring-data-redis
[2025-09-13 02:47:19] org.springframework.data:spring-data-redis:2.3.3.RELEASE -> org.springframework.data:spring-data-redis:2.3.8.RELEASE : Failed to compare JAR files: JAPICMP comparison failed for org.springframework.data:spring-data-redis
[2025-09-13 02:47:20] org.springframework.data:spring-data-redis:2.3.3.RELEASE -> org.springframework.data:spring-data-redis:2.3.9.RELEASE : Failed to compare JAR files: JAPICMP comparison failed for org.springframework.data:spring-data-redis
[2025-09-13 02:47:21] org.springframework.data:spring-data-redis:2.3.3.RELEASE -> org.springframework.data:spring-data-redis:2.4.0 : Failed to compare JAR files: JAPICMP comparison failed for org.springframework.data:spring-data-redis
[2025-09-13 02:47:22] org.springframework.data:spring-data-redis:2.3.3.RELEASE -> org.springframework.data:spring-data-redis:2.4.1 : Failed to compare JAR files: JAPICMP comparison failed for org.springframework.data:spring-data-redis
[2025-09-13 02:47:23] org.springframework.data:spring-data-redis:2.3.3.RELEASE -> org.springframework.data:spring-data-redis:2.4.2 : Failed to compare JAR files: JAPICMP comparison failed for org.springframework.data:spring-data-redis
[2025-09-13 02:47:25] org.springframework.data:spring-data-redis:2.3.3.RELEASE -> org.springframework.data:spring-data-redis:2.4.3 : Failed to compare JAR files: JAPICMP comparison failed for org.springframework.data:spring-data-redis
[2025-09-13 02:47:26] org.springframework.data:spring-data-redis:2.3.3.RELEASE -> org.springframework.data:spring-data-redis:2.4.4 : Failed to compare JAR files: JAPICMP comparison failed for org.springframework.data:spring-data-redis
[2025-09-13 02:47:27] org.springframework.data:spring-data-redis:2.3.3.RELEASE -> org.springframework.data:spring-data-redis:2.4.5 : Failed to compare JAR files: JAPICMP comparison failed for org.springframework.data:spring-data-redis
[2025-09-13 02:47:28] org.springframework.data:spring-data-redis:2.3.3.RELEASE -> org.springframework.data:spring-data-redis:2.4.6 : Failed to compare JAR files: JAPICMP comparison failed for org.springframework.data:spring-data-redis
[2025-09-13 02:47:29] org.springframework.data:spring-data-redis:2.3.3.RELEASE -> org.springframework.data:spring-data-redis:2.4.7 : Failed to compare JAR files: JAPICMP comparison failed for org.springframework.data:spring-data-redis
[2025-09-13 02:47:30] org.springframework.data:spring-data-redis:2.3.3.RELEASE -> org.springframework.data:spring-data-redis:2.4.8 : Failed to compare JAR files: JAPICMP comparison failed for org.springframework.data:spring-data-redis
[2025-09-13 02:47:31] org.springframework.data:spring-data-redis:2.3.3.RELEASE -> org.springframework.data:spring-data-redis:2.4.9 : Failed to compare JAR files: JAPICMP comparison failed for org.springframework.data:spring-data-redis
[2025-09-13 02:47:32] org.springframework.data:spring-data-redis:2.3.3.RELEASE -> org.springframework.data:spring-data-redis:2.4.10 : Failed to compare JAR files: JAPICMP comparison failed for org.springframework.data:spring-data-redis
[2025-09-13 02:47:34] org.springframework.data:spring-data-redis:2.3.3.RELEASE -> org.springframework.data:spring-data-redis:2.4.11 : Failed to compare JAR files: JAPICMP comparison failed for org.springframework.data:spring-data-redis
[2025-09-13 02:47:35] org.springframework.data:spring-data-redis:2.3.3.RELEASE -> org.springframework.data:spring-data-redis:2.4.12 : Failed to compare JAR files: JAPICMP comparison failed for org.springframework.data:spring-data-redis
[2025-09-13 02:47:36] org.springframework.data:spring-data-redis:2.3.3.RELEASE -> org.springframework.data:spring-data-redis:2.4.13 : Failed to compare JAR files: JAPICMP comparison failed for org.springframework.data:spring-data-redis
[2025-09-13 02:47:37] org.springframework.data:spring-data-redis:2.3.3.RELEASE -> org.springframework.data:spring-data-redis:2.4.14 : Failed to compare JAR files: JAPICMP comparison failed for org.springframework.data:spring-data-redis
[2025-09-13 02:47:38] org.springframework.data:spring-data-redis:2.3.3.RELEASE -> org.springframework.data:spring-data-redis:2.4.15 : Failed to compare JAR files: JAPICMP comparison failed for org.springframework.data:spring-data-redis
[2025-09-13 02:47:39] org.springframework.data:spring-data-redis:2.3.3.RELEASE -> org.springframework.data:spring-data-redis:2.5.0 : Failed to compare JAR files: JAPICMP comparison failed for org.springframework.data:spring-data-redis
[2025-09-13 02:47:40] org.springframework.data:spring-data-redis:2.3.3.RELEASE -> org.springframework.data:spring-data-redis:2.5.1 : Failed to compare JAR files: JAPICMP comparison failed for org.springframework.data:spring-data-redis
[2025-09-13 02:47:42] org.springframework.data:spring-data-redis:2.3.3.RELEASE -> org.springframework.data:spring-data-redis:2.5.2 : Failed to compare JAR files: JAPICMP comparison failed for org.springframework.data:spring-data-redis
[2025-09-13 02:47:43] org.springframework.data:spring-data-redis:2.3.3.RELEASE -> org.springframework.data:spring-data-redis:2.5.3 : Failed to compare JAR files: JAPICMP comparison failed for org.springframework.data:spring-data-redis
[2025-09-13 02:47:47] org.springframework.data:spring-data-redis:2.3.3.RELEASE -> org.springframework.data:spring-data-redis:2.5.4 : Failed to compare JAR files: JAPICMP comparison failed for org.springframework.data:spring-data-redis
[2025-09-13 02:47:48] org.springframework.data:spring-data-redis:2.3.3.RELEASE -> org.springframework.data:spring-data-redis:2.5.5 : Failed to compare JAR files: JAPICMP comparison failed for org.springframework.data:spring-data-redis
[2025-09-13 02:47:49] org.springframework.data:spring-data-redis:2.3.3.RELEASE -> org.springframework.data:spring-data-redis:2.5.6 : Failed to compare JAR files: JAPICMP comparison failed for org.springframework.data:spring-data-redis
[2025-09-13 02:47:50] org.springframework.data:spring-data-redis:2.3.3.RELEASE -> org.springframework.data:spring-data-redis:2.5.7 : Failed to compare JAR files: JAPICMP comparison failed for org.springframework.data:spring-data-redis
[2025-09-13 02:47:51] org.springframework.data:spring-data-redis:2.3.3.RELEASE -> org.springframework.data:spring-data-redis:2.5.8 : Failed to compare JAR files: JAPICMP comparison failed for org.springframework.data:spring-data-redis
[2025-09-13 02:47:52] org.springframework.data:spring-data-redis:2.3.3.RELEASE -> org.springframework.data:spring-data-redis:2.5.9 : Failed to compare JAR files: JAPICMP comparison failed for org.springframework.data:spring-data-redis
[2025-09-13 02:47:53] org.springframework.data:spring-data-redis:2.3.3.RELEASE -> org.springframework.data:spring-data-redis:2.5.10 : Failed to compare JAR files: JAPICMP comparison failed for org.springframework.data:spring-data-redis
[2025-09-13 02:47:54] org.springframework.data:spring-data-redis:2.3.3.RELEASE -> org.springframework.data:spring-data-redis:2.5.11 : Failed to compare JAR files: JAPICMP comparison failed for org.springframework.data:spring-data-redis
[2025-09-13 02:47:56] org.springframework.data:spring-data-redis:2.3.3.RELEASE -> org.springframework.data:spring-data-redis:2.5.12 : Failed to compare JAR files: JAPICMP comparison failed for org.springframework.data:spring-data-redis
[2025-09-13 02:47:57] org.springframework.data:spring-data-redis:2.3.3.RELEASE -> org.springframework.data:spring-data-redis:2.6.0 : Failed to compare JAR files: JAPICMP comparison failed for org.springframework.data:spring-data-redis
[2025-09-13 02:47:58] org.springframework.data:spring-data-redis:2.3.3.RELEASE -> org.springframework.data:spring-data-redis:2.6.1 : Failed to compare JAR files: JAPICMP comparison failed for org.springframework.data:spring-data-redis
[2025-09-13 02:47:59] org.springframework.data:spring-data-redis:2.3.3.RELEASE -> org.springframework.data:spring-data-redis:2.6.2 : Failed to compare JAR files: JAPICMP comparison failed for org.springframework.data:spring-data-redis
[2025-09-13 02:48:00] org.springframework.data:spring-data-redis:2.3.3.RELEASE -> org.springframework.data:spring-data-redis:2.6.3 : Failed to compare JAR files: JAPICMP comparison failed for org.springframework.data:spring-data-redis
[2025-09-13 02:48:01] org.springframework.data:spring-data-redis:2.3.3.RELEASE -> org.springframework.data:spring-data-redis:2.6.4 : Failed to compare JAR files: JAPICMP comparison failed for org.springframework.data:spring-data-redis
[2025-09-13 02:48:02] org.springframework.data:spring-data-redis:2.3.3.RELEASE -> org.springframework.data:spring-data-redis:2.6.5 : Failed to compare JAR files: JAPICMP comparison failed for org.springframework.data:spring-data-redis
[2025-09-13 02:48:04] org.springframework.data:spring-data-redis:2.3.3.RELEASE -> org.springframework.data:spring-data-redis:2.6.6 : Failed to compare JAR files: JAPICMP comparison failed for org.springframework.data:spring-data-redis
[2025-09-13 02:48:05] org.springframework.data:spring-data-redis:2.3.3.RELEASE -> org.springframework.data:spring-data-redis:2.6.7 : Failed to compare JAR files: JAPICMP comparison failed for org.springframework.data:spring-data-redis
[2025-09-13 02:48:06] org.springframework.data:spring-data-redis:2.3.3.RELEASE -> org.springframework.data:spring-data-redis:2.6.8 : Failed to compare JAR files: JAPICMP comparison failed for org.springframework.data:spring-data-redis
[2025-09-13 02:48:07] org.springframework.data:spring-data-redis:2.3.3.RELEASE -> org.springframework.data:spring-data-redis:2.6.9 : Failed to compare JAR files: JAPICMP comparison failed for org.springframework.data:spring-data-redis
[2025-09-13 02:48:08] org.springframework.data:spring-data-redis:2.3.3.RELEASE -> org.springframework.data:spring-data-redis:2.6.10 : Failed to compare JAR files: JAPICMP comparison failed for org.springframework.data:spring-data-redis
[2025-09-13 02:48:09] org.springframework.data:spring-data-redis:2.3.3.RELEASE -> org.springframework.data:spring-data-redis:2.7.0 : Failed to compare JAR files: JAPICMP comparison failed for org.springframework.data:spring-data-redis
[2025-09-13 02:48:11] org.springframework.data:spring-data-redis:2.3.3.RELEASE -> org.springframework.data:spring-data-redis:2.7.1 : Failed to compare JAR files: JAPICMP comparison failed for org.springframework.data:spring-data-redis
[2025-09-13 02:48:12] org.springframework.data:spring-data-redis:2.3.3.RELEASE -> org.springframework.data:spring-data-redis:2.7.2 : Failed to compare JAR files: JAPICMP comparison failed for org.springframework.data:spring-data-redis
[2025-09-13 02:48:13] org.springframework.data:spring-data-redis:2.3.3.RELEASE -> org.springframework.data:spring-data-redis:2.7.3 : Failed to compare JAR files: JAPICMP comparison failed for org.springframework.data:spring-data-redis
[2025-09-13 02:48:14] org.springframework.data:spring-data-redis:2.3.3.RELEASE -> org.springframework.data:spring-data-redis:2.7.4 : Failed to compare JAR files: JAPICMP comparison failed for org.springframework.data:spring-data-redis
[2025-09-13 02:48:15] org.springframework.data:spring-data-redis:2.3.3.RELEASE -> org.springframework.data:spring-data-redis:2.7.5 : Failed to compare JAR files: JAPICMP comparison failed for org.springframework.data:spring-data-redis
[2025-09-13 02:48:16] org.springframework.data:spring-data-redis:2.3.3.RELEASE -> org.springframework.data:spring-data-redis:2.7.6 : Failed to compare JAR files: JAPICMP comparison failed for org.springframework.data:spring-data-redis
[2025-09-13 02:48:17] org.springframework.data:spring-data-redis:2.3.3.RELEASE -> org.springframework.data:spring-data-redis:2.7.7 : Failed to compare JAR files: JAPICMP comparison failed for org.springframework.data:spring-data-redis
[2025-09-13 02:48:19] org.springframework.data:spring-data-redis:2.3.3.RELEASE -> org.springframework.data:spring-data-redis:2.7.8 : Failed to compare JAR files: JAPICMP comparison failed for org.springframework.data:spring-data-redis
[2025-09-13 02:48:23] org.springframework.data:spring-data-redis:2.3.3.RELEASE -> org.springframework.data:spring-data-redis:2.7.9 : Failed to compare JAR files: JAPICMP comparison failed for org.springframework.data:spring-data-redis
[2025-09-13 02:48:24] org.springframework.data:spring-data-redis:2.3.3.RELEASE -> org.springframework.data:spring-data-redis:2.7.10 : Failed to compare JAR files: JAPICMP comparison failed for org.springframework.data:spring-data-redis
[2025-09-13 02:48:25] org.springframework.data:spring-data-redis:2.3.3.RELEASE -> org.springframework.data:spring-data-redis:2.7.11 : Failed to compare JAR files: JAPICMP comparison failed for org.springframework.data:spring-data-redis
[2025-09-13 02:48:26] org.springframework.data:spring-data-redis:2.3.3.RELEASE -> org.springframework.data:spring-data-redis:2.7.12 : Failed to compare JAR files: JAPICMP comparison failed for org.springframework.data:spring-data-redis
[2025-09-13 02:48:27] org.springframework.data:spring-data-redis:2.3.3.RELEASE -> org.springframework.data:spring-data-redis:2.7.13 : Failed to compare JAR files: JAPICMP comparison failed for org.springframework.data:spring-data-redis
[2025-09-13 02:48:28] org.springframework.data:spring-data-redis:2.3.3.RELEASE -> org.springframework.data:spring-data-redis:2.7.14 : Failed to compare JAR files: JAPICMP comparison failed for org.springframework.data:spring-data-redis
[2025-09-13 02:48:29] org.springframework.data:spring-data-redis:2.3.3.RELEASE -> org.springframework.data:spring-data-redis:2.7.15 : Failed to compare JAR files: JAPICMP comparison failed for org.springframework.data:spring-data-redis
[2025-09-13 02:48:30] org.springframework.data:spring-data-redis:2.3.3.RELEASE -> org.springframework.data:spring-data-redis:2.7.16 : Failed to compare JAR files: JAPICMP comparison failed for org.springframework.data:spring-data-redis
[2025-09-13 02:48:31] org.springframework.data:spring-data-redis:2.3.3.RELEASE -> org.springframework.data:spring-data-redis:2.7.17 : Failed to compare JAR files: JAPICMP comparison failed for org.springframework.data:spring-data-redis
[2025-09-13 02:48:32] org.springframework.data:spring-data-redis:2.3.3.RELEASE -> org.springframework.data:spring-data-redis:2.7.18 : Failed to compare JAR files: JAPICMP comparison failed for org.springframework.data:spring-data-redis
[2025-09-13 02:48:33] org.springframework.boot:spring-boot-autoconfigure:2.5.15 -> org.springframework.boot:spring-boot-autoconfigure:2.6.0 : Failed to compare JAR files: JAPICMP comparison failed for org.springframework.boot:spring-boot-autoconfigure
[2025-09-13 02:48:33] org.springframework.boot:spring-boot-autoconfigure:2.5.15 -> org.springframework.boot:spring-boot-autoconfigure:2.6.1 : Failed to compare JAR files: JAPICMP comparison failed for org.springframework.boot:spring-boot-autoconfigure
[2025-09-13 02:48:33] org.springframework.boot:spring-boot-autoconfigure:2.5.15 -> org.springframework.boot:spring-boot-autoconfigure:2.6.2 : Failed to compare JAR files: JAPICMP comparison failed for org.springframework.boot:spring-boot-autoconfigure
[2025-09-13 02:48:33] org.springframework.boot:spring-boot-autoconfigure:2.5.15 -> org.springframework.boot:spring-boot-autoconfigure:2.6.3 : Failed to compare JAR files: JAPICMP comparison failed for org.springframework.boot:spring-boot-autoconfigure
[2025-09-13 02:48:34] org.springframework.boot:spring-boot-autoconfigure:2.5.15 -> org.springframework.boot:spring-boot-autoconfigure:2.6.4 : Failed to compare JAR files: JAPICMP comparison failed for org.springframework.boot:spring-boot-autoconfigure
[2025-09-13 02:48:34] org.springframework.boot:spring-boot-autoconfigure:2.5.15 -> org.springframework.boot:spring-boot-autoconfigure:2.6.5 : Failed to compare JAR files: JAPICMP comparison failed for org.springframework.boot:spring-boot-autoconfigure
[2025-09-13 02:48:34] org.springframework.boot:spring-boot-autoconfigure:2.5.15 -> org.springframework.boot:spring-boot-autoconfigure:2.6.6 : Failed to compare JAR files: JAPICMP comparison failed for org.springframework.boot:spring-boot-autoconfigure
[2025-09-13 02:48:34] org.springframework.boot:spring-boot-autoconfigure:2.5.15 -> org.springframework.boot:spring-boot-autoconfigure:2.6.7 : Failed to compare JAR files: JAPICMP comparison failed for org.springframework.boot:spring-boot-autoconfigure
[2025-09-13 02:48:34] org.springframework.boot:spring-boot-autoconfigure:2.5.15 -> org.springframework.boot:spring-boot-autoconfigure:2.6.8 : Failed to compare JAR files: JAPICMP comparison failed for org.springframework.boot:spring-boot-autoconfigure
[2025-09-13 02:48:35] org.springframework.boot:spring-boot-autoconfigure:2.5.15 -> org.springframework.boot:spring-boot-autoconfigure:2.6.9 : Failed to compare JAR files: JAPICMP comparison failed for org.springframework.boot:spring-boot-autoconfigure
[2025-09-13 02:48:35] org.springframework.boot:spring-boot-autoconfigure:2.5.15 -> org.springframework.boot:spring-boot-autoconfigure:2.6.10 : Failed to compare JAR files: JAPICMP comparison failed for org.springframework.boot:spring-boot-autoconfigure
[2025-09-13 02:48:35] org.springframework.boot:spring-boot-autoconfigure:2.5.15 -> org.springframework.boot:spring-boot-autoconfigure:2.6.11 : Failed to compare JAR files: JAPICMP comparison failed for org.springframework.boot:spring-boot-autoconfigure
[2025-09-13 02:48:35] org.springframework.boot:spring-boot-autoconfigure:2.5.15 -> org.springframework.boot:spring-boot-autoconfigure:2.6.12 : Failed to compare JAR files: JAPICMP comparison failed for org.springframework.boot:spring-boot-autoconfigure
[2025-09-13 02:48:36] org.springframework.boot:spring-boot-autoconfigure:2.5.15 -> org.springframework.boot:spring-boot-autoconfigure:2.6.13 : Failed to compare JAR files: JAPICMP comparison failed for org.springframework.boot:spring-boot-autoconfigure
[2025-09-13 02:48:36] org.springframework.boot:spring-boot-autoconfigure:2.5.15 -> org.springframework.boot:spring-boot-autoconfigure:2.6.14 : Failed to compare JAR files: JAPICMP comparison failed for org.springframework.boot:spring-boot-autoconfigure
[2025-09-13 02:48:36] org.springframework.boot:spring-boot-autoconfigure:2.5.15 -> org.springframework.boot:spring-boot-autoconfigure:2.6.15 : Failed to compare JAR files: JAPICMP comparison failed for org.springframework.boot:spring-boot-autoconfigure
[2025-09-13 02:48:36] org.springframework.boot:spring-boot-autoconfigure:2.5.15 -> org.springframework.boot:spring-boot-autoconfigure:2.7.0 : Failed to compare JAR files: JAPICMP comparison failed for org.springframework.boot:spring-boot-autoconfigure
[2025-09-13 02:48:36] org.springframework.boot:spring-boot-autoconfigure:2.5.15 -> org.springframework.boot:spring-boot-autoconfigure:2.7.1 : Failed to compare JAR files: JAPICMP comparison failed for org.springframework.boot:spring-boot-autoconfigure
[2025-09-13 02:48:37] org.springframework.boot:spring-boot-autoconfigure:2.5.15 -> org.springframework.boot:spring-boot-autoconfigure:2.7.2 : Failed to compare JAR files: JAPICMP comparison failed for org.springframework.boot:spring-boot-autoconfigure
[2025-09-13 02:48:37] org.springframework.boot:spring-boot-autoconfigure:2.5.15 -> org.springframework.boot:spring-boot-autoconfigure:2.7.3 : Failed to compare JAR files: JAPICMP comparison failed for org.springframework.boot:spring-boot-autoconfigure
[2025-09-13 02:48:37] org.springframework.boot:spring-boot-autoconfigure:2.5.15 -> org.springframework.boot:spring-boot-autoconfigure:2.7.4 : Failed to compare JAR files: JAPICMP comparison failed for org.springframework.boot:spring-boot-autoconfigure
[2025-09-13 02:48:37] org.springframework.boot:spring-boot-autoconfigure:2.5.15 -> org.springframework.boot:spring-boot-autoconfigure:2.7.5 : Failed to compare JAR files: JAPICMP comparison failed for org.springframework.boot:spring-boot-autoconfigure
[2025-09-13 02:48:38] org.springframework.boot:spring-boot-autoconfigure:2.5.15 -> org.springframework.boot:spring-boot-autoconfigure:2.7.6 : Failed to compare JAR files: JAPICMP comparison failed for org.springframework.boot:spring-boot-autoconfigure
[2025-09-13 02:48:38] org.springframework.boot:spring-boot-autoconfigure:2.5.15 -> org.springframework.boot:spring-boot-autoconfigure:2.7.7 : Failed to compare JAR files: JAPICMP comparison failed for org.springframework.boot:spring-boot-autoconfigure
[2025-09-13 02:48:38] org.springframework.boot:spring-boot-autoconfigure:2.5.15 -> org.springframework.boot:spring-boot-autoconfigure:2.7.8 : Failed to compare JAR files: JAPICMP comparison failed for org.springframework.boot:spring-boot-autoconfigure
[2025-09-13 02:48:38] org.springframework.boot:spring-boot-autoconfigure:2.5.15 -> org.springframework.boot:spring-boot-autoconfigure:2.7.9 : Failed to compare JAR files: JAPICMP comparison failed for org.springframework.boot:spring-boot-autoconfigure
[2025-09-13 02:48:38] org.springframework.boot:spring-boot-autoconfigure:2.5.15 -> org.springframework.boot:spring-boot-autoconfigure:2.7.10 : Failed to compare JAR files: JAPICMP comparison failed for org.springframework.boot:spring-boot-autoconfigure
[2025-09-13 02:48:39] org.springframework.boot:spring-boot-autoconfigure:2.5.15 -> org.springframework.boot:spring-boot-autoconfigure:2.7.11 : Failed to compare JAR files: JAPICMP comparison failed for org.springframework.boot:spring-boot-autoconfigure
[2025-09-13 02:48:39] org.springframework.boot:spring-boot-autoconfigure:2.5.15 -> org.springframework.boot:spring-boot-autoconfigure:2.7.12 : Failed to compare JAR files: JAPICMP comparison failed for org.springframework.boot:spring-boot-autoconfigure
[2025-09-13 02:48:39] org.springframework.boot:spring-boot-autoconfigure:2.5.15 -> org.springframework.boot:spring-boot-autoconfigure:2.7.13 : Failed to compare JAR files: JAPICMP comparison failed for org.springframework.boot:spring-boot-autoconfigure
[2025-09-13 02:48:39] org.springframework.boot:spring-boot-autoconfigure:2.5.15 -> org.springframework.boot:spring-boot-autoconfigure:2.7.14 : Failed to compare JAR files: JAPICMP comparison failed for org.springframework.boot:spring-boot-autoconfigure
[2025-09-13 02:48:40] org.springframework.boot:spring-boot-autoconfigure:2.5.15 -> org.springframework.boot:spring-boot-autoconfigure:2.7.15 : Failed to compare JAR files: JAPICMP comparison failed for org.springframework.boot:spring-boot-autoconfigure
[2025-09-13 02:48:40] org.springframework.boot:spring-boot-autoconfigure:2.5.15 -> org.springframework.boot:spring-boot-autoconfigure:2.7.16 : Failed to compare JAR files: JAPICMP comparison failed for org.springframework.boot:spring-boot-autoconfigure
[2025-09-13 02:48:40] org.springframework.boot:spring-boot-autoconfigure:2.5.15 -> org.springframework.boot:spring-boot-autoconfigure:2.7.17 : Failed to compare JAR files: JAPICMP comparison failed for org.springframework.boot:spring-boot-autoconfigure
[2025-09-13 02:48:40] org.springframework.boot:spring-boot-autoconfigure:2.5.15 -> org.springframework.boot:spring-boot-autoconfigure:2.7.18 : Failed to compare JAR files: JAPICMP comparison failed for org.springframework.boot:spring-boot-autoconfigure
[2025-09-13 02:48:41] org.projectlombok:lombok:1.18.30 -> org.projectlombok:lombok:1.18.32 : Failed to compare JAR files: JAPICMP comparison failed for org.projectlombok:lombok
[2025-09-13 02:48:42] org.projectlombok:lombok:1.18.30 -> org.projectlombok:lombok:1.18.34 : Failed to compare JAR files: JAPICMP comparison failed for org.projectlombok:lombok
[2025-09-13 02:48:42] org.projectlombok:lombok:1.18.30 -> org.projectlombok:lombok:1.18.36 : Failed to compare JAR files: JAPICMP comparison failed for org.projectlombok:lombok
[2025-09-13 02:48:42] org.projectlombok:lombok:1.18.30 -> org.projectlombok:lombok:1.18.38 : Failed to compare JAR files: JAPICMP comparison failed for org.projectlombok:lombok
[2025-09-13 02:48:42] org.projectlombok:lombok:1.18.30 -> org.projectlombok:lombok:1.18.40 : Failed to compare JAR files: JAPICMP comparison failed for org.projectlombok:lombok

=== Summary ===
Total comparisons: 200
Failures: 148
Success rate: 26.00%
