=== Comparison Failure Log ===
[2025-09-23 08:28:14] org.springframework:spring-context:5.3.22 -> org.springframework:spring-context:5.3.39 : Failed to compare JAR files: JAPICMP comparison failed for org.springframework:spring-context
[2025-09-23 08:28:14] org.springframework:spring-messaging:5.3.22 -> org.springframework:spring-messaging:5.3.39 : Failed to compare JAR files: JAPICMP comparison failed for org.springframework:spring-messaging
[2025-09-23 08:28:14] org.springframework:spring-web:5.3.22 -> org.springframework:spring-web:5.3.39 : Failed to compare JAR files: JAPICMP comparison failed for org.springframework:spring-web
[2025-09-23 08:28:15] org.springframework:spring-webmvc:5.3.22 -> org.springframework:spring-webmvc:5.3.39 : Failed to compare JAR files: JAPICMP comparison failed for org.springframework:spring-webmvc
[2025-09-23 08:28:16] org.springframework:spring-websocket:5.3.22 -> org.springframework:spring-websocket:5.3.39 : Failed to compare JAR files: JAPICMP comparison failed for org.springframework:spring-websocket
[2025-09-23 08:28:41] org.apache.logging.log4j:log4j-api:2.18.0 -> org.apache.logging.log4j:log4j-api:2.25.2 : Failed to compare JAR files: JAPICMP comparison failed for org.apache.logging.log4j:log4j-api
[2025-09-23 08:28:42] org.apache.logging.log4j:log4j-core:2.18.0 -> org.apache.logging.log4j:log4j-core:2.25.2 : Failed to compare JAR files: JAPICMP comparison failed for org.apache.logging.log4j:log4j-core
[2025-09-23 08:28:49] org.springframework.security:spring-security-core:5.6.6 -> org.springframework.security:spring-security-core:5.8.16 : Failed to compare JAR files: JAPICMP comparison failed for org.springframework.security:spring-security-core
[2025-09-23 08:28:51] org.springframework.security:spring-security-config:5.6.6 -> org.springframework.security:spring-security-config:5.8.16 : Failed to compare JAR files: JAPICMP comparison failed for org.springframework.security:spring-security-config
[2025-09-23 08:28:52] org.springframework.security:spring-security-web:5.6.6 -> org.springframework.security:spring-security-web:5.8.16 : Failed to compare JAR files: JAPICMP comparison failed for org.springframework.security:spring-security-web
[2025-09-23 08:28:54] org.springframework.security:spring-security-messaging:5.6.6 -> org.springframework.security:spring-security-messaging:5.8.16 : Failed to compare JAR files: JAPICMP comparison failed for org.springframework.security:spring-security-messaging
[2025-09-23 08:29:00] org.webjars:webjars-locator:0.45 -> org.webjars:webjars-locator:0.52 : Failed to compare JAR files: JAPICMP comparison failed for org.webjars:webjars-locator
[2025-09-23 08:29:05] org.springframework:spring-test:5.3.22 -> org.springframework:spring-test:5.3.39 : Failed to compare JAR files: JAPICMP comparison failed for org.springframework:spring-test
[2025-09-23 08:29:07] org.apache.tomcat.embed:tomcat-embed-core:9.0.65 -> org.apache.tomcat.embed:tomcat-embed-core:9.0.109 : Failed to compare JAR files: JAPICMP comparison failed for org.apache.tomcat.embed:tomcat-embed-core
[2025-09-23 08:29:25] com.jayway.jsonpath:json-path:2.6.0 -> com.jayway.jsonpath:json-path:2.9.0 : Failed to compare JAR files: JAPICMP comparison failed for com.jayway.jsonpath:json-path

=== Summary ===
Total comparisons: 88
Failures: 15
Success rate: 82.95%
