=== Comparison Failure Log ===
[2025-09-13 01:44:42] org.mybatis:mybatis-spring:1.3.2 -> org.mybatis:mybatis-spring:1.3.3 : Failed to compare JAR files: JAPICMP comparison failed for org.mybatis:mybatis-spring
[2025-09-13 01:45:27] io.github.bes2008.solution.sqlhelper:sqlhelper-mybatis-spring-common:5.0.0 -> io.github.bes2008.solution.sqlhelper:sqlhelper-mybatis-spring-common:5.0.1 : Failed to compare JAR files: JAPICMP comparison failed for io.github.bes2008.solution.sqlhelper:sqlhelper-mybatis-spring-common
[2025-09-13 01:45:29] io.github.bes2008.solution.sqlhelper:sqlhelper-mybatis-spring-common:5.0.0 -> io.github.bes2008.solution.sqlhelper:sqlhelper-mybatis-spring-common:5.0.2 : Failed to compare JAR files: JAPICMP comparison failed for io.github.bes2008.solution.sqlhelper:sqlhelper-mybatis-spring-common
[2025-09-13 01:45:30] io.github.bes2008.solution.sqlhelper:sqlhelper-mybatis-spring-common:5.0.0 -> io.github.bes2008.solution.sqlhelper:sqlhelper-mybatis-spring-common:5.0.3 : Failed to compare JAR files: JAPICMP comparison failed for io.github.bes2008.solution.sqlhelper:sqlhelper-mybatis-spring-common
[2025-09-13 01:45:32] io.github.bes2008.solution.sqlhelper:sqlhelper-mybatis-spring-common:5.0.0 -> io.github.bes2008.solution.sqlhelper:sqlhelper-mybatis-spring-common:5.0.4 : Failed to compare JAR files: JAPICMP comparison failed for io.github.bes2008.solution.sqlhelper:sqlhelper-mybatis-spring-common
[2025-09-13 01:45:34] io.github.bes2008.solution.sqlhelper:sqlhelper-mybatis-spring-common:5.0.0 -> io.github.bes2008.solution.sqlhelper:sqlhelper-mybatis-spring-common:5.0.5 : Failed to compare JAR files: JAPICMP comparison failed for io.github.bes2008.solution.sqlhelper:sqlhelper-mybatis-spring-common
[2025-09-13 01:45:36] io.github.bes2008.solution.sqlhelper:sqlhelper-mybatis-spring-common:5.0.0 -> io.github.bes2008.solution.sqlhelper:sqlhelper-mybatis-spring-common:5.0.6 : Failed to compare JAR files: JAPICMP comparison failed for io.github.bes2008.solution.sqlhelper:sqlhelper-mybatis-spring-common
[2025-09-13 01:45:38] io.github.bes2008.solution.sqlhelper:sqlhelper-mybatis-spring-common:5.0.0 -> io.github.bes2008.solution.sqlhelper:sqlhelper-mybatis-spring-common:5.0.7 : Failed to compare JAR files: JAPICMP comparison failed for io.github.bes2008.solution.sqlhelper:sqlhelper-mybatis-spring-common
[2025-09-13 01:45:40] io.github.bes2008.solution.sqlhelper:sqlhelper-mybatis-spring-common:5.0.0 -> io.github.bes2008.solution.sqlhelper:sqlhelper-mybatis-spring-common:5.0.8 : Failed to compare JAR files: JAPICMP comparison failed for io.github.bes2008.solution.sqlhelper:sqlhelper-mybatis-spring-common
[2025-09-13 01:45:41] io.github.bes2008.solution.sqlhelper:sqlhelper-mybatis-spring-common:5.0.0 -> io.github.bes2008.solution.sqlhelper:sqlhelper-mybatis-spring-common:5.0.9 : Failed to compare JAR files: JAPICMP comparison failed for io.github.bes2008.solution.sqlhelper:sqlhelper-mybatis-spring-common
[2025-09-13 01:45:43] io.github.bes2008.solution.sqlhelper:sqlhelper-mybatis-spring-common:5.0.0 -> io.github.bes2008.solution.sqlhelper:sqlhelper-mybatis-spring-common:5.1.0 : Failed to compare JAR files: JAPICMP comparison failed for io.github.bes2008.solution.sqlhelper:sqlhelper-mybatis-spring-common
[2025-09-13 01:45:45] io.github.bes2008.solution.sqlhelper:sqlhelper-mybatis-spring-common:5.0.0 -> io.github.bes2008.solution.sqlhelper:sqlhelper-mybatis-spring-common:5.1.1 : Failed to compare JAR files: JAPICMP comparison failed for io.github.bes2008.solution.sqlhelper:sqlhelper-mybatis-spring-common
[2025-09-13 01:46:03] org.springframework:spring-tx:4.3.25.RELEASE -> org.springframework:spring-tx:4.3.26.RELEASE : Failed to compare JAR files: JAPICMP comparison failed for org.springframework:spring-tx
[2025-09-13 01:46:03] org.springframework:spring-tx:4.3.25.RELEASE -> org.springframework:spring-tx:4.3.27.RELEASE : Failed to compare JAR files: JAPICMP comparison failed for org.springframework:spring-tx
[2025-09-13 01:46:03] org.springframework:spring-tx:4.3.25.RELEASE -> org.springframework:spring-tx:4.3.28.RELEASE : Failed to compare JAR files: JAPICMP comparison failed for org.springframework:spring-tx
[2025-09-13 01:46:04] org.springframework:spring-tx:4.3.25.RELEASE -> org.springframework:spring-tx:4.3.29.RELEASE : Failed to compare JAR files: JAPICMP comparison failed for org.springframework:spring-tx
[2025-09-13 01:46:04] org.springframework:spring-tx:4.3.25.RELEASE -> org.springframework:spring-tx:4.3.30.RELEASE : Failed to compare JAR files: JAPICMP comparison failed for org.springframework:spring-tx

=== Summary ===
Total comparisons: 358
Failures: 17
Success rate: 95.25%
