=== Comparison Failure Log ===
[2025-09-12 23:24:41] org.springframework:spring-webmvc:6.2.8 -> org.springframework:spring-webmvc:6.2.9 : Failed to compare JAR files: JAPICMP comparison failed for org.springframework:spring-webmvc
[2025-09-12 23:24:41] org.springframework:spring-webmvc:6.2.8 -> org.springframework:spring-webmvc:6.2.10 : Failed to compare JAR files: JAPICMP comparison failed for org.springframework:spring-webmvc
[2025-09-12 23:24:41] org.springframework:spring-webmvc:6.2.8 -> org.springframework:spring-webmvc:6.2.11 : Failed to compare JAR files: JAPICMP comparison failed for org.springframework:spring-webmvc
[2025-09-12 23:24:42] org.springframework:spring-test:6.2.8 -> org.springframework:spring-test:6.2.9 : Failed to compare JAR files: JAPICMP comparison failed for org.springframework:spring-test
[2025-09-12 23:24:42] org.springframework:spring-test:6.2.8 -> org.springframework:spring-test:6.2.10 : Failed to compare JAR files: JAPICMP comparison failed for org.springframework:spring-test
[2025-09-12 23:24:42] org.springframework:spring-test:6.2.8 -> org.springframework:spring-test:6.2.11 : Failed to compare JAR files: JAPICMP comparison failed for org.springframework:spring-test
[2025-09-12 23:24:47] org.hibernate.validator:hibernate-validator:8.0.2.Final -> org.hibernate.validator:hibernate-validator:8.0.3.Final : Failed to compare JAR files: JAPICMP comparison failed for org.hibernate.validator:hibernate-validator
[2025-09-12 23:24:48] org.hibernate.validator:hibernate-validator:8.0.2.Final -> org.hibernate.validator:hibernate-validator:9.0.0.CR1 : Failed to compare JAR files: JAPICMP comparison failed for org.hibernate.validator:hibernate-validator
[2025-09-12 23:24:54] org.springframework.security:spring-security-config:6.5.1 -> org.springframework.security:spring-security-config:6.5.2 : Failed to compare JAR files: JAPICMP comparison failed for org.springframework.security:spring-security-config
[2025-09-12 23:24:55] org.springframework.security:spring-security-config:6.5.1 -> org.springframework.security:spring-security-config:6.5.3 : Failed to compare JAR files: JAPICMP comparison failed for org.springframework.security:spring-security-config
[2025-09-12 23:24:55] org.springframework.security:spring-security-web:6.5.1 -> org.springframework.security:spring-security-web:6.5.2 : Failed to compare JAR files: JAPICMP comparison failed for org.springframework.security:spring-security-web
[2025-09-12 23:24:55] org.springframework.security:spring-security-web:6.5.1 -> org.springframework.security:spring-security-web:6.5.3 : Failed to compare JAR files: JAPICMP comparison failed for org.springframework.security:spring-security-web
[2025-09-12 23:24:55] org.junit.jupiter:junit-jupiter-api:5.12.2 -> org.junit.jupiter:junit-jupiter-api:5.13.0 : Failed to compare JAR files: JAPICMP comparison failed for org.junit.jupiter:junit-jupiter-api
[2025-09-12 23:24:55] org.junit.jupiter:junit-jupiter-api:5.12.2 -> org.junit.jupiter:junit-jupiter-api:5.13.1 : Failed to compare JAR files: JAPICMP comparison failed for org.junit.jupiter:junit-jupiter-api
[2025-09-12 23:24:55] org.junit.jupiter:junit-jupiter-api:5.12.2 -> org.junit.jupiter:junit-jupiter-api:5.13.2 : Failed to compare JAR files: JAPICMP comparison failed for org.junit.jupiter:junit-jupiter-api
[2025-09-12 23:24:56] org.junit.jupiter:junit-jupiter-api:5.12.2 -> org.junit.jupiter:junit-jupiter-api:5.13.3 : Failed to compare JAR files: JAPICMP comparison failed for org.junit.jupiter:junit-jupiter-api
[2025-09-12 23:24:56] org.junit.jupiter:junit-jupiter-api:5.12.2 -> org.junit.jupiter:junit-jupiter-api:5.13.4 : Failed to compare JAR files: JAPICMP comparison failed for org.junit.jupiter:junit-jupiter-api
[2025-09-12 23:24:58] org.junit.jupiter:junit-jupiter-params:5.12.2 -> org.junit.jupiter:junit-jupiter-params:5.13.0 : Failed to compare JAR files: JAPICMP comparison failed for org.junit.jupiter:junit-jupiter-params
[2025-09-12 23:24:58] org.junit.jupiter:junit-jupiter-params:5.12.2 -> org.junit.jupiter:junit-jupiter-params:5.13.1 : Failed to compare JAR files: JAPICMP comparison failed for org.junit.jupiter:junit-jupiter-params
[2025-09-12 23:24:59] org.junit.jupiter:junit-jupiter-params:5.12.2 -> org.junit.jupiter:junit-jupiter-params:5.13.2 : Failed to compare JAR files: JAPICMP comparison failed for org.junit.jupiter:junit-jupiter-params
[2025-09-12 23:24:59] org.junit.jupiter:junit-jupiter-params:5.12.2 -> org.junit.jupiter:junit-jupiter-params:5.13.3 : Failed to compare JAR files: JAPICMP comparison failed for org.junit.jupiter:junit-jupiter-params
[2025-09-12 23:24:59] org.junit.jupiter:junit-jupiter-params:5.12.2 -> org.junit.jupiter:junit-jupiter-params:5.13.4 : Failed to compare JAR files: JAPICMP comparison failed for org.junit.jupiter:junit-jupiter-params
[2025-09-12 23:24:59] org.mockito:mockito-core:5.17.0 -> org.mockito:mockito-core:5.18.0 : Failed to compare JAR files: JAPICMP comparison failed for org.mockito:mockito-core
[2025-09-12 23:24:59] org.mockito:mockito-core:5.17.0 -> org.mockito:mockito-core:5.19.0 : Failed to compare JAR files: JAPICMP comparison failed for org.mockito:mockito-core

=== Summary ===
Total comparisons: 83
Failures: 24
Success rate: 71.08%
