=== Comparison Failure Log ===
[2025-09-08 14:35:21] org.apache.tika:tika-core:2.4.1 -> org.apache.tika:tika-core:2.5.0 : Failed to compare JAR files: JAPICMP comparison failed for org.apache.tika:tika-core
[2025-09-08 14:35:21] org.apache.tika:tika-core:2.4.1 -> org.apache.tika:tika-core:2.6.0 : Failed to compare JAR files: JAPICMP comparison failed for org.apache.tika:tika-core
[2025-09-08 14:35:21] org.apache.tika:tika-core:2.4.1 -> org.apache.tika:tika-core:2.7.0 : Failed to compare JAR files: JAPICMP comparison failed for org.apache.tika:tika-core
[2025-09-08 14:35:22] org.apache.tika:tika-core:2.4.1 -> org.apache.tika:tika-core:2.8.0 : Failed to compare JAR files: JAPICMP comparison failed for org.apache.tika:tika-core
[2025-09-08 14:35:22] org.apache.tika:tika-core:2.4.1 -> org.apache.tika:tika-core:2.9.0 : Failed to compare JAR files: JAPICMP comparison failed for org.apache.tika:tika-core
[2025-09-08 14:35:22] org.apache.tika:tika-core:2.4.1 -> org.apache.tika:tika-core:2.9.1 : Failed to compare JAR files: JAPICMP comparison failed for org.apache.tika:tika-core
[2025-09-08 14:35:22] org.apache.tika:tika-core:2.4.1 -> org.apache.tika:tika-core:2.9.2 : Failed to compare JAR files: JAPICMP comparison failed for org.apache.tika:tika-core
[2025-09-08 14:35:22] org.apache.tika:tika-core:2.4.1 -> org.apache.tika:tika-core:2.9.3 : Failed to compare JAR files: JAPICMP comparison failed for org.apache.tika:tika-core
[2025-09-08 14:35:23] org.apache.tika:tika-core:2.4.1 -> org.apache.tika:tika-core:2.9.4 : Failed to compare JAR files: JAPICMP comparison failed for org.apache.tika:tika-core
[2025-09-08 14:35:38] ch.qos.logback:logback-classic:1.3.0 -> ch.qos.logback:logback-classic:1.3.1 : Failed to compare JAR files: JAPICMP comparison failed for ch.qos.logback:logback-classic
[2025-09-08 14:35:38] ch.qos.logback:logback-classic:1.3.0 -> ch.qos.logback:logback-classic:1.3.2 : Failed to compare JAR files: JAPICMP comparison failed for ch.qos.logback:logback-classic
[2025-09-08 14:35:38] ch.qos.logback:logback-classic:1.3.0 -> ch.qos.logback:logback-classic:1.3.3 : Failed to compare JAR files: JAPICMP comparison failed for ch.qos.logback:logback-classic
[2025-09-08 14:35:38] ch.qos.logback:logback-classic:1.3.0 -> ch.qos.logback:logback-classic:1.3.4 : Failed to compare JAR files: JAPICMP comparison failed for ch.qos.logback:logback-classic
[2025-09-08 14:35:38] ch.qos.logback:logback-classic:1.3.0 -> ch.qos.logback:logback-classic:1.3.5 : Failed to compare JAR files: JAPICMP comparison failed for ch.qos.logback:logback-classic
[2025-09-08 14:35:39] ch.qos.logback:logback-classic:1.3.0 -> ch.qos.logback:logback-classic:1.3.6 : Failed to compare JAR files: JAPICMP comparison failed for ch.qos.logback:logback-classic
[2025-09-08 14:35:39] ch.qos.logback:logback-classic:1.3.0 -> ch.qos.logback:logback-classic:1.3.7 : Failed to compare JAR files: JAPICMP comparison failed for ch.qos.logback:logback-classic
[2025-09-08 14:35:39] ch.qos.logback:logback-classic:1.3.0 -> ch.qos.logback:logback-classic:1.3.8 : Failed to compare JAR files: JAPICMP comparison failed for ch.qos.logback:logback-classic
[2025-09-08 14:35:39] ch.qos.logback:logback-classic:1.3.0 -> ch.qos.logback:logback-classic:1.3.9 : Failed to compare JAR files: JAPICMP comparison failed for ch.qos.logback:logback-classic
[2025-09-08 14:35:39] ch.qos.logback:logback-classic:1.3.0 -> ch.qos.logback:logback-classic:1.3.10 : Failed to compare JAR files: JAPICMP comparison failed for ch.qos.logback:logback-classic
[2025-09-08 14:35:39] ch.qos.logback:logback-classic:1.3.0 -> ch.qos.logback:logback-classic:1.3.11 : Failed to compare JAR files: JAPICMP comparison failed for ch.qos.logback:logback-classic
[2025-09-08 14:35:39] ch.qos.logback:logback-classic:1.3.0 -> ch.qos.logback:logback-classic:1.3.12 : Failed to compare JAR files: JAPICMP comparison failed for ch.qos.logback:logback-classic
[2025-09-08 14:35:39] ch.qos.logback:logback-classic:1.3.0 -> ch.qos.logback:logback-classic:1.3.13 : Failed to compare JAR files: JAPICMP comparison failed for ch.qos.logback:logback-classic
[2025-09-08 14:35:40] ch.qos.logback:logback-classic:1.3.0 -> ch.qos.logback:logback-classic:1.3.14 : Failed to compare JAR files: JAPICMP comparison failed for ch.qos.logback:logback-classic
[2025-09-08 14:35:40] ch.qos.logback:logback-classic:1.3.0 -> ch.qos.logback:logback-classic:1.3.15 : Failed to compare JAR files: JAPICMP comparison failed for ch.qos.logback:logback-classic
[2025-09-08 14:35:40] ch.qos.logback:logback-classic:1.3.0 -> ch.qos.logback:logback-classic:1.4.0 : Failed to compare JAR files: JAPICMP comparison failed for ch.qos.logback:logback-classic
[2025-09-08 14:35:40] ch.qos.logback:logback-classic:1.3.0 -> ch.qos.logback:logback-classic:1.4.1 : Failed to compare JAR files: JAPICMP comparison failed for ch.qos.logback:logback-classic
[2025-09-08 14:35:40] ch.qos.logback:logback-classic:1.3.0 -> ch.qos.logback:logback-classic:1.4.2 : Failed to compare JAR files: JAPICMP comparison failed for ch.qos.logback:logback-classic
[2025-09-08 14:35:40] ch.qos.logback:logback-classic:1.3.0 -> ch.qos.logback:logback-classic:1.4.3 : Failed to compare JAR files: JAPICMP comparison failed for ch.qos.logback:logback-classic
[2025-09-08 14:35:41] ch.qos.logback:logback-classic:1.3.0 -> ch.qos.logback:logback-classic:1.4.4 : Failed to compare JAR files: JAPICMP comparison failed for ch.qos.logback:logback-classic
[2025-09-08 14:35:41] ch.qos.logback:logback-classic:1.3.0 -> ch.qos.logback:logback-classic:1.4.5 : Failed to compare JAR files: JAPICMP comparison failed for ch.qos.logback:logback-classic
[2025-09-08 14:35:41] ch.qos.logback:logback-classic:1.3.0 -> ch.qos.logback:logback-classic:1.4.6 : Failed to compare JAR files: JAPICMP comparison failed for ch.qos.logback:logback-classic
[2025-09-08 14:35:41] ch.qos.logback:logback-classic:1.3.0 -> ch.qos.logback:logback-classic:1.4.7 : Failed to compare JAR files: JAPICMP comparison failed for ch.qos.logback:logback-classic
[2025-09-08 14:35:41] ch.qos.logback:logback-classic:1.3.0 -> ch.qos.logback:logback-classic:1.4.8 : Failed to compare JAR files: JAPICMP comparison failed for ch.qos.logback:logback-classic
[2025-09-08 14:35:41] ch.qos.logback:logback-classic:1.3.0 -> ch.qos.logback:logback-classic:1.4.9 : Failed to compare JAR files: JAPICMP comparison failed for ch.qos.logback:logback-classic
[2025-09-08 14:35:41] ch.qos.logback:logback-classic:1.3.0 -> ch.qos.logback:logback-classic:1.4.10 : Failed to compare JAR files: JAPICMP comparison failed for ch.qos.logback:logback-classic
[2025-09-08 14:35:41] ch.qos.logback:logback-classic:1.3.0 -> ch.qos.logback:logback-classic:1.4.11 : Failed to compare JAR files: JAPICMP comparison failed for ch.qos.logback:logback-classic
[2025-09-08 14:35:41] ch.qos.logback:logback-classic:1.3.0 -> ch.qos.logback:logback-classic:1.4.12 : Failed to compare JAR files: JAPICMP comparison failed for ch.qos.logback:logback-classic
[2025-09-08 14:35:42] ch.qos.logback:logback-classic:1.3.0 -> ch.qos.logback:logback-classic:1.4.13 : Failed to compare JAR files: JAPICMP comparison failed for ch.qos.logback:logback-classic
[2025-09-08 14:35:42] ch.qos.logback:logback-classic:1.3.0 -> ch.qos.logback:logback-classic:1.4.14 : Failed to compare JAR files: JAPICMP comparison failed for ch.qos.logback:logback-classic
[2025-09-08 14:35:42] ch.qos.logback:logback-classic:1.3.0 -> ch.qos.logback:logback-classic:1.5.0 : Failed to compare JAR files: JAPICMP comparison failed for ch.qos.logback:logback-classic
[2025-09-08 14:35:42] ch.qos.logback:logback-classic:1.3.0 -> ch.qos.logback:logback-classic:1.5.1 : Failed to compare JAR files: JAPICMP comparison failed for ch.qos.logback:logback-classic
[2025-09-08 14:35:42] ch.qos.logback:logback-classic:1.3.0 -> ch.qos.logback:logback-classic:1.5.2 : Failed to compare JAR files: JAPICMP comparison failed for ch.qos.logback:logback-classic
[2025-09-08 14:35:42] ch.qos.logback:logback-classic:1.3.0 -> ch.qos.logback:logback-classic:1.5.3 : Failed to compare JAR files: JAPICMP comparison failed for ch.qos.logback:logback-classic
[2025-09-08 14:35:43] ch.qos.logback:logback-classic:1.3.0 -> ch.qos.logback:logback-classic:1.5.4 : Failed to compare JAR files: JAPICMP comparison failed for ch.qos.logback:logback-classic
[2025-09-08 14:35:43] ch.qos.logback:logback-classic:1.3.0 -> ch.qos.logback:logback-classic:1.5.5 : Failed to compare JAR files: JAPICMP comparison failed for ch.qos.logback:logback-classic
[2025-09-08 14:35:43] ch.qos.logback:logback-classic:1.3.0 -> ch.qos.logback:logback-classic:1.5.6 : Failed to compare JAR files: JAPICMP comparison failed for ch.qos.logback:logback-classic
[2025-09-08 14:35:43] ch.qos.logback:logback-classic:1.3.0 -> ch.qos.logback:logback-classic:1.5.7 : Failed to compare JAR files: JAPICMP comparison failed for ch.qos.logback:logback-classic
[2025-09-08 14:35:43] ch.qos.logback:logback-classic:1.3.0 -> ch.qos.logback:logback-classic:1.5.8 : Failed to compare JAR files: JAPICMP comparison failed for ch.qos.logback:logback-classic
[2025-09-08 14:35:43] ch.qos.logback:logback-classic:1.3.0 -> ch.qos.logback:logback-classic:1.5.9 : Failed to compare JAR files: JAPICMP comparison failed for ch.qos.logback:logback-classic
[2025-09-08 14:35:43] ch.qos.logback:logback-classic:1.3.0 -> ch.qos.logback:logback-classic:1.5.10 : Failed to compare JAR files: JAPICMP comparison failed for ch.qos.logback:logback-classic
[2025-09-08 14:35:43] ch.qos.logback:logback-classic:1.3.0 -> ch.qos.logback:logback-classic:1.5.11 : Failed to compare JAR files: JAPICMP comparison failed for ch.qos.logback:logback-classic
[2025-09-08 14:35:44] ch.qos.logback:logback-classic:1.3.0 -> ch.qos.logback:logback-classic:1.5.12 : Failed to compare JAR files: JAPICMP comparison failed for ch.qos.logback:logback-classic
[2025-09-08 14:35:44] ch.qos.logback:logback-classic:1.3.0 -> ch.qos.logback:logback-classic:1.5.13 : Failed to compare JAR files: JAPICMP comparison failed for ch.qos.logback:logback-classic
[2025-09-08 14:35:44] ch.qos.logback:logback-classic:1.3.0 -> ch.qos.logback:logback-classic:1.5.14 : Failed to compare JAR files: JAPICMP comparison failed for ch.qos.logback:logback-classic
[2025-09-08 14:35:44] ch.qos.logback:logback-classic:1.3.0 -> ch.qos.logback:logback-classic:1.5.15 : Failed to compare JAR files: JAPICMP comparison failed for ch.qos.logback:logback-classic
[2025-09-08 14:35:44] ch.qos.logback:logback-classic:1.3.0 -> ch.qos.logback:logback-classic:1.5.16 : Failed to compare JAR files: JAPICMP comparison failed for ch.qos.logback:logback-classic
[2025-09-08 14:35:44] ch.qos.logback:logback-classic:1.3.0 -> ch.qos.logback:logback-classic:1.5.17 : Failed to compare JAR files: JAPICMP comparison failed for ch.qos.logback:logback-classic
[2025-09-08 14:35:44] ch.qos.logback:logback-classic:1.3.0 -> ch.qos.logback:logback-classic:1.5.18 : Failed to compare JAR files: JAPICMP comparison failed for ch.qos.logback:logback-classic
[2025-09-08 14:35:55] org.mockito:mockito-core:5.18.0 -> org.mockito:mockito-core:5.19.0 : Failed to compare JAR files: JAPICMP comparison failed for org.mockito:mockito-core
[2025-09-08 14:35:55] org.apache.derby:derby:10.15.2.0 -> org.apache.derby:derby:10.16.1.1 : Failed to compare JAR files: JAPICMP comparison failed for org.apache.derby:derby
[2025-09-08 14:35:56] org.apache.derby:derby:10.15.2.0 -> org.apache.derby:derby:10.17.1.0 : Failed to compare JAR files: JAPICMP comparison failed for org.apache.derby:derby
[2025-09-08 14:35:56] org.apache.derby:derbytools:10.15.2.0 -> org.apache.derby:derbytools:10.16.1.1 : Failed to compare JAR files: JAPICMP comparison failed for org.apache.derby:derbytools
[2025-09-08 14:35:56] org.apache.derby:derbytools:10.15.2.0 -> org.apache.derby:derbytools:10.17.1.0 : Failed to compare JAR files: JAPICMP comparison failed for org.apache.derby:derbytools

=== Summary ===
Total comparisons: 94
Failures: 63
Success rate: 32.98%
