=== Comparison Failure Log ===
[2025-09-13 02:48:53] org.redisson:redisson:3.23.3 -> org.redisson:redisson:3.23.4 : Failed to compare JAR files: JAPICMP comparison failed for org.redisson:redisson
[2025-09-13 02:48:54] org.redisson:redisson:3.23.3 -> org.redisson:redisson:3.23.5 : Failed to compare JAR files: JAPICMP comparison failed for org.redisson:redisson
[2025-09-13 02:48:54] org.redisson:redisson:3.23.3 -> org.redisson:redisson:3.24.0 : Failed to compare JAR files: JAPICMP comparison failed for org.redisson:redisson
[2025-09-13 02:48:55] org.redisson:redisson:3.23.3 -> org.redisson:redisson:3.24.1 : Failed to compare JAR files: JAPICMP comparison failed for org.redisson:redisson
[2025-09-13 02:48:56] org.redisson:redisson:3.23.3 -> org.redisson:redisson:3.24.2 : Failed to compare JAR files: JAPICMP comparison failed for org.redisson:redisson
[2025-09-13 02:48:57] org.redisson:redisson:3.23.3 -> org.redisson:redisson:3.24.3 : Failed to compare JAR files: JAPICMP comparison failed for org.redisson:redisson
[2025-09-13 02:48:58] org.redisson:redisson:3.23.3 -> org.redisson:redisson:3.25.0 : Failed to compare JAR files: JAPICMP comparison failed for org.redisson:redisson
[2025-09-13 02:48:59] org.redisson:redisson:3.23.3 -> org.redisson:redisson:3.25.1 : Failed to compare JAR files: JAPICMP comparison failed for org.redisson:redisson
[2025-09-13 02:49:00] org.redisson:redisson:3.23.3 -> org.redisson:redisson:3.25.2 : Failed to compare JAR files: JAPICMP comparison failed for org.redisson:redisson
[2025-09-13 02:49:01] org.redisson:redisson:3.23.3 -> org.redisson:redisson:3.26.0 : Failed to compare JAR files: JAPICMP comparison failed for org.redisson:redisson
[2025-09-13 02:49:02] org.redisson:redisson:3.23.3 -> org.redisson:redisson:3.26.1 : Failed to compare JAR files: JAPICMP comparison failed for org.redisson:redisson
[2025-09-13 02:49:02] org.redisson:redisson:3.23.3 -> org.redisson:redisson:3.27.0 : Failed to compare JAR files: JAPICMP comparison failed for org.redisson:redisson
[2025-09-13 02:49:03] org.redisson:redisson:3.23.3 -> org.redisson:redisson:3.27.1 : Failed to compare JAR files: JAPICMP comparison failed for org.redisson:redisson
[2025-09-13 02:49:04] org.redisson:redisson:3.23.3 -> org.redisson:redisson:3.27.2 : Failed to compare JAR files: JAPICMP comparison failed for org.redisson:redisson
[2025-09-13 02:49:05] org.redisson:redisson:3.23.3 -> org.redisson:redisson:3.28.0 : Failed to compare JAR files: JAPICMP comparison failed for org.redisson:redisson
[2025-09-13 02:49:06] org.redisson:redisson:3.23.3 -> org.redisson:redisson:3.29.0 : Failed to compare JAR files: JAPICMP comparison failed for org.redisson:redisson
[2025-09-13 02:49:07] org.redisson:redisson:3.23.3 -> org.redisson:redisson:3.30.0 : Failed to compare JAR files: JAPICMP comparison failed for org.redisson:redisson
[2025-09-13 02:49:08] org.redisson:redisson:3.23.3 -> org.redisson:redisson:3.31.0 : Failed to compare JAR files: JAPICMP comparison failed for org.redisson:redisson
[2025-09-13 02:49:09] org.redisson:redisson:3.23.3 -> org.redisson:redisson:3.32.0 : Failed to compare JAR files: JAPICMP comparison failed for org.redisson:redisson
[2025-09-13 02:49:09] org.redisson:redisson:3.23.3 -> org.redisson:redisson:3.33.0 : Failed to compare JAR files: JAPICMP comparison failed for org.redisson:redisson
[2025-09-13 02:49:10] org.redisson:redisson:3.23.3 -> org.redisson:redisson:3.34.0 : Failed to compare JAR files: JAPICMP comparison failed for org.redisson:redisson
[2025-09-13 02:49:11] org.redisson:redisson:3.23.3 -> org.redisson:redisson:3.34.1 : Failed to compare JAR files: JAPICMP comparison failed for org.redisson:redisson
[2025-09-13 02:49:12] org.redisson:redisson:3.23.3 -> org.redisson:redisson:3.35.0 : Failed to compare JAR files: JAPICMP comparison failed for org.redisson:redisson
[2025-09-13 02:49:13] org.redisson:redisson:3.23.3 -> org.redisson:redisson:3.36.0 : Failed to compare JAR files: JAPICMP comparison failed for org.redisson:redisson
[2025-09-13 02:49:14] org.redisson:redisson:3.23.3 -> org.redisson:redisson:3.37.0 : Failed to compare JAR files: JAPICMP comparison failed for org.redisson:redisson
[2025-09-13 02:49:14] org.redisson:redisson:3.23.3 -> org.redisson:redisson:3.38.0 : Failed to compare JAR files: JAPICMP comparison failed for org.redisson:redisson
[2025-09-13 02:49:15] org.redisson:redisson:3.23.3 -> org.redisson:redisson:3.38.1 : Failed to compare JAR files: JAPICMP comparison failed for org.redisson:redisson
[2025-09-13 02:49:16] org.redisson:redisson:3.23.3 -> org.redisson:redisson:3.39.0 : Failed to compare JAR files: JAPICMP comparison failed for org.redisson:redisson
[2025-09-13 02:49:17] org.redisson:redisson:3.23.3 -> org.redisson:redisson:3.40.0 : Failed to compare JAR files: JAPICMP comparison failed for org.redisson:redisson
[2025-09-13 02:49:18] org.redisson:redisson:3.23.3 -> org.redisson:redisson:3.40.1 : Failed to compare JAR files: JAPICMP comparison failed for org.redisson:redisson
[2025-09-13 02:49:19] org.redisson:redisson:3.23.3 -> org.redisson:redisson:3.40.2 : Failed to compare JAR files: JAPICMP comparison failed for org.redisson:redisson
[2025-09-13 02:49:20] org.redisson:redisson:3.23.3 -> org.redisson:redisson:3.41.0 : Failed to compare JAR files: JAPICMP comparison failed for org.redisson:redisson
[2025-09-13 02:49:20] org.redisson:redisson:3.23.3 -> org.redisson:redisson:3.42.0 : Failed to compare JAR files: JAPICMP comparison failed for org.redisson:redisson
[2025-09-13 02:49:21] org.redisson:redisson:3.23.3 -> org.redisson:redisson:3.43.0 : Failed to compare JAR files: JAPICMP comparison failed for org.redisson:redisson
[2025-09-13 02:49:22] org.redisson:redisson:3.23.3 -> org.redisson:redisson:3.44.0 : Failed to compare JAR files: JAPICMP comparison failed for org.redisson:redisson
[2025-09-13 02:49:23] org.redisson:redisson:3.23.3 -> org.redisson:redisson:3.45.0 : Failed to compare JAR files: JAPICMP comparison failed for org.redisson:redisson
[2025-09-13 02:49:24] org.redisson:redisson:3.23.3 -> org.redisson:redisson:3.45.1 : Failed to compare JAR files: JAPICMP comparison failed for org.redisson:redisson
[2025-09-13 02:49:25] org.redisson:redisson:3.23.3 -> org.redisson:redisson:3.46.0 : Failed to compare JAR files: JAPICMP comparison failed for org.redisson:redisson
[2025-09-13 02:49:26] org.redisson:redisson:3.23.3 -> org.redisson:redisson:3.47.0 : Failed to compare JAR files: JAPICMP comparison failed for org.redisson:redisson
[2025-09-13 02:49:26] org.redisson:redisson:3.23.3 -> org.redisson:redisson:3.48.0 : Failed to compare JAR files: JAPICMP comparison failed for org.redisson:redisson
[2025-09-13 02:49:27] org.redisson:redisson:3.23.3 -> org.redisson:redisson:3.49.0 : Failed to compare JAR files: JAPICMP comparison failed for org.redisson:redisson
[2025-09-13 02:49:28] org.redisson:redisson:3.23.3 -> org.redisson:redisson:3.50.0 : Failed to compare JAR files: JAPICMP comparison failed for org.redisson:redisson
[2025-09-13 02:49:29] org.redisson:redisson:3.23.3 -> org.redisson:redisson:3.51.0 : Failed to compare JAR files: JAPICMP comparison failed for org.redisson:redisson
[2025-09-13 02:49:30] org.springframework.data:spring-data-redis:2.3.3.RELEASE -> org.springframework.data:spring-data-redis:2.3.4.RELEASE : Failed to compare JAR files: JAPICMP comparison failed for org.springframework.data:spring-data-redis
[2025-09-13 02:49:34] org.springframework.data:spring-data-redis:2.3.3.RELEASE -> org.springframework.data:spring-data-redis:2.3.5.RELEASE : Failed to compare JAR files: JAPICMP comparison failed for org.springframework.data:spring-data-redis
[2025-09-13 02:49:35] org.springframework.data:spring-data-redis:2.3.3.RELEASE -> org.springframework.data:spring-data-redis:2.3.6.RELEASE : Failed to compare JAR files: JAPICMP comparison failed for org.springframework.data:spring-data-redis
[2025-09-13 02:49:36] org.springframework.data:spring-data-redis:2.3.3.RELEASE -> org.springframework.data:spring-data-redis:2.3.7.RELEASE : Failed to compare JAR files: JAPICMP comparison failed for org.springframework.data:spring-data-redis
[2025-09-13 02:49:37] org.springframework.data:spring-data-redis:2.3.3.RELEASE -> org.springframework.data:spring-data-redis:2.3.8.RELEASE : Failed to compare JAR files: JAPICMP comparison failed for org.springframework.data:spring-data-redis
[2025-09-13 02:49:38] org.springframework.data:spring-data-redis:2.3.3.RELEASE -> org.springframework.data:spring-data-redis:2.3.9.RELEASE : Failed to compare JAR files: JAPICMP comparison failed for org.springframework.data:spring-data-redis
[2025-09-13 02:49:39] org.springframework.data:spring-data-redis:2.3.3.RELEASE -> org.springframework.data:spring-data-redis:2.4.0 : Failed to compare JAR files: JAPICMP comparison failed for org.springframework.data:spring-data-redis
[2025-09-13 02:49:41] org.springframework.data:spring-data-redis:2.3.3.RELEASE -> org.springframework.data:spring-data-redis:2.4.1 : Failed to compare JAR files: JAPICMP comparison failed for org.springframework.data:spring-data-redis
[2025-09-13 02:49:42] org.springframework.data:spring-data-redis:2.3.3.RELEASE -> org.springframework.data:spring-data-redis:2.4.2 : Failed to compare JAR files: JAPICMP comparison failed for org.springframework.data:spring-data-redis
[2025-09-13 02:49:43] org.springframework.data:spring-data-redis:2.3.3.RELEASE -> org.springframework.data:spring-data-redis:2.4.3 : Failed to compare JAR files: JAPICMP comparison failed for org.springframework.data:spring-data-redis
[2025-09-13 02:49:44] org.springframework.data:spring-data-redis:2.3.3.RELEASE -> org.springframework.data:spring-data-redis:2.4.4 : Failed to compare JAR files: JAPICMP comparison failed for org.springframework.data:spring-data-redis
[2025-09-13 02:49:45] org.springframework.data:spring-data-redis:2.3.3.RELEASE -> org.springframework.data:spring-data-redis:2.4.5 : Failed to compare JAR files: JAPICMP comparison failed for org.springframework.data:spring-data-redis
[2025-09-13 02:49:46] org.springframework.data:spring-data-redis:2.3.3.RELEASE -> org.springframework.data:spring-data-redis:2.4.6 : Failed to compare JAR files: JAPICMP comparison failed for org.springframework.data:spring-data-redis
[2025-09-13 02:49:47] org.springframework.data:spring-data-redis:2.3.3.RELEASE -> org.springframework.data:spring-data-redis:2.4.7 : Failed to compare JAR files: JAPICMP comparison failed for org.springframework.data:spring-data-redis
[2025-09-13 02:49:48] org.springframework.data:spring-data-redis:2.3.3.RELEASE -> org.springframework.data:spring-data-redis:2.4.8 : Failed to compare JAR files: JAPICMP comparison failed for org.springframework.data:spring-data-redis
[2025-09-13 02:49:49] org.springframework.data:spring-data-redis:2.3.3.RELEASE -> org.springframework.data:spring-data-redis:2.4.9 : Failed to compare JAR files: JAPICMP comparison failed for org.springframework.data:spring-data-redis
[2025-09-13 02:49:50] org.springframework.data:spring-data-redis:2.3.3.RELEASE -> org.springframework.data:spring-data-redis:2.4.10 : Failed to compare JAR files: JAPICMP comparison failed for org.springframework.data:spring-data-redis
[2025-09-13 02:49:51] org.springframework.data:spring-data-redis:2.3.3.RELEASE -> org.springframework.data:spring-data-redis:2.4.11 : Failed to compare JAR files: JAPICMP comparison failed for org.springframework.data:spring-data-redis
[2025-09-13 02:49:52] org.springframework.data:spring-data-redis:2.3.3.RELEASE -> org.springframework.data:spring-data-redis:2.4.12 : Failed to compare JAR files: JAPICMP comparison failed for org.springframework.data:spring-data-redis
[2025-09-13 02:49:53] org.springframework.data:spring-data-redis:2.3.3.RELEASE -> org.springframework.data:spring-data-redis:2.4.13 : Failed to compare JAR files: JAPICMP comparison failed for org.springframework.data:spring-data-redis
[2025-09-13 02:49:54] org.springframework.data:spring-data-redis:2.3.3.RELEASE -> org.springframework.data:spring-data-redis:2.4.14 : Failed to compare JAR files: JAPICMP comparison failed for org.springframework.data:spring-data-redis
[2025-09-13 02:49:56] org.springframework.data:spring-data-redis:2.3.3.RELEASE -> org.springframework.data:spring-data-redis:2.4.15 : Failed to compare JAR files: JAPICMP comparison failed for org.springframework.data:spring-data-redis
[2025-09-13 02:49:57] org.springframework.data:spring-data-redis:2.3.3.RELEASE -> org.springframework.data:spring-data-redis:2.5.0 : Failed to compare JAR files: JAPICMP comparison failed for org.springframework.data:spring-data-redis
[2025-09-13 02:49:58] org.springframework.data:spring-data-redis:2.3.3.RELEASE -> org.springframework.data:spring-data-redis:2.5.1 : Failed to compare JAR files: JAPICMP comparison failed for org.springframework.data:spring-data-redis
[2025-09-13 02:49:59] org.springframework.data:spring-data-redis:2.3.3.RELEASE -> org.springframework.data:spring-data-redis:2.5.2 : Failed to compare JAR files: JAPICMP comparison failed for org.springframework.data:spring-data-redis
[2025-09-13 02:50:00] org.springframework.data:spring-data-redis:2.3.3.RELEASE -> org.springframework.data:spring-data-redis:2.5.3 : Failed to compare JAR files: JAPICMP comparison failed for org.springframework.data:spring-data-redis
[2025-09-13 02:50:01] org.springframework.data:spring-data-redis:2.3.3.RELEASE -> org.springframework.data:spring-data-redis:2.5.4 : Failed to compare JAR files: JAPICMP comparison failed for org.springframework.data:spring-data-redis
[2025-09-13 02:50:02] org.springframework.data:spring-data-redis:2.3.3.RELEASE -> org.springframework.data:spring-data-redis:2.5.5 : Failed to compare JAR files: JAPICMP comparison failed for org.springframework.data:spring-data-redis
[2025-09-13 02:50:03] org.springframework.data:spring-data-redis:2.3.3.RELEASE -> org.springframework.data:spring-data-redis:2.5.6 : Failed to compare JAR files: JAPICMP comparison failed for org.springframework.data:spring-data-redis
[2025-09-13 02:50:04] org.springframework.data:spring-data-redis:2.3.3.RELEASE -> org.springframework.data:spring-data-redis:2.5.7 : Failed to compare JAR files: JAPICMP comparison failed for org.springframework.data:spring-data-redis
[2025-09-13 02:50:05] org.springframework.data:spring-data-redis:2.3.3.RELEASE -> org.springframework.data:spring-data-redis:2.5.8 : Failed to compare JAR files: JAPICMP comparison failed for org.springframework.data:spring-data-redis
[2025-09-13 02:50:10] org.springframework.data:spring-data-redis:2.3.3.RELEASE -> org.springframework.data:spring-data-redis:2.5.9 : Failed to compare JAR files: JAPICMP comparison failed for org.springframework.data:spring-data-redis
[2025-09-13 02:50:16] org.springframework.data:spring-data-redis:2.3.3.RELEASE -> org.springframework.data:spring-data-redis:2.5.10 : Failed to compare JAR files: JAPICMP comparison failed for org.springframework.data:spring-data-redis
[2025-09-13 02:50:17] org.springframework.data:spring-data-redis:2.3.3.RELEASE -> org.springframework.data:spring-data-redis:2.5.11 : Failed to compare JAR files: JAPICMP comparison failed for org.springframework.data:spring-data-redis
[2025-09-13 02:50:19] org.springframework.data:spring-data-redis:2.3.3.RELEASE -> org.springframework.data:spring-data-redis:2.5.12 : Failed to compare JAR files: JAPICMP comparison failed for org.springframework.data:spring-data-redis
[2025-09-13 02:50:22] org.springframework.data:spring-data-redis:2.3.3.RELEASE -> org.springframework.data:spring-data-redis:2.6.0 : Failed to compare JAR files: JAPICMP comparison failed for org.springframework.data:spring-data-redis
[2025-09-13 02:50:25] org.springframework.data:spring-data-redis:2.3.3.RELEASE -> org.springframework.data:spring-data-redis:2.6.1 : Failed to compare JAR files: JAPICMP comparison failed for org.springframework.data:spring-data-redis
[2025-09-13 02:50:27] org.springframework.data:spring-data-redis:2.3.3.RELEASE -> org.springframework.data:spring-data-redis:2.6.2 : Failed to compare JAR files: JAPICMP comparison failed for org.springframework.data:spring-data-redis
[2025-09-13 02:50:28] org.springframework.data:spring-data-redis:2.3.3.RELEASE -> org.springframework.data:spring-data-redis:2.6.3 : Failed to compare JAR files: JAPICMP comparison failed for org.springframework.data:spring-data-redis
[2025-09-13 02:50:30] org.springframework.data:spring-data-redis:2.3.3.RELEASE -> org.springframework.data:spring-data-redis:2.6.4 : Failed to compare JAR files: JAPICMP comparison failed for org.springframework.data:spring-data-redis
[2025-09-13 02:50:31] org.springframework.data:spring-data-redis:2.3.3.RELEASE -> org.springframework.data:spring-data-redis:2.6.5 : Failed to compare JAR files: JAPICMP comparison failed for org.springframework.data:spring-data-redis
[2025-09-13 02:50:34] org.springframework.data:spring-data-redis:2.3.3.RELEASE -> org.springframework.data:spring-data-redis:2.6.6 : Failed to compare JAR files: JAPICMP comparison failed for org.springframework.data:spring-data-redis
[2025-09-13 02:50:36] org.springframework.data:spring-data-redis:2.3.3.RELEASE -> org.springframework.data:spring-data-redis:2.6.7 : Failed to compare JAR files: JAPICMP comparison failed for org.springframework.data:spring-data-redis
[2025-09-13 02:50:38] org.springframework.data:spring-data-redis:2.3.3.RELEASE -> org.springframework.data:spring-data-redis:2.6.8 : Failed to compare JAR files: JAPICMP comparison failed for org.springframework.data:spring-data-redis
[2025-09-13 02:50:39] org.springframework.data:spring-data-redis:2.3.3.RELEASE -> org.springframework.data:spring-data-redis:2.6.9 : Failed to compare JAR files: JAPICMP comparison failed for org.springframework.data:spring-data-redis
[2025-09-13 02:50:41] org.springframework.data:spring-data-redis:2.3.3.RELEASE -> org.springframework.data:spring-data-redis:2.6.10 : Failed to compare JAR files: JAPICMP comparison failed for org.springframework.data:spring-data-redis
[2025-09-13 02:50:43] org.springframework.data:spring-data-redis:2.3.3.RELEASE -> org.springframework.data:spring-data-redis:2.7.0 : Failed to compare JAR files: JAPICMP comparison failed for org.springframework.data:spring-data-redis
[2025-09-13 02:50:45] org.springframework.data:spring-data-redis:2.3.3.RELEASE -> org.springframework.data:spring-data-redis:2.7.1 : Failed to compare JAR files: JAPICMP comparison failed for org.springframework.data:spring-data-redis
[2025-09-13 02:50:47] org.springframework.data:spring-data-redis:2.3.3.RELEASE -> org.springframework.data:spring-data-redis:2.7.2 : Failed to compare JAR files: JAPICMP comparison failed for org.springframework.data:spring-data-redis
[2025-09-13 02:50:49] org.springframework.data:spring-data-redis:2.3.3.RELEASE -> org.springframework.data:spring-data-redis:2.7.3 : Failed to compare JAR files: JAPICMP comparison failed for org.springframework.data:spring-data-redis
[2025-09-13 02:50:50] org.springframework.data:spring-data-redis:2.3.3.RELEASE -> org.springframework.data:spring-data-redis:2.7.4 : Failed to compare JAR files: JAPICMP comparison failed for org.springframework.data:spring-data-redis
[2025-09-13 02:50:51] org.springframework.data:spring-data-redis:2.3.3.RELEASE -> org.springframework.data:spring-data-redis:2.7.5 : Failed to compare JAR files: JAPICMP comparison failed for org.springframework.data:spring-data-redis
[2025-09-13 02:50:53] org.springframework.data:spring-data-redis:2.3.3.RELEASE -> org.springframework.data:spring-data-redis:2.7.6 : Failed to compare JAR files: JAPICMP comparison failed for org.springframework.data:spring-data-redis
[2025-09-13 02:50:55] org.springframework.data:spring-data-redis:2.3.3.RELEASE -> org.springframework.data:spring-data-redis:2.7.7 : Failed to compare JAR files: JAPICMP comparison failed for org.springframework.data:spring-data-redis
[2025-09-13 02:50:56] org.springframework.data:spring-data-redis:2.3.3.RELEASE -> org.springframework.data:spring-data-redis:2.7.8 : Failed to compare JAR files: JAPICMP comparison failed for org.springframework.data:spring-data-redis
[2025-09-13 02:50:57] org.springframework.data:spring-data-redis:2.3.3.RELEASE -> org.springframework.data:spring-data-redis:2.7.9 : Failed to compare JAR files: JAPICMP comparison failed for org.springframework.data:spring-data-redis
[2025-09-13 02:50:59] org.springframework.data:spring-data-redis:2.3.3.RELEASE -> org.springframework.data:spring-data-redis:2.7.10 : Failed to compare JAR files: JAPICMP comparison failed for org.springframework.data:spring-data-redis
[2025-09-13 02:51:01] org.springframework.data:spring-data-redis:2.3.3.RELEASE -> org.springframework.data:spring-data-redis:2.7.11 : Failed to compare JAR files: JAPICMP comparison failed for org.springframework.data:spring-data-redis
[2025-09-13 02:51:02] org.springframework.data:spring-data-redis:2.3.3.RELEASE -> org.springframework.data:spring-data-redis:2.7.12 : Failed to compare JAR files: JAPICMP comparison failed for org.springframework.data:spring-data-redis
[2025-09-13 02:51:04] org.springframework.data:spring-data-redis:2.3.3.RELEASE -> org.springframework.data:spring-data-redis:2.7.13 : Failed to compare JAR files: JAPICMP comparison failed for org.springframework.data:spring-data-redis
[2025-09-13 02:51:09] org.springframework.data:spring-data-redis:2.3.3.RELEASE -> org.springframework.data:spring-data-redis:2.7.14 : Failed to compare JAR files: JAPICMP comparison failed for org.springframework.data:spring-data-redis
[2025-09-13 02:51:10] org.springframework.data:spring-data-redis:2.3.3.RELEASE -> org.springframework.data:spring-data-redis:2.7.15 : Failed to compare JAR files: JAPICMP comparison failed for org.springframework.data:spring-data-redis
[2025-09-13 02:51:12] org.springframework.data:spring-data-redis:2.3.3.RELEASE -> org.springframework.data:spring-data-redis:2.7.16 : Failed to compare JAR files: JAPICMP comparison failed for org.springframework.data:spring-data-redis
[2025-09-13 02:51:13] org.springframework.data:spring-data-redis:2.3.3.RELEASE -> org.springframework.data:spring-data-redis:2.7.17 : Failed to compare JAR files: JAPICMP comparison failed for org.springframework.data:spring-data-redis
[2025-09-13 02:51:15] org.springframework.data:spring-data-redis:2.3.3.RELEASE -> org.springframework.data:spring-data-redis:2.7.18 : Failed to compare JAR files: JAPICMP comparison failed for org.springframework.data:spring-data-redis
[2025-09-13 02:51:15] org.springframework.boot:spring-boot-autoconfigure:2.5.15 -> org.springframework.boot:spring-boot-autoconfigure:2.6.0 : Failed to compare JAR files: JAPICMP comparison failed for org.springframework.boot:spring-boot-autoconfigure
[2025-09-13 02:51:15] org.springframework.boot:spring-boot-autoconfigure:2.5.15 -> org.springframework.boot:spring-boot-autoconfigure:2.6.1 : Failed to compare JAR files: JAPICMP comparison failed for org.springframework.boot:spring-boot-autoconfigure
[2025-09-13 02:51:16] org.springframework.boot:spring-boot-autoconfigure:2.5.15 -> org.springframework.boot:spring-boot-autoconfigure:2.6.2 : Failed to compare JAR files: JAPICMP comparison failed for org.springframework.boot:spring-boot-autoconfigure
[2025-09-13 02:51:16] org.springframework.boot:spring-boot-autoconfigure:2.5.15 -> org.springframework.boot:spring-boot-autoconfigure:2.6.3 : Failed to compare JAR files: JAPICMP comparison failed for org.springframework.boot:spring-boot-autoconfigure
[2025-09-13 02:51:17] org.springframework.boot:spring-boot-autoconfigure:2.5.15 -> org.springframework.boot:spring-boot-autoconfigure:2.6.4 : Failed to compare JAR files: JAPICMP comparison failed for org.springframework.boot:spring-boot-autoconfigure
[2025-09-13 02:51:17] org.springframework.boot:spring-boot-autoconfigure:2.5.15 -> org.springframework.boot:spring-boot-autoconfigure:2.6.5 : Failed to compare JAR files: JAPICMP comparison failed for org.springframework.boot:spring-boot-autoconfigure
[2025-09-13 02:51:18] org.springframework.boot:spring-boot-autoconfigure:2.5.15 -> org.springframework.boot:spring-boot-autoconfigure:2.6.6 : Failed to compare JAR files: JAPICMP comparison failed for org.springframework.boot:spring-boot-autoconfigure
[2025-09-13 02:51:18] org.springframework.boot:spring-boot-autoconfigure:2.5.15 -> org.springframework.boot:spring-boot-autoconfigure:2.6.7 : Failed to compare JAR files: JAPICMP comparison failed for org.springframework.boot:spring-boot-autoconfigure
[2025-09-13 02:51:18] org.springframework.boot:spring-boot-autoconfigure:2.5.15 -> org.springframework.boot:spring-boot-autoconfigure:2.6.8 : Failed to compare JAR files: JAPICMP comparison failed for org.springframework.boot:spring-boot-autoconfigure
[2025-09-13 02:51:19] org.springframework.boot:spring-boot-autoconfigure:2.5.15 -> org.springframework.boot:spring-boot-autoconfigure:2.6.9 : Failed to compare JAR files: JAPICMP comparison failed for org.springframework.boot:spring-boot-autoconfigure
[2025-09-13 02:51:19] org.springframework.boot:spring-boot-autoconfigure:2.5.15 -> org.springframework.boot:spring-boot-autoconfigure:2.6.10 : Failed to compare JAR files: JAPICMP comparison failed for org.springframework.boot:spring-boot-autoconfigure
[2025-09-13 02:51:19] org.springframework.boot:spring-boot-autoconfigure:2.5.15 -> org.springframework.boot:spring-boot-autoconfigure:2.6.11 : Failed to compare JAR files: JAPICMP comparison failed for org.springframework.boot:spring-boot-autoconfigure
[2025-09-13 02:51:19] org.springframework.boot:spring-boot-autoconfigure:2.5.15 -> org.springframework.boot:spring-boot-autoconfigure:2.6.12 : Failed to compare JAR files: JAPICMP comparison failed for org.springframework.boot:spring-boot-autoconfigure
[2025-09-13 02:51:20] org.springframework.boot:spring-boot-autoconfigure:2.5.15 -> org.springframework.boot:spring-boot-autoconfigure:2.6.13 : Failed to compare JAR files: JAPICMP comparison failed for org.springframework.boot:spring-boot-autoconfigure
[2025-09-13 02:51:20] org.springframework.boot:spring-boot-autoconfigure:2.5.15 -> org.springframework.boot:spring-boot-autoconfigure:2.6.14 : Failed to compare JAR files: JAPICMP comparison failed for org.springframework.boot:spring-boot-autoconfigure
[2025-09-13 02:51:20] org.springframework.boot:spring-boot-autoconfigure:2.5.15 -> org.springframework.boot:spring-boot-autoconfigure:2.6.15 : Failed to compare JAR files: JAPICMP comparison failed for org.springframework.boot:spring-boot-autoconfigure
[2025-09-13 02:51:20] org.springframework.boot:spring-boot-autoconfigure:2.5.15 -> org.springframework.boot:spring-boot-autoconfigure:2.7.0 : Failed to compare JAR files: JAPICMP comparison failed for org.springframework.boot:spring-boot-autoconfigure
[2025-09-13 02:51:21] org.springframework.boot:spring-boot-autoconfigure:2.5.15 -> org.springframework.boot:spring-boot-autoconfigure:2.7.1 : Failed to compare JAR files: JAPICMP comparison failed for org.springframework.boot:spring-boot-autoconfigure
[2025-09-13 02:51:21] org.springframework.boot:spring-boot-autoconfigure:2.5.15 -> org.springframework.boot:spring-boot-autoconfigure:2.7.2 : Failed to compare JAR files: JAPICMP comparison failed for org.springframework.boot:spring-boot-autoconfigure
[2025-09-13 02:51:21] org.springframework.boot:spring-boot-autoconfigure:2.5.15 -> org.springframework.boot:spring-boot-autoconfigure:2.7.3 : Failed to compare JAR files: JAPICMP comparison failed for org.springframework.boot:spring-boot-autoconfigure
[2025-09-13 02:51:22] org.springframework.boot:spring-boot-autoconfigure:2.5.15 -> org.springframework.boot:spring-boot-autoconfigure:2.7.4 : Failed to compare JAR files: JAPICMP comparison failed for org.springframework.boot:spring-boot-autoconfigure
[2025-09-13 02:51:22] org.springframework.boot:spring-boot-autoconfigure:2.5.15 -> org.springframework.boot:spring-boot-autoconfigure:2.7.5 : Failed to compare JAR files: JAPICMP comparison failed for org.springframework.boot:spring-boot-autoconfigure
[2025-09-13 02:51:22] org.springframework.boot:spring-boot-autoconfigure:2.5.15 -> org.springframework.boot:spring-boot-autoconfigure:2.7.6 : Failed to compare JAR files: JAPICMP comparison failed for org.springframework.boot:spring-boot-autoconfigure
[2025-09-13 02:51:22] org.springframework.boot:spring-boot-autoconfigure:2.5.15 -> org.springframework.boot:spring-boot-autoconfigure:2.7.7 : Failed to compare JAR files: JAPICMP comparison failed for org.springframework.boot:spring-boot-autoconfigure
[2025-09-13 02:51:23] org.springframework.boot:spring-boot-autoconfigure:2.5.15 -> org.springframework.boot:spring-boot-autoconfigure:2.7.8 : Failed to compare JAR files: JAPICMP comparison failed for org.springframework.boot:spring-boot-autoconfigure
[2025-09-13 02:51:23] org.springframework.boot:spring-boot-autoconfigure:2.5.15 -> org.springframework.boot:spring-boot-autoconfigure:2.7.9 : Failed to compare JAR files: JAPICMP comparison failed for org.springframework.boot:spring-boot-autoconfigure
[2025-09-13 02:51:23] org.springframework.boot:spring-boot-autoconfigure:2.5.15 -> org.springframework.boot:spring-boot-autoconfigure:2.7.10 : Failed to compare JAR files: JAPICMP comparison failed for org.springframework.boot:spring-boot-autoconfigure
[2025-09-13 02:51:23] org.springframework.boot:spring-boot-autoconfigure:2.5.15 -> org.springframework.boot:spring-boot-autoconfigure:2.7.11 : Failed to compare JAR files: JAPICMP comparison failed for org.springframework.boot:spring-boot-autoconfigure
[2025-09-13 02:51:24] org.springframework.boot:spring-boot-autoconfigure:2.5.15 -> org.springframework.boot:spring-boot-autoconfigure:2.7.12 : Failed to compare JAR files: JAPICMP comparison failed for org.springframework.boot:spring-boot-autoconfigure
[2025-09-13 02:51:24] org.springframework.boot:spring-boot-autoconfigure:2.5.15 -> org.springframework.boot:spring-boot-autoconfigure:2.7.13 : Failed to compare JAR files: JAPICMP comparison failed for org.springframework.boot:spring-boot-autoconfigure
[2025-09-13 02:51:24] org.springframework.boot:spring-boot-autoconfigure:2.5.15 -> org.springframework.boot:spring-boot-autoconfigure:2.7.14 : Failed to compare JAR files: JAPICMP comparison failed for org.springframework.boot:spring-boot-autoconfigure
[2025-09-13 02:51:25] org.springframework.boot:spring-boot-autoconfigure:2.5.15 -> org.springframework.boot:spring-boot-autoconfigure:2.7.15 : Failed to compare JAR files: JAPICMP comparison failed for org.springframework.boot:spring-boot-autoconfigure
[2025-09-13 02:51:25] org.springframework.boot:spring-boot-autoconfigure:2.5.15 -> org.springframework.boot:spring-boot-autoconfigure:2.7.16 : Failed to compare JAR files: JAPICMP comparison failed for org.springframework.boot:spring-boot-autoconfigure
[2025-09-13 02:51:25] org.springframework.boot:spring-boot-autoconfigure:2.5.15 -> org.springframework.boot:spring-boot-autoconfigure:2.7.17 : Failed to compare JAR files: JAPICMP comparison failed for org.springframework.boot:spring-boot-autoconfigure
[2025-09-13 02:51:25] org.springframework.boot:spring-boot-autoconfigure:2.5.15 -> org.springframework.boot:spring-boot-autoconfigure:2.7.18 : Failed to compare JAR files: JAPICMP comparison failed for org.springframework.boot:spring-boot-autoconfigure
[2025-09-13 02:51:28] org.projectlombok:lombok:1.18.30 -> org.projectlombok:lombok:1.18.32 : Failed to compare JAR files: JAPICMP comparison failed for org.projectlombok:lombok
[2025-09-13 02:51:28] org.projectlombok:lombok:1.18.30 -> org.projectlombok:lombok:1.18.34 : Failed to compare JAR files: JAPICMP comparison failed for org.projectlombok:lombok
[2025-09-13 02:51:28] org.projectlombok:lombok:1.18.30 -> org.projectlombok:lombok:1.18.36 : Failed to compare JAR files: JAPICMP comparison failed for org.projectlombok:lombok
[2025-09-13 02:51:28] org.projectlombok:lombok:1.18.30 -> org.projectlombok:lombok:1.18.38 : Failed to compare JAR files: JAPICMP comparison failed for org.projectlombok:lombok
[2025-09-13 02:51:28] org.projectlombok:lombok:1.18.30 -> org.projectlombok:lombok:1.18.40 : Failed to compare JAR files: JAPICMP comparison failed for org.projectlombok:lombok

=== Summary ===
Total comparisons: 200
Failures: 148
Success rate: 26.00%
