=== Comparison Failure Log ===
[2025-09-01 12:23:17] org.assertj:assertj-core:3.23.1 -> org.assertj:assertj-core:3.24.0 : Failed to compare JAR files: JAPICMP comparison failed for org.assertj:assertj-core
[2025-09-01 12:23:17] org.assertj:assertj-core:3.23.1 -> org.assertj:assertj-core:3.24.1 : Failed to compare JAR files: JAPICMP comparison failed for org.assertj:assertj-core
[2025-09-01 12:23:17] org.assertj:assertj-core:3.23.1 -> org.assertj:assertj-core:3.24.2 : Failed to compare JAR files: JAPICMP comparison failed for org.assertj:assertj-core
[2025-09-01 12:23:17] org.assertj:assertj-core:3.23.1 -> org.assertj:assertj-core:3.25.0 : Failed to compare JAR files: JAPICMP comparison failed for org.assertj:assertj-core
[2025-09-01 12:23:17] org.assertj:assertj-core:3.23.1 -> org.assertj:assertj-core:3.25.1 : Failed to compare JAR files: JAPICMP comparison failed for org.assertj:assertj-core
[2025-09-01 12:23:18] org.assertj:assertj-core:3.23.1 -> org.assertj:assertj-core:3.25.2 : Failed to compare JAR files: JAPICMP comparison failed for org.assertj:assertj-core
[2025-09-01 12:23:18] org.assertj:assertj-core:3.23.1 -> org.assertj:assertj-core:3.25.3 : Failed to compare JAR files: JAPICMP comparison failed for org.assertj:assertj-core
[2025-09-01 12:23:18] org.assertj:assertj-core:3.23.1 -> org.assertj:assertj-core:3.26.0 : Failed to compare JAR files: JAPICMP comparison failed for org.assertj:assertj-core
[2025-09-01 12:23:18] org.assertj:assertj-core:3.23.1 -> org.assertj:assertj-core:3.26.3 : Failed to compare JAR files: JAPICMP comparison failed for org.assertj:assertj-core
[2025-09-01 12:23:18] org.assertj:assertj-core:3.23.1 -> org.assertj:assertj-core:3.27.0 : Failed to compare JAR files: JAPICMP comparison failed for org.assertj:assertj-core
[2025-09-01 12:23:18] org.assertj:assertj-core:3.23.1 -> org.assertj:assertj-core:3.27.1 : Failed to compare JAR files: JAPICMP comparison failed for org.assertj:assertj-core
[2025-09-01 12:23:18] org.assertj:assertj-core:3.23.1 -> org.assertj:assertj-core:3.27.2 : Failed to compare JAR files: JAPICMP comparison failed for org.assertj:assertj-core
[2025-09-01 12:23:18] org.assertj:assertj-core:3.23.1 -> org.assertj:assertj-core:3.27.3 : Failed to compare JAR files: JAPICMP comparison failed for org.assertj:assertj-core
[2025-09-01 12:23:18] org.assertj:assertj-core:3.23.1 -> org.assertj:assertj-core:3.27.4 : Failed to compare JAR files: JAPICMP comparison failed for org.assertj:assertj-core
[2025-09-01 12:23:31] org.junit.jupiter:junit-jupiter-api:5.6.2 -> org.junit.jupiter:junit-jupiter-api:5.6.3 : Failed to compare JAR files: JAPICMP comparison failed for org.junit.jupiter:junit-jupiter-api
[2025-09-01 12:23:31] org.junit.jupiter:junit-jupiter-api:5.6.2 -> org.junit.jupiter:junit-jupiter-api:5.7.0 : Failed to compare JAR files: JAPICMP comparison failed for org.junit.jupiter:junit-jupiter-api
[2025-09-01 12:23:31] org.junit.jupiter:junit-jupiter-api:5.6.2 -> org.junit.jupiter:junit-jupiter-api:5.7.1 : Failed to compare JAR files: JAPICMP comparison failed for org.junit.jupiter:junit-jupiter-api
[2025-09-01 12:23:31] org.junit.jupiter:junit-jupiter-api:5.6.2 -> org.junit.jupiter:junit-jupiter-api:5.7.2 : Failed to compare JAR files: JAPICMP comparison failed for org.junit.jupiter:junit-jupiter-api
[2025-09-01 12:23:31] org.junit.jupiter:junit-jupiter-api:5.6.2 -> org.junit.jupiter:junit-jupiter-api:5.8.0 : Failed to compare JAR files: JAPICMP comparison failed for org.junit.jupiter:junit-jupiter-api
[2025-09-01 12:23:31] org.junit.jupiter:junit-jupiter-api:5.6.2 -> org.junit.jupiter:junit-jupiter-api:5.8.1 : Failed to compare JAR files: JAPICMP comparison failed for org.junit.jupiter:junit-jupiter-api
[2025-09-01 12:23:31] org.junit.jupiter:junit-jupiter-api:5.6.2 -> org.junit.jupiter:junit-jupiter-api:5.8.2 : Failed to compare JAR files: JAPICMP comparison failed for org.junit.jupiter:junit-jupiter-api
[2025-09-01 12:23:31] org.junit.jupiter:junit-jupiter-api:5.6.2 -> org.junit.jupiter:junit-jupiter-api:5.9.0 : Failed to compare JAR files: JAPICMP comparison failed for org.junit.jupiter:junit-jupiter-api
[2025-09-01 12:23:31] org.junit.jupiter:junit-jupiter-api:5.6.2 -> org.junit.jupiter:junit-jupiter-api:5.9.1 : Failed to compare JAR files: JAPICMP comparison failed for org.junit.jupiter:junit-jupiter-api
[2025-09-01 12:23:31] org.junit.jupiter:junit-jupiter-api:5.6.2 -> org.junit.jupiter:junit-jupiter-api:5.9.2 : Failed to compare JAR files: JAPICMP comparison failed for org.junit.jupiter:junit-jupiter-api
[2025-09-01 12:23:31] org.junit.jupiter:junit-jupiter-api:5.6.2 -> org.junit.jupiter:junit-jupiter-api:5.9.3 : Failed to compare JAR files: JAPICMP comparison failed for org.junit.jupiter:junit-jupiter-api
[2025-09-01 12:23:31] org.junit.jupiter:junit-jupiter-api:5.6.2 -> org.junit.jupiter:junit-jupiter-api:5.10.0 : Failed to compare JAR files: JAPICMP comparison failed for org.junit.jupiter:junit-jupiter-api
[2025-09-01 12:23:31] org.junit.jupiter:junit-jupiter-api:5.6.2 -> org.junit.jupiter:junit-jupiter-api:5.10.1 : Failed to compare JAR files: JAPICMP comparison failed for org.junit.jupiter:junit-jupiter-api
[2025-09-01 12:23:31] org.junit.jupiter:junit-jupiter-api:5.6.2 -> org.junit.jupiter:junit-jupiter-api:5.10.2 : Failed to compare JAR files: JAPICMP comparison failed for org.junit.jupiter:junit-jupiter-api
[2025-09-01 12:23:31] org.junit.jupiter:junit-jupiter-api:5.6.2 -> org.junit.jupiter:junit-jupiter-api:5.10.3 : Failed to compare JAR files: JAPICMP comparison failed for org.junit.jupiter:junit-jupiter-api
[2025-09-01 12:23:31] org.junit.jupiter:junit-jupiter-api:5.6.2 -> org.junit.jupiter:junit-jupiter-api:5.10.4 : Failed to compare JAR files: JAPICMP comparison failed for org.junit.jupiter:junit-jupiter-api
[2025-09-01 12:23:31] org.junit.jupiter:junit-jupiter-api:5.6.2 -> org.junit.jupiter:junit-jupiter-api:5.10.5 : Failed to compare JAR files: JAPICMP comparison failed for org.junit.jupiter:junit-jupiter-api
[2025-09-01 12:23:31] org.junit.jupiter:junit-jupiter-api:5.6.2 -> org.junit.jupiter:junit-jupiter-api:5.11.0 : Failed to compare JAR files: JAPICMP comparison failed for org.junit.jupiter:junit-jupiter-api
[2025-09-01 12:23:31] org.junit.jupiter:junit-jupiter-api:5.6.2 -> org.junit.jupiter:junit-jupiter-api:5.11.1 : Failed to compare JAR files: JAPICMP comparison failed for org.junit.jupiter:junit-jupiter-api
[2025-09-01 12:23:32] org.junit.jupiter:junit-jupiter-api:5.6.2 -> org.junit.jupiter:junit-jupiter-api:5.11.2 : Failed to compare JAR files: JAPICMP comparison failed for org.junit.jupiter:junit-jupiter-api
[2025-09-01 12:23:32] org.junit.jupiter:junit-jupiter-api:5.6.2 -> org.junit.jupiter:junit-jupiter-api:5.11.3 : Failed to compare JAR files: JAPICMP comparison failed for org.junit.jupiter:junit-jupiter-api
[2025-09-01 12:23:32] org.junit.jupiter:junit-jupiter-api:5.6.2 -> org.junit.jupiter:junit-jupiter-api:5.11.4 : Failed to compare JAR files: JAPICMP comparison failed for org.junit.jupiter:junit-jupiter-api
[2025-09-01 12:23:32] org.junit.jupiter:junit-jupiter-api:5.6.2 -> org.junit.jupiter:junit-jupiter-api:5.12.0 : Failed to compare JAR files: JAPICMP comparison failed for org.junit.jupiter:junit-jupiter-api
[2025-09-01 12:23:32] org.junit.jupiter:junit-jupiter-api:5.6.2 -> org.junit.jupiter:junit-jupiter-api:5.12.1 : Failed to compare JAR files: JAPICMP comparison failed for org.junit.jupiter:junit-jupiter-api
[2025-09-01 12:23:32] org.junit.jupiter:junit-jupiter-api:5.6.2 -> org.junit.jupiter:junit-jupiter-api:5.12.2 : Failed to compare JAR files: JAPICMP comparison failed for org.junit.jupiter:junit-jupiter-api
[2025-09-01 12:23:32] org.junit.jupiter:junit-jupiter-api:5.6.2 -> org.junit.jupiter:junit-jupiter-api:5.13.0 : Failed to compare JAR files: JAPICMP comparison failed for org.junit.jupiter:junit-jupiter-api
[2025-09-01 12:23:32] org.junit.jupiter:junit-jupiter-api:5.6.2 -> org.junit.jupiter:junit-jupiter-api:5.13.1 : Failed to compare JAR files: JAPICMP comparison failed for org.junit.jupiter:junit-jupiter-api
[2025-09-01 12:23:32] org.junit.jupiter:junit-jupiter-api:5.6.2 -> org.junit.jupiter:junit-jupiter-api:5.13.2 : Failed to compare JAR files: JAPICMP comparison failed for org.junit.jupiter:junit-jupiter-api
[2025-09-01 12:23:32] org.junit.jupiter:junit-jupiter-api:5.6.2 -> org.junit.jupiter:junit-jupiter-api:5.13.3 : Failed to compare JAR files: JAPICMP comparison failed for org.junit.jupiter:junit-jupiter-api
[2025-09-01 12:23:32] org.junit.jupiter:junit-jupiter-api:5.6.2 -> org.junit.jupiter:junit-jupiter-api:5.13.4 : Failed to compare JAR files: JAPICMP comparison failed for org.junit.jupiter:junit-jupiter-api

=== Summary ===
Total comparisons: 129
Failures: 44
Success rate: 65.89%
