=== Comparison Failure Log ===

=== Summary ===
Total comparisons: 0
Failures: 0
Success rate: 100.00%
=== Comparison Failure Log ===
[2025-08-25 14:23:58] org.mockito:mockito-core:5.16.0 -> org.mockito:mockito-core:5.16.1 : Failed to compare JAR files: JAPICMP comparison failed for org.mockito:mockito-core
[2025-08-25 14:23:58] org.mockito:mockito-core:5.16.0 -> org.mockito:mockito-core:5.17.0 : Failed to compare JAR files: JAPICMP comparison failed for org.mockito:mockito-core
[2025-08-25 14:23:59] org.mockito:mockito-core:5.16.0 -> org.mockito:mockito-core:5.18.0 : Failed to compare JAR files: JAPICMP comparison failed for org.mockito:mockito-core
[2025-08-25 14:23:59] org.mockito:mockito-core:5.16.0 -> org.mockito:mockito-core:5.19.0 : Failed to compare JAR files: JAPICMP comparison failed for org.mockito:mockito-core
[2025-08-25 14:23:59] org.apache.sling:org.apache.sling.testing.osgi-mock.junit4:3.3.6 -> org.apache.sling:org.apache.sling.testing.osgi-mock.junit4:3.3.8 : Failed to compare JAR files: JAPICMP comparison failed for org.apache.sling:org.apache.sling.testing.osgi-mock.junit4
[2025-08-25 14:24:00] org.apache.sling:org.apache.sling.testing.osgi-mock.junit4:3.3.6 -> org.apache.sling:org.apache.sling.testing.osgi-mock.junit4:3.3.10 : Failed to compare JAR files: JAPICMP comparison failed for org.apache.sling:org.apache.sling.testing.osgi-mock.junit4
[2025-08-25 14:24:00] org.apache.sling:org.apache.sling.testing.osgi-mock.junit4:3.3.6 -> org.apache.sling:org.apache.sling.testing.osgi-mock.junit4:3.4.0 : Failed to compare JAR files: JAPICMP comparison failed for org.apache.sling:org.apache.sling.testing.osgi-mock.junit4
[2025-08-25 14:24:00] org.apache.sling:org.apache.sling.testing.osgi-mock.junit4:3.3.6 -> org.apache.sling:org.apache.sling.testing.osgi-mock.junit4:3.4.2 : Failed to compare JAR files: JAPICMP comparison failed for org.apache.sling:org.apache.sling.testing.osgi-mock.junit4
[2025-08-25 14:24:00] org.apache.sling:org.apache.sling.testing.osgi-mock.junit4:3.3.6 -> org.apache.sling:org.apache.sling.testing.osgi-mock.junit4:3.5.0 : Failed to compare JAR files: JAPICMP comparison failed for org.apache.sling:org.apache.sling.testing.osgi-mock.junit4
[2025-08-25 14:24:01] org.apache.sling:org.apache.sling.testing.osgi-mock.junit4:3.3.6 -> org.apache.sling:org.apache.sling.testing.osgi-mock.junit4:3.5.2 : Failed to compare JAR files: JAPICMP comparison failed for org.apache.sling:org.apache.sling.testing.osgi-mock.junit4
[2025-08-25 14:24:01] org.apache.sling:org.apache.sling.testing.sling-mock.junit4:3.4.4 -> org.apache.sling:org.apache.sling.testing.sling-mock.junit4:3.4.6 : Failed to compare JAR files: JAPICMP comparison failed for org.apache.sling:org.apache.sling.testing.sling-mock.junit4
[2025-08-25 14:24:02] org.apache.sling:org.apache.sling.testing.sling-mock.junit4:3.4.4 -> org.apache.sling:org.apache.sling.testing.sling-mock.junit4:3.4.8 : Failed to compare JAR files: JAPICMP comparison failed for org.apache.sling:org.apache.sling.testing.sling-mock.junit4
[2025-08-25 14:24:03] org.apache.sling:org.apache.sling.testing.sling-mock.junit4:3.4.4 -> org.apache.sling:org.apache.sling.testing.sling-mock.junit4:3.4.10 : Failed to compare JAR files: JAPICMP comparison failed for org.apache.sling:org.apache.sling.testing.sling-mock.junit4
[2025-08-25 14:24:04] org.apache.sling:org.apache.sling.testing.sling-mock.junit4:3.4.4 -> org.apache.sling:org.apache.sling.testing.sling-mock.junit4:3.4.12 : Failed to compare JAR files: JAPICMP comparison failed for org.apache.sling:org.apache.sling.testing.sling-mock.junit4
[2025-08-25 14:24:04] org.apache.sling:org.apache.sling.testing.sling-mock.junit4:3.4.4 -> org.apache.sling:org.apache.sling.testing.sling-mock.junit4:3.4.14 : Failed to compare JAR files: JAPICMP comparison failed for org.apache.sling:org.apache.sling.testing.sling-mock.junit4
[2025-08-25 14:24:05] org.apache.sling:org.apache.sling.testing.sling-mock.junit4:3.4.4 -> org.apache.sling:org.apache.sling.testing.sling-mock.junit4:3.4.16 : Failed to compare JAR files: JAPICMP comparison failed for org.apache.sling:org.apache.sling.testing.sling-mock.junit4
[2025-08-25 14:24:08] org.apache.sling:org.apache.sling.testing.sling-mock.junit4:3.4.4 -> org.apache.sling:org.apache.sling.testing.sling-mock.junit4:3.4.18 : Failed to compare JAR files: JAPICMP comparison failed for org.apache.sling:org.apache.sling.testing.sling-mock.junit4
[2025-08-25 14:24:08] org.apache.sling:org.apache.sling.testing.sling-mock.junit4:3.4.4 -> org.apache.sling:org.apache.sling.testing.sling-mock.junit4:3.5.0 : Failed to compare JAR files: JAPICMP comparison failed for org.apache.sling:org.apache.sling.testing.sling-mock.junit4
[2025-08-25 14:24:09] org.apache.sling:org.apache.sling.testing.sling-mock.junit4:3.4.4 -> org.apache.sling:org.apache.sling.testing.sling-mock.junit4:3.5.2 : Failed to compare JAR files: JAPICMP comparison failed for org.apache.sling:org.apache.sling.testing.sling-mock.junit4
[2025-08-25 14:24:10] org.apache.sling:org.apache.sling.testing.sling-mock.junit4:3.4.4 -> org.apache.sling:org.apache.sling.testing.sling-mock.junit4:3.5.4 : Failed to compare JAR files: JAPICMP comparison failed for org.apache.sling:org.apache.sling.testing.sling-mock.junit4

=== Summary ===
Total comparisons: 118
Failures: 20
Success rate: 83.05%
