=== Comparison Failure Log ===
[2025-08-22 12:12:37] org.hibernate.validator:hibernate-validator:8.0.0.Final -> org.hibernate.validator:hibernate-validator:8.0.1.Final : Failed to compare JAR files: JAPICMP comparison failed for org.hibernate.validator:hibernate-validator
[2025-08-22 12:12:37] org.hibernate.validator:hibernate-validator:8.0.0.Final -> org.hibernate.validator:hibernate-validator:8.0.2.Final : Failed to compare JAR files: JAPICMP comparison failed for org.hibernate.validator:hibernate-validator
[2025-08-22 12:12:37] org.hibernate.validator:hibernate-validator:8.0.0.Final -> org.hibernate.validator:hibernate-validator:8.0.3.Final : Failed to compare JAR files: JAPICMP comparison failed for org.hibernate.validator:hibernate-validator
[2025-08-22 12:12:38] org.hibernate.validator:hibernate-validator:8.0.0.Final -> org.hibernate.validator:hibernate-validator:9.0.0.CR1 : Failed to compare JAR files: JAPICMP comparison failed for org.hibernate.validator:hibernate-validator
[2025-08-22 12:19:26] org.apache.shardingsphere:shardingsphere-jdbc-core-spring-boot-starter:5.1.1 -> org.apache.shardingsphere:shardingsphere-jdbc-core-spring-boot-starter:5.1.2 : Failed to compare JAR files: JAPICMP comparison failed for org.apache.shardingsphere:shardingsphere-jdbc-core-spring-boot-starter
[2025-08-22 12:20:50] org.apache.shardingsphere:shardingsphere-jdbc-core-spring-boot-starter:5.1.1 -> org.apache.shardingsphere:shardingsphere-jdbc-core-spring-boot-starter:5.2.0 : Failed to compare JAR files: JAPICMP comparison failed for org.apache.shardingsphere:shardingsphere-jdbc-core-spring-boot-starter
[2025-08-22 12:21:49] org.apache.shardingsphere:shardingsphere-jdbc-core-spring-boot-starter:5.1.1 -> org.apache.shardingsphere:shardingsphere-jdbc-core-spring-boot-starter:5.2.1 : Failed to compare JAR files: JAPICMP comparison failed for org.apache.shardingsphere:shardingsphere-jdbc-core-spring-boot-starter
[2025-08-22 12:38:39] com.mysql:mysql-connector-j:8.0.32 -> com.mysql:mysql-connector-j:8.0.33 : Failed to compare JAR files: JAPICMP comparison failed for com.mysql:mysql-connector-j
[2025-08-22 12:38:40] com.mysql:mysql-connector-j:8.0.32 -> com.mysql:mysql-connector-j:8.1.0 : Failed to compare JAR files: JAPICMP comparison failed for com.mysql:mysql-connector-j
[2025-08-22 12:38:41] com.mysql:mysql-connector-j:8.0.32 -> com.mysql:mysql-connector-j:8.2.0 : Failed to compare JAR files: JAPICMP comparison failed for com.mysql:mysql-connector-j
[2025-08-22 12:38:46] com.mysql:mysql-connector-j:8.0.32 -> com.mysql:mysql-connector-j:8.3.0 : Failed to compare JAR files: JAPICMP comparison failed for com.mysql:mysql-connector-j
[2025-08-22 12:38:47] com.mysql:mysql-connector-j:8.0.32 -> com.mysql:mysql-connector-j:8.4.0 : Failed to compare JAR files: JAPICMP comparison failed for com.mysql:mysql-connector-j
[2025-08-22 12:39:20] org.projectlombok:lombok:1.18.26 -> org.projectlombok:lombok:1.18.28 : Failed to compare JAR files: JAPICMP comparison failed for org.projectlombok:lombok
[2025-08-22 12:39:20] org.projectlombok:lombok:1.18.26 -> org.projectlombok:lombok:1.18.30 : Failed to compare JAR files: JAPICMP comparison failed for org.projectlombok:lombok
[2025-08-22 12:39:20] org.projectlombok:lombok:1.18.26 -> org.projectlombok:lombok:1.18.32 : Failed to compare JAR files: JAPICMP comparison failed for org.projectlombok:lombok
[2025-08-22 12:39:20] org.projectlombok:lombok:1.18.26 -> org.projectlombok:lombok:1.18.34 : Failed to compare JAR files: JAPICMP comparison failed for org.projectlombok:lombok
[2025-08-22 12:39:20] org.projectlombok:lombok:1.18.26 -> org.projectlombok:lombok:1.18.36 : Failed to compare JAR files: JAPICMP comparison failed for org.projectlombok:lombok
[2025-08-22 12:39:20] org.projectlombok:lombok:1.18.26 -> org.projectlombok:lombok:1.18.38 : Failed to compare JAR files: JAPICMP comparison failed for org.projectlombok:lombok

=== Summary ===
Total comparisons: 10118
Failures: 18
Success rate: 99.82%
