=== Comparison Failure Log ===
[2025-09-01 13:42:03] org.springframework.boot:spring-boot-autoconfigure:3.4.2 -> org.springframework.boot:spring-boot-autoconfigure:3.4.3 : Failed to compare JAR files: JAPICMP comparison failed for org.springframework.boot:spring-boot-autoconfigure
[2025-09-01 13:42:03] org.springframework.boot:spring-boot-autoconfigure:3.4.2 -> org.springframework.boot:spring-boot-autoconfigure:3.4.4 : Failed to compare JAR files: JAPICMP comparison failed for org.springframework.boot:spring-boot-autoconfigure
[2025-09-01 13:42:03] org.springframework.boot:spring-boot-autoconfigure:3.4.2 -> org.springframework.boot:spring-boot-autoconfigure:3.4.5 : Failed to compare JAR files: JAPICMP comparison failed for org.springframework.boot:spring-boot-autoconfigure
[2025-09-01 13:42:03] org.springframework.boot:spring-boot-autoconfigure:3.4.2 -> org.springframework.boot:spring-boot-autoconfigure:3.4.6 : Failed to compare JAR files: JAPICMP comparison failed for org.springframework.boot:spring-boot-autoconfigure
[2025-09-01 13:42:03] org.springframework.boot:spring-boot-autoconfigure:3.4.2 -> org.springframework.boot:spring-boot-autoconfigure:3.4.7 : Failed to compare JAR files: JAPICMP comparison failed for org.springframework.boot:spring-boot-autoconfigure
[2025-09-01 13:42:03] org.springframework.boot:spring-boot-autoconfigure:3.4.2 -> org.springframework.boot:spring-boot-autoconfigure:3.4.8 : Failed to compare JAR files: JAPICMP comparison failed for org.springframework.boot:spring-boot-autoconfigure
[2025-09-01 13:42:03] org.springframework.boot:spring-boot-autoconfigure:3.4.2 -> org.springframework.boot:spring-boot-autoconfigure:3.4.9 : Failed to compare JAR files: JAPICMP comparison failed for org.springframework.boot:spring-boot-autoconfigure
[2025-09-01 13:42:04] org.springframework.boot:spring-boot-autoconfigure:3.4.2 -> org.springframework.boot:spring-boot-autoconfigure:3.5.0 : Failed to compare JAR files: JAPICMP comparison failed for org.springframework.boot:spring-boot-autoconfigure
[2025-09-01 13:42:04] org.springframework.boot:spring-boot-autoconfigure:3.4.2 -> org.springframework.boot:spring-boot-autoconfigure:3.5.1 : Failed to compare JAR files: JAPICMP comparison failed for org.springframework.boot:spring-boot-autoconfigure
[2025-09-01 13:42:04] org.springframework.boot:spring-boot-autoconfigure:3.4.2 -> org.springframework.boot:spring-boot-autoconfigure:3.5.2 : Failed to compare JAR files: JAPICMP comparison failed for org.springframework.boot:spring-boot-autoconfigure
[2025-09-01 13:42:04] org.springframework.boot:spring-boot-autoconfigure:3.4.2 -> org.springframework.boot:spring-boot-autoconfigure:3.5.3 : Failed to compare JAR files: JAPICMP comparison failed for org.springframework.boot:spring-boot-autoconfigure
[2025-09-01 13:42:04] org.springframework.boot:spring-boot-autoconfigure:3.4.2 -> org.springframework.boot:spring-boot-autoconfigure:3.5.4 : Failed to compare JAR files: JAPICMP comparison failed for org.springframework.boot:spring-boot-autoconfigure
[2025-09-01 13:42:04] org.springframework.boot:spring-boot-autoconfigure:3.4.2 -> org.springframework.boot:spring-boot-autoconfigure:3.5.5 : Failed to compare JAR files: JAPICMP comparison failed for org.springframework.boot:spring-boot-autoconfigure
[2025-09-01 13:42:38] org.projectlombok:lombok:1.18.28 -> org.projectlombok:lombok:1.18.30 : Failed to compare JAR files: JAPICMP comparison failed for org.projectlombok:lombok
[2025-09-01 13:42:38] org.projectlombok:lombok:1.18.28 -> org.projectlombok:lombok:1.18.32 : Failed to compare JAR files: JAPICMP comparison failed for org.projectlombok:lombok
[2025-09-01 13:42:38] org.projectlombok:lombok:1.18.28 -> org.projectlombok:lombok:1.18.34 : Failed to compare JAR files: JAPICMP comparison failed for org.projectlombok:lombok
[2025-09-01 13:42:38] org.projectlombok:lombok:1.18.28 -> org.projectlombok:lombok:1.18.36 : Failed to compare JAR files: JAPICMP comparison failed for org.projectlombok:lombok
[2025-09-01 13:42:38] org.projectlombok:lombok:1.18.28 -> org.projectlombok:lombok:1.18.38 : Failed to compare JAR files: JAPICMP comparison failed for org.projectlombok:lombok

=== Summary ===
Total comparisons: 675
Failures: 18
Success rate: 97.33%
