=== Comparison Failure Log ===
[2025-09-01 12:44:56] org.apache.logging.log4j:log4j-core:2.17.1 -> org.apache.logging.log4j:log4j-core:2.17.2 : Failed to compare JAR files: JAPICMP comparison failed for org.apache.logging.log4j:log4j-core
[2025-09-01 12:44:56] org.apache.logging.log4j:log4j-core:2.17.1 -> org.apache.logging.log4j:log4j-core:2.18.0 : Failed to compare JAR files: JAPICMP comparison failed for org.apache.logging.log4j:log4j-core
[2025-09-01 12:44:56] org.apache.logging.log4j:log4j-core:2.17.1 -> org.apache.logging.log4j:log4j-core:2.19.0 : Failed to compare JAR files: JAPICMP comparison failed for org.apache.logging.log4j:log4j-core
[2025-09-01 12:44:57] org.apache.logging.log4j:log4j-core:2.17.1 -> org.apache.logging.log4j:log4j-core:2.20.0 : Failed to compare JAR files: JAPICMP comparison failed for org.apache.logging.log4j:log4j-core
[2025-09-01 12:44:57] org.apache.logging.log4j:log4j-core:2.17.1 -> org.apache.logging.log4j:log4j-core:2.21.0 : Failed to compare JAR files: JAPICMP comparison failed for org.apache.logging.log4j:log4j-core
[2025-09-01 12:44:57] org.apache.logging.log4j:log4j-core:2.17.1 -> org.apache.logging.log4j:log4j-core:2.21.1 : Failed to compare JAR files: JAPICMP comparison failed for org.apache.logging.log4j:log4j-core
[2025-09-01 12:44:58] org.apache.logging.log4j:log4j-core:2.17.1 -> org.apache.logging.log4j:log4j-core:2.22.0 : Failed to compare JAR files: JAPICMP comparison failed for org.apache.logging.log4j:log4j-core
[2025-09-01 12:44:58] org.apache.logging.log4j:log4j-core:2.17.1 -> org.apache.logging.log4j:log4j-core:2.22.1 : Failed to compare JAR files: JAPICMP comparison failed for org.apache.logging.log4j:log4j-core
[2025-09-01 12:44:58] org.apache.logging.log4j:log4j-core:2.17.1 -> org.apache.logging.log4j:log4j-core:2.23.0 : Failed to compare JAR files: JAPICMP comparison failed for org.apache.logging.log4j:log4j-core
[2025-09-01 12:44:58] org.apache.logging.log4j:log4j-core:2.17.1 -> org.apache.logging.log4j:log4j-core:2.23.1 : Failed to compare JAR files: JAPICMP comparison failed for org.apache.logging.log4j:log4j-core
[2025-09-01 12:44:59] org.apache.logging.log4j:log4j-core:2.17.1 -> org.apache.logging.log4j:log4j-core:2.24.0 : Failed to compare JAR files: JAPICMP comparison failed for org.apache.logging.log4j:log4j-core
[2025-09-01 12:44:59] org.apache.logging.log4j:log4j-core:2.17.1 -> org.apache.logging.log4j:log4j-core:2.24.1 : Failed to compare JAR files: JAPICMP comparison failed for org.apache.logging.log4j:log4j-core
[2025-09-01 12:44:59] org.apache.logging.log4j:log4j-core:2.17.1 -> org.apache.logging.log4j:log4j-core:2.24.2 : Failed to compare JAR files: JAPICMP comparison failed for org.apache.logging.log4j:log4j-core
[2025-09-01 12:45:00] org.apache.logging.log4j:log4j-core:2.17.1 -> org.apache.logging.log4j:log4j-core:2.24.3 : Failed to compare JAR files: JAPICMP comparison failed for org.apache.logging.log4j:log4j-core
[2025-09-01 12:45:00] org.apache.logging.log4j:log4j-core:2.17.1 -> org.apache.logging.log4j:log4j-core:2.25.0 : Failed to compare JAR files: JAPICMP comparison failed for org.apache.logging.log4j:log4j-core
[2025-09-01 12:45:00] org.apache.logging.log4j:log4j-core:2.17.1 -> org.apache.logging.log4j:log4j-core:2.25.1 : Failed to compare JAR files: JAPICMP comparison failed for org.apache.logging.log4j:log4j-core
[2025-09-01 12:45:16] org.testng:testng:6.9.7 -> org.testng:testng:6.9.8 : Failed to compare JAR files: JAPICMP comparison failed for org.testng:testng
[2025-09-01 12:45:18] org.testng:testng:6.13 -> org.testng:testng:6.13.1 : Failed to compare JAR files: JAPICMP comparison failed for org.testng:testng
[2025-09-01 12:45:18] org.testng:testng:6.13 -> org.testng:testng:6.14.2 : Failed to compare JAR files: JAPICMP comparison failed for org.testng:testng
[2025-09-01 12:45:18] org.testng:testng:6.13 -> org.testng:testng:6.14.3 : Failed to compare JAR files: JAPICMP comparison failed for org.testng:testng

=== Summary ===
Total comparisons: 260
Failures: 20
Success rate: 92.31%
