=== Comparison Failure Log ===
[2025-09-13 03:51:35] javax.cache:cache-api:1.0.0 -> javax.cache:cache-api:1.1.0 : Failed to compare JAR files: JAPICMP comparison failed for javax.cache:cache-api
[2025-09-13 03:51:35] javax.cache:cache-api:1.0.0 -> javax.cache:cache-api:1.1.1 : Failed to compare JAR files: JAPICMP comparison failed for javax.cache:cache-api
[2025-09-13 03:51:45] org.infinispan:infinispan-core:15.0.4.Final -> org.infinispan:infinispan-core:15.0.5.Final : Failed to compare JAR files: JAPICMP comparison failed for org.infinispan:infinispan-core
[2025-09-13 03:51:50] org.infinispan:infinispan-core:15.0.4.Final -> org.infinispan:infinispan-core:15.0.6.Final : Failed to compare JAR files: JAPICMP comparison failed for org.infinispan:infinispan-core
[2025-09-13 03:51:59] org.infinispan:infinispan-core:15.0.4.Final -> org.infinispan:infinispan-core:15.0.7.Final : Failed to compare JAR files: JAPICMP comparison failed for org.infinispan:infinispan-core
[2025-09-13 03:52:04] org.infinispan:infinispan-core:15.0.4.Final -> org.infinispan:infinispan-core:15.0.8.Final : Failed to compare JAR files: JAPICMP comparison failed for org.infinispan:infinispan-core
[2025-09-13 03:52:08] org.infinispan:infinispan-core:15.0.4.Final -> org.infinispan:infinispan-core:15.0.9.Final : Failed to compare JAR files: JAPICMP comparison failed for org.infinispan:infinispan-core
[2025-09-13 03:52:14] org.infinispan:infinispan-core:15.0.4.Final -> org.infinispan:infinispan-core:15.0.10.Final : Failed to compare JAR files: JAPICMP comparison failed for org.infinispan:infinispan-core
[2025-09-13 03:52:21] org.infinispan:infinispan-core:15.0.4.Final -> org.infinispan:infinispan-core:15.0.11.Final : Failed to compare JAR files: JAPICMP comparison failed for org.infinispan:infinispan-core
[2025-09-13 03:52:28] org.infinispan:infinispan-core:15.0.4.Final -> org.infinispan:infinispan-core:15.0.12.Final : Failed to compare JAR files: JAPICMP comparison failed for org.infinispan:infinispan-core
[2025-09-13 03:52:32] org.infinispan:infinispan-core:15.0.4.Final -> org.infinispan:infinispan-core:15.0.13.Final : Failed to compare JAR files: JAPICMP comparison failed for org.infinispan:infinispan-core
[2025-09-13 03:52:36] org.infinispan:infinispan-core:15.0.4.Final -> org.infinispan:infinispan-core:15.0.14.Final : Failed to compare JAR files: JAPICMP comparison failed for org.infinispan:infinispan-core
[2025-09-13 03:52:40] org.infinispan:infinispan-core:15.0.4.Final -> org.infinispan:infinispan-core:15.0.15.Final : Failed to compare JAR files: JAPICMP comparison failed for org.infinispan:infinispan-core
[2025-09-13 03:52:45] org.infinispan:infinispan-core:15.0.4.Final -> org.infinispan:infinispan-core:15.0.16.Final : Failed to compare JAR files: JAPICMP comparison failed for org.infinispan:infinispan-core
[2025-09-13 03:52:56] org.infinispan:infinispan-core:15.0.4.Final -> org.infinispan:infinispan-core:15.0.17.Final : Failed to compare JAR files: JAPICMP comparison failed for org.infinispan:infinispan-core
[2025-09-13 03:53:01] org.infinispan:infinispan-core:15.0.4.Final -> org.infinispan:infinispan-core:15.0.18.Final : Failed to compare JAR files: JAPICMP comparison failed for org.infinispan:infinispan-core
[2025-09-13 03:53:04] org.infinispan:infinispan-core:15.0.4.Final -> org.infinispan:infinispan-core:15.0.19.Final : Failed to compare JAR files: JAPICMP comparison failed for org.infinispan:infinispan-core
[2025-09-13 03:53:14] org.infinispan:infinispan-core:15.0.4.Final -> org.infinispan:infinispan-core:15.0.20.Final : Failed to compare JAR files: JAPICMP comparison failed for org.infinispan:infinispan-core
[2025-09-13 03:53:18] org.infinispan:infinispan-core:15.0.4.Final -> org.infinispan:infinispan-core:15.0.21.Final : Failed to compare JAR files: JAPICMP comparison failed for org.infinispan:infinispan-core
[2025-09-13 03:53:25] org.infinispan:infinispan-core:15.0.4.Final -> org.infinispan:infinispan-core:15.1.0.Final : Failed to compare JAR files: JAPICMP comparison failed for org.infinispan:infinispan-core
[2025-09-13 03:53:33] org.infinispan:infinispan-core:15.0.4.Final -> org.infinispan:infinispan-core:15.1.0.Dev01 : Failed to compare JAR files: JAPICMP comparison failed for org.infinispan:infinispan-core
[2025-09-13 03:53:39] org.infinispan:infinispan-core:15.0.4.Final -> org.infinispan:infinispan-core:15.1.0.Dev02 : Failed to compare JAR files: JAPICMP comparison failed for org.infinispan:infinispan-core
[2025-09-13 03:53:45] org.infinispan:infinispan-core:15.0.4.Final -> org.infinispan:infinispan-core:15.1.0.Dev03 : Failed to compare JAR files: JAPICMP comparison failed for org.infinispan:infinispan-core
[2025-09-13 03:53:52] org.infinispan:infinispan-core:15.0.4.Final -> org.infinispan:infinispan-core:15.1.0.Dev04 : Failed to compare JAR files: JAPICMP comparison failed for org.infinispan:infinispan-core
[2025-09-13 03:53:58] org.infinispan:infinispan-core:15.0.4.Final -> org.infinispan:infinispan-core:15.1.0.Dev05 : Failed to compare JAR files: JAPICMP comparison failed for org.infinispan:infinispan-core
[2025-09-13 03:54:04] org.infinispan:infinispan-core:15.0.4.Final -> org.infinispan:infinispan-core:15.1.1.Final : Failed to compare JAR files: JAPICMP comparison failed for org.infinispan:infinispan-core
[2025-09-13 03:54:14] org.infinispan:infinispan-core:15.0.4.Final -> org.infinispan:infinispan-core:15.1.2.Final : Failed to compare JAR files: JAPICMP comparison failed for org.infinispan:infinispan-core
[2025-09-13 03:54:20] org.infinispan:infinispan-core:15.0.4.Final -> org.infinispan:infinispan-core:15.1.3.Final : Failed to compare JAR files: JAPICMP comparison failed for org.infinispan:infinispan-core
[2025-09-13 03:54:26] org.infinispan:infinispan-core:15.0.4.Final -> org.infinispan:infinispan-core:15.1.4.Final : Failed to compare JAR files: JAPICMP comparison failed for org.infinispan:infinispan-core
[2025-09-13 03:54:31] org.infinispan:infinispan-core:15.0.4.Final -> org.infinispan:infinispan-core:15.1.5.Final : Failed to compare JAR files: JAPICMP comparison failed for org.infinispan:infinispan-core
[2025-09-13 03:54:37] org.infinispan:infinispan-core:15.0.4.Final -> org.infinispan:infinispan-core:15.1.6.Final : Failed to compare JAR files: JAPICMP comparison failed for org.infinispan:infinispan-core
[2025-09-13 03:54:43] org.infinispan:infinispan-core:15.0.4.Final -> org.infinispan:infinispan-core:15.1.7.Final : Failed to compare JAR files: JAPICMP comparison failed for org.infinispan:infinispan-core
[2025-09-13 03:54:51] org.infinispan:infinispan-core:15.0.4.Final -> org.infinispan:infinispan-core:15.2.0.Final : Failed to compare JAR files: JAPICMP comparison failed for org.infinispan:infinispan-core
[2025-09-13 03:54:59] org.infinispan:infinispan-core:15.0.4.Final -> org.infinispan:infinispan-core:15.2.0.Dev01 : Failed to compare JAR files: JAPICMP comparison failed for org.infinispan:infinispan-core
[2025-09-13 03:55:06] org.infinispan:infinispan-core:15.0.4.Final -> org.infinispan:infinispan-core:15.2.0.Dev02 : Failed to compare JAR files: JAPICMP comparison failed for org.infinispan:infinispan-core
[2025-09-13 03:55:16] org.infinispan:infinispan-core:15.0.4.Final -> org.infinispan:infinispan-core:15.2.0.Dev03 : Failed to compare JAR files: JAPICMP comparison failed for org.infinispan:infinispan-core
[2025-09-13 03:55:20] org.infinispan:infinispan-core:15.0.4.Final -> org.infinispan:infinispan-core:15.2.1.Final : Failed to compare JAR files: JAPICMP comparison failed for org.infinispan:infinispan-core
[2025-09-13 03:55:26] org.infinispan:infinispan-core:15.0.4.Final -> org.infinispan:infinispan-core:15.2.2.Final : Failed to compare JAR files: JAPICMP comparison failed for org.infinispan:infinispan-core
[2025-09-13 03:55:33] org.infinispan:infinispan-core:15.0.4.Final -> org.infinispan:infinispan-core:15.2.3.Final : Failed to compare JAR files: JAPICMP comparison failed for org.infinispan:infinispan-core
[2025-09-13 03:55:38] org.infinispan:infinispan-core:15.0.4.Final -> org.infinispan:infinispan-core:15.2.4.Final : Failed to compare JAR files: JAPICMP comparison failed for org.infinispan:infinispan-core
[2025-09-13 03:55:42] org.infinispan:infinispan-core:15.0.4.Final -> org.infinispan:infinispan-core:15.2.5.Final : Failed to compare JAR files: JAPICMP comparison failed for org.infinispan:infinispan-core
[2025-09-13 03:55:47] org.infinispan:infinispan-core:15.0.4.Final -> org.infinispan:infinispan-core:15.2.6.Final : Failed to compare JAR files: JAPICMP comparison failed for org.infinispan:infinispan-core
[2025-09-13 03:56:21] org.infinispan:infinispan-server-hotrod:15.0.4.Final -> org.infinispan:infinispan-server-hotrod:15.0.5.Final : Failed to compare JAR files: JAPICMP comparison failed for org.infinispan:infinispan-server-hotrod
[2025-09-13 03:56:31] org.infinispan:infinispan-server-hotrod:15.0.4.Final -> org.infinispan:infinispan-server-hotrod:15.0.6.Final : Failed to compare JAR files: JAPICMP comparison failed for org.infinispan:infinispan-server-hotrod
[2025-09-13 03:56:42] org.infinispan:infinispan-server-hotrod:15.0.4.Final -> org.infinispan:infinispan-server-hotrod:15.0.7.Final : Failed to compare JAR files: JAPICMP comparison failed for org.infinispan:infinispan-server-hotrod
[2025-09-13 03:56:56] org.infinispan:infinispan-server-hotrod:15.0.4.Final -> org.infinispan:infinispan-server-hotrod:15.0.8.Final : Failed to compare JAR files: JAPICMP comparison failed for org.infinispan:infinispan-server-hotrod
[2025-09-13 03:57:07] org.infinispan:infinispan-server-hotrod:15.0.4.Final -> org.infinispan:infinispan-server-hotrod:15.0.9.Final : Failed to compare JAR files: JAPICMP comparison failed for org.infinispan:infinispan-server-hotrod
[2025-09-13 03:57:17] org.infinispan:infinispan-server-hotrod:15.0.4.Final -> org.infinispan:infinispan-server-hotrod:15.0.10.Final : Failed to compare JAR files: JAPICMP comparison failed for org.infinispan:infinispan-server-hotrod
[2025-09-13 03:57:27] org.infinispan:infinispan-server-hotrod:15.0.4.Final -> org.infinispan:infinispan-server-hotrod:15.0.11.Final : Failed to compare JAR files: JAPICMP comparison failed for org.infinispan:infinispan-server-hotrod
[2025-09-13 03:57:40] org.infinispan:infinispan-server-hotrod:15.0.4.Final -> org.infinispan:infinispan-server-hotrod:15.0.12.Final : Failed to compare JAR files: JAPICMP comparison failed for org.infinispan:infinispan-server-hotrod
[2025-09-13 03:57:50] org.infinispan:infinispan-server-hotrod:15.0.4.Final -> org.infinispan:infinispan-server-hotrod:15.0.13.Final : Failed to compare JAR files: JAPICMP comparison failed for org.infinispan:infinispan-server-hotrod
[2025-09-13 03:58:01] org.infinispan:infinispan-server-hotrod:15.0.4.Final -> org.infinispan:infinispan-server-hotrod:15.0.14.Final : Failed to compare JAR files: JAPICMP comparison failed for org.infinispan:infinispan-server-hotrod
[2025-09-13 03:58:11] org.infinispan:infinispan-server-hotrod:15.0.4.Final -> org.infinispan:infinispan-server-hotrod:15.0.15.Final : Failed to compare JAR files: JAPICMP comparison failed for org.infinispan:infinispan-server-hotrod
[2025-09-13 03:58:21] org.infinispan:infinispan-server-hotrod:15.0.4.Final -> org.infinispan:infinispan-server-hotrod:15.0.16.Final : Failed to compare JAR files: JAPICMP comparison failed for org.infinispan:infinispan-server-hotrod
[2025-09-13 03:58:31] org.infinispan:infinispan-server-hotrod:15.0.4.Final -> org.infinispan:infinispan-server-hotrod:15.0.17.Final : Failed to compare JAR files: JAPICMP comparison failed for org.infinispan:infinispan-server-hotrod
[2025-09-13 03:58:40] org.infinispan:infinispan-server-hotrod:15.0.4.Final -> org.infinispan:infinispan-server-hotrod:15.0.18.Final : Failed to compare JAR files: JAPICMP comparison failed for org.infinispan:infinispan-server-hotrod
[2025-09-13 03:58:51] org.infinispan:infinispan-server-hotrod:15.0.4.Final -> org.infinispan:infinispan-server-hotrod:15.0.19.Final : Failed to compare JAR files: JAPICMP comparison failed for org.infinispan:infinispan-server-hotrod
[2025-09-13 03:59:01] org.infinispan:infinispan-server-hotrod:15.0.4.Final -> org.infinispan:infinispan-server-hotrod:15.0.20.Final : Failed to compare JAR files: JAPICMP comparison failed for org.infinispan:infinispan-server-hotrod
[2025-09-13 03:59:11] org.infinispan:infinispan-server-hotrod:15.0.4.Final -> org.infinispan:infinispan-server-hotrod:15.0.21.Final : Failed to compare JAR files: JAPICMP comparison failed for org.infinispan:infinispan-server-hotrod
[2025-09-13 03:59:30] org.infinispan:infinispan-server-hotrod:15.0.4.Final -> org.infinispan:infinispan-server-hotrod:15.1.0.Final : Failed to compare JAR files: JAPICMP comparison failed for org.infinispan:infinispan-server-hotrod
[2025-09-13 03:59:42] org.infinispan:infinispan-server-hotrod:15.0.4.Final -> org.infinispan:infinispan-server-hotrod:15.1.0.Dev01 : Failed to compare JAR files: JAPICMP comparison failed for org.infinispan:infinispan-server-hotrod
[2025-09-13 03:59:58] org.infinispan:infinispan-server-hotrod:15.0.4.Final -> org.infinispan:infinispan-server-hotrod:15.1.0.Dev02 : Failed to compare JAR files: JAPICMP comparison failed for org.infinispan:infinispan-server-hotrod
[2025-09-13 04:00:10] org.infinispan:infinispan-server-hotrod:15.0.4.Final -> org.infinispan:infinispan-server-hotrod:15.1.0.Dev03 : Failed to compare JAR files: JAPICMP comparison failed for org.infinispan:infinispan-server-hotrod
[2025-09-13 04:00:21] org.infinispan:infinispan-server-hotrod:15.0.4.Final -> org.infinispan:infinispan-server-hotrod:15.1.0.Dev04 : Failed to compare JAR files: JAPICMP comparison failed for org.infinispan:infinispan-server-hotrod
[2025-09-13 04:00:36] org.infinispan:infinispan-server-hotrod:15.0.4.Final -> org.infinispan:infinispan-server-hotrod:15.1.0.Dev05 : Failed to compare JAR files: JAPICMP comparison failed for org.infinispan:infinispan-server-hotrod
[2025-09-13 04:00:47] org.infinispan:infinispan-server-hotrod:15.0.4.Final -> org.infinispan:infinispan-server-hotrod:15.1.1.Final : Failed to compare JAR files: JAPICMP comparison failed for org.infinispan:infinispan-server-hotrod
[2025-09-13 04:00:58] org.infinispan:infinispan-server-hotrod:15.0.4.Final -> org.infinispan:infinispan-server-hotrod:15.1.2.Final : Failed to compare JAR files: JAPICMP comparison failed for org.infinispan:infinispan-server-hotrod
[2025-09-13 04:01:10] org.infinispan:infinispan-server-hotrod:15.0.4.Final -> org.infinispan:infinispan-server-hotrod:15.1.3.Final : Failed to compare JAR files: JAPICMP comparison failed for org.infinispan:infinispan-server-hotrod
[2025-09-13 04:01:22] org.infinispan:infinispan-server-hotrod:15.0.4.Final -> org.infinispan:infinispan-server-hotrod:15.1.4.Final : Failed to compare JAR files: JAPICMP comparison failed for org.infinispan:infinispan-server-hotrod
[2025-09-13 04:01:33] org.infinispan:infinispan-server-hotrod:15.0.4.Final -> org.infinispan:infinispan-server-hotrod:15.1.5.Final : Failed to compare JAR files: JAPICMP comparison failed for org.infinispan:infinispan-server-hotrod
[2025-09-13 04:01:44] org.infinispan:infinispan-server-hotrod:15.0.4.Final -> org.infinispan:infinispan-server-hotrod:15.1.6.Final : Failed to compare JAR files: JAPICMP comparison failed for org.infinispan:infinispan-server-hotrod
[2025-09-13 04:01:55] org.infinispan:infinispan-server-hotrod:15.0.4.Final -> org.infinispan:infinispan-server-hotrod:15.1.7.Final : Failed to compare JAR files: JAPICMP comparison failed for org.infinispan:infinispan-server-hotrod
[2025-09-13 04:02:09] org.infinispan:infinispan-server-hotrod:15.0.4.Final -> org.infinispan:infinispan-server-hotrod:15.2.0.Final : Failed to compare JAR files: JAPICMP comparison failed for org.infinispan:infinispan-server-hotrod
[2025-09-13 04:02:21] org.infinispan:infinispan-server-hotrod:15.0.4.Final -> org.infinispan:infinispan-server-hotrod:15.2.0.Dev01 : Failed to compare JAR files: JAPICMP comparison failed for org.infinispan:infinispan-server-hotrod
[2025-09-13 04:02:33] org.infinispan:infinispan-server-hotrod:15.0.4.Final -> org.infinispan:infinispan-server-hotrod:15.2.0.Dev02 : Failed to compare JAR files: JAPICMP comparison failed for org.infinispan:infinispan-server-hotrod
[2025-09-13 04:02:45] org.infinispan:infinispan-server-hotrod:15.0.4.Final -> org.infinispan:infinispan-server-hotrod:15.2.0.Dev03 : Failed to compare JAR files: JAPICMP comparison failed for org.infinispan:infinispan-server-hotrod
[2025-09-13 04:02:58] org.infinispan:infinispan-server-hotrod:15.0.4.Final -> org.infinispan:infinispan-server-hotrod:15.2.1.Final : Failed to compare JAR files: JAPICMP comparison failed for org.infinispan:infinispan-server-hotrod
[2025-09-13 04:03:10] org.infinispan:infinispan-server-hotrod:15.0.4.Final -> org.infinispan:infinispan-server-hotrod:15.2.2.Final : Failed to compare JAR files: JAPICMP comparison failed for org.infinispan:infinispan-server-hotrod
[2025-09-13 04:03:22] org.infinispan:infinispan-server-hotrod:15.0.4.Final -> org.infinispan:infinispan-server-hotrod:15.2.3.Final : Failed to compare JAR files: JAPICMP comparison failed for org.infinispan:infinispan-server-hotrod
[2025-09-13 04:03:32] org.infinispan:infinispan-server-hotrod:15.0.4.Final -> org.infinispan:infinispan-server-hotrod:15.2.4.Final : Failed to compare JAR files: JAPICMP comparison failed for org.infinispan:infinispan-server-hotrod
[2025-09-13 04:03:41] org.infinispan:infinispan-server-hotrod:15.0.4.Final -> org.infinispan:infinispan-server-hotrod:15.2.5.Final : Failed to compare JAR files: JAPICMP comparison failed for org.infinispan:infinispan-server-hotrod
[2025-09-13 04:03:51] org.infinispan:infinispan-server-hotrod:15.0.4.Final -> org.infinispan:infinispan-server-hotrod:15.2.6.Final : Failed to compare JAR files: JAPICMP comparison failed for org.infinispan:infinispan-server-hotrod
[2025-09-13 05:15:09] org.infinispan:infinispan-jcache:15.0.4.Final -> org.infinispan:infinispan-jcache:15.0.5.Final : Failed to compare JAR files: JAPICMP comparison failed for org.infinispan:infinispan-jcache
[2025-09-13 05:15:12] org.infinispan:infinispan-jcache:15.0.4.Final -> org.infinispan:infinispan-jcache:15.0.6.Final : Failed to compare JAR files: JAPICMP comparison failed for org.infinispan:infinispan-jcache
[2025-09-13 05:15:15] org.infinispan:infinispan-jcache:15.0.4.Final -> org.infinispan:infinispan-jcache:15.0.7.Final : Failed to compare JAR files: JAPICMP comparison failed for org.infinispan:infinispan-jcache
[2025-09-13 05:15:17] org.infinispan:infinispan-jcache:15.0.4.Final -> org.infinispan:infinispan-jcache:15.0.8.Final : Failed to compare JAR files: JAPICMP comparison failed for org.infinispan:infinispan-jcache
[2025-09-13 05:15:20] org.infinispan:infinispan-jcache:15.0.4.Final -> org.infinispan:infinispan-jcache:15.0.9.Final : Failed to compare JAR files: JAPICMP comparison failed for org.infinispan:infinispan-jcache
[2025-09-13 05:15:22] org.infinispan:infinispan-jcache:15.0.4.Final -> org.infinispan:infinispan-jcache:15.0.10.Final : Failed to compare JAR files: JAPICMP comparison failed for org.infinispan:infinispan-jcache
[2025-09-13 05:15:24] org.infinispan:infinispan-jcache:15.0.4.Final -> org.infinispan:infinispan-jcache:15.0.11.Final : Failed to compare JAR files: JAPICMP comparison failed for org.infinispan:infinispan-jcache
[2025-09-13 05:15:27] org.infinispan:infinispan-jcache:15.0.4.Final -> org.infinispan:infinispan-jcache:15.0.12.Final : Failed to compare JAR files: JAPICMP comparison failed for org.infinispan:infinispan-jcache
[2025-09-13 05:15:29] org.infinispan:infinispan-jcache:15.0.4.Final -> org.infinispan:infinispan-jcache:15.0.13.Final : Failed to compare JAR files: JAPICMP comparison failed for org.infinispan:infinispan-jcache
[2025-09-13 05:15:31] org.infinispan:infinispan-jcache:15.0.4.Final -> org.infinispan:infinispan-jcache:15.0.14.Final : Failed to compare JAR files: JAPICMP comparison failed for org.infinispan:infinispan-jcache
[2025-09-13 05:15:34] org.infinispan:infinispan-jcache:15.0.4.Final -> org.infinispan:infinispan-jcache:15.0.15.Final : Failed to compare JAR files: JAPICMP comparison failed for org.infinispan:infinispan-jcache
[2025-09-13 05:15:36] org.infinispan:infinispan-jcache:15.0.4.Final -> org.infinispan:infinispan-jcache:15.0.16.Final : Failed to compare JAR files: JAPICMP comparison failed for org.infinispan:infinispan-jcache
[2025-09-13 05:15:39] org.infinispan:infinispan-jcache:15.0.4.Final -> org.infinispan:infinispan-jcache:15.0.17.Final : Failed to compare JAR files: JAPICMP comparison failed for org.infinispan:infinispan-jcache
[2025-09-13 05:15:41] org.infinispan:infinispan-jcache:15.0.4.Final -> org.infinispan:infinispan-jcache:15.0.18.Final : Failed to compare JAR files: JAPICMP comparison failed for org.infinispan:infinispan-jcache
[2025-09-13 05:15:44] org.infinispan:infinispan-jcache:15.0.4.Final -> org.infinispan:infinispan-jcache:15.0.19.Final : Failed to compare JAR files: JAPICMP comparison failed for org.infinispan:infinispan-jcache
[2025-09-13 05:15:46] org.infinispan:infinispan-jcache:15.0.4.Final -> org.infinispan:infinispan-jcache:15.0.20.Final : Failed to compare JAR files: JAPICMP comparison failed for org.infinispan:infinispan-jcache
[2025-09-13 05:15:48] org.infinispan:infinispan-jcache:15.0.4.Final -> org.infinispan:infinispan-jcache:15.0.21.Final : Failed to compare JAR files: JAPICMP comparison failed for org.infinispan:infinispan-jcache
[2025-09-13 05:15:51] org.infinispan:infinispan-jcache:15.0.4.Final -> org.infinispan:infinispan-jcache:15.1.0.Final : Failed to compare JAR files: JAPICMP comparison failed for org.infinispan:infinispan-jcache
[2025-09-13 05:15:54] org.infinispan:infinispan-jcache:15.0.4.Final -> org.infinispan:infinispan-jcache:15.1.0.Dev01 : Failed to compare JAR files: JAPICMP comparison failed for org.infinispan:infinispan-jcache
[2025-09-13 05:15:57] org.infinispan:infinispan-jcache:15.0.4.Final -> org.infinispan:infinispan-jcache:15.1.0.Dev02 : Failed to compare JAR files: JAPICMP comparison failed for org.infinispan:infinispan-jcache
[2025-09-13 05:15:59] org.infinispan:infinispan-jcache:15.0.4.Final -> org.infinispan:infinispan-jcache:15.1.0.Dev03 : Failed to compare JAR files: JAPICMP comparison failed for org.infinispan:infinispan-jcache
[2025-09-13 05:16:02] org.infinispan:infinispan-jcache:15.0.4.Final -> org.infinispan:infinispan-jcache:15.1.0.Dev04 : Failed to compare JAR files: JAPICMP comparison failed for org.infinispan:infinispan-jcache
[2025-09-13 05:16:05] org.infinispan:infinispan-jcache:15.0.4.Final -> org.infinispan:infinispan-jcache:15.1.0.Dev05 : Failed to compare JAR files: JAPICMP comparison failed for org.infinispan:infinispan-jcache
[2025-09-13 05:16:08] org.infinispan:infinispan-jcache:15.0.4.Final -> org.infinispan:infinispan-jcache:15.1.1.Final : Failed to compare JAR files: JAPICMP comparison failed for org.infinispan:infinispan-jcache
[2025-09-13 05:16:11] org.infinispan:infinispan-jcache:15.0.4.Final -> org.infinispan:infinispan-jcache:15.1.2.Final : Failed to compare JAR files: JAPICMP comparison failed for org.infinispan:infinispan-jcache
[2025-09-13 05:16:13] org.infinispan:infinispan-jcache:15.0.4.Final -> org.infinispan:infinispan-jcache:15.1.3.Final : Failed to compare JAR files: JAPICMP comparison failed for org.infinispan:infinispan-jcache
[2025-09-13 05:16:16] org.infinispan:infinispan-jcache:15.0.4.Final -> org.infinispan:infinispan-jcache:15.1.4.Final : Failed to compare JAR files: JAPICMP comparison failed for org.infinispan:infinispan-jcache
[2025-09-13 05:16:19] org.infinispan:infinispan-jcache:15.0.4.Final -> org.infinispan:infinispan-jcache:15.1.5.Final : Failed to compare JAR files: JAPICMP comparison failed for org.infinispan:infinispan-jcache
[2025-09-13 05:16:21] org.infinispan:infinispan-jcache:15.0.4.Final -> org.infinispan:infinispan-jcache:15.1.6.Final : Failed to compare JAR files: JAPICMP comparison failed for org.infinispan:infinispan-jcache
[2025-09-13 05:16:24] org.infinispan:infinispan-jcache:15.0.4.Final -> org.infinispan:infinispan-jcache:15.1.7.Final : Failed to compare JAR files: JAPICMP comparison failed for org.infinispan:infinispan-jcache
[2025-09-13 05:16:27] org.infinispan:infinispan-jcache:15.0.4.Final -> org.infinispan:infinispan-jcache:15.2.0.Final : Failed to compare JAR files: JAPICMP comparison failed for org.infinispan:infinispan-jcache
[2025-09-13 05:16:30] org.infinispan:infinispan-jcache:15.0.4.Final -> org.infinispan:infinispan-jcache:15.2.0.Dev01 : Failed to compare JAR files: JAPICMP comparison failed for org.infinispan:infinispan-jcache
[2025-09-13 05:16:33] org.infinispan:infinispan-jcache:15.0.4.Final -> org.infinispan:infinispan-jcache:15.2.0.Dev02 : Failed to compare JAR files: JAPICMP comparison failed for org.infinispan:infinispan-jcache
[2025-09-13 05:16:39] org.infinispan:infinispan-jcache:15.0.4.Final -> org.infinispan:infinispan-jcache:15.2.0.Dev03 : Failed to compare JAR files: JAPICMP comparison failed for org.infinispan:infinispan-jcache
[2025-09-13 05:16:42] org.infinispan:infinispan-jcache:15.0.4.Final -> org.infinispan:infinispan-jcache:15.2.1.Final : Failed to compare JAR files: JAPICMP comparison failed for org.infinispan:infinispan-jcache
[2025-09-13 05:16:44] org.infinispan:infinispan-jcache:15.0.4.Final -> org.infinispan:infinispan-jcache:15.2.2.Final : Failed to compare JAR files: JAPICMP comparison failed for org.infinispan:infinispan-jcache
[2025-09-13 05:16:47] org.infinispan:infinispan-jcache:15.0.4.Final -> org.infinispan:infinispan-jcache:15.2.3.Final : Failed to compare JAR files: JAPICMP comparison failed for org.infinispan:infinispan-jcache
[2025-09-13 05:16:49] org.infinispan:infinispan-jcache:15.0.4.Final -> org.infinispan:infinispan-jcache:15.2.4.Final : Failed to compare JAR files: JAPICMP comparison failed for org.infinispan:infinispan-jcache
[2025-09-13 05:16:51] org.infinispan:infinispan-jcache:15.0.4.Final -> org.infinispan:infinispan-jcache:15.2.5.Final : Failed to compare JAR files: JAPICMP comparison failed for org.infinispan:infinispan-jcache
[2025-09-13 05:16:54] org.infinispan:infinispan-jcache:15.0.4.Final -> org.infinispan:infinispan-jcache:15.2.6.Final : Failed to compare JAR files: JAPICMP comparison failed for org.infinispan:infinispan-jcache
[2025-09-13 05:16:54] org.junit.jupiter:junit-jupiter-api:5.10.2 -> org.junit.jupiter:junit-jupiter-api:5.10.3 : Failed to compare JAR files: JAPICMP comparison failed for org.junit.jupiter:junit-jupiter-api
[2025-09-13 05:16:54] org.junit.jupiter:junit-jupiter-api:5.10.2 -> org.junit.jupiter:junit-jupiter-api:5.10.4 : Failed to compare JAR files: JAPICMP comparison failed for org.junit.jupiter:junit-jupiter-api
[2025-09-13 05:16:54] org.junit.jupiter:junit-jupiter-api:5.10.2 -> org.junit.jupiter:junit-jupiter-api:5.10.5 : Failed to compare JAR files: JAPICMP comparison failed for org.junit.jupiter:junit-jupiter-api
[2025-09-13 05:16:54] org.junit.jupiter:junit-jupiter-api:5.10.2 -> org.junit.jupiter:junit-jupiter-api:5.11.0 : Failed to compare JAR files: JAPICMP comparison failed for org.junit.jupiter:junit-jupiter-api
[2025-09-13 05:16:54] org.junit.jupiter:junit-jupiter-api:5.10.2 -> org.junit.jupiter:junit-jupiter-api:5.11.1 : Failed to compare JAR files: JAPICMP comparison failed for org.junit.jupiter:junit-jupiter-api
[2025-09-13 05:16:54] org.junit.jupiter:junit-jupiter-api:5.10.2 -> org.junit.jupiter:junit-jupiter-api:5.11.2 : Failed to compare JAR files: JAPICMP comparison failed for org.junit.jupiter:junit-jupiter-api
[2025-09-13 05:16:55] org.junit.jupiter:junit-jupiter-api:5.10.2 -> org.junit.jupiter:junit-jupiter-api:5.11.3 : Failed to compare JAR files: JAPICMP comparison failed for org.junit.jupiter:junit-jupiter-api
[2025-09-13 05:16:55] org.junit.jupiter:junit-jupiter-api:5.10.2 -> org.junit.jupiter:junit-jupiter-api:5.11.4 : Failed to compare JAR files: JAPICMP comparison failed for org.junit.jupiter:junit-jupiter-api
[2025-09-13 05:16:55] org.junit.jupiter:junit-jupiter-api:5.10.2 -> org.junit.jupiter:junit-jupiter-api:5.12.0 : Failed to compare JAR files: JAPICMP comparison failed for org.junit.jupiter:junit-jupiter-api
[2025-09-13 05:16:55] org.junit.jupiter:junit-jupiter-api:5.10.2 -> org.junit.jupiter:junit-jupiter-api:5.12.1 : Failed to compare JAR files: JAPICMP comparison failed for org.junit.jupiter:junit-jupiter-api
[2025-09-13 05:16:55] org.junit.jupiter:junit-jupiter-api:5.10.2 -> org.junit.jupiter:junit-jupiter-api:5.12.2 : Failed to compare JAR files: JAPICMP comparison failed for org.junit.jupiter:junit-jupiter-api
[2025-09-13 05:16:55] org.junit.jupiter:junit-jupiter-api:5.10.2 -> org.junit.jupiter:junit-jupiter-api:5.13.0 : Failed to compare JAR files: JAPICMP comparison failed for org.junit.jupiter:junit-jupiter-api
[2025-09-13 05:16:56] org.junit.jupiter:junit-jupiter-api:5.10.2 -> org.junit.jupiter:junit-jupiter-api:5.13.1 : Failed to compare JAR files: JAPICMP comparison failed for org.junit.jupiter:junit-jupiter-api
[2025-09-13 05:16:56] org.junit.jupiter:junit-jupiter-api:5.10.2 -> org.junit.jupiter:junit-jupiter-api:5.13.2 : Failed to compare JAR files: JAPICMP comparison failed for org.junit.jupiter:junit-jupiter-api
[2025-09-13 05:16:56] org.junit.jupiter:junit-jupiter-api:5.10.2 -> org.junit.jupiter:junit-jupiter-api:5.13.3 : Failed to compare JAR files: JAPICMP comparison failed for org.junit.jupiter:junit-jupiter-api
[2025-09-13 05:16:56] org.junit.jupiter:junit-jupiter-api:5.10.2 -> org.junit.jupiter:junit-jupiter-api:5.13.4 : Failed to compare JAR files: JAPICMP comparison failed for org.junit.jupiter:junit-jupiter-api
[2025-09-13 05:16:56] org.junit.jupiter:junit-jupiter-params:5.10.2 -> org.junit.jupiter:junit-jupiter-params:5.10.3 : Failed to compare JAR files: JAPICMP comparison failed for org.junit.jupiter:junit-jupiter-params
[2025-09-13 05:16:56] org.junit.jupiter:junit-jupiter-params:5.10.2 -> org.junit.jupiter:junit-jupiter-params:5.10.4 : Failed to compare JAR files: JAPICMP comparison failed for org.junit.jupiter:junit-jupiter-params
[2025-09-13 05:16:57] org.junit.jupiter:junit-jupiter-params:5.10.2 -> org.junit.jupiter:junit-jupiter-params:5.10.5 : Failed to compare JAR files: JAPICMP comparison failed for org.junit.jupiter:junit-jupiter-params
[2025-09-13 05:16:57] org.junit.jupiter:junit-jupiter-params:5.10.2 -> org.junit.jupiter:junit-jupiter-params:5.11.0 : Failed to compare JAR files: JAPICMP comparison failed for org.junit.jupiter:junit-jupiter-params
[2025-09-13 05:16:57] org.junit.jupiter:junit-jupiter-params:5.10.2 -> org.junit.jupiter:junit-jupiter-params:5.11.1 : Failed to compare JAR files: JAPICMP comparison failed for org.junit.jupiter:junit-jupiter-params
[2025-09-13 05:16:57] org.junit.jupiter:junit-jupiter-params:5.10.2 -> org.junit.jupiter:junit-jupiter-params:5.11.2 : Failed to compare JAR files: JAPICMP comparison failed for org.junit.jupiter:junit-jupiter-params
[2025-09-13 05:16:58] org.junit.jupiter:junit-jupiter-params:5.10.2 -> org.junit.jupiter:junit-jupiter-params:5.11.3 : Failed to compare JAR files: JAPICMP comparison failed for org.junit.jupiter:junit-jupiter-params
[2025-09-13 05:16:58] org.junit.jupiter:junit-jupiter-params:5.10.2 -> org.junit.jupiter:junit-jupiter-params:5.11.4 : Failed to compare JAR files: JAPICMP comparison failed for org.junit.jupiter:junit-jupiter-params
[2025-09-13 05:16:58] org.junit.jupiter:junit-jupiter-params:5.10.2 -> org.junit.jupiter:junit-jupiter-params:5.12.0 : Failed to compare JAR files: JAPICMP comparison failed for org.junit.jupiter:junit-jupiter-params
[2025-09-13 05:16:58] org.junit.jupiter:junit-jupiter-params:5.10.2 -> org.junit.jupiter:junit-jupiter-params:5.12.1 : Failed to compare JAR files: JAPICMP comparison failed for org.junit.jupiter:junit-jupiter-params
[2025-09-13 05:16:58] org.junit.jupiter:junit-jupiter-params:5.10.2 -> org.junit.jupiter:junit-jupiter-params:5.12.2 : Failed to compare JAR files: JAPICMP comparison failed for org.junit.jupiter:junit-jupiter-params
[2025-09-13 05:16:59] org.junit.jupiter:junit-jupiter-params:5.10.2 -> org.junit.jupiter:junit-jupiter-params:5.13.0 : Failed to compare JAR files: JAPICMP comparison failed for org.junit.jupiter:junit-jupiter-params
[2025-09-13 05:16:59] org.junit.jupiter:junit-jupiter-params:5.10.2 -> org.junit.jupiter:junit-jupiter-params:5.13.1 : Failed to compare JAR files: JAPICMP comparison failed for org.junit.jupiter:junit-jupiter-params
[2025-09-13 05:16:59] org.junit.jupiter:junit-jupiter-params:5.10.2 -> org.junit.jupiter:junit-jupiter-params:5.13.2 : Failed to compare JAR files: JAPICMP comparison failed for org.junit.jupiter:junit-jupiter-params
[2025-09-13 05:16:59] org.junit.jupiter:junit-jupiter-params:5.10.2 -> org.junit.jupiter:junit-jupiter-params:5.13.3 : Failed to compare JAR files: JAPICMP comparison failed for org.junit.jupiter:junit-jupiter-params
[2025-09-13 05:17:00] org.junit.jupiter:junit-jupiter-params:5.10.2 -> org.junit.jupiter:junit-jupiter-params:5.13.4 : Failed to compare JAR files: JAPICMP comparison failed for org.junit.jupiter:junit-jupiter-params
[2025-09-13 05:17:13] org.codehaus.groovy:groovy:3.0.21 -> org.codehaus.groovy:groovy:3.0.22 : Failed to compare JAR files: JAPICMP comparison failed for org.codehaus.groovy:groovy
[2025-09-13 05:17:18] org.codehaus.groovy:groovy:3.0.21 -> org.codehaus.groovy:groovy:3.0.23 : Failed to compare JAR files: JAPICMP comparison failed for org.codehaus.groovy:groovy
[2025-09-13 05:17:19] org.codehaus.groovy:groovy:3.0.21 -> org.codehaus.groovy:groovy:3.0.24 : Failed to compare JAR files: JAPICMP comparison failed for org.codehaus.groovy:groovy
[2025-09-13 05:17:20] org.codehaus.groovy:groovy:3.0.21 -> org.codehaus.groovy:groovy:3.0.25 : Failed to compare JAR files: JAPICMP comparison failed for org.codehaus.groovy:groovy
[2025-09-13 05:17:49] ch.qos.logback:logback-classic:1.3.12 -> ch.qos.logback:logback-classic:1.3.13 : Failed to compare JAR files: JAPICMP comparison failed for ch.qos.logback:logback-classic
[2025-09-13 05:17:50] ch.qos.logback:logback-classic:1.3.12 -> ch.qos.logback:logback-classic:1.3.14 : Failed to compare JAR files: JAPICMP comparison failed for ch.qos.logback:logback-classic
[2025-09-13 05:17:50] ch.qos.logback:logback-classic:1.3.12 -> ch.qos.logback:logback-classic:1.3.15 : Failed to compare JAR files: JAPICMP comparison failed for ch.qos.logback:logback-classic
[2025-09-13 05:17:50] ch.qos.logback:logback-classic:1.3.12 -> ch.qos.logback:logback-classic:1.4.0 : Failed to compare JAR files: JAPICMP comparison failed for ch.qos.logback:logback-classic
[2025-09-13 05:17:51] ch.qos.logback:logback-classic:1.3.12 -> ch.qos.logback:logback-classic:1.4.1 : Failed to compare JAR files: JAPICMP comparison failed for ch.qos.logback:logback-classic
[2025-09-13 05:17:51] ch.qos.logback:logback-classic:1.3.12 -> ch.qos.logback:logback-classic:1.4.2 : Failed to compare JAR files: JAPICMP comparison failed for ch.qos.logback:logback-classic
[2025-09-13 05:17:51] ch.qos.logback:logback-classic:1.3.12 -> ch.qos.logback:logback-classic:1.4.3 : Failed to compare JAR files: JAPICMP comparison failed for ch.qos.logback:logback-classic
[2025-09-13 05:17:52] ch.qos.logback:logback-classic:1.3.12 -> ch.qos.logback:logback-classic:1.4.4 : Failed to compare JAR files: JAPICMP comparison failed for ch.qos.logback:logback-classic
[2025-09-13 05:17:52] ch.qos.logback:logback-classic:1.3.12 -> ch.qos.logback:logback-classic:1.4.5 : Failed to compare JAR files: JAPICMP comparison failed for ch.qos.logback:logback-classic
[2025-09-13 05:17:52] ch.qos.logback:logback-classic:1.3.12 -> ch.qos.logback:logback-classic:1.4.6 : Failed to compare JAR files: JAPICMP comparison failed for ch.qos.logback:logback-classic
[2025-09-13 05:17:52] ch.qos.logback:logback-classic:1.3.12 -> ch.qos.logback:logback-classic:1.4.7 : Failed to compare JAR files: JAPICMP comparison failed for ch.qos.logback:logback-classic
[2025-09-13 05:17:53] ch.qos.logback:logback-classic:1.3.12 -> ch.qos.logback:logback-classic:1.4.8 : Failed to compare JAR files: JAPICMP comparison failed for ch.qos.logback:logback-classic
[2025-09-13 05:17:53] ch.qos.logback:logback-classic:1.3.12 -> ch.qos.logback:logback-classic:1.4.9 : Failed to compare JAR files: JAPICMP comparison failed for ch.qos.logback:logback-classic
[2025-09-13 05:17:53] ch.qos.logback:logback-classic:1.3.12 -> ch.qos.logback:logback-classic:1.4.10 : Failed to compare JAR files: JAPICMP comparison failed for ch.qos.logback:logback-classic
[2025-09-13 05:17:53] ch.qos.logback:logback-classic:1.3.12 -> ch.qos.logback:logback-classic:1.4.11 : Failed to compare JAR files: JAPICMP comparison failed for ch.qos.logback:logback-classic
[2025-09-13 05:17:53] ch.qos.logback:logback-classic:1.3.12 -> ch.qos.logback:logback-classic:1.4.12 : Failed to compare JAR files: JAPICMP comparison failed for ch.qos.logback:logback-classic
[2025-09-13 05:17:54] ch.qos.logback:logback-classic:1.3.12 -> ch.qos.logback:logback-classic:1.4.13 : Failed to compare JAR files: JAPICMP comparison failed for ch.qos.logback:logback-classic
[2025-09-13 05:17:54] ch.qos.logback:logback-classic:1.3.12 -> ch.qos.logback:logback-classic:1.4.14 : Failed to compare JAR files: JAPICMP comparison failed for ch.qos.logback:logback-classic
[2025-09-13 05:17:54] ch.qos.logback:logback-classic:1.3.12 -> ch.qos.logback:logback-classic:1.5.0 : Failed to compare JAR files: JAPICMP comparison failed for ch.qos.logback:logback-classic
[2025-09-13 05:17:54] ch.qos.logback:logback-classic:1.3.12 -> ch.qos.logback:logback-classic:1.5.1 : Failed to compare JAR files: JAPICMP comparison failed for ch.qos.logback:logback-classic
[2025-09-13 05:17:55] ch.qos.logback:logback-classic:1.3.12 -> ch.qos.logback:logback-classic:1.5.2 : Failed to compare JAR files: JAPICMP comparison failed for ch.qos.logback:logback-classic
[2025-09-13 05:17:55] ch.qos.logback:logback-classic:1.3.12 -> ch.qos.logback:logback-classic:1.5.3 : Failed to compare JAR files: JAPICMP comparison failed for ch.qos.logback:logback-classic
[2025-09-13 05:17:55] ch.qos.logback:logback-classic:1.3.12 -> ch.qos.logback:logback-classic:1.5.4 : Failed to compare JAR files: JAPICMP comparison failed for ch.qos.logback:logback-classic
[2025-09-13 05:17:55] ch.qos.logback:logback-classic:1.3.12 -> ch.qos.logback:logback-classic:1.5.5 : Failed to compare JAR files: JAPICMP comparison failed for ch.qos.logback:logback-classic
[2025-09-13 05:17:56] ch.qos.logback:logback-classic:1.3.12 -> ch.qos.logback:logback-classic:1.5.6 : Failed to compare JAR files: JAPICMP comparison failed for ch.qos.logback:logback-classic
[2025-09-13 05:17:56] ch.qos.logback:logback-classic:1.3.12 -> ch.qos.logback:logback-classic:1.5.7 : Failed to compare JAR files: JAPICMP comparison failed for ch.qos.logback:logback-classic
[2025-09-13 05:17:56] ch.qos.logback:logback-classic:1.3.12 -> ch.qos.logback:logback-classic:1.5.8 : Failed to compare JAR files: JAPICMP comparison failed for ch.qos.logback:logback-classic
[2025-09-13 05:17:56] ch.qos.logback:logback-classic:1.3.12 -> ch.qos.logback:logback-classic:1.5.9 : Failed to compare JAR files: JAPICMP comparison failed for ch.qos.logback:logback-classic
[2025-09-13 05:17:57] ch.qos.logback:logback-classic:1.3.12 -> ch.qos.logback:logback-classic:1.5.10 : Failed to compare JAR files: JAPICMP comparison failed for ch.qos.logback:logback-classic
[2025-09-13 05:17:57] ch.qos.logback:logback-classic:1.3.12 -> ch.qos.logback:logback-classic:1.5.11 : Failed to compare JAR files: JAPICMP comparison failed for ch.qos.logback:logback-classic
[2025-09-13 05:17:57] ch.qos.logback:logback-classic:1.3.12 -> ch.qos.logback:logback-classic:1.5.12 : Failed to compare JAR files: JAPICMP comparison failed for ch.qos.logback:logback-classic
[2025-09-13 05:17:57] ch.qos.logback:logback-classic:1.3.12 -> ch.qos.logback:logback-classic:1.5.13 : Failed to compare JAR files: JAPICMP comparison failed for ch.qos.logback:logback-classic
[2025-09-13 05:17:58] ch.qos.logback:logback-classic:1.3.12 -> ch.qos.logback:logback-classic:1.5.14 : Failed to compare JAR files: JAPICMP comparison failed for ch.qos.logback:logback-classic
[2025-09-13 05:17:58] ch.qos.logback:logback-classic:1.3.12 -> ch.qos.logback:logback-classic:1.5.15 : Failed to compare JAR files: JAPICMP comparison failed for ch.qos.logback:logback-classic
[2025-09-13 05:17:58] ch.qos.logback:logback-classic:1.3.12 -> ch.qos.logback:logback-classic:1.5.16 : Failed to compare JAR files: JAPICMP comparison failed for ch.qos.logback:logback-classic
[2025-09-13 05:17:59] ch.qos.logback:logback-classic:1.3.12 -> ch.qos.logback:logback-classic:1.5.17 : Failed to compare JAR files: JAPICMP comparison failed for ch.qos.logback:logback-classic
[2025-09-13 05:17:59] ch.qos.logback:logback-classic:1.3.12 -> ch.qos.logback:logback-classic:1.5.18 : Failed to compare JAR files: JAPICMP comparison failed for ch.qos.logback:logback-classic

=== Summary ===
Total comparisons: 3364
Failures: 195
Success rate: 94.20%
