=== Comparison Failure Log ===
[2025-09-13 01:09:57] org.springframework:spring-tx:4.3.25.RELEASE -> org.springframework:spring-tx:4.3.26.RELEASE : Failed to compare JAR files: JAPICMP comparison failed for org.springframework:spring-tx
[2025-09-13 01:09:58] org.springframework:spring-tx:4.3.25.RELEASE -> org.springframework:spring-tx:4.3.27.RELEASE : Failed to compare JAR files: JAPICMP comparison failed for org.springframework:spring-tx
[2025-09-13 01:09:58] org.springframework:spring-tx:4.3.25.RELEASE -> org.springframework:spring-tx:4.3.28.RELEASE : Failed to compare JAR files: JAPICMP comparison failed for org.springframework:spring-tx
[2025-09-13 01:09:58] org.springframework:spring-tx:4.3.25.RELEASE -> org.springframework:spring-tx:4.3.29.RELEASE : Failed to compare JAR files: JAPICMP comparison failed for org.springframework:spring-tx
[2025-09-13 01:09:58] org.springframework:spring-tx:4.3.25.RELEASE -> org.springframework:spring-tx:4.3.30.RELEASE : Failed to compare JAR files: JAPICMP comparison failed for org.springframework:spring-tx
[2025-09-13 01:11:41] io.github.bes2008.solution.agileway:agileway-spring:5.0.0 -> io.github.bes2008.solution.agileway:agileway-spring:5.0.1 : Failed to compare JAR files: JAPICMP comparison failed for io.github.bes2008.solution.agileway:agileway-spring
[2025-09-13 01:11:51] io.github.bes2008.solution.agileway:agileway-spring:5.0.0 -> io.github.bes2008.solution.agileway:agileway-spring:5.0.2 : Failed to compare JAR files: JAPICMP comparison failed for io.github.bes2008.solution.agileway:agileway-spring
[2025-09-13 01:12:02] io.github.bes2008.solution.agileway:agileway-spring:5.0.0 -> io.github.bes2008.solution.agileway:agileway-spring:5.0.3 : Failed to compare JAR files: JAPICMP comparison failed for io.github.bes2008.solution.agileway:agileway-spring
[2025-09-13 01:12:12] io.github.bes2008.solution.agileway:agileway-spring:5.0.0 -> io.github.bes2008.solution.agileway:agileway-spring:5.0.4 : Failed to compare JAR files: JAPICMP comparison failed for io.github.bes2008.solution.agileway:agileway-spring
[2025-09-13 01:12:24] io.github.bes2008.solution.agileway:agileway-spring:5.0.0 -> io.github.bes2008.solution.agileway:agileway-spring:5.1.0 : Failed to compare JAR files: JAPICMP comparison failed for io.github.bes2008.solution.agileway:agileway-spring
[2025-09-13 01:12:43] io.github.bes2008.solution.agileway:agileway-spring:5.0.0 -> io.github.bes2008.solution.agileway:agileway-spring:5.2.0 : Failed to compare JAR files: JAPICMP comparison failed for io.github.bes2008.solution.agileway:agileway-spring
[2025-09-13 01:12:57] io.github.bes2008.solution.agileway:agileway-spring:5.0.0 -> io.github.bes2008.solution.agileway:agileway-spring:5.2.1 : Failed to compare JAR files: JAPICMP comparison failed for io.github.bes2008.solution.agileway:agileway-spring
[2025-09-13 01:13:11] io.github.bes2008.solution.agileway:agileway-spring:5.0.0 -> io.github.bes2008.solution.agileway:agileway-spring:5.2.2 : Failed to compare JAR files: JAPICMP comparison failed for io.github.bes2008.solution.agileway:agileway-spring
[2025-09-13 01:13:25] io.github.bes2008.solution.agileway:agileway-spring:5.0.0 -> io.github.bes2008.solution.agileway:agileway-spring:5.2.3 : Failed to compare JAR files: JAPICMP comparison failed for io.github.bes2008.solution.agileway:agileway-spring
[2025-09-13 01:13:40] io.github.bes2008.solution.agileway:agileway-spring:5.0.0 -> io.github.bes2008.solution.agileway:agileway-spring:5.2.4 : Failed to compare JAR files: JAPICMP comparison failed for io.github.bes2008.solution.agileway:agileway-spring
[2025-09-13 01:13:53] io.github.bes2008.solution.agileway:agileway-spring:5.0.0 -> io.github.bes2008.solution.agileway:agileway-spring:5.2.5 : Failed to compare JAR files: JAPICMP comparison failed for io.github.bes2008.solution.agileway:agileway-spring
[2025-09-13 01:14:09] io.github.bes2008.solution.agileway:agileway-spring:5.0.0 -> io.github.bes2008.solution.agileway:agileway-spring:5.2.6 : Failed to compare JAR files: JAPICMP comparison failed for io.github.bes2008.solution.agileway:agileway-spring
[2025-09-13 01:14:22] io.github.bes2008.solution.agileway:agileway-spring:5.0.0 -> io.github.bes2008.solution.agileway:agileway-spring:5.2.7 : Failed to compare JAR files: JAPICMP comparison failed for io.github.bes2008.solution.agileway:agileway-spring
[2025-09-13 01:14:36] io.github.bes2008.solution.agileway:agileway-spring:5.0.0 -> io.github.bes2008.solution.agileway:agileway-spring:5.3.0 : Failed to compare JAR files: JAPICMP comparison failed for io.github.bes2008.solution.agileway:agileway-spring
[2025-09-13 01:14:49] io.github.bes2008.solution.agileway:agileway-spring:5.0.0 -> io.github.bes2008.solution.agileway:agileway-spring:5.3.1 : Failed to compare JAR files: JAPICMP comparison failed for io.github.bes2008.solution.agileway:agileway-spring
[2025-09-13 01:14:55] org.aspectj:aspectjweaver:1.9.5 -> org.aspectj:aspectjweaver:1.9.6 : Failed to compare JAR files: JAPICMP comparison failed for org.aspectj:aspectjweaver
[2025-09-13 01:14:55] org.aspectj:aspectjweaver:1.9.5 -> org.aspectj:aspectjweaver:1.9.7 : Failed to compare JAR files: JAPICMP comparison failed for org.aspectj:aspectjweaver
[2025-09-13 01:14:56] org.aspectj:aspectjweaver:1.9.5 -> org.aspectj:aspectjweaver:1.9.8 : Failed to compare JAR files: JAPICMP comparison failed for org.aspectj:aspectjweaver
[2025-09-13 01:14:57] org.aspectj:aspectjweaver:1.9.5 -> org.aspectj:aspectjweaver:1.9.9 : Failed to compare JAR files: JAPICMP comparison failed for org.aspectj:aspectjweaver
[2025-09-13 01:14:58] org.aspectj:aspectjweaver:1.9.5 -> org.aspectj:aspectjweaver:1.9.9.1 : Failed to compare JAR files: JAPICMP comparison failed for org.aspectj:aspectjweaver
[2025-09-13 01:14:59] org.aspectj:aspectjweaver:1.9.5 -> org.aspectj:aspectjweaver:1.9.19 : Failed to compare JAR files: JAPICMP comparison failed for org.aspectj:aspectjweaver
[2025-09-13 01:14:59] org.aspectj:aspectjweaver:1.9.5 -> org.aspectj:aspectjweaver:1.9.20 : Failed to compare JAR files: JAPICMP comparison failed for org.aspectj:aspectjweaver
[2025-09-13 01:14:59] org.aspectj:aspectjweaver:1.9.5 -> org.aspectj:aspectjweaver:1.9.20.1 : Failed to compare JAR files: JAPICMP comparison failed for org.aspectj:aspectjweaver
[2025-09-13 01:15:00] org.aspectj:aspectjweaver:1.9.5 -> org.aspectj:aspectjweaver:1.9.21 : Failed to compare JAR files: JAPICMP comparison failed for org.aspectj:aspectjweaver
[2025-09-13 01:15:00] org.aspectj:aspectjweaver:1.9.5 -> org.aspectj:aspectjweaver:1.9.21.1 : Failed to compare JAR files: JAPICMP comparison failed for org.aspectj:aspectjweaver
[2025-09-13 01:15:01] org.aspectj:aspectjweaver:1.9.5 -> org.aspectj:aspectjweaver:1.9.21.2 : Failed to compare JAR files: JAPICMP comparison failed for org.aspectj:aspectjweaver
[2025-09-13 01:15:01] org.aspectj:aspectjweaver:1.9.5 -> org.aspectj:aspectjweaver:1.9.22 : Failed to compare JAR files: JAPICMP comparison failed for org.aspectj:aspectjweaver
[2025-09-13 01:15:02] org.aspectj:aspectjweaver:1.9.5 -> org.aspectj:aspectjweaver:1.9.22.1 : Failed to compare JAR files: JAPICMP comparison failed for org.aspectj:aspectjweaver
[2025-09-13 01:15:02] org.aspectj:aspectjweaver:1.9.5 -> org.aspectj:aspectjweaver:1.9.23 : Failed to compare JAR files: JAPICMP comparison failed for org.aspectj:aspectjweaver
[2025-09-13 01:15:02] org.aspectj:aspectjweaver:1.9.5 -> org.aspectj:aspectjweaver:1.9.24 : Failed to compare JAR files: JAPICMP comparison failed for org.aspectj:aspectjweaver
[2025-09-13 01:16:30] com.zaxxer:HikariCP:2.4.7 -> com.zaxxer:HikariCP:2.5.0 : Failed to compare JAR files: JAPICMP comparison failed for com.zaxxer:HikariCP
[2025-09-13 01:16:31] com.zaxxer:HikariCP:2.4.7 -> com.zaxxer:HikariCP:2.5.1 : Failed to compare JAR files: JAPICMP comparison failed for com.zaxxer:HikariCP
[2025-09-13 01:16:31] com.zaxxer:HikariCP:2.4.7 -> com.zaxxer:HikariCP:2.6.0 : Failed to compare JAR files: JAPICMP comparison failed for com.zaxxer:HikariCP
[2025-09-13 01:16:32] com.zaxxer:HikariCP:2.4.7 -> com.zaxxer:HikariCP:2.6.1 : Failed to compare JAR files: JAPICMP comparison failed for com.zaxxer:HikariCP
[2025-09-13 01:16:33] com.zaxxer:HikariCP:2.4.7 -> com.zaxxer:HikariCP:2.6.2 : Failed to compare JAR files: JAPICMP comparison failed for com.zaxxer:HikariCP
[2025-09-13 01:16:34] com.zaxxer:HikariCP:2.4.7 -> com.zaxxer:HikariCP:2.6.3 : Failed to compare JAR files: JAPICMP comparison failed for com.zaxxer:HikariCP
[2025-09-13 01:16:35] com.zaxxer:HikariCP:2.4.7 -> com.zaxxer:HikariCP:2.7.0 : Failed to compare JAR files: JAPICMP comparison failed for com.zaxxer:HikariCP
[2025-09-13 01:16:36] com.zaxxer:HikariCP:2.4.7 -> com.zaxxer:HikariCP:2.7.1 : Failed to compare JAR files: JAPICMP comparison failed for com.zaxxer:HikariCP
[2025-09-13 01:16:37] com.zaxxer:HikariCP:2.4.7 -> com.zaxxer:HikariCP:2.7.2 : Failed to compare JAR files: JAPICMP comparison failed for com.zaxxer:HikariCP
[2025-09-13 01:16:39] com.zaxxer:HikariCP:2.4.7 -> com.zaxxer:HikariCP:2.7.3 : Failed to compare JAR files: JAPICMP comparison failed for com.zaxxer:HikariCP
[2025-09-13 01:16:41] com.zaxxer:HikariCP:2.4.7 -> com.zaxxer:HikariCP:2.7.4 : Failed to compare JAR files: JAPICMP comparison failed for com.zaxxer:HikariCP
[2025-09-13 01:16:42] com.zaxxer:HikariCP:2.4.7 -> com.zaxxer:HikariCP:2.7.5 : Failed to compare JAR files: JAPICMP comparison failed for com.zaxxer:HikariCP
[2025-09-13 01:16:43] com.zaxxer:HikariCP:2.4.7 -> com.zaxxer:HikariCP:2.7.6 : Failed to compare JAR files: JAPICMP comparison failed for com.zaxxer:HikariCP
[2025-09-13 01:16:44] com.zaxxer:HikariCP:2.4.7 -> com.zaxxer:HikariCP:2.7.7 : Failed to compare JAR files: JAPICMP comparison failed for com.zaxxer:HikariCP
[2025-09-13 01:16:45] com.zaxxer:HikariCP:2.4.7 -> com.zaxxer:HikariCP:2.7.8 : Failed to compare JAR files: JAPICMP comparison failed for com.zaxxer:HikariCP
[2025-09-13 01:16:46] com.zaxxer:HikariCP:2.4.7 -> com.zaxxer:HikariCP:2.7.9 : Failed to compare JAR files: JAPICMP comparison failed for com.zaxxer:HikariCP
[2025-09-13 01:18:32] com.alibaba:druid:1.1.24 -> com.alibaba:druid:1.2.0 : Failed to compare JAR files: JAPICMP comparison failed for com.alibaba:druid
[2025-09-13 01:18:34] com.alibaba:druid:1.1.24 -> com.alibaba:druid:1.2.1 : Failed to compare JAR files: JAPICMP comparison failed for com.alibaba:druid
[2025-09-13 01:18:35] com.alibaba:druid:1.1.24 -> com.alibaba:druid:1.2.2 : Failed to compare JAR files: JAPICMP comparison failed for com.alibaba:druid
[2025-09-13 01:18:37] com.alibaba:druid:1.1.24 -> com.alibaba:druid:1.2.3 : Failed to compare JAR files: JAPICMP comparison failed for com.alibaba:druid
[2025-09-13 01:18:38] com.alibaba:druid:1.1.24 -> com.alibaba:druid:1.2.4 : Failed to compare JAR files: JAPICMP comparison failed for com.alibaba:druid
[2025-09-13 01:18:39] com.alibaba:druid:1.1.24 -> com.alibaba:druid:1.2.5 : Failed to compare JAR files: JAPICMP comparison failed for com.alibaba:druid
[2025-09-13 01:18:41] com.alibaba:druid:1.1.24 -> com.alibaba:druid:1.2.6 : Failed to compare JAR files: JAPICMP comparison failed for com.alibaba:druid
[2025-09-13 01:18:42] com.alibaba:druid:1.1.24 -> com.alibaba:druid:1.2.7 : Failed to compare JAR files: JAPICMP comparison failed for com.alibaba:druid
[2025-09-13 01:18:43] com.alibaba:druid:1.1.24 -> com.alibaba:druid:1.2.8 : Failed to compare JAR files: JAPICMP comparison failed for com.alibaba:druid
[2025-09-13 01:18:45] com.alibaba:druid:1.1.24 -> com.alibaba:druid:1.2.9 : Failed to compare JAR files: JAPICMP comparison failed for com.alibaba:druid
[2025-09-13 01:18:46] com.alibaba:druid:1.1.24 -> com.alibaba:druid:1.2.10 : Failed to compare JAR files: JAPICMP comparison failed for com.alibaba:druid
[2025-09-13 01:18:48] com.alibaba:druid:1.1.24 -> com.alibaba:druid:1.2.11 : Failed to compare JAR files: JAPICMP comparison failed for com.alibaba:druid
[2025-09-13 01:18:48] com.alibaba:druid:1.1.24 -> com.alibaba:druid:1.2.12 : Failed to compare JAR files: JAPICMP comparison failed for com.alibaba:druid
[2025-09-13 01:18:51] com.alibaba:druid:1.1.24 -> com.alibaba:druid:1.2.13 : Failed to compare JAR files: JAPICMP comparison failed for com.alibaba:druid
[2025-09-13 01:18:53] com.alibaba:druid:1.1.24 -> com.alibaba:druid:1.2.14 : Failed to compare JAR files: JAPICMP comparison failed for com.alibaba:druid
[2025-09-13 01:18:56] com.alibaba:druid:1.1.24 -> com.alibaba:druid:1.2.15 : Failed to compare JAR files: JAPICMP comparison failed for com.alibaba:druid
[2025-09-13 01:18:58] com.alibaba:druid:1.1.24 -> com.alibaba:druid:1.2.16 : Failed to compare JAR files: JAPICMP comparison failed for com.alibaba:druid
[2025-09-13 01:19:00] com.alibaba:druid:1.1.24 -> com.alibaba:druid:1.2.17 : Failed to compare JAR files: JAPICMP comparison failed for com.alibaba:druid
[2025-09-13 01:19:02] com.alibaba:druid:1.1.24 -> com.alibaba:druid:1.2.18 : Failed to compare JAR files: JAPICMP comparison failed for com.alibaba:druid
[2025-09-13 01:19:03] com.alibaba:druid:1.1.24 -> com.alibaba:druid:1.2.19 : Failed to compare JAR files: JAPICMP comparison failed for com.alibaba:druid
[2025-09-13 01:19:05] com.alibaba:druid:1.1.24 -> com.alibaba:druid:1.2.20 : Failed to compare JAR files: JAPICMP comparison failed for com.alibaba:druid
[2025-09-13 01:19:07] com.alibaba:druid:1.1.24 -> com.alibaba:druid:1.2.21 : Failed to compare JAR files: JAPICMP comparison failed for com.alibaba:druid
[2025-09-13 01:19:08] com.alibaba:druid:1.1.24 -> com.alibaba:druid:1.2.22 : Failed to compare JAR files: JAPICMP comparison failed for com.alibaba:druid
[2025-09-13 01:19:10] com.alibaba:druid:1.1.24 -> com.alibaba:druid:1.2.23 : Failed to compare JAR files: JAPICMP comparison failed for com.alibaba:druid
[2025-09-13 01:19:11] com.alibaba:druid:1.1.24 -> com.alibaba:druid:1.2.24 : Failed to compare JAR files: JAPICMP comparison failed for com.alibaba:druid
[2025-09-13 01:19:13] com.alibaba:druid:1.1.24 -> com.alibaba:druid:1.2.25 : Failed to compare JAR files: JAPICMP comparison failed for com.alibaba:druid
[2025-09-13 01:19:14] com.alibaba:druid:1.1.24 -> com.alibaba:druid:1.2.26 : Failed to compare JAR files: JAPICMP comparison failed for com.alibaba:druid
[2025-09-13 01:19:15] com.alibaba:druid:1.1.24 -> com.alibaba:druid:1.2.27 : Failed to compare JAR files: JAPICMP comparison failed for com.alibaba:druid

=== Summary ===
Total comparisons: 439
Failures: 79
Success rate: 82.00%
