=== Comparison Failure Log ===
[2025-09-13 05:23:39] org.testcontainers:mariadb:1.19.4 -> org.testcontainers:mariadb:1.19.5 : Failed to compare JAR files: JAPICMP comparison failed for org.testcontainers:mariadb
[2025-09-13 05:23:43] org.testcontainers:mariadb:1.19.4 -> org.testcontainers:mariadb:1.19.6 : Failed to compare JAR files: JAPICMP comparison failed for org.testcontainers:mariadb
[2025-09-13 05:23:46] org.testcontainers:mariadb:1.19.4 -> org.testcontainers:mariadb:1.19.7 : Failed to compare JAR files: JAPICMP comparison failed for org.testcontainers:mariadb
[2025-09-13 05:23:53] org.testcontainers:mariadb:1.19.4 -> org.testcontainers:mariadb:1.19.8 : Failed to compare JAR files: JAPICMP comparison failed for org.testcontainers:mariadb
[2025-09-13 05:23:56] org.testcontainers:mariadb:1.19.4 -> org.testcontainers:mariadb:1.20.0 : Failed to compare JAR files: JAPICMP comparison failed for org.testcontainers:mariadb
[2025-09-13 05:23:57] org.testcontainers:mariadb:1.19.4 -> org.testcontainers:mariadb:1.20.1 : Failed to compare JAR files: JAPICMP comparison failed for org.testcontainers:mariadb
[2025-09-13 05:23:59] org.testcontainers:mariadb:1.19.4 -> org.testcontainers:mariadb:1.20.2 : Failed to compare JAR files: JAPICMP comparison failed for org.testcontainers:mariadb
[2025-09-13 05:24:00] org.testcontainers:mariadb:1.19.4 -> org.testcontainers:mariadb:1.20.3 : Failed to compare JAR files: JAPICMP comparison failed for org.testcontainers:mariadb
[2025-09-13 05:24:01] org.testcontainers:mariadb:1.19.4 -> org.testcontainers:mariadb:1.20.4 : Failed to compare JAR files: JAPICMP comparison failed for org.testcontainers:mariadb
[2025-09-13 05:24:02] org.testcontainers:mariadb:1.19.4 -> org.testcontainers:mariadb:1.20.5 : Failed to compare JAR files: JAPICMP comparison failed for org.testcontainers:mariadb
[2025-09-13 05:24:03] org.testcontainers:mariadb:1.19.4 -> org.testcontainers:mariadb:1.20.6 : Failed to compare JAR files: JAPICMP comparison failed for org.testcontainers:mariadb
[2025-09-13 05:24:05] org.testcontainers:mariadb:1.19.4 -> org.testcontainers:mariadb:1.21.0 : Failed to compare JAR files: JAPICMP comparison failed for org.testcontainers:mariadb
[2025-09-13 05:24:06] org.testcontainers:mariadb:1.19.4 -> org.testcontainers:mariadb:1.21.1 : Failed to compare JAR files: JAPICMP comparison failed for org.testcontainers:mariadb
[2025-09-13 05:24:07] org.testcontainers:mariadb:1.19.4 -> org.testcontainers:mariadb:1.21.2 : Failed to compare JAR files: JAPICMP comparison failed for org.testcontainers:mariadb
[2025-09-13 05:24:08] org.testcontainers:mariadb:1.19.4 -> org.testcontainers:mariadb:1.21.3 : Failed to compare JAR files: JAPICMP comparison failed for org.testcontainers:mariadb
[2025-09-13 05:25:03] org.mariadb.jdbc:mariadb-java-client:3.5.2 -> org.mariadb.jdbc:mariadb-java-client:3.5.3 : Failed to compare JAR files: JAPICMP comparison failed for org.mariadb.jdbc:mariadb-java-client
[2025-09-13 05:25:05] org.mariadb.jdbc:mariadb-java-client:3.5.2 -> org.mariadb.jdbc:mariadb-java-client:3.5.4 : Failed to compare JAR files: JAPICMP comparison failed for org.mariadb.jdbc:mariadb-java-client
[2025-09-13 05:25:07] org.mariadb.jdbc:mariadb-java-client:3.5.2 -> org.mariadb.jdbc:mariadb-java-client:3.5.5 : Failed to compare JAR files: JAPICMP comparison failed for org.mariadb.jdbc:mariadb-java-client
[2025-09-13 05:25:10] org.mariadb.jdbc:mariadb-java-client:3.5.2 -> org.mariadb.jdbc:mariadb-java-client:3.5.6 : Failed to compare JAR files: JAPICMP comparison failed for org.mariadb.jdbc:mariadb-java-client
[2025-09-13 05:25:12] com.zaxxer:HikariCP-java6:2.3.8 -> com.zaxxer:HikariCP-java6:2.3.9 : Failed to compare JAR files: JAPICMP comparison failed for com.zaxxer:HikariCP-java6
[2025-09-13 05:25:12] com.zaxxer:HikariCP-java6:2.3.8 -> com.zaxxer:HikariCP-java6:2.3.10 : Failed to compare JAR files: JAPICMP comparison failed for com.zaxxer:HikariCP-java6
[2025-09-13 05:25:12] com.zaxxer:HikariCP-java6:2.3.8 -> com.zaxxer:HikariCP-java6:2.3.11 : Failed to compare JAR files: JAPICMP comparison failed for com.zaxxer:HikariCP-java6
[2025-09-13 05:25:12] com.zaxxer:HikariCP-java6:2.3.8 -> com.zaxxer:HikariCP-java6:2.3.12 : Failed to compare JAR files: JAPICMP comparison failed for com.zaxxer:HikariCP-java6
[2025-09-13 05:25:13] com.zaxxer:HikariCP-java6:2.3.8 -> com.zaxxer:HikariCP-java6:2.3.13 : Failed to compare JAR files: JAPICMP comparison failed for com.zaxxer:HikariCP-java6
[2025-09-13 05:25:13] org.junit.jupiter:junit-jupiter-api:5.10.2 -> org.junit.jupiter:junit-jupiter-api:5.10.3 : Failed to compare JAR files: JAPICMP comparison failed for org.junit.jupiter:junit-jupiter-api
[2025-09-13 05:25:13] org.junit.jupiter:junit-jupiter-api:5.10.2 -> org.junit.jupiter:junit-jupiter-api:5.10.4 : Failed to compare JAR files: JAPICMP comparison failed for org.junit.jupiter:junit-jupiter-api
[2025-09-13 05:25:13] org.junit.jupiter:junit-jupiter-api:5.10.2 -> org.junit.jupiter:junit-jupiter-api:5.10.5 : Failed to compare JAR files: JAPICMP comparison failed for org.junit.jupiter:junit-jupiter-api
[2025-09-13 05:25:13] org.junit.jupiter:junit-jupiter-api:5.10.2 -> org.junit.jupiter:junit-jupiter-api:5.11.0 : Failed to compare JAR files: JAPICMP comparison failed for org.junit.jupiter:junit-jupiter-api
[2025-09-13 05:25:13] org.junit.jupiter:junit-jupiter-api:5.10.2 -> org.junit.jupiter:junit-jupiter-api:5.11.1 : Failed to compare JAR files: JAPICMP comparison failed for org.junit.jupiter:junit-jupiter-api
[2025-09-13 05:25:13] org.junit.jupiter:junit-jupiter-api:5.10.2 -> org.junit.jupiter:junit-jupiter-api:5.11.2 : Failed to compare JAR files: JAPICMP comparison failed for org.junit.jupiter:junit-jupiter-api
[2025-09-13 05:25:13] org.junit.jupiter:junit-jupiter-api:5.10.2 -> org.junit.jupiter:junit-jupiter-api:5.11.3 : Failed to compare JAR files: JAPICMP comparison failed for org.junit.jupiter:junit-jupiter-api
[2025-09-13 05:25:13] org.junit.jupiter:junit-jupiter-api:5.10.2 -> org.junit.jupiter:junit-jupiter-api:5.11.4 : Failed to compare JAR files: JAPICMP comparison failed for org.junit.jupiter:junit-jupiter-api
[2025-09-13 05:25:13] org.junit.jupiter:junit-jupiter-api:5.10.2 -> org.junit.jupiter:junit-jupiter-api:5.12.0 : Failed to compare JAR files: JAPICMP comparison failed for org.junit.jupiter:junit-jupiter-api
[2025-09-13 05:25:13] org.junit.jupiter:junit-jupiter-api:5.10.2 -> org.junit.jupiter:junit-jupiter-api:5.12.1 : Failed to compare JAR files: JAPICMP comparison failed for org.junit.jupiter:junit-jupiter-api
[2025-09-13 05:25:14] org.junit.jupiter:junit-jupiter-api:5.10.2 -> org.junit.jupiter:junit-jupiter-api:5.12.2 : Failed to compare JAR files: JAPICMP comparison failed for org.junit.jupiter:junit-jupiter-api
[2025-09-13 05:25:14] org.junit.jupiter:junit-jupiter-api:5.10.2 -> org.junit.jupiter:junit-jupiter-api:5.13.0 : Failed to compare JAR files: JAPICMP comparison failed for org.junit.jupiter:junit-jupiter-api
[2025-09-13 05:25:14] org.junit.jupiter:junit-jupiter-api:5.10.2 -> org.junit.jupiter:junit-jupiter-api:5.13.1 : Failed to compare JAR files: JAPICMP comparison failed for org.junit.jupiter:junit-jupiter-api
[2025-09-13 05:25:14] org.junit.jupiter:junit-jupiter-api:5.10.2 -> org.junit.jupiter:junit-jupiter-api:5.13.2 : Failed to compare JAR files: JAPICMP comparison failed for org.junit.jupiter:junit-jupiter-api
[2025-09-13 05:25:14] org.junit.jupiter:junit-jupiter-api:5.10.2 -> org.junit.jupiter:junit-jupiter-api:5.13.3 : Failed to compare JAR files: JAPICMP comparison failed for org.junit.jupiter:junit-jupiter-api
[2025-09-13 05:25:14] org.junit.jupiter:junit-jupiter-api:5.10.2 -> org.junit.jupiter:junit-jupiter-api:5.13.4 : Failed to compare JAR files: JAPICMP comparison failed for org.junit.jupiter:junit-jupiter-api
[2025-09-13 05:25:14] org.junit.jupiter:junit-jupiter-params:5.10.2 -> org.junit.jupiter:junit-jupiter-params:5.10.3 : Failed to compare JAR files: JAPICMP comparison failed for org.junit.jupiter:junit-jupiter-params
[2025-09-13 05:25:14] org.junit.jupiter:junit-jupiter-params:5.10.2 -> org.junit.jupiter:junit-jupiter-params:5.10.4 : Failed to compare JAR files: JAPICMP comparison failed for org.junit.jupiter:junit-jupiter-params
[2025-09-13 05:25:14] org.junit.jupiter:junit-jupiter-params:5.10.2 -> org.junit.jupiter:junit-jupiter-params:5.10.5 : Failed to compare JAR files: JAPICMP comparison failed for org.junit.jupiter:junit-jupiter-params
[2025-09-13 05:25:15] org.junit.jupiter:junit-jupiter-params:5.10.2 -> org.junit.jupiter:junit-jupiter-params:5.11.0 : Failed to compare JAR files: JAPICMP comparison failed for org.junit.jupiter:junit-jupiter-params
[2025-09-13 05:25:15] org.junit.jupiter:junit-jupiter-params:5.10.2 -> org.junit.jupiter:junit-jupiter-params:5.11.1 : Failed to compare JAR files: JAPICMP comparison failed for org.junit.jupiter:junit-jupiter-params
[2025-09-13 05:25:15] org.junit.jupiter:junit-jupiter-params:5.10.2 -> org.junit.jupiter:junit-jupiter-params:5.11.2 : Failed to compare JAR files: JAPICMP comparison failed for org.junit.jupiter:junit-jupiter-params
[2025-09-13 05:25:15] org.junit.jupiter:junit-jupiter-params:5.10.2 -> org.junit.jupiter:junit-jupiter-params:5.11.3 : Failed to compare JAR files: JAPICMP comparison failed for org.junit.jupiter:junit-jupiter-params
[2025-09-13 05:25:15] org.junit.jupiter:junit-jupiter-params:5.10.2 -> org.junit.jupiter:junit-jupiter-params:5.11.4 : Failed to compare JAR files: JAPICMP comparison failed for org.junit.jupiter:junit-jupiter-params
[2025-09-13 05:25:15] org.junit.jupiter:junit-jupiter-params:5.10.2 -> org.junit.jupiter:junit-jupiter-params:5.12.0 : Failed to compare JAR files: JAPICMP comparison failed for org.junit.jupiter:junit-jupiter-params
[2025-09-13 05:25:16] org.junit.jupiter:junit-jupiter-params:5.10.2 -> org.junit.jupiter:junit-jupiter-params:5.12.1 : Failed to compare JAR files: JAPICMP comparison failed for org.junit.jupiter:junit-jupiter-params
[2025-09-13 05:25:20] org.junit.jupiter:junit-jupiter-params:5.10.2 -> org.junit.jupiter:junit-jupiter-params:5.12.2 : Failed to compare JAR files: JAPICMP comparison failed for org.junit.jupiter:junit-jupiter-params
[2025-09-13 05:25:20] org.junit.jupiter:junit-jupiter-params:5.10.2 -> org.junit.jupiter:junit-jupiter-params:5.13.0 : Failed to compare JAR files: JAPICMP comparison failed for org.junit.jupiter:junit-jupiter-params
[2025-09-13 05:25:20] org.junit.jupiter:junit-jupiter-params:5.10.2 -> org.junit.jupiter:junit-jupiter-params:5.13.1 : Failed to compare JAR files: JAPICMP comparison failed for org.junit.jupiter:junit-jupiter-params
[2025-09-13 05:25:20] org.junit.jupiter:junit-jupiter-params:5.10.2 -> org.junit.jupiter:junit-jupiter-params:5.13.2 : Failed to compare JAR files: JAPICMP comparison failed for org.junit.jupiter:junit-jupiter-params
[2025-09-13 05:25:20] org.junit.jupiter:junit-jupiter-params:5.10.2 -> org.junit.jupiter:junit-jupiter-params:5.13.3 : Failed to compare JAR files: JAPICMP comparison failed for org.junit.jupiter:junit-jupiter-params
[2025-09-13 05:25:21] org.junit.jupiter:junit-jupiter-params:5.10.2 -> org.junit.jupiter:junit-jupiter-params:5.13.4 : Failed to compare JAR files: JAPICMP comparison failed for org.junit.jupiter:junit-jupiter-params
[2025-09-13 05:25:33] org.codehaus.groovy:groovy:3.0.21 -> org.codehaus.groovy:groovy:3.0.22 : Failed to compare JAR files: JAPICMP comparison failed for org.codehaus.groovy:groovy
[2025-09-13 05:25:34] org.codehaus.groovy:groovy:3.0.21 -> org.codehaus.groovy:groovy:3.0.23 : Failed to compare JAR files: JAPICMP comparison failed for org.codehaus.groovy:groovy
[2025-09-13 05:25:34] org.codehaus.groovy:groovy:3.0.21 -> org.codehaus.groovy:groovy:3.0.24 : Failed to compare JAR files: JAPICMP comparison failed for org.codehaus.groovy:groovy
[2025-09-13 05:25:35] org.codehaus.groovy:groovy:3.0.21 -> org.codehaus.groovy:groovy:3.0.25 : Failed to compare JAR files: JAPICMP comparison failed for org.codehaus.groovy:groovy
[2025-09-13 05:25:44] ch.qos.logback:logback-classic:1.3.12 -> ch.qos.logback:logback-classic:1.3.13 : Failed to compare JAR files: JAPICMP comparison failed for ch.qos.logback:logback-classic
[2025-09-13 05:25:44] ch.qos.logback:logback-classic:1.3.12 -> ch.qos.logback:logback-classic:1.3.14 : Failed to compare JAR files: JAPICMP comparison failed for ch.qos.logback:logback-classic
[2025-09-13 05:25:44] ch.qos.logback:logback-classic:1.3.12 -> ch.qos.logback:logback-classic:1.3.15 : Failed to compare JAR files: JAPICMP comparison failed for ch.qos.logback:logback-classic
[2025-09-13 05:25:44] ch.qos.logback:logback-classic:1.3.12 -> ch.qos.logback:logback-classic:1.4.0 : Failed to compare JAR files: JAPICMP comparison failed for ch.qos.logback:logback-classic
[2025-09-13 05:25:45] ch.qos.logback:logback-classic:1.3.12 -> ch.qos.logback:logback-classic:1.4.1 : Failed to compare JAR files: JAPICMP comparison failed for ch.qos.logback:logback-classic
[2025-09-13 05:25:45] ch.qos.logback:logback-classic:1.3.12 -> ch.qos.logback:logback-classic:1.4.2 : Failed to compare JAR files: JAPICMP comparison failed for ch.qos.logback:logback-classic
[2025-09-13 05:25:45] ch.qos.logback:logback-classic:1.3.12 -> ch.qos.logback:logback-classic:1.4.3 : Failed to compare JAR files: JAPICMP comparison failed for ch.qos.logback:logback-classic
[2025-09-13 05:25:45] ch.qos.logback:logback-classic:1.3.12 -> ch.qos.logback:logback-classic:1.4.4 : Failed to compare JAR files: JAPICMP comparison failed for ch.qos.logback:logback-classic
[2025-09-13 05:25:45] ch.qos.logback:logback-classic:1.3.12 -> ch.qos.logback:logback-classic:1.4.5 : Failed to compare JAR files: JAPICMP comparison failed for ch.qos.logback:logback-classic
[2025-09-13 05:25:45] ch.qos.logback:logback-classic:1.3.12 -> ch.qos.logback:logback-classic:1.4.6 : Failed to compare JAR files: JAPICMP comparison failed for ch.qos.logback:logback-classic
[2025-09-13 05:25:45] ch.qos.logback:logback-classic:1.3.12 -> ch.qos.logback:logback-classic:1.4.7 : Failed to compare JAR files: JAPICMP comparison failed for ch.qos.logback:logback-classic
[2025-09-13 05:25:45] ch.qos.logback:logback-classic:1.3.12 -> ch.qos.logback:logback-classic:1.4.8 : Failed to compare JAR files: JAPICMP comparison failed for ch.qos.logback:logback-classic
[2025-09-13 05:25:46] ch.qos.logback:logback-classic:1.3.12 -> ch.qos.logback:logback-classic:1.4.9 : Failed to compare JAR files: JAPICMP comparison failed for ch.qos.logback:logback-classic
[2025-09-13 05:25:46] ch.qos.logback:logback-classic:1.3.12 -> ch.qos.logback:logback-classic:1.4.10 : Failed to compare JAR files: JAPICMP comparison failed for ch.qos.logback:logback-classic
[2025-09-13 05:25:46] ch.qos.logback:logback-classic:1.3.12 -> ch.qos.logback:logback-classic:1.4.11 : Failed to compare JAR files: JAPICMP comparison failed for ch.qos.logback:logback-classic
[2025-09-13 05:25:46] ch.qos.logback:logback-classic:1.3.12 -> ch.qos.logback:logback-classic:1.4.12 : Failed to compare JAR files: JAPICMP comparison failed for ch.qos.logback:logback-classic
[2025-09-13 05:25:46] ch.qos.logback:logback-classic:1.3.12 -> ch.qos.logback:logback-classic:1.4.13 : Failed to compare JAR files: JAPICMP comparison failed for ch.qos.logback:logback-classic
[2025-09-13 05:25:46] ch.qos.logback:logback-classic:1.3.12 -> ch.qos.logback:logback-classic:1.4.14 : Failed to compare JAR files: JAPICMP comparison failed for ch.qos.logback:logback-classic
[2025-09-13 05:25:47] ch.qos.logback:logback-classic:1.3.12 -> ch.qos.logback:logback-classic:1.5.0 : Failed to compare JAR files: JAPICMP comparison failed for ch.qos.logback:logback-classic
[2025-09-13 05:25:47] ch.qos.logback:logback-classic:1.3.12 -> ch.qos.logback:logback-classic:1.5.1 : Failed to compare JAR files: JAPICMP comparison failed for ch.qos.logback:logback-classic
[2025-09-13 05:25:47] ch.qos.logback:logback-classic:1.3.12 -> ch.qos.logback:logback-classic:1.5.2 : Failed to compare JAR files: JAPICMP comparison failed for ch.qos.logback:logback-classic
[2025-09-13 05:25:47] ch.qos.logback:logback-classic:1.3.12 -> ch.qos.logback:logback-classic:1.5.3 : Failed to compare JAR files: JAPICMP comparison failed for ch.qos.logback:logback-classic
[2025-09-13 05:25:47] ch.qos.logback:logback-classic:1.3.12 -> ch.qos.logback:logback-classic:1.5.4 : Failed to compare JAR files: JAPICMP comparison failed for ch.qos.logback:logback-classic
[2025-09-13 05:25:47] ch.qos.logback:logback-classic:1.3.12 -> ch.qos.logback:logback-classic:1.5.5 : Failed to compare JAR files: JAPICMP comparison failed for ch.qos.logback:logback-classic
[2025-09-13 05:25:47] ch.qos.logback:logback-classic:1.3.12 -> ch.qos.logback:logback-classic:1.5.6 : Failed to compare JAR files: JAPICMP comparison failed for ch.qos.logback:logback-classic
[2025-09-13 05:25:48] ch.qos.logback:logback-classic:1.3.12 -> ch.qos.logback:logback-classic:1.5.7 : Failed to compare JAR files: JAPICMP comparison failed for ch.qos.logback:logback-classic
[2025-09-13 05:25:48] ch.qos.logback:logback-classic:1.3.12 -> ch.qos.logback:logback-classic:1.5.8 : Failed to compare JAR files: JAPICMP comparison failed for ch.qos.logback:logback-classic
[2025-09-13 05:25:48] ch.qos.logback:logback-classic:1.3.12 -> ch.qos.logback:logback-classic:1.5.9 : Failed to compare JAR files: JAPICMP comparison failed for ch.qos.logback:logback-classic
[2025-09-13 05:25:48] ch.qos.logback:logback-classic:1.3.12 -> ch.qos.logback:logback-classic:1.5.10 : Failed to compare JAR files: JAPICMP comparison failed for ch.qos.logback:logback-classic
[2025-09-13 05:25:48] ch.qos.logback:logback-classic:1.3.12 -> ch.qos.logback:logback-classic:1.5.11 : Failed to compare JAR files: JAPICMP comparison failed for ch.qos.logback:logback-classic
[2025-09-13 05:25:48] ch.qos.logback:logback-classic:1.3.12 -> ch.qos.logback:logback-classic:1.5.12 : Failed to compare JAR files: JAPICMP comparison failed for ch.qos.logback:logback-classic
[2025-09-13 05:25:49] ch.qos.logback:logback-classic:1.3.12 -> ch.qos.logback:logback-classic:1.5.13 : Failed to compare JAR files: JAPICMP comparison failed for ch.qos.logback:logback-classic
[2025-09-13 05:25:49] ch.qos.logback:logback-classic:1.3.12 -> ch.qos.logback:logback-classic:1.5.14 : Failed to compare JAR files: JAPICMP comparison failed for ch.qos.logback:logback-classic
[2025-09-13 05:25:49] ch.qos.logback:logback-classic:1.3.12 -> ch.qos.logback:logback-classic:1.5.15 : Failed to compare JAR files: JAPICMP comparison failed for ch.qos.logback:logback-classic
[2025-09-13 05:25:49] ch.qos.logback:logback-classic:1.3.12 -> ch.qos.logback:logback-classic:1.5.16 : Failed to compare JAR files: JAPICMP comparison failed for ch.qos.logback:logback-classic
[2025-09-13 05:25:49] ch.qos.logback:logback-classic:1.3.12 -> ch.qos.logback:logback-classic:1.5.17 : Failed to compare JAR files: JAPICMP comparison failed for ch.qos.logback:logback-classic
[2025-09-13 05:25:49] ch.qos.logback:logback-classic:1.3.12 -> ch.qos.logback:logback-classic:1.5.18 : Failed to compare JAR files: JAPICMP comparison failed for ch.qos.logback:logback-classic

=== Summary ===
Total comparisons: 284
Failures: 97
Success rate: 65.85%
