=== Comparison Failure Log ===
[2025-08-25 12:37:59] org.mock-server:mockserver-netty-no-dependencies:5.13.2 -> org.mock-server:mockserver-netty-no-dependencies:5.14.0 : Failed to compare JAR files: JAPICMP comparison failed for org.mock-server:mockserver-netty-no-dependencies
[2025-08-25 12:38:04] org.mock-server:mockserver-netty-no-dependencies:5.13.2 -> org.mock-server:mockserver-netty-no-dependencies:5.15.0 : Failed to compare JAR files: JAPICMP comparison failed for org.mock-server:mockserver-netty-no-dependencies
=== Comparison Failure Log ===
[2025-08-25 12:41:08] org.mock-server:mockserver-netty-no-dependencies:5.13.2 -> org.mock-server:mockserver-netty-no-dependencies:5.14.0 : Failed to compare JAR files: JAPICMP comparison failed for org.mock-server:mockserver-netty-no-dependencies
[2025-08-25 12:41:10] org.mock-server:mockserver-netty-no-dependencies:5.13.2 -> org.mock-server:mockserver-netty-no-dependencies:5.15.0 : Failed to compare JAR files: JAPICMP comparison failed for org.mock-server:mockserver-netty-no-dependencies
[2025-08-25 12:43:26] org.apache.sling:org.apache.sling.commons.testing:2.1.2 -> org.apache.sling:org.apache.sling.commons.testing:2.2.0 : Failed to compare JAR files: JAPICMP comparison failed for org.apache.sling:org.apache.sling.commons.testing
[2025-08-25 12:44:19] org.apache.sling:org.apache.sling.jcr.contentloader:2.2.6 -> org.apache.sling:org.apache.sling.jcr.contentloader:2.3.0 : Failed to compare JAR files: JAPICMP comparison failed for org.apache.sling:org.apache.sling.jcr.contentloader
[2025-08-25 12:44:21] org.apache.sling:org.apache.sling.jcr.contentloader:2.2.6 -> org.apache.sling:org.apache.sling.jcr.contentloader:2.4.0 : Failed to compare JAR files: JAPICMP comparison failed for org.apache.sling:org.apache.sling.jcr.contentloader
[2025-08-25 12:44:21] org.apache.sling:org.apache.sling.jcr.contentloader:2.2.6 -> org.apache.sling:org.apache.sling.jcr.contentloader:2.4.2 : Failed to compare JAR files: JAPICMP comparison failed for org.apache.sling:org.apache.sling.jcr.contentloader
[2025-08-25 12:44:22] org.apache.sling:org.apache.sling.jcr.contentloader:2.2.6 -> org.apache.sling:org.apache.sling.jcr.contentloader:2.5.0 : Failed to compare JAR files: JAPICMP comparison failed for org.apache.sling:org.apache.sling.jcr.contentloader
[2025-08-25 12:44:23] org.apache.sling:org.apache.sling.jcr.contentloader:2.2.6 -> org.apache.sling:org.apache.sling.jcr.contentloader:2.5.2 : Failed to compare JAR files: JAPICMP comparison failed for org.apache.sling:org.apache.sling.jcr.contentloader
[2025-08-25 12:44:24] org.apache.sling:org.apache.sling.jcr.contentloader:2.2.6 -> org.apache.sling:org.apache.sling.jcr.contentloader:2.6.0 : Failed to compare JAR files: JAPICMP comparison failed for org.apache.sling:org.apache.sling.jcr.contentloader

=== Summary ===
Total comparisons: 194
Failures: 9
Success rate: 95.36%
=== Comparison Failure Log ===
[2025-08-25 12:54:32] org.osgi:org.osgi.framework:1.9.0 -> org.osgi:org.osgi.framework:1.10.0 : Failed to compare JAR files: JAPICMP comparison failed for org.osgi:org.osgi.framework
[2025-08-25 12:54:33] org.osgi:org.osgi.util.tracker:1.5.2 -> org.osgi:org.osgi.util.tracker:1.5.3 : Failed to compare JAR files: JAPICMP comparison failed for org.osgi:org.osgi.util.tracker
[2025-08-25 12:54:33] org.osgi:org.osgi.util.tracker:1.5.2 -> org.osgi:org.osgi.util.tracker:1.5.4 : Failed to compare JAR files: JAPICMP comparison failed for org.osgi:org.osgi.util.tracker
[2025-08-25 12:54:34] org.osgi:org.osgi.service.component:1.4.0 -> org.osgi:org.osgi.service.component:1.5.0 : Failed to compare JAR files: JAPICMP comparison failed for org.osgi:org.osgi.service.component
[2025-08-25 12:54:35] org.osgi:org.osgi.service.component:1.4.0 -> org.osgi:org.osgi.service.component:1.5.1 : Failed to compare JAR files: JAPICMP comparison failed for org.osgi:org.osgi.service.component
[2025-08-25 12:54:36] org.osgi:org.osgi.service.cm:1.6.0 -> org.osgi:org.osgi.service.cm:1.6.1 : Failed to compare JAR files: JAPICMP comparison failed for org.osgi:org.osgi.service.cm
[2025-08-25 12:54:51] ch.qos.logback:logback-classic:1.3.0 -> ch.qos.logback:logback-classic:1.3.1 : Failed to compare JAR files: JAPICMP comparison failed for ch.qos.logback:logback-classic
[2025-08-25 12:54:53] ch.qos.logback:logback-classic:1.3.0 -> ch.qos.logback:logback-classic:1.3.2 : Failed to compare JAR files: JAPICMP comparison failed for ch.qos.logback:logback-classic
[2025-08-25 12:54:53] ch.qos.logback:logback-classic:1.3.0 -> ch.qos.logback:logback-classic:1.3.3 : Failed to compare JAR files: JAPICMP comparison failed for ch.qos.logback:logback-classic
[2025-08-25 12:54:53] ch.qos.logback:logback-classic:1.3.0 -> ch.qos.logback:logback-classic:1.3.4 : Failed to compare JAR files: JAPICMP comparison failed for ch.qos.logback:logback-classic
[2025-08-25 12:54:54] ch.qos.logback:logback-classic:1.3.0 -> ch.qos.logback:logback-classic:1.3.5 : Failed to compare JAR files: JAPICMP comparison failed for ch.qos.logback:logback-classic
[2025-08-25 12:54:55] ch.qos.logback:logback-classic:1.3.0 -> ch.qos.logback:logback-classic:1.3.6 : Failed to compare JAR files: JAPICMP comparison failed for ch.qos.logback:logback-classic
[2025-08-25 12:54:55] ch.qos.logback:logback-classic:1.3.0 -> ch.qos.logback:logback-classic:1.3.7 : Failed to compare JAR files: JAPICMP comparison failed for ch.qos.logback:logback-classic
[2025-08-25 12:54:56] ch.qos.logback:logback-classic:1.3.0 -> ch.qos.logback:logback-classic:1.3.8 : Failed to compare JAR files: JAPICMP comparison failed for ch.qos.logback:logback-classic
[2025-08-25 12:54:56] ch.qos.logback:logback-classic:1.3.0 -> ch.qos.logback:logback-classic:1.3.9 : Failed to compare JAR files: JAPICMP comparison failed for ch.qos.logback:logback-classic
[2025-08-25 12:54:57] ch.qos.logback:logback-classic:1.3.0 -> ch.qos.logback:logback-classic:1.3.10 : Failed to compare JAR files: JAPICMP comparison failed for ch.qos.logback:logback-classic
[2025-08-25 12:54:57] ch.qos.logback:logback-classic:1.3.0 -> ch.qos.logback:logback-classic:1.3.11 : Failed to compare JAR files: JAPICMP comparison failed for ch.qos.logback:logback-classic
[2025-08-25 12:54:58] ch.qos.logback:logback-classic:1.3.0 -> ch.qos.logback:logback-classic:1.3.12 : Failed to compare JAR files: JAPICMP comparison failed for ch.qos.logback:logback-classic
[2025-08-25 12:54:58] ch.qos.logback:logback-classic:1.3.0 -> ch.qos.logback:logback-classic:1.3.13 : Failed to compare JAR files: JAPICMP comparison failed for ch.qos.logback:logback-classic
[2025-08-25 12:54:58] ch.qos.logback:logback-classic:1.3.0 -> ch.qos.logback:logback-classic:1.3.14 : Failed to compare JAR files: JAPICMP comparison failed for ch.qos.logback:logback-classic
[2025-08-25 12:54:59] ch.qos.logback:logback-classic:1.3.0 -> ch.qos.logback:logback-classic:1.3.15 : Failed to compare JAR files: JAPICMP comparison failed for ch.qos.logback:logback-classic
[2025-08-25 12:55:00] ch.qos.logback:logback-classic:1.3.0 -> ch.qos.logback:logback-classic:1.4.0 : Failed to compare JAR files: JAPICMP comparison failed for ch.qos.logback:logback-classic
[2025-08-25 12:55:01] ch.qos.logback:logback-classic:1.3.0 -> ch.qos.logback:logback-classic:1.4.1 : Failed to compare JAR files: JAPICMP comparison failed for ch.qos.logback:logback-classic
[2025-08-25 12:55:01] ch.qos.logback:logback-classic:1.3.0 -> ch.qos.logback:logback-classic:1.4.2 : Failed to compare JAR files: JAPICMP comparison failed for ch.qos.logback:logback-classic
[2025-08-25 12:55:02] ch.qos.logback:logback-classic:1.3.0 -> ch.qos.logback:logback-classic:1.4.3 : Failed to compare JAR files: JAPICMP comparison failed for ch.qos.logback:logback-classic
[2025-08-25 12:55:02] ch.qos.logback:logback-classic:1.3.0 -> ch.qos.logback:logback-classic:1.4.4 : Failed to compare JAR files: JAPICMP comparison failed for ch.qos.logback:logback-classic
[2025-08-25 12:55:03] ch.qos.logback:logback-classic:1.3.0 -> ch.qos.logback:logback-classic:1.4.5 : Failed to compare JAR files: JAPICMP comparison failed for ch.qos.logback:logback-classic
[2025-08-25 12:55:03] ch.qos.logback:logback-classic:1.3.0 -> ch.qos.logback:logback-classic:1.4.6 : Failed to compare JAR files: JAPICMP comparison failed for ch.qos.logback:logback-classic
[2025-08-25 12:55:04] ch.qos.logback:logback-classic:1.3.0 -> ch.qos.logback:logback-classic:1.4.7 : Failed to compare JAR files: JAPICMP comparison failed for ch.qos.logback:logback-classic
[2025-08-25 12:55:05] ch.qos.logback:logback-classic:1.3.0 -> ch.qos.logback:logback-classic:1.4.8 : Failed to compare JAR files: JAPICMP comparison failed for ch.qos.logback:logback-classic
[2025-08-25 12:55:05] ch.qos.logback:logback-classic:1.3.0 -> ch.qos.logback:logback-classic:1.4.9 : Failed to compare JAR files: JAPICMP comparison failed for ch.qos.logback:logback-classic
[2025-08-25 12:55:06] ch.qos.logback:logback-classic:1.3.0 -> ch.qos.logback:logback-classic:1.4.10 : Failed to compare JAR files: JAPICMP comparison failed for ch.qos.logback:logback-classic
[2025-08-25 12:55:06] ch.qos.logback:logback-classic:1.3.0 -> ch.qos.logback:logback-classic:1.4.11 : Failed to compare JAR files: JAPICMP comparison failed for ch.qos.logback:logback-classic
[2025-08-25 12:55:07] ch.qos.logback:logback-classic:1.3.0 -> ch.qos.logback:logback-classic:1.4.12 : Failed to compare JAR files: JAPICMP comparison failed for ch.qos.logback:logback-classic
[2025-08-25 12:55:07] ch.qos.logback:logback-classic:1.3.0 -> ch.qos.logback:logback-classic:1.4.13 : Failed to compare JAR files: JAPICMP comparison failed for ch.qos.logback:logback-classic
[2025-08-25 12:55:08] ch.qos.logback:logback-classic:1.3.0 -> ch.qos.logback:logback-classic:1.4.14 : Failed to compare JAR files: JAPICMP comparison failed for ch.qos.logback:logback-classic
[2025-08-25 12:55:08] ch.qos.logback:logback-classic:1.3.0 -> ch.qos.logback:logback-classic:1.5.0 : Failed to compare JAR files: JAPICMP comparison failed for ch.qos.logback:logback-classic
[2025-08-25 12:55:09] ch.qos.logback:logback-classic:1.3.0 -> ch.qos.logback:logback-classic:1.5.1 : Failed to compare JAR files: JAPICMP comparison failed for ch.qos.logback:logback-classic
[2025-08-25 12:55:09] ch.qos.logback:logback-classic:1.3.0 -> ch.qos.logback:logback-classic:1.5.2 : Failed to compare JAR files: JAPICMP comparison failed for ch.qos.logback:logback-classic
[2025-08-25 12:55:10] ch.qos.logback:logback-classic:1.3.0 -> ch.qos.logback:logback-classic:1.5.3 : Failed to compare JAR files: JAPICMP comparison failed for ch.qos.logback:logback-classic
[2025-08-25 12:55:10] ch.qos.logback:logback-classic:1.3.0 -> ch.qos.logback:logback-classic:1.5.4 : Failed to compare JAR files: JAPICMP comparison failed for ch.qos.logback:logback-classic
[2025-08-25 12:55:11] ch.qos.logback:logback-classic:1.3.0 -> ch.qos.logback:logback-classic:1.5.5 : Failed to compare JAR files: JAPICMP comparison failed for ch.qos.logback:logback-classic
[2025-08-25 12:55:12] ch.qos.logback:logback-classic:1.3.0 -> ch.qos.logback:logback-classic:1.5.6 : Failed to compare JAR files: JAPICMP comparison failed for ch.qos.logback:logback-classic
[2025-08-25 12:55:13] ch.qos.logback:logback-classic:1.3.0 -> ch.qos.logback:logback-classic:1.5.7 : Failed to compare JAR files: JAPICMP comparison failed for ch.qos.logback:logback-classic
[2025-08-25 12:55:13] ch.qos.logback:logback-classic:1.3.0 -> ch.qos.logback:logback-classic:1.5.8 : Failed to compare JAR files: JAPICMP comparison failed for ch.qos.logback:logback-classic
[2025-08-25 12:55:14] ch.qos.logback:logback-classic:1.3.0 -> ch.qos.logback:logback-classic:1.5.9 : Failed to compare JAR files: JAPICMP comparison failed for ch.qos.logback:logback-classic
[2025-08-25 12:55:14] ch.qos.logback:logback-classic:1.3.0 -> ch.qos.logback:logback-classic:1.5.10 : Failed to compare JAR files: JAPICMP comparison failed for ch.qos.logback:logback-classic
[2025-08-25 12:55:14] ch.qos.logback:logback-classic:1.3.0 -> ch.qos.logback:logback-classic:1.5.11 : Failed to compare JAR files: JAPICMP comparison failed for ch.qos.logback:logback-classic
[2025-08-25 12:55:15] ch.qos.logback:logback-classic:1.3.0 -> ch.qos.logback:logback-classic:1.5.12 : Failed to compare JAR files: JAPICMP comparison failed for ch.qos.logback:logback-classic
[2025-08-25 12:55:15] ch.qos.logback:logback-classic:1.3.0 -> ch.qos.logback:logback-classic:1.5.13 : Failed to compare JAR files: JAPICMP comparison failed for ch.qos.logback:logback-classic
[2025-08-25 12:55:16] ch.qos.logback:logback-classic:1.3.0 -> ch.qos.logback:logback-classic:1.5.14 : Failed to compare JAR files: JAPICMP comparison failed for ch.qos.logback:logback-classic
[2025-08-25 12:55:17] ch.qos.logback:logback-classic:1.3.0 -> ch.qos.logback:logback-classic:1.5.15 : Failed to compare JAR files: JAPICMP comparison failed for ch.qos.logback:logback-classic
[2025-08-25 12:55:18] ch.qos.logback:logback-classic:1.3.0 -> ch.qos.logback:logback-classic:1.5.16 : Failed to compare JAR files: JAPICMP comparison failed for ch.qos.logback:logback-classic
[2025-08-25 12:55:20] ch.qos.logback:logback-classic:1.3.0 -> ch.qos.logback:logback-classic:1.5.17 : Failed to compare JAR files: JAPICMP comparison failed for ch.qos.logback:logback-classic
[2025-08-25 12:55:20] ch.qos.logback:logback-classic:1.3.0 -> ch.qos.logback:logback-classic:1.5.18 : Failed to compare JAR files: JAPICMP comparison failed for ch.qos.logback:logback-classic
[2025-08-25 14:09:22] org.junit.jupiter:junit-jupiter-api:5.10.2 -> org.junit.jupiter:junit-jupiter-api:5.10.3 : Failed to compare JAR files: JAPICMP comparison failed for org.junit.jupiter:junit-jupiter-api
[2025-08-25 14:09:23] org.junit.jupiter:junit-jupiter-api:5.10.2 -> org.junit.jupiter:junit-jupiter-api:5.10.4 : Failed to compare JAR files: JAPICMP comparison failed for org.junit.jupiter:junit-jupiter-api
[2025-08-25 14:09:23] org.junit.jupiter:junit-jupiter-api:5.10.2 -> org.junit.jupiter:junit-jupiter-api:5.10.5 : Failed to compare JAR files: JAPICMP comparison failed for org.junit.jupiter:junit-jupiter-api
[2025-08-25 14:09:24] org.junit.jupiter:junit-jupiter-api:5.10.2 -> org.junit.jupiter:junit-jupiter-api:5.11.0 : Failed to compare JAR files: JAPICMP comparison failed for org.junit.jupiter:junit-jupiter-api
[2025-08-25 14:09:24] org.junit.jupiter:junit-jupiter-api:5.10.2 -> org.junit.jupiter:junit-jupiter-api:5.11.1 : Failed to compare JAR files: JAPICMP comparison failed for org.junit.jupiter:junit-jupiter-api
[2025-08-25 14:09:24] org.junit.jupiter:junit-jupiter-api:5.10.2 -> org.junit.jupiter:junit-jupiter-api:5.11.2 : Failed to compare JAR files: JAPICMP comparison failed for org.junit.jupiter:junit-jupiter-api
[2025-08-25 14:09:25] org.junit.jupiter:junit-jupiter-api:5.10.2 -> org.junit.jupiter:junit-jupiter-api:5.11.3 : Failed to compare JAR files: JAPICMP comparison failed for org.junit.jupiter:junit-jupiter-api
[2025-08-25 14:09:25] org.junit.jupiter:junit-jupiter-api:5.10.2 -> org.junit.jupiter:junit-jupiter-api:5.11.4 : Failed to compare JAR files: JAPICMP comparison failed for org.junit.jupiter:junit-jupiter-api
[2025-08-25 14:09:25] org.junit.jupiter:junit-jupiter-api:5.10.2 -> org.junit.jupiter:junit-jupiter-api:5.12.0 : Failed to compare JAR files: JAPICMP comparison failed for org.junit.jupiter:junit-jupiter-api
[2025-08-25 14:09:25] org.junit.jupiter:junit-jupiter-api:5.10.2 -> org.junit.jupiter:junit-jupiter-api:5.12.1 : Failed to compare JAR files: JAPICMP comparison failed for org.junit.jupiter:junit-jupiter-api
[2025-08-25 14:09:26] org.junit.jupiter:junit-jupiter-api:5.10.2 -> org.junit.jupiter:junit-jupiter-api:5.12.2 : Failed to compare JAR files: JAPICMP comparison failed for org.junit.jupiter:junit-jupiter-api
[2025-08-25 14:09:26] org.junit.jupiter:junit-jupiter-api:5.10.2 -> org.junit.jupiter:junit-jupiter-api:5.13.0 : Failed to compare JAR files: JAPICMP comparison failed for org.junit.jupiter:junit-jupiter-api
[2025-08-25 14:09:26] org.junit.jupiter:junit-jupiter-api:5.10.2 -> org.junit.jupiter:junit-jupiter-api:5.13.1 : Failed to compare JAR files: JAPICMP comparison failed for org.junit.jupiter:junit-jupiter-api
[2025-08-25 14:09:27] org.junit.jupiter:junit-jupiter-api:5.10.2 -> org.junit.jupiter:junit-jupiter-api:5.13.2 : Failed to compare JAR files: JAPICMP comparison failed for org.junit.jupiter:junit-jupiter-api
[2025-08-25 14:09:27] org.junit.jupiter:junit-jupiter-api:5.10.2 -> org.junit.jupiter:junit-jupiter-api:5.13.3 : Failed to compare JAR files: JAPICMP comparison failed for org.junit.jupiter:junit-jupiter-api
[2025-08-25 14:09:27] org.junit.jupiter:junit-jupiter-api:5.10.2 -> org.junit.jupiter:junit-jupiter-api:5.13.4 : Failed to compare JAR files: JAPICMP comparison failed for org.junit.jupiter:junit-jupiter-api
[2025-08-25 14:09:28] org.junit.jupiter:junit-jupiter-params:5.10.2 -> org.junit.jupiter:junit-jupiter-params:5.10.3 : Failed to compare JAR files: JAPICMP comparison failed for org.junit.jupiter:junit-jupiter-params
[2025-08-25 14:09:28] org.junit.jupiter:junit-jupiter-params:5.10.2 -> org.junit.jupiter:junit-jupiter-params:5.10.4 : Failed to compare JAR files: JAPICMP comparison failed for org.junit.jupiter:junit-jupiter-params
[2025-08-25 14:09:28] org.junit.jupiter:junit-jupiter-params:5.10.2 -> org.junit.jupiter:junit-jupiter-params:5.10.5 : Failed to compare JAR files: JAPICMP comparison failed for org.junit.jupiter:junit-jupiter-params
[2025-08-25 14:09:28] org.junit.jupiter:junit-jupiter-params:5.10.2 -> org.junit.jupiter:junit-jupiter-params:5.11.0 : Failed to compare JAR files: JAPICMP comparison failed for org.junit.jupiter:junit-jupiter-params
[2025-08-25 14:09:29] org.junit.jupiter:junit-jupiter-params:5.10.2 -> org.junit.jupiter:junit-jupiter-params:5.11.1 : Failed to compare JAR files: JAPICMP comparison failed for org.junit.jupiter:junit-jupiter-params
[2025-08-25 14:09:29] org.junit.jupiter:junit-jupiter-params:5.10.2 -> org.junit.jupiter:junit-jupiter-params:5.11.2 : Failed to compare JAR files: JAPICMP comparison failed for org.junit.jupiter:junit-jupiter-params
[2025-08-25 14:09:29] org.junit.jupiter:junit-jupiter-params:5.10.2 -> org.junit.jupiter:junit-jupiter-params:5.11.3 : Failed to compare JAR files: JAPICMP comparison failed for org.junit.jupiter:junit-jupiter-params
[2025-08-25 14:09:30] org.junit.jupiter:junit-jupiter-params:5.10.2 -> org.junit.jupiter:junit-jupiter-params:5.11.4 : Failed to compare JAR files: JAPICMP comparison failed for org.junit.jupiter:junit-jupiter-params
[2025-08-25 14:09:30] org.junit.jupiter:junit-jupiter-params:5.10.2 -> org.junit.jupiter:junit-jupiter-params:5.12.0 : Failed to compare JAR files: JAPICMP comparison failed for org.junit.jupiter:junit-jupiter-params
[2025-08-25 14:09:30] org.junit.jupiter:junit-jupiter-params:5.10.2 -> org.junit.jupiter:junit-jupiter-params:5.12.1 : Failed to compare JAR files: JAPICMP comparison failed for org.junit.jupiter:junit-jupiter-params
[2025-08-25 14:09:30] org.junit.jupiter:junit-jupiter-params:5.10.2 -> org.junit.jupiter:junit-jupiter-params:5.12.2 : Failed to compare JAR files: JAPICMP comparison failed for org.junit.jupiter:junit-jupiter-params
[2025-08-25 14:09:31] org.junit.jupiter:junit-jupiter-params:5.10.2 -> org.junit.jupiter:junit-jupiter-params:5.13.0 : Failed to compare JAR files: JAPICMP comparison failed for org.junit.jupiter:junit-jupiter-params
[2025-08-25 14:09:31] org.junit.jupiter:junit-jupiter-params:5.10.2 -> org.junit.jupiter:junit-jupiter-params:5.13.1 : Failed to compare JAR files: JAPICMP comparison failed for org.junit.jupiter:junit-jupiter-params
[2025-08-25 14:09:31] org.junit.jupiter:junit-jupiter-params:5.10.2 -> org.junit.jupiter:junit-jupiter-params:5.13.2 : Failed to compare JAR files: JAPICMP comparison failed for org.junit.jupiter:junit-jupiter-params
[2025-08-25 14:09:32] org.junit.jupiter:junit-jupiter-params:5.10.2 -> org.junit.jupiter:junit-jupiter-params:5.13.3 : Failed to compare JAR files: JAPICMP comparison failed for org.junit.jupiter:junit-jupiter-params
[2025-08-25 14:09:32] org.junit.jupiter:junit-jupiter-params:5.10.2 -> org.junit.jupiter:junit-jupiter-params:5.13.4 : Failed to compare JAR files: JAPICMP comparison failed for org.junit.jupiter:junit-jupiter-params
[2025-08-25 14:09:32] org.mockito:mockito-core:5.16.0 -> org.mockito:mockito-core:5.16.1 : Failed to compare JAR files: JAPICMP comparison failed for org.mockito:mockito-core
[2025-08-25 14:09:33] org.mockito:mockito-core:5.16.0 -> org.mockito:mockito-core:5.17.0 : Failed to compare JAR files: JAPICMP comparison failed for org.mockito:mockito-core
[2025-08-25 14:09:33] org.mockito:mockito-core:5.16.0 -> org.mockito:mockito-core:5.18.0 : Failed to compare JAR files: JAPICMP comparison failed for org.mockito:mockito-core
[2025-08-25 14:09:33] org.mockito:mockito-core:5.16.0 -> org.mockito:mockito-core:5.19.0 : Failed to compare JAR files: JAPICMP comparison failed for org.mockito:mockito-core
[2025-08-25 14:10:18] org.mock-server:mockserver-netty-no-dependencies:5.13.2 -> org.mock-server:mockserver-netty-no-dependencies:5.14.0 : Failed to compare JAR files: JAPICMP comparison failed for org.mock-server:mockserver-netty-no-dependencies
[2025-08-25 14:10:21] org.mock-server:mockserver-netty-no-dependencies:5.13.2 -> org.mock-server:mockserver-netty-no-dependencies:5.15.0 : Failed to compare JAR files: JAPICMP comparison failed for org.mock-server:mockserver-netty-no-dependencies
[2025-08-25 14:12:18] org.apache.sling:org.apache.sling.commons.osgi:2.4.0 -> org.apache.sling:org.apache.sling.commons.osgi:2.4.2 : Failed to compare JAR files: JAPICMP comparison failed for org.apache.sling:org.apache.sling.commons.osgi
[2025-08-25 14:12:24] org.apache.sling:org.apache.sling.models.impl:1.4.14 -> org.apache.sling:org.apache.sling.models.impl:1.4.16 : Failed to compare JAR files: JAPICMP comparison failed for org.apache.sling:org.apache.sling.models.impl
[2025-08-25 14:12:25] org.apache.sling:org.apache.sling.models.impl:1.4.14 -> org.apache.sling:org.apache.sling.models.impl:1.5.0 : Failed to compare JAR files: JAPICMP comparison failed for org.apache.sling:org.apache.sling.models.impl
[2025-08-25 14:12:26] org.apache.sling:org.apache.sling.models.impl:1.4.14 -> org.apache.sling:org.apache.sling.models.impl:1.5.2 : Failed to compare JAR files: JAPICMP comparison failed for org.apache.sling:org.apache.sling.models.impl
[2025-08-25 14:12:27] org.apache.sling:org.apache.sling.models.impl:1.4.14 -> org.apache.sling:org.apache.sling.models.impl:1.5.4 : Failed to compare JAR files: JAPICMP comparison failed for org.apache.sling:org.apache.sling.models.impl
[2025-08-25 14:12:27] org.apache.sling:org.apache.sling.models.impl:1.4.14 -> org.apache.sling:org.apache.sling.models.impl:1.6.0 : Failed to compare JAR files: JAPICMP comparison failed for org.apache.sling:org.apache.sling.models.impl
[2025-08-25 14:12:28] org.apache.sling:org.apache.sling.models.impl:1.4.14 -> org.apache.sling:org.apache.sling.models.impl:1.6.2 : Failed to compare JAR files: JAPICMP comparison failed for org.apache.sling:org.apache.sling.models.impl
[2025-08-25 14:12:29] org.apache.sling:org.apache.sling.models.impl:1.4.14 -> org.apache.sling:org.apache.sling.models.impl:1.6.4 : Failed to compare JAR files: JAPICMP comparison failed for org.apache.sling:org.apache.sling.models.impl
[2025-08-25 14:12:30] org.apache.sling:org.apache.sling.models.impl:1.4.14 -> org.apache.sling:org.apache.sling.models.impl:1.7.0 : Failed to compare JAR files: JAPICMP comparison failed for org.apache.sling:org.apache.sling.models.impl
[2025-08-25 14:12:31] org.apache.sling:org.apache.sling.models.impl:1.4.14 -> org.apache.sling:org.apache.sling.models.impl:1.7.2 : Failed to compare JAR files: JAPICMP comparison failed for org.apache.sling:org.apache.sling.models.impl
[2025-08-25 14:12:33] org.apache.sling:org.apache.sling.models.impl:1.4.14 -> org.apache.sling:org.apache.sling.models.impl:1.7.4 : Failed to compare JAR files: JAPICMP comparison failed for org.apache.sling:org.apache.sling.models.impl
[2025-08-25 14:12:34] org.apache.sling:org.apache.sling.models.impl:1.4.14 -> org.apache.sling:org.apache.sling.models.impl:1.7.6 : Failed to compare JAR files: JAPICMP comparison failed for org.apache.sling:org.apache.sling.models.impl
[2025-08-25 14:12:36] org.apache.sling:org.apache.sling.models.impl:1.4.14 -> org.apache.sling:org.apache.sling.models.impl:1.7.8 : Failed to compare JAR files: JAPICMP comparison failed for org.apache.sling:org.apache.sling.models.impl
[2025-08-25 14:12:46] org.apache.jackrabbit:jackrabbit-jcr-commons:2.20.15 -> org.apache.jackrabbit:jackrabbit-jcr-commons:2.20.16 : Failed to compare JAR files: JAPICMP comparison failed for org.apache.jackrabbit:jackrabbit-jcr-commons
[2025-08-25 14:12:48] org.apache.jackrabbit:jackrabbit-jcr-commons:2.20.15 -> org.apache.jackrabbit:jackrabbit-jcr-commons:2.20.17 : Failed to compare JAR files: JAPICMP comparison failed for org.apache.jackrabbit:jackrabbit-jcr-commons
[2025-08-25 14:12:50] org.apache.jackrabbit:jackrabbit-jcr-commons:2.20.15 -> org.apache.jackrabbit:jackrabbit-jcr-commons:2.21.0 : Failed to compare JAR files: JAPICMP comparison failed for org.apache.jackrabbit:jackrabbit-jcr-commons
[2025-08-25 14:12:52] org.apache.jackrabbit:jackrabbit-jcr-commons:2.20.15 -> org.apache.jackrabbit:jackrabbit-jcr-commons:2.21.1 : Failed to compare JAR files: JAPICMP comparison failed for org.apache.jackrabbit:jackrabbit-jcr-commons
[2025-08-25 14:12:54] org.apache.jackrabbit:jackrabbit-jcr-commons:2.20.15 -> org.apache.jackrabbit:jackrabbit-jcr-commons:2.21.2 : Failed to compare JAR files: JAPICMP comparison failed for org.apache.jackrabbit:jackrabbit-jcr-commons
[2025-08-25 14:12:55] org.apache.jackrabbit:jackrabbit-jcr-commons:2.20.15 -> org.apache.jackrabbit:jackrabbit-jcr-commons:2.21.3 : Failed to compare JAR files: JAPICMP comparison failed for org.apache.jackrabbit:jackrabbit-jcr-commons
[2025-08-25 14:12:57] org.apache.jackrabbit:jackrabbit-jcr-commons:2.20.15 -> org.apache.jackrabbit:jackrabbit-jcr-commons:2.21.4 : Failed to compare JAR files: JAPICMP comparison failed for org.apache.jackrabbit:jackrabbit-jcr-commons
[2025-08-25 14:12:59] org.apache.jackrabbit:jackrabbit-jcr-commons:2.20.15 -> org.apache.jackrabbit:jackrabbit-jcr-commons:2.21.5 : Failed to compare JAR files: JAPICMP comparison failed for org.apache.jackrabbit:jackrabbit-jcr-commons
[2025-08-25 14:13:02] org.apache.jackrabbit:jackrabbit-jcr-commons:2.20.15 -> org.apache.jackrabbit:jackrabbit-jcr-commons:2.21.6 : Failed to compare JAR files: JAPICMP comparison failed for org.apache.jackrabbit:jackrabbit-jcr-commons
[2025-08-25 14:13:03] org.apache.jackrabbit:jackrabbit-jcr-commons:2.20.15 -> org.apache.jackrabbit:jackrabbit-jcr-commons:2.21.7 : Failed to compare JAR files: JAPICMP comparison failed for org.apache.jackrabbit:jackrabbit-jcr-commons
[2025-08-25 14:13:05] org.apache.jackrabbit:jackrabbit-jcr-commons:2.20.15 -> org.apache.jackrabbit:jackrabbit-jcr-commons:2.21.8 : Failed to compare JAR files: JAPICMP comparison failed for org.apache.jackrabbit:jackrabbit-jcr-commons
[2025-08-25 14:13:06] org.apache.jackrabbit:jackrabbit-jcr-commons:2.20.15 -> org.apache.jackrabbit:jackrabbit-jcr-commons:2.21.9 : Failed to compare JAR files: JAPICMP comparison failed for org.apache.jackrabbit:jackrabbit-jcr-commons
[2025-08-25 14:13:08] org.apache.jackrabbit:jackrabbit-jcr-commons:2.20.15 -> org.apache.jackrabbit:jackrabbit-jcr-commons:2.21.10 : Failed to compare JAR files: JAPICMP comparison failed for org.apache.jackrabbit:jackrabbit-jcr-commons
[2025-08-25 14:13:09] org.apache.jackrabbit:jackrabbit-jcr-commons:2.20.15 -> org.apache.jackrabbit:jackrabbit-jcr-commons:2.21.11 : Failed to compare JAR files: JAPICMP comparison failed for org.apache.jackrabbit:jackrabbit-jcr-commons
[2025-08-25 14:13:12] org.apache.jackrabbit:jackrabbit-jcr-commons:2.20.15 -> org.apache.jackrabbit:jackrabbit-jcr-commons:2.21.12 : Failed to compare JAR files: JAPICMP comparison failed for org.apache.jackrabbit:jackrabbit-jcr-commons
[2025-08-25 14:13:13] org.apache.jackrabbit:jackrabbit-jcr-commons:2.20.15 -> org.apache.jackrabbit:jackrabbit-jcr-commons:2.21.13 : Failed to compare JAR files: JAPICMP comparison failed for org.apache.jackrabbit:jackrabbit-jcr-commons
[2025-08-25 14:13:16] org.apache.jackrabbit:jackrabbit-jcr-commons:2.20.15 -> org.apache.jackrabbit:jackrabbit-jcr-commons:2.21.14 : Failed to compare JAR files: JAPICMP comparison failed for org.apache.jackrabbit:jackrabbit-jcr-commons
[2025-08-25 14:13:18] org.apache.jackrabbit:jackrabbit-jcr-commons:2.20.15 -> org.apache.jackrabbit:jackrabbit-jcr-commons:2.21.15 : Failed to compare JAR files: JAPICMP comparison failed for org.apache.jackrabbit:jackrabbit-jcr-commons
[2025-08-25 14:13:19] org.apache.jackrabbit:jackrabbit-jcr-commons:2.20.15 -> org.apache.jackrabbit:jackrabbit-jcr-commons:2.21.16 : Failed to compare JAR files: JAPICMP comparison failed for org.apache.jackrabbit:jackrabbit-jcr-commons
[2025-08-25 14:13:21] org.apache.jackrabbit:jackrabbit-jcr-commons:2.20.15 -> org.apache.jackrabbit:jackrabbit-jcr-commons:2.21.17 : Failed to compare JAR files: JAPICMP comparison failed for org.apache.jackrabbit:jackrabbit-jcr-commons
[2025-08-25 14:13:23] org.apache.jackrabbit:jackrabbit-jcr-commons:2.20.15 -> org.apache.jackrabbit:jackrabbit-jcr-commons:2.21.18 : Failed to compare JAR files: JAPICMP comparison failed for org.apache.jackrabbit:jackrabbit-jcr-commons
[2025-08-25 14:13:24] org.apache.jackrabbit:jackrabbit-jcr-commons:2.20.15 -> org.apache.jackrabbit:jackrabbit-jcr-commons:2.21.19 : Failed to compare JAR files: JAPICMP comparison failed for org.apache.jackrabbit:jackrabbit-jcr-commons
[2025-08-25 14:13:28] org.apache.jackrabbit:jackrabbit-jcr-commons:2.20.15 -> org.apache.jackrabbit:jackrabbit-jcr-commons:2.21.20 : Failed to compare JAR files: JAPICMP comparison failed for org.apache.jackrabbit:jackrabbit-jcr-commons
[2025-08-25 14:13:30] org.apache.jackrabbit:jackrabbit-jcr-commons:2.20.15 -> org.apache.jackrabbit:jackrabbit-jcr-commons:2.21.21 : Failed to compare JAR files: JAPICMP comparison failed for org.apache.jackrabbit:jackrabbit-jcr-commons
[2025-08-25 14:13:31] org.apache.jackrabbit:jackrabbit-jcr-commons:2.20.15 -> org.apache.jackrabbit:jackrabbit-jcr-commons:2.21.22 : Failed to compare JAR files: JAPICMP comparison failed for org.apache.jackrabbit:jackrabbit-jcr-commons
[2025-08-25 14:13:33] org.apache.jackrabbit:jackrabbit-jcr-commons:2.20.15 -> org.apache.jackrabbit:jackrabbit-jcr-commons:2.21.23 : Failed to compare JAR files: JAPICMP comparison failed for org.apache.jackrabbit:jackrabbit-jcr-commons
[2025-08-25 14:13:34] org.apache.jackrabbit:jackrabbit-jcr-commons:2.20.15 -> org.apache.jackrabbit:jackrabbit-jcr-commons:2.21.24 : Failed to compare JAR files: JAPICMP comparison failed for org.apache.jackrabbit:jackrabbit-jcr-commons
[2025-08-25 14:13:36] org.apache.jackrabbit:jackrabbit-jcr-commons:2.20.15 -> org.apache.jackrabbit:jackrabbit-jcr-commons:2.21.25 : Failed to compare JAR files: JAPICMP comparison failed for org.apache.jackrabbit:jackrabbit-jcr-commons
[2025-08-25 14:13:37] org.apache.jackrabbit:jackrabbit-jcr-commons:2.20.15 -> org.apache.jackrabbit:jackrabbit-jcr-commons:2.22.0 : Failed to compare JAR files: JAPICMP comparison failed for org.apache.jackrabbit:jackrabbit-jcr-commons
[2025-08-25 14:13:40] org.apache.jackrabbit:jackrabbit-jcr-commons:2.20.15 -> org.apache.jackrabbit:jackrabbit-jcr-commons:2.22.1 : Failed to compare JAR files: JAPICMP comparison failed for org.apache.jackrabbit:jackrabbit-jcr-commons
[2025-08-25 14:13:42] org.apache.jackrabbit:jackrabbit-jcr-commons:2.20.15 -> org.apache.jackrabbit:jackrabbit-jcr-commons:2.22.2 : Failed to compare JAR files: JAPICMP comparison failed for org.apache.jackrabbit:jackrabbit-jcr-commons
[2025-08-25 14:13:57] org.apache.sling:org.apache.sling.testing.sling-mock.junit4:3.4.4 -> org.apache.sling:org.apache.sling.testing.sling-mock.junit4:3.4.6 : Failed to compare JAR files: JAPICMP comparison failed for org.apache.sling:org.apache.sling.testing.sling-mock.junit4
[2025-08-25 14:14:00] org.apache.sling:org.apache.sling.testing.sling-mock.junit4:3.4.4 -> org.apache.sling:org.apache.sling.testing.sling-mock.junit4:3.4.8 : Failed to compare JAR files: JAPICMP comparison failed for org.apache.sling:org.apache.sling.testing.sling-mock.junit4
[2025-08-25 14:14:06] org.apache.sling:org.apache.sling.testing.sling-mock.junit4:3.4.4 -> org.apache.sling:org.apache.sling.testing.sling-mock.junit4:3.4.10 : Failed to compare JAR files: JAPICMP comparison failed for org.apache.sling:org.apache.sling.testing.sling-mock.junit4
[2025-08-25 14:14:11] org.apache.sling:org.apache.sling.testing.sling-mock.junit4:3.4.4 -> org.apache.sling:org.apache.sling.testing.sling-mock.junit4:3.4.12 : Failed to compare JAR files: JAPICMP comparison failed for org.apache.sling:org.apache.sling.testing.sling-mock.junit4
[2025-08-25 14:14:14] org.apache.sling:org.apache.sling.testing.sling-mock.junit4:3.4.4 -> org.apache.sling:org.apache.sling.testing.sling-mock.junit4:3.4.14 : Failed to compare JAR files: JAPICMP comparison failed for org.apache.sling:org.apache.sling.testing.sling-mock.junit4
[2025-08-25 14:14:22] org.apache.sling:org.apache.sling.testing.sling-mock.junit4:3.4.4 -> org.apache.sling:org.apache.sling.testing.sling-mock.junit4:3.4.16 : Failed to compare JAR files: JAPICMP comparison failed for org.apache.sling:org.apache.sling.testing.sling-mock.junit4
[2025-08-25 14:14:34] org.apache.sling:org.apache.sling.testing.sling-mock.junit4:3.4.4 -> org.apache.sling:org.apache.sling.testing.sling-mock.junit4:3.4.18 : Failed to compare JAR files: JAPICMP comparison failed for org.apache.sling:org.apache.sling.testing.sling-mock.junit4
[2025-08-25 14:14:36] org.apache.sling:org.apache.sling.testing.sling-mock.junit4:3.4.4 -> org.apache.sling:org.apache.sling.testing.sling-mock.junit4:3.5.0 : Failed to compare JAR files: JAPICMP comparison failed for org.apache.sling:org.apache.sling.testing.sling-mock.junit4
[2025-08-25 14:14:41] org.apache.sling:org.apache.sling.testing.sling-mock.junit4:3.4.4 -> org.apache.sling:org.apache.sling.testing.sling-mock.junit4:3.5.2 : Failed to compare JAR files: JAPICMP comparison failed for org.apache.sling:org.apache.sling.testing.sling-mock.junit4
[2025-08-25 14:14:47] org.apache.sling:org.apache.sling.testing.sling-mock.junit4:3.4.4 -> org.apache.sling:org.apache.sling.testing.sling-mock.junit4:3.5.4 : Failed to compare JAR files: JAPICMP comparison failed for org.apache.sling:org.apache.sling.testing.sling-mock.junit4
[2025-08-25 14:15:08] org.apache.tika:tika-parsers:1.17 -> org.apache.tika:tika-parsers:1.18 : Failed to compare JAR files: JAPICMP comparison failed for org.apache.tika:tika-parsers
[2025-08-25 14:15:33] org.apache.tika:tika-parsers:1.17 -> org.apache.tika:tika-parsers:1.19 : Failed to compare JAR files: JAPICMP comparison failed for org.apache.tika:tika-parsers
[2025-08-25 14:15:40] org.apache.tika:tika-parsers:1.17 -> org.apache.tika:tika-parsers:1.19.1 : Failed to compare JAR files: JAPICMP comparison failed for org.apache.tika:tika-parsers
[2025-08-25 14:16:01] org.apache.tika:tika-parsers:1.17 -> org.apache.tika:tika-parsers:1.20 : Failed to compare JAR files: JAPICMP comparison failed for org.apache.tika:tika-parsers
[2025-08-25 14:16:27] org.apache.tika:tika-parsers:1.17 -> org.apache.tika:tika-parsers:1.21 : Failed to compare JAR files: JAPICMP comparison failed for org.apache.tika:tika-parsers
[2025-08-25 14:16:44] org.apache.tika:tika-parsers:1.17 -> org.apache.tika:tika-parsers:1.22 : Failed to compare JAR files: JAPICMP comparison failed for org.apache.tika:tika-parsers
[2025-08-25 14:17:04] org.apache.tika:tika-parsers:1.17 -> org.apache.tika:tika-parsers:1.23 : Failed to compare JAR files: JAPICMP comparison failed for org.apache.tika:tika-parsers
[2025-08-25 14:17:21] org.apache.tika:tika-parsers:1.17 -> org.apache.tika:tika-parsers:1.24 : Failed to compare JAR files: JAPICMP comparison failed for org.apache.tika:tika-parsers
[2025-08-25 14:17:30] org.apache.tika:tika-parsers:1.17 -> org.apache.tika:tika-parsers:1.24.1 : Failed to compare JAR files: JAPICMP comparison failed for org.apache.tika:tika-parsers
[2025-08-25 14:17:49] org.apache.tika:tika-parsers:1.17 -> org.apache.tika:tika-parsers:1.25 : Failed to compare JAR files: JAPICMP comparison failed for org.apache.tika:tika-parsers
[2025-08-25 14:18:07] org.apache.tika:tika-parsers:1.17 -> org.apache.tika:tika-parsers:1.26 : Failed to compare JAR files: JAPICMP comparison failed for org.apache.tika:tika-parsers
[2025-08-25 14:18:19] org.apache.tika:tika-parsers:1.17 -> org.apache.tika:tika-parsers:1.27 : Failed to compare JAR files: JAPICMP comparison failed for org.apache.tika:tika-parsers
[2025-08-25 14:18:36] org.apache.tika:tika-parsers:1.17 -> org.apache.tika:tika-parsers:1.28 : Failed to compare JAR files: JAPICMP comparison failed for org.apache.tika:tika-parsers
[2025-08-25 14:18:45] org.apache.tika:tika-parsers:1.17 -> org.apache.tika:tika-parsers:1.28.1 : Failed to compare JAR files: JAPICMP comparison failed for org.apache.tika:tika-parsers
[2025-08-25 14:18:51] org.apache.tika:tika-parsers:1.17 -> org.apache.tika:tika-parsers:1.28.2 : Failed to compare JAR files: JAPICMP comparison failed for org.apache.tika:tika-parsers
[2025-08-25 14:18:54] org.apache.tika:tika-parsers:1.17 -> org.apache.tika:tika-parsers:1.28.3 : Failed to compare JAR files: JAPICMP comparison failed for org.apache.tika:tika-parsers
[2025-08-25 14:18:58] org.apache.tika:tika-parsers:1.17 -> org.apache.tika:tika-parsers:1.28.4 : Failed to compare JAR files: JAPICMP comparison failed for org.apache.tika:tika-parsers
[2025-08-25 14:19:02] org.apache.tika:tika-parsers:1.17 -> org.apache.tika:tika-parsers:1.28.5 : Failed to compare JAR files: JAPICMP comparison failed for org.apache.tika:tika-parsers
[2025-08-25 14:21:26] io.wcm:io.wcm.testing.aem-mock.junit5:5.1.2 -> io.wcm:io.wcm.testing.aem-mock.junit5:5.2.0 : Failed to compare JAR files: JAPICMP comparison failed for io.wcm:io.wcm.testing.aem-mock.junit5
[2025-08-25 14:21:28] io.wcm:io.wcm.testing.aem-mock.junit5:5.1.2 -> io.wcm:io.wcm.testing.aem-mock.junit5:5.2.2 : Failed to compare JAR files: JAPICMP comparison failed for io.wcm:io.wcm.testing.aem-mock.junit5
[2025-08-25 14:21:30] io.wcm:io.wcm.testing.aem-mock.junit5:5.1.2 -> io.wcm:io.wcm.testing.aem-mock.junit5:5.3.0 : Failed to compare JAR files: JAPICMP comparison failed for io.wcm:io.wcm.testing.aem-mock.junit5
[2025-08-25 14:21:32] io.wcm:io.wcm.testing.aem-mock.junit5:5.1.2 -> io.wcm:io.wcm.testing.aem-mock.junit5:5.4.0 : Failed to compare JAR files: JAPICMP comparison failed for io.wcm:io.wcm.testing.aem-mock.junit5
[2025-08-25 14:21:34] io.wcm:io.wcm.testing.aem-mock.junit5:5.1.2 -> io.wcm:io.wcm.testing.aem-mock.junit5:5.4.2 : Failed to compare JAR files: JAPICMP comparison failed for io.wcm:io.wcm.testing.aem-mock.junit5
[2025-08-25 14:21:37] io.wcm:io.wcm.testing.aem-mock.junit5:5.1.2 -> io.wcm:io.wcm.testing.aem-mock.junit5:5.4.4 : Failed to compare JAR files: JAPICMP comparison failed for io.wcm:io.wcm.testing.aem-mock.junit5
[2025-08-25 14:21:39] io.wcm:io.wcm.testing.aem-mock.junit5:5.1.2 -> io.wcm:io.wcm.testing.aem-mock.junit5:5.5.0 : Failed to compare JAR files: JAPICMP comparison failed for io.wcm:io.wcm.testing.aem-mock.junit5
[2025-08-25 14:21:41] io.wcm:io.wcm.testing.aem-mock.junit5:5.1.2 -> io.wcm:io.wcm.testing.aem-mock.junit5:5.5.2 : Failed to compare JAR files: JAPICMP comparison failed for io.wcm:io.wcm.testing.aem-mock.junit5
[2025-08-25 14:21:43] io.wcm:io.wcm.testing.aem-mock.junit5:5.1.2 -> io.wcm:io.wcm.testing.aem-mock.junit5:5.5.4 : Failed to compare JAR files: JAPICMP comparison failed for io.wcm:io.wcm.testing.aem-mock.junit5
[2025-08-25 14:21:45] io.wcm:io.wcm.testing.aem-mock.junit5:5.1.2 -> io.wcm:io.wcm.testing.aem-mock.junit5:5.6.0 : Failed to compare JAR files: JAPICMP comparison failed for io.wcm:io.wcm.testing.aem-mock.junit5
[2025-08-25 14:21:47] io.wcm:io.wcm.testing.aem-mock.junit5:5.1.2 -> io.wcm:io.wcm.testing.aem-mock.junit5:5.6.2 : Failed to compare JAR files: JAPICMP comparison failed for io.wcm:io.wcm.testing.aem-mock.junit5
[2025-08-25 14:21:49] io.wcm:io.wcm.testing.aem-mock.junit5:5.1.2 -> io.wcm:io.wcm.testing.aem-mock.junit5:5.6.4 : Failed to compare JAR files: JAPICMP comparison failed for io.wcm:io.wcm.testing.aem-mock.junit5
[2025-08-25 14:21:52] io.wcm:io.wcm.testing.aem-mock.junit5:5.1.2 -> io.wcm:io.wcm.testing.aem-mock.junit5:5.6.6 : Failed to compare JAR files: JAPICMP comparison failed for io.wcm:io.wcm.testing.aem-mock.junit5
[2025-08-25 14:21:54] io.wcm:io.wcm.testing.aem-mock.junit5:5.1.2 -> io.wcm:io.wcm.testing.aem-mock.junit5:5.6.8 : Failed to compare JAR files: JAPICMP comparison failed for io.wcm:io.wcm.testing.aem-mock.junit5
[2025-08-25 14:21:56] io.wcm:io.wcm.testing.aem-mock.junit5:5.1.2 -> io.wcm:io.wcm.testing.aem-mock.junit5:5.6.10 : Failed to compare JAR files: JAPICMP comparison failed for io.wcm:io.wcm.testing.aem-mock.junit5
[2025-08-25 14:22:02] org.apache.sling:org.apache.sling.commons.testing:2.1.2 -> org.apache.sling:org.apache.sling.commons.testing:2.2.0 : Failed to compare JAR files: JAPICMP comparison failed for org.apache.sling:org.apache.sling.commons.testing
[2025-08-25 14:22:44] org.apache.sling:org.apache.sling.jcr.contentloader:2.2.6 -> org.apache.sling:org.apache.sling.jcr.contentloader:2.3.0 : Failed to compare JAR files: JAPICMP comparison failed for org.apache.sling:org.apache.sling.jcr.contentloader
[2025-08-25 14:22:45] org.apache.sling:org.apache.sling.jcr.contentloader:2.2.6 -> org.apache.sling:org.apache.sling.jcr.contentloader:2.4.0 : Failed to compare JAR files: JAPICMP comparison failed for org.apache.sling:org.apache.sling.jcr.contentloader
[2025-08-25 14:22:45] org.apache.sling:org.apache.sling.jcr.contentloader:2.2.6 -> org.apache.sling:org.apache.sling.jcr.contentloader:2.4.2 : Failed to compare JAR files: JAPICMP comparison failed for org.apache.sling:org.apache.sling.jcr.contentloader
[2025-08-25 14:22:45] org.apache.sling:org.apache.sling.jcr.contentloader:2.2.6 -> org.apache.sling:org.apache.sling.jcr.contentloader:2.5.0 : Failed to compare JAR files: JAPICMP comparison failed for org.apache.sling:org.apache.sling.jcr.contentloader
[2025-08-25 14:22:45] org.apache.sling:org.apache.sling.jcr.contentloader:2.2.6 -> org.apache.sling:org.apache.sling.jcr.contentloader:2.5.2 : Failed to compare JAR files: JAPICMP comparison failed for org.apache.sling:org.apache.sling.jcr.contentloader
[2025-08-25 14:22:45] org.apache.sling:org.apache.sling.jcr.contentloader:2.2.6 -> org.apache.sling:org.apache.sling.jcr.contentloader:2.6.0 : Failed to compare JAR files: JAPICMP comparison failed for org.apache.sling:org.apache.sling.jcr.contentloader
[2025-08-25 14:22:53] com.adobe.aem:uber-jar:6.5.21 -> com.adobe.aem:uber-jar:6.5.22 : Failed to compare JAR files: JAPICMP comparison failed for com.adobe.aem:uber-jar
[2025-08-25 14:23:00] com.adobe.aem:uber-jar:6.5.21 -> com.adobe.aem:uber-jar:6.5.23 : Failed to compare JAR files: JAPICMP comparison failed for com.adobe.aem:uber-jar
[2025-08-25 14:23:02] com.adobe.aem:uber-jar:6.5.21 -> com.adobe.aem:uber-jar:6.6.0 : Failed to compare JAR files: JAPICMP comparison failed for com.adobe.aem:uber-jar
[2025-08-25 14:23:09] com.adobe.aem:uber-jar:6.5.21 -> com.adobe.aem:uber-jar:6.6.1 : Failed to compare JAR files: JAPICMP comparison failed for com.adobe.aem:uber-jar

=== Summary ===
Total comparisons: 7948
Failures: 191
Success rate: 97.60%
