=== Comparison Failure Log ===
[2025-08-22 13:53:50] com.mysql:mysql-connector-j:8.2.0 -> com.mysql:mysql-connector-j:8.3.0 : Failed to compare JAR files: JAPICMP comparison failed for com.mysql:mysql-connector-j
[2025-08-22 13:53:50] com.mysql:mysql-connector-j:8.2.0 -> com.mysql:mysql-connector-j:8.4.0 : Failed to compare JAR files: JAPICMP comparison failed for com.mysql:mysql-connector-j
[2025-08-22 13:53:51] org.postgresql:postgresql:42.5.1 -> org.postgresql:postgresql:42.5.2 : Failed to compare JAR files: JAPICMP comparison failed for org.postgresql:postgresql
[2025-08-22 13:53:52] org.postgresql:postgresql:42.5.1 -> org.postgresql:postgresql:42.5.3 : Failed to compare JAR files: JAPICMP comparison failed for org.postgresql:postgresql
[2025-08-22 13:53:53] org.postgresql:postgresql:42.5.1 -> org.postgresql:postgresql:42.5.4 : Failed to compare JAR files: JAPICMP comparison failed for org.postgresql:postgresql
[2025-08-22 13:53:54] org.postgresql:postgresql:42.5.1 -> org.postgresql:postgresql:42.5.5 : Failed to compare JAR files: JAPICMP comparison failed for org.postgresql:postgresql
[2025-08-22 13:53:54] org.postgresql:postgresql:42.5.1 -> org.postgresql:postgresql:42.5.6 : Failed to compare JAR files: JAPICMP comparison failed for org.postgresql:postgresql
[2025-08-22 13:53:55] org.postgresql:postgresql:42.5.1 -> org.postgresql:postgresql:42.6.0 : Failed to compare JAR files: JAPICMP comparison failed for org.postgresql:postgresql
[2025-08-22 13:53:56] org.postgresql:postgresql:42.5.1 -> org.postgresql:postgresql:42.6.1 : Failed to compare JAR files: JAPICMP comparison failed for org.postgresql:postgresql
[2025-08-22 13:53:56] org.postgresql:postgresql:42.5.1 -> org.postgresql:postgresql:42.6.2 : Failed to compare JAR files: JAPICMP comparison failed for org.postgresql:postgresql
[2025-08-22 13:53:57] org.postgresql:postgresql:42.5.1 -> org.postgresql:postgresql:42.7.0 : Failed to compare JAR files: JAPICMP comparison failed for org.postgresql:postgresql
[2025-08-22 13:53:58] org.postgresql:postgresql:42.5.1 -> org.postgresql:postgresql:42.7.1 : Failed to compare JAR files: JAPICMP comparison failed for org.postgresql:postgresql
[2025-08-22 13:53:59] org.postgresql:postgresql:42.5.1 -> org.postgresql:postgresql:42.7.2 : Failed to compare JAR files: JAPICMP comparison failed for org.postgresql:postgresql
[2025-08-22 13:53:59] org.postgresql:postgresql:42.5.1 -> org.postgresql:postgresql:42.7.3 : Failed to compare JAR files: JAPICMP comparison failed for org.postgresql:postgresql
[2025-08-22 13:54:00] org.postgresql:postgresql:42.5.1 -> org.postgresql:postgresql:42.7.4 : Failed to compare JAR files: JAPICMP comparison failed for org.postgresql:postgresql
[2025-08-22 13:54:00] org.postgresql:postgresql:42.5.1 -> org.postgresql:postgresql:42.7.5 : Failed to compare JAR files: JAPICMP comparison failed for org.postgresql:postgresql
[2025-08-22 13:54:01] org.postgresql:postgresql:42.5.1 -> org.postgresql:postgresql:42.7.6 : Failed to compare JAR files: JAPICMP comparison failed for org.postgresql:postgresql
[2025-08-22 13:54:01] org.postgresql:postgresql:42.5.1 -> org.postgresql:postgresql:42.7.7 : Failed to compare JAR files: JAPICMP comparison failed for org.postgresql:postgresql
[2025-08-22 13:57:59] com.alibaba.fastjson2:fastjson2-extension:2.0.57 -> com.alibaba.fastjson2:fastjson2-extension:2.0.58 : Failed to compare JAR files: JAPICMP comparison failed for com.alibaba.fastjson2:fastjson2-extension
[2025-08-22 13:58:01] com.alibaba.fastjson2:fastjson2-extension-spring5:2.0.57 -> com.alibaba.fastjson2:fastjson2-extension-spring5:2.0.58 : Failed to compare JAR files: JAPICMP comparison failed for com.alibaba.fastjson2:fastjson2-extension-spring5
[2025-08-22 13:58:01] com.squareup.okhttp3:okhttp:4.10.0 -> com.squareup.okhttp3:okhttp:4.11.0 : Failed to compare JAR files: JAPICMP comparison failed for com.squareup.okhttp3:okhttp
[2025-08-22 13:58:01] com.squareup.okhttp3:okhttp:4.10.0 -> com.squareup.okhttp3:okhttp:4.12.0 : Failed to compare JAR files: JAPICMP comparison failed for com.squareup.okhttp3:okhttp
[2025-08-22 14:00:10] org.projectlombok:lombok:1.18.30 -> org.projectlombok:lombok:1.18.32 : Failed to compare JAR files: JAPICMP comparison failed for org.projectlombok:lombok
[2025-08-22 14:00:10] org.projectlombok:lombok:1.18.30 -> org.projectlombok:lombok:1.18.34 : Failed to compare JAR files: JAPICMP comparison failed for org.projectlombok:lombok
[2025-08-22 14:00:10] org.projectlombok:lombok:1.18.30 -> org.projectlombok:lombok:1.18.36 : Failed to compare JAR files: JAPICMP comparison failed for org.projectlombok:lombok
[2025-08-22 14:00:10] org.projectlombok:lombok:1.18.30 -> org.projectlombok:lombok:1.18.38 : Failed to compare JAR files: JAPICMP comparison failed for org.projectlombok:lombok

=== Summary ===
Total comparisons: 491
Failures: 26
Success rate: 94.70%
