=== Comparison Failure Log ===
[2025-09-23 04:42:35] ch.qos.logback:logback-classic:1.2.13 -> ch.qos.logback:logback-classic:1.5.18 : Failed to compare JAR files: JAPICMP comparison failed for ch.qos.logback:logback-classic

=== Summary ===
Total comparisons: 7
Failures: 1
Success rate: 85.71%
=== Comparison Failure Log ===
[2025-09-23 04:52:13] ch.qos.logback:logback-classic:1.2.13 -> ch.qos.logback:logback-classic:1.5.18 : Failed to compare JAR files: JAPICMP comparison failed for ch.qos.logback:logback-classic
[2025-09-23 04:52:13] com.h2database:h2:2.2.220 -> com.h2database:h2:2.3.232 : Failed to compare JAR files: JAPICMP comparison failed for com.h2database:h2

=== Summary ===
Total comparisons: 6
Failures: 2
Success rate: 66.67%
=== Comparison Failure Log ===

=== Summary ===
Total comparisons: 2
Failures: 0
Success rate: 100.00%
=== Comparison Failure Log ===
[2025-09-23 04:53:47] com.h2database:h2:2.2.220 -> com.h2database:h2:2.3.232 : Failed to compare JAR files: JAPICMP comparison failed for com.h2database:h2

=== Summary ===
Total comparisons: 10
Failures: 1
Success rate: 90.00%
=== Comparison Failure Log ===

=== Summary ===
Total comparisons: 2
Failures: 0
Success rate: 100.00%
