=== Comparison Failure Log ===
[2025-09-01 12:31:50] org.projectlombok:lombok:1.18.30 -> org.projectlombok:lombok:1.18.32 : Failed to compare JAR files: JAPICMP comparison failed for org.projectlombok:lombok
[2025-09-01 12:31:50] org.projectlombok:lombok:1.18.30 -> org.projectlombok:lombok:1.18.34 : Failed to compare JAR files: JAPICMP comparison failed for org.projectlombok:lombok
[2025-09-01 12:31:50] org.projectlombok:lombok:1.18.30 -> org.projectlombok:lombok:1.18.36 : Failed to compare JAR files: JAPICMP comparison failed for org.projectlombok:lombok
[2025-09-01 12:31:50] org.projectlombok:lombok:1.18.30 -> org.projectlombok:lombok:1.18.38 : Failed to compare JAR files: JAPICMP comparison failed for org.projectlombok:lombok
[2025-09-01 12:31:53] org.apache.logging.log4j:log4j-core:2.23.1 -> org.apache.logging.log4j:log4j-core:2.24.0 : Failed to compare JAR files: JAPICMP comparison failed for org.apache.logging.log4j:log4j-core
[2025-09-01 12:31:54] org.apache.logging.log4j:log4j-core:2.23.1 -> org.apache.logging.log4j:log4j-core:2.24.1 : Failed to compare JAR files: JAPICMP comparison failed for org.apache.logging.log4j:log4j-core
[2025-09-01 12:31:54] org.apache.logging.log4j:log4j-core:2.23.1 -> org.apache.logging.log4j:log4j-core:2.24.2 : Failed to compare JAR files: JAPICMP comparison failed for org.apache.logging.log4j:log4j-core
[2025-09-01 12:31:54] org.apache.logging.log4j:log4j-core:2.23.1 -> org.apache.logging.log4j:log4j-core:2.24.3 : Failed to compare JAR files: JAPICMP comparison failed for org.apache.logging.log4j:log4j-core
[2025-09-01 12:31:54] org.apache.logging.log4j:log4j-core:2.23.1 -> org.apache.logging.log4j:log4j-core:2.25.0 : Failed to compare JAR files: JAPICMP comparison failed for org.apache.logging.log4j:log4j-core
[2025-09-01 12:31:55] org.apache.logging.log4j:log4j-core:2.23.1 -> org.apache.logging.log4j:log4j-core:2.25.1 : Failed to compare JAR files: JAPICMP comparison failed for org.apache.logging.log4j:log4j-core
[2025-09-01 12:32:06] org.apache.flink:flink-kubernetes:1.20.1 -> org.apache.flink:flink-kubernetes:1.20.2 : Failed to compare JAR files: JAPICMP comparison failed for org.apache.flink:flink-kubernetes
[2025-09-01 12:32:12] org.junit.jupiter:junit-jupiter-params:5.9.3 -> org.junit.jupiter:junit-jupiter-params:5.10.0 : Failed to compare JAR files: JAPICMP comparison failed for org.junit.jupiter:junit-jupiter-params
[2025-09-01 12:32:12] org.junit.jupiter:junit-jupiter-params:5.9.3 -> org.junit.jupiter:junit-jupiter-params:5.10.1 : Failed to compare JAR files: JAPICMP comparison failed for org.junit.jupiter:junit-jupiter-params
[2025-09-01 12:32:13] org.junit.jupiter:junit-jupiter-params:5.9.3 -> org.junit.jupiter:junit-jupiter-params:5.10.2 : Failed to compare JAR files: JAPICMP comparison failed for org.junit.jupiter:junit-jupiter-params
[2025-09-01 12:32:13] org.junit.jupiter:junit-jupiter-params:5.9.3 -> org.junit.jupiter:junit-jupiter-params:5.10.3 : Failed to compare JAR files: JAPICMP comparison failed for org.junit.jupiter:junit-jupiter-params
[2025-09-01 12:32:13] org.junit.jupiter:junit-jupiter-params:5.9.3 -> org.junit.jupiter:junit-jupiter-params:5.10.4 : Failed to compare JAR files: JAPICMP comparison failed for org.junit.jupiter:junit-jupiter-params
[2025-09-01 12:32:13] org.junit.jupiter:junit-jupiter-params:5.9.3 -> org.junit.jupiter:junit-jupiter-params:5.10.5 : Failed to compare JAR files: JAPICMP comparison failed for org.junit.jupiter:junit-jupiter-params
[2025-09-01 12:32:13] org.junit.jupiter:junit-jupiter-params:5.9.3 -> org.junit.jupiter:junit-jupiter-params:5.11.0 : Failed to compare JAR files: JAPICMP comparison failed for org.junit.jupiter:junit-jupiter-params
[2025-09-01 12:32:13] org.junit.jupiter:junit-jupiter-params:5.9.3 -> org.junit.jupiter:junit-jupiter-params:5.11.1 : Failed to compare JAR files: JAPICMP comparison failed for org.junit.jupiter:junit-jupiter-params
[2025-09-01 12:32:13] org.junit.jupiter:junit-jupiter-params:5.9.3 -> org.junit.jupiter:junit-jupiter-params:5.11.2 : Failed to compare JAR files: JAPICMP comparison failed for org.junit.jupiter:junit-jupiter-params
[2025-09-01 12:32:13] org.junit.jupiter:junit-jupiter-params:5.9.3 -> org.junit.jupiter:junit-jupiter-params:5.11.3 : Failed to compare JAR files: JAPICMP comparison failed for org.junit.jupiter:junit-jupiter-params
[2025-09-01 12:32:13] org.junit.jupiter:junit-jupiter-params:5.9.3 -> org.junit.jupiter:junit-jupiter-params:5.11.4 : Failed to compare JAR files: JAPICMP comparison failed for org.junit.jupiter:junit-jupiter-params
[2025-09-01 12:32:13] org.junit.jupiter:junit-jupiter-params:5.9.3 -> org.junit.jupiter:junit-jupiter-params:5.12.0 : Failed to compare JAR files: JAPICMP comparison failed for org.junit.jupiter:junit-jupiter-params
[2025-09-01 12:32:13] org.junit.jupiter:junit-jupiter-params:5.9.3 -> org.junit.jupiter:junit-jupiter-params:5.12.1 : Failed to compare JAR files: JAPICMP comparison failed for org.junit.jupiter:junit-jupiter-params
[2025-09-01 12:32:13] org.junit.jupiter:junit-jupiter-params:5.9.3 -> org.junit.jupiter:junit-jupiter-params:5.12.2 : Failed to compare JAR files: JAPICMP comparison failed for org.junit.jupiter:junit-jupiter-params
[2025-09-01 12:32:13] org.junit.jupiter:junit-jupiter-params:5.9.3 -> org.junit.jupiter:junit-jupiter-params:5.13.0 : Failed to compare JAR files: JAPICMP comparison failed for org.junit.jupiter:junit-jupiter-params
[2025-09-01 12:32:13] org.junit.jupiter:junit-jupiter-params:5.9.3 -> org.junit.jupiter:junit-jupiter-params:5.13.1 : Failed to compare JAR files: JAPICMP comparison failed for org.junit.jupiter:junit-jupiter-params
[2025-09-01 12:32:13] org.junit.jupiter:junit-jupiter-params:5.9.3 -> org.junit.jupiter:junit-jupiter-params:5.13.2 : Failed to compare JAR files: JAPICMP comparison failed for org.junit.jupiter:junit-jupiter-params
[2025-09-01 12:32:13] org.junit.jupiter:junit-jupiter-params:5.9.3 -> org.junit.jupiter:junit-jupiter-params:5.13.3 : Failed to compare JAR files: JAPICMP comparison failed for org.junit.jupiter:junit-jupiter-params
[2025-09-01 12:32:13] org.junit.jupiter:junit-jupiter-params:5.9.3 -> org.junit.jupiter:junit-jupiter-params:5.13.4 : Failed to compare JAR files: JAPICMP comparison failed for org.junit.jupiter:junit-jupiter-params

=== Summary ===
Total comparisons: 89
Failures: 30
Success rate: 66.29%
