=== Comparison Failure Log ===
[2025-09-06 16:02:15] ch.qos.logback:logback-classic:1.5.16 -> ch.qos.logback:logback-classic:1.5.17 : Failed to compare JAR files: JAPICMP comparison failed for ch.qos.logback:logback-classic
[2025-09-06 16:02:15] ch.qos.logback:logback-classic:1.5.16 -> ch.qos.logback:logback-classic:1.5.18 : Failed to compare JAR files: JAPICMP comparison failed for ch.qos.logback:logback-classic
[2025-09-06 16:03:09] org.jfree:jfreechart:1.5.4 -> org.jfree:jfreechart:1.5.5 : Failed to compare JAR files: JAPICMP comparison failed for org.jfree:jfreechart
[2025-09-06 16:03:10] org.jfree:jfreechart:1.5.4 -> org.jfree:jfreechart:1.5.6 : Failed to compare JAR files: JAPICMP comparison failed for org.jfree:jfreechart
[2025-09-06 16:03:11] org.freemarker:freemarker:2.3.32 -> org.freemarker:freemarker:2.3.33 : Failed to compare JAR files: JAPICMP comparison failed for org.freemarker:freemarker
[2025-09-06 16:03:11] org.freemarker:freemarker:2.3.32 -> org.freemarker:freemarker:2.3.34 : Failed to compare JAR files: JAPICMP comparison failed for org.freemarker:freemarker
[2025-09-06 16:03:11] org.junit.jupiter:junit-jupiter-api:5.12.1 -> org.junit.jupiter:junit-jupiter-api:5.12.2 : Failed to compare JAR files: JAPICMP comparison failed for org.junit.jupiter:junit-jupiter-api
[2025-09-06 16:03:11] org.junit.jupiter:junit-jupiter-api:5.12.1 -> org.junit.jupiter:junit-jupiter-api:5.13.0 : Failed to compare JAR files: JAPICMP comparison failed for org.junit.jupiter:junit-jupiter-api
[2025-09-06 16:03:11] org.junit.jupiter:junit-jupiter-api:5.12.1 -> org.junit.jupiter:junit-jupiter-api:5.13.1 : Failed to compare JAR files: JAPICMP comparison failed for org.junit.jupiter:junit-jupiter-api
[2025-09-06 16:03:11] org.junit.jupiter:junit-jupiter-api:5.12.1 -> org.junit.jupiter:junit-jupiter-api:5.13.2 : Failed to compare JAR files: JAPICMP comparison failed for org.junit.jupiter:junit-jupiter-api
[2025-09-06 16:03:11] org.junit.jupiter:junit-jupiter-api:5.12.1 -> org.junit.jupiter:junit-jupiter-api:5.13.3 : Failed to compare JAR files: JAPICMP comparison failed for org.junit.jupiter:junit-jupiter-api
[2025-09-06 16:03:11] org.junit.jupiter:junit-jupiter-api:5.12.1 -> org.junit.jupiter:junit-jupiter-api:5.13.4 : Failed to compare JAR files: JAPICMP comparison failed for org.junit.jupiter:junit-jupiter-api
[2025-09-06 16:03:14] org.junit.jupiter:junit-jupiter-params:5.12.1 -> org.junit.jupiter:junit-jupiter-params:5.12.2 : Failed to compare JAR files: JAPICMP comparison failed for org.junit.jupiter:junit-jupiter-params
[2025-09-06 16:03:14] org.junit.jupiter:junit-jupiter-params:5.12.1 -> org.junit.jupiter:junit-jupiter-params:5.13.0 : Failed to compare JAR files: JAPICMP comparison failed for org.junit.jupiter:junit-jupiter-params
[2025-09-06 16:03:15] org.junit.jupiter:junit-jupiter-params:5.12.1 -> org.junit.jupiter:junit-jupiter-params:5.13.1 : Failed to compare JAR files: JAPICMP comparison failed for org.junit.jupiter:junit-jupiter-params
[2025-09-06 16:03:15] org.junit.jupiter:junit-jupiter-params:5.12.1 -> org.junit.jupiter:junit-jupiter-params:5.13.2 : Failed to compare JAR files: JAPICMP comparison failed for org.junit.jupiter:junit-jupiter-params
[2025-09-06 16:03:15] org.junit.jupiter:junit-jupiter-params:5.12.1 -> org.junit.jupiter:junit-jupiter-params:5.13.3 : Failed to compare JAR files: JAPICMP comparison failed for org.junit.jupiter:junit-jupiter-params
[2025-09-06 16:03:15] org.junit.jupiter:junit-jupiter-params:5.12.1 -> org.junit.jupiter:junit-jupiter-params:5.13.4 : Failed to compare JAR files: JAPICMP comparison failed for org.junit.jupiter:junit-jupiter-params
[2025-09-06 16:03:15] org.assertj:assertj-core:3.24.2 -> org.assertj:assertj-core:3.25.0 : Failed to compare JAR files: JAPICMP comparison failed for org.assertj:assertj-core
[2025-09-06 16:03:15] org.assertj:assertj-core:3.24.2 -> org.assertj:assertj-core:3.25.1 : Failed to compare JAR files: JAPICMP comparison failed for org.assertj:assertj-core
[2025-09-06 16:03:15] org.assertj:assertj-core:3.24.2 -> org.assertj:assertj-core:3.25.2 : Failed to compare JAR files: JAPICMP comparison failed for org.assertj:assertj-core
[2025-09-06 16:03:15] org.assertj:assertj-core:3.24.2 -> org.assertj:assertj-core:3.25.3 : Failed to compare JAR files: JAPICMP comparison failed for org.assertj:assertj-core
[2025-09-06 16:03:16] org.assertj:assertj-core:3.24.2 -> org.assertj:assertj-core:3.26.0 : Failed to compare JAR files: JAPICMP comparison failed for org.assertj:assertj-core
[2025-09-06 16:03:16] org.assertj:assertj-core:3.24.2 -> org.assertj:assertj-core:3.26.3 : Failed to compare JAR files: JAPICMP comparison failed for org.assertj:assertj-core
[2025-09-06 16:03:16] org.assertj:assertj-core:3.24.2 -> org.assertj:assertj-core:3.27.0 : Failed to compare JAR files: JAPICMP comparison failed for org.assertj:assertj-core
[2025-09-06 16:03:16] org.assertj:assertj-core:3.24.2 -> org.assertj:assertj-core:3.27.1 : Failed to compare JAR files: JAPICMP comparison failed for org.assertj:assertj-core
[2025-09-06 16:03:16] org.assertj:assertj-core:3.24.2 -> org.assertj:assertj-core:3.27.2 : Failed to compare JAR files: JAPICMP comparison failed for org.assertj:assertj-core
[2025-09-06 16:03:16] org.assertj:assertj-core:3.24.2 -> org.assertj:assertj-core:3.27.3 : Failed to compare JAR files: JAPICMP comparison failed for org.assertj:assertj-core
[2025-09-06 16:03:17] org.assertj:assertj-core:3.24.2 -> org.assertj:assertj-core:3.27.4 : Failed to compare JAR files: JAPICMP comparison failed for org.assertj:assertj-core
[2025-09-06 16:03:17] org.mockito:mockito-core:5.16.1 -> org.mockito:mockito-core:5.17.0 : Failed to compare JAR files: JAPICMP comparison failed for org.mockito:mockito-core
[2025-09-06 16:03:17] org.mockito:mockito-core:5.16.1 -> org.mockito:mockito-core:5.18.0 : Failed to compare JAR files: JAPICMP comparison failed for org.mockito:mockito-core
[2025-09-06 16:03:17] org.mockito:mockito-core:5.16.1 -> org.mockito:mockito-core:5.19.0 : Failed to compare JAR files: JAPICMP comparison failed for org.mockito:mockito-core

=== Summary ===
Total comparisons: 146
Failures: 32
Success rate: 78.08%
