=== Comparison Failure Log ===
[2025-08-25 16:12:30] io.vertx:vertx-web-client:4.3.4 -> io.vertx:vertx-web-client:4.3.5 : Failed to compare JAR files: JAPICMP comparison failed for io.vertx:vertx-web-client
[2025-08-25 16:12:34] io.vertx:vertx-web-client:4.3.4 -> io.vertx:vertx-web-client:4.3.6 : Failed to compare JAR files: JAPICMP comparison failed for io.vertx:vertx-web-client
[2025-08-25 16:12:37] io.vertx:vertx-web-client:4.3.4 -> io.vertx:vertx-web-client:4.3.7 : Failed to compare JAR files: JAPICMP comparison failed for io.vertx:vertx-web-client
[2025-08-25 16:12:41] io.vertx:vertx-web-client:4.3.4 -> io.vertx:vertx-web-client:4.3.8 : Failed to compare JAR files: JAPICMP comparison failed for io.vertx:vertx-web-client
[2025-08-25 16:12:45] io.vertx:vertx-web-client:4.3.4 -> io.vertx:vertx-web-client:4.4.0 : Failed to compare JAR files: JAPICMP comparison failed for io.vertx:vertx-web-client
[2025-08-25 16:12:49] io.vertx:vertx-web-client:4.3.4 -> io.vertx:vertx-web-client:4.4.1 : Failed to compare JAR files: JAPICMP comparison failed for io.vertx:vertx-web-client
[2025-08-25 16:12:53] io.vertx:vertx-web-client:4.3.4 -> io.vertx:vertx-web-client:4.4.2 : Failed to compare JAR files: JAPICMP comparison failed for io.vertx:vertx-web-client
[2025-08-25 16:12:58] io.vertx:vertx-web-client:4.3.4 -> io.vertx:vertx-web-client:4.4.3 : Failed to compare JAR files: JAPICMP comparison failed for io.vertx:vertx-web-client
[2025-08-25 16:13:02] io.vertx:vertx-web-client:4.3.4 -> io.vertx:vertx-web-client:4.4.4 : Failed to compare JAR files: JAPICMP comparison failed for io.vertx:vertx-web-client
[2025-08-25 16:13:06] io.vertx:vertx-web-client:4.3.4 -> io.vertx:vertx-web-client:4.4.5 : Failed to compare JAR files: JAPICMP comparison failed for io.vertx:vertx-web-client
[2025-08-25 16:13:10] io.vertx:vertx-web-client:4.3.4 -> io.vertx:vertx-web-client:4.4.6 : Failed to compare JAR files: JAPICMP comparison failed for io.vertx:vertx-web-client
[2025-08-25 16:13:14] io.vertx:vertx-web-client:4.3.4 -> io.vertx:vertx-web-client:4.4.7 : Failed to compare JAR files: JAPICMP comparison failed for io.vertx:vertx-web-client
[2025-08-25 16:13:18] io.vertx:vertx-web-client:4.3.4 -> io.vertx:vertx-web-client:4.4.8 : Failed to compare JAR files: JAPICMP comparison failed for io.vertx:vertx-web-client
[2025-08-25 16:13:22] io.vertx:vertx-web-client:4.3.4 -> io.vertx:vertx-web-client:4.4.9 : Failed to compare JAR files: JAPICMP comparison failed for io.vertx:vertx-web-client
[2025-08-25 16:13:26] io.vertx:vertx-web-client:4.3.4 -> io.vertx:vertx-web-client:4.5.0 : Failed to compare JAR files: JAPICMP comparison failed for io.vertx:vertx-web-client
[2025-08-25 16:13:30] io.vertx:vertx-web-client:4.3.4 -> io.vertx:vertx-web-client:4.5.1 : Failed to compare JAR files: JAPICMP comparison failed for io.vertx:vertx-web-client
[2025-08-25 16:13:35] io.vertx:vertx-web-client:4.3.4 -> io.vertx:vertx-web-client:4.5.2 : Failed to compare JAR files: JAPICMP comparison failed for io.vertx:vertx-web-client
[2025-08-25 16:13:39] io.vertx:vertx-web-client:4.3.4 -> io.vertx:vertx-web-client:4.5.3 : Failed to compare JAR files: JAPICMP comparison failed for io.vertx:vertx-web-client
[2025-08-25 16:13:42] io.vertx:vertx-web-client:4.3.4 -> io.vertx:vertx-web-client:4.5.4 : Failed to compare JAR files: JAPICMP comparison failed for io.vertx:vertx-web-client
[2025-08-25 16:13:47] io.vertx:vertx-web-client:4.3.4 -> io.vertx:vertx-web-client:4.5.5 : Failed to compare JAR files: JAPICMP comparison failed for io.vertx:vertx-web-client
[2025-08-25 16:13:51] io.vertx:vertx-web-client:4.3.4 -> io.vertx:vertx-web-client:4.5.6 : Failed to compare JAR files: JAPICMP comparison failed for io.vertx:vertx-web-client
[2025-08-25 16:13:55] io.vertx:vertx-web-client:4.3.4 -> io.vertx:vertx-web-client:4.5.7 : Failed to compare JAR files: JAPICMP comparison failed for io.vertx:vertx-web-client
[2025-08-25 16:14:00] io.vertx:vertx-web-client:4.3.4 -> io.vertx:vertx-web-client:4.5.8 : Failed to compare JAR files: JAPICMP comparison failed for io.vertx:vertx-web-client
[2025-08-25 16:14:04] io.vertx:vertx-web-client:4.3.4 -> io.vertx:vertx-web-client:4.5.9 : Failed to compare JAR files: JAPICMP comparison failed for io.vertx:vertx-web-client
[2025-08-25 16:14:07] io.vertx:vertx-web-client:4.3.4 -> io.vertx:vertx-web-client:4.5.10 : Failed to compare JAR files: JAPICMP comparison failed for io.vertx:vertx-web-client
[2025-08-25 16:14:11] io.vertx:vertx-web-client:4.3.4 -> io.vertx:vertx-web-client:4.5.11 : Failed to compare JAR files: JAPICMP comparison failed for io.vertx:vertx-web-client
[2025-08-25 16:14:15] io.vertx:vertx-web-client:4.3.4 -> io.vertx:vertx-web-client:4.5.12 : Failed to compare JAR files: JAPICMP comparison failed for io.vertx:vertx-web-client
[2025-08-25 16:14:19] io.vertx:vertx-web-client:4.3.4 -> io.vertx:vertx-web-client:4.5.13 : Failed to compare JAR files: JAPICMP comparison failed for io.vertx:vertx-web-client
[2025-08-25 16:14:21] io.vertx:vertx-web-client:4.3.4 -> io.vertx:vertx-web-client:4.5.14 : Failed to compare JAR files: JAPICMP comparison failed for io.vertx:vertx-web-client
[2025-08-25 16:14:26] io.vertx:vertx-web-client:4.3.4 -> io.vertx:vertx-web-client:4.5.15 : Failed to compare JAR files: JAPICMP comparison failed for io.vertx:vertx-web-client
[2025-08-25 16:14:29] io.vertx:vertx-web-client:4.3.4 -> io.vertx:vertx-web-client:4.5.16 : Failed to compare JAR files: JAPICMP comparison failed for io.vertx:vertx-web-client
[2025-08-25 16:14:34] io.vertx:vertx-web-client:4.3.4 -> io.vertx:vertx-web-client:4.5.17 : Failed to compare JAR files: JAPICMP comparison failed for io.vertx:vertx-web-client
[2025-08-25 16:14:36] io.vertx:vertx-web-client:4.3.4 -> io.vertx:vertx-web-client:4.5.18 : Failed to compare JAR files: JAPICMP comparison failed for io.vertx:vertx-web-client

=== Summary ===
Total comparisons: 2460
Failures: 33
Success rate: 98.66%
