=== Comparison Failure Log ===
[2025-09-01 12:06:40] org.slf4j:slf4j-log4j12:1.7.8 -> org.slf4j:slf4j-log4j12:1.7.9 : Failed to compare JAR files: JAPICMP comparison failed for org.slf4j:slf4j-log4j12
[2025-09-01 12:06:41] org.slf4j:slf4j-log4j12:1.7.8 -> org.slf4j:slf4j-log4j12:1.7.10 : Failed to compare JAR files: JAPICMP comparison failed for org.slf4j:slf4j-log4j12
[2025-09-01 12:06:43] org.slf4j:slf4j-log4j12:1.7.8 -> org.slf4j:slf4j-log4j12:1.7.11 : Failed to compare JAR files: JAPICMP comparison failed for org.slf4j:slf4j-log4j12
[2025-09-01 12:06:44] org.slf4j:slf4j-log4j12:1.7.8 -> org.slf4j:slf4j-log4j12:1.7.12 : Failed to compare JAR files: JAPICMP comparison failed for org.slf4j:slf4j-log4j12
[2025-09-01 12:06:45] org.slf4j:slf4j-log4j12:1.7.8 -> org.slf4j:slf4j-log4j12:1.7.13 : Failed to compare JAR files: JAPICMP comparison failed for org.slf4j:slf4j-log4j12
[2025-09-01 12:06:46] org.slf4j:slf4j-log4j12:1.7.8 -> org.slf4j:slf4j-log4j12:1.7.14 : Failed to compare JAR files: JAPICMP comparison failed for org.slf4j:slf4j-log4j12
[2025-09-01 12:06:48] org.slf4j:slf4j-log4j12:1.7.8 -> org.slf4j:slf4j-log4j12:1.7.15 : Failed to compare JAR files: JAPICMP comparison failed for org.slf4j:slf4j-log4j12
[2025-09-01 12:06:49] org.slf4j:slf4j-log4j12:1.7.8 -> org.slf4j:slf4j-log4j12:1.7.16 : Failed to compare JAR files: JAPICMP comparison failed for org.slf4j:slf4j-log4j12
[2025-09-01 12:06:51] org.slf4j:slf4j-log4j12:1.7.8 -> org.slf4j:slf4j-log4j12:1.7.18 : Failed to compare JAR files: JAPICMP comparison failed for org.slf4j:slf4j-log4j12
[2025-09-01 12:06:53] org.slf4j:slf4j-log4j12:1.7.8 -> org.slf4j:slf4j-log4j12:1.7.19 : Failed to compare JAR files: JAPICMP comparison failed for org.slf4j:slf4j-log4j12
[2025-09-01 12:06:55] org.slf4j:slf4j-log4j12:1.7.8 -> org.slf4j:slf4j-log4j12:1.7.20 : Failed to compare JAR files: JAPICMP comparison failed for org.slf4j:slf4j-log4j12
[2025-09-01 12:06:56] org.slf4j:slf4j-log4j12:1.7.8 -> org.slf4j:slf4j-log4j12:1.7.21 : Failed to compare JAR files: JAPICMP comparison failed for org.slf4j:slf4j-log4j12
[2025-09-01 12:06:57] org.slf4j:slf4j-log4j12:1.7.8 -> org.slf4j:slf4j-log4j12:1.7.22 : Failed to compare JAR files: JAPICMP comparison failed for org.slf4j:slf4j-log4j12
[2025-09-01 12:06:59] org.slf4j:slf4j-log4j12:1.7.8 -> org.slf4j:slf4j-log4j12:1.7.23 : Failed to compare JAR files: JAPICMP comparison failed for org.slf4j:slf4j-log4j12
[2025-09-01 12:07:01] org.slf4j:slf4j-log4j12:1.7.8 -> org.slf4j:slf4j-log4j12:1.7.24 : Failed to compare JAR files: JAPICMP comparison failed for org.slf4j:slf4j-log4j12
[2025-09-01 12:07:02] org.slf4j:slf4j-log4j12:1.7.8 -> org.slf4j:slf4j-log4j12:1.7.25 : Failed to compare JAR files: JAPICMP comparison failed for org.slf4j:slf4j-log4j12
[2025-09-01 12:07:03] org.slf4j:slf4j-log4j12:1.7.8 -> org.slf4j:slf4j-log4j12:1.7.26 : Failed to compare JAR files: JAPICMP comparison failed for org.slf4j:slf4j-log4j12
[2025-09-01 12:07:05] org.slf4j:slf4j-log4j12:1.7.8 -> org.slf4j:slf4j-log4j12:1.7.27 : Failed to compare JAR files: JAPICMP comparison failed for org.slf4j:slf4j-log4j12
[2025-09-01 12:07:06] org.slf4j:slf4j-log4j12:1.7.8 -> org.slf4j:slf4j-log4j12:1.7.28 : Failed to compare JAR files: JAPICMP comparison failed for org.slf4j:slf4j-log4j12
[2025-09-01 12:07:07] org.slf4j:slf4j-log4j12:1.7.8 -> org.slf4j:slf4j-log4j12:1.7.29 : Failed to compare JAR files: JAPICMP comparison failed for org.slf4j:slf4j-log4j12
[2025-09-01 12:07:08] org.slf4j:slf4j-log4j12:1.7.8 -> org.slf4j:slf4j-log4j12:1.7.30 : Failed to compare JAR files: JAPICMP comparison failed for org.slf4j:slf4j-log4j12
[2025-09-01 12:07:09] org.slf4j:slf4j-log4j12:1.7.8 -> org.slf4j:slf4j-log4j12:1.7.31 : Failed to compare JAR files: JAPICMP comparison failed for org.slf4j:slf4j-log4j12
[2025-09-01 12:07:10] org.slf4j:slf4j-log4j12:1.7.8 -> org.slf4j:slf4j-log4j12:1.7.32 : Failed to compare JAR files: JAPICMP comparison failed for org.slf4j:slf4j-log4j12
[2025-09-01 12:07:12] org.slf4j:slf4j-log4j12:1.7.8 -> org.slf4j:slf4j-log4j12:1.7.33 : Failed to compare JAR files: JAPICMP comparison failed for org.slf4j:slf4j-log4j12

=== Summary ===
Total comparisons: 86
Failures: 24
Success rate: 72.09%
