=== Comparison Failure Log ===
[2025-09-13 02:58:52] org.springframework.data:spring-data-redis:2.3.3.RELEASE -> org.springframework.data:spring-data-redis:2.3.4.RELEASE : Failed to compare JAR files: JAPICMP comparison failed for org.springframework.data:spring-data-redis
[2025-09-13 02:58:53] org.springframework.data:spring-data-redis:2.3.3.RELEASE -> org.springframework.data:spring-data-redis:2.3.5.RELEASE : Failed to compare JAR files: JAPICMP comparison failed for org.springframework.data:spring-data-redis
[2025-09-13 02:58:54] org.springframework.data:spring-data-redis:2.3.3.RELEASE -> org.springframework.data:spring-data-redis:2.3.6.RELEASE : Failed to compare JAR files: JAPICMP comparison failed for org.springframework.data:spring-data-redis
[2025-09-13 02:58:55] org.springframework.data:spring-data-redis:2.3.3.RELEASE -> org.springframework.data:spring-data-redis:2.3.7.RELEASE : Failed to compare JAR files: JAPICMP comparison failed for org.springframework.data:spring-data-redis
[2025-09-13 02:58:56] org.springframework.data:spring-data-redis:2.3.3.RELEASE -> org.springframework.data:spring-data-redis:2.3.8.RELEASE : Failed to compare JAR files: JAPICMP comparison failed for org.springframework.data:spring-data-redis
[2025-09-13 02:58:57] org.springframework.data:spring-data-redis:2.3.3.RELEASE -> org.springframework.data:spring-data-redis:2.3.9.RELEASE : Failed to compare JAR files: JAPICMP comparison failed for org.springframework.data:spring-data-redis
[2025-09-13 02:58:58] org.springframework.data:spring-data-redis:2.3.3.RELEASE -> org.springframework.data:spring-data-redis:2.4.0 : Failed to compare JAR files: JAPICMP comparison failed for org.springframework.data:spring-data-redis
[2025-09-13 02:58:59] org.springframework.data:spring-data-redis:2.3.3.RELEASE -> org.springframework.data:spring-data-redis:2.4.1 : Failed to compare JAR files: JAPICMP comparison failed for org.springframework.data:spring-data-redis
[2025-09-13 02:59:00] org.springframework.data:spring-data-redis:2.3.3.RELEASE -> org.springframework.data:spring-data-redis:2.4.2 : Failed to compare JAR files: JAPICMP comparison failed for org.springframework.data:spring-data-redis
[2025-09-13 02:59:01] org.springframework.data:spring-data-redis:2.3.3.RELEASE -> org.springframework.data:spring-data-redis:2.4.3 : Failed to compare JAR files: JAPICMP comparison failed for org.springframework.data:spring-data-redis
[2025-09-13 02:59:02] org.springframework.data:spring-data-redis:2.3.3.RELEASE -> org.springframework.data:spring-data-redis:2.4.4 : Failed to compare JAR files: JAPICMP comparison failed for org.springframework.data:spring-data-redis
[2025-09-13 02:59:03] org.springframework.data:spring-data-redis:2.3.3.RELEASE -> org.springframework.data:spring-data-redis:2.4.5 : Failed to compare JAR files: JAPICMP comparison failed for org.springframework.data:spring-data-redis
[2025-09-13 02:59:04] org.springframework.data:spring-data-redis:2.3.3.RELEASE -> org.springframework.data:spring-data-redis:2.4.6 : Failed to compare JAR files: JAPICMP comparison failed for org.springframework.data:spring-data-redis
[2025-09-13 02:59:05] org.springframework.data:spring-data-redis:2.3.3.RELEASE -> org.springframework.data:spring-data-redis:2.4.7 : Failed to compare JAR files: JAPICMP comparison failed for org.springframework.data:spring-data-redis
[2025-09-13 02:59:09] org.springframework.data:spring-data-redis:2.3.3.RELEASE -> org.springframework.data:spring-data-redis:2.4.8 : Failed to compare JAR files: JAPICMP comparison failed for org.springframework.data:spring-data-redis
[2025-09-13 02:59:10] org.springframework.data:spring-data-redis:2.3.3.RELEASE -> org.springframework.data:spring-data-redis:2.4.9 : Failed to compare JAR files: JAPICMP comparison failed for org.springframework.data:spring-data-redis
[2025-09-13 02:59:11] org.springframework.data:spring-data-redis:2.3.3.RELEASE -> org.springframework.data:spring-data-redis:2.4.10 : Failed to compare JAR files: JAPICMP comparison failed for org.springframework.data:spring-data-redis
[2025-09-13 02:59:12] org.springframework.data:spring-data-redis:2.3.3.RELEASE -> org.springframework.data:spring-data-redis:2.4.11 : Failed to compare JAR files: JAPICMP comparison failed for org.springframework.data:spring-data-redis
[2025-09-13 02:59:13] org.springframework.data:spring-data-redis:2.3.3.RELEASE -> org.springframework.data:spring-data-redis:2.4.12 : Failed to compare JAR files: JAPICMP comparison failed for org.springframework.data:spring-data-redis
[2025-09-13 02:59:14] org.springframework.data:spring-data-redis:2.3.3.RELEASE -> org.springframework.data:spring-data-redis:2.4.13 : Failed to compare JAR files: JAPICMP comparison failed for org.springframework.data:spring-data-redis
[2025-09-13 02:59:15] org.springframework.data:spring-data-redis:2.3.3.RELEASE -> org.springframework.data:spring-data-redis:2.4.14 : Failed to compare JAR files: JAPICMP comparison failed for org.springframework.data:spring-data-redis
[2025-09-13 02:59:16] org.springframework.data:spring-data-redis:2.3.3.RELEASE -> org.springframework.data:spring-data-redis:2.4.15 : Failed to compare JAR files: JAPICMP comparison failed for org.springframework.data:spring-data-redis
[2025-09-13 02:59:17] org.springframework.data:spring-data-redis:2.3.3.RELEASE -> org.springframework.data:spring-data-redis:2.5.0 : Failed to compare JAR files: JAPICMP comparison failed for org.springframework.data:spring-data-redis
[2025-09-13 02:59:18] org.springframework.data:spring-data-redis:2.3.3.RELEASE -> org.springframework.data:spring-data-redis:2.5.1 : Failed to compare JAR files: JAPICMP comparison failed for org.springframework.data:spring-data-redis
[2025-09-13 02:59:20] org.springframework.data:spring-data-redis:2.3.3.RELEASE -> org.springframework.data:spring-data-redis:2.5.2 : Failed to compare JAR files: JAPICMP comparison failed for org.springframework.data:spring-data-redis
[2025-09-13 02:59:21] org.springframework.data:spring-data-redis:2.3.3.RELEASE -> org.springframework.data:spring-data-redis:2.5.3 : Failed to compare JAR files: JAPICMP comparison failed for org.springframework.data:spring-data-redis
[2025-09-13 02:59:22] org.springframework.data:spring-data-redis:2.3.3.RELEASE -> org.springframework.data:spring-data-redis:2.5.4 : Failed to compare JAR files: JAPICMP comparison failed for org.springframework.data:spring-data-redis
[2025-09-13 02:59:23] org.springframework.data:spring-data-redis:2.3.3.RELEASE -> org.springframework.data:spring-data-redis:2.5.5 : Failed to compare JAR files: JAPICMP comparison failed for org.springframework.data:spring-data-redis
[2025-09-13 02:59:24] org.springframework.data:spring-data-redis:2.3.3.RELEASE -> org.springframework.data:spring-data-redis:2.5.6 : Failed to compare JAR files: JAPICMP comparison failed for org.springframework.data:spring-data-redis
[2025-09-13 02:59:25] org.springframework.data:spring-data-redis:2.3.3.RELEASE -> org.springframework.data:spring-data-redis:2.5.7 : Failed to compare JAR files: JAPICMP comparison failed for org.springframework.data:spring-data-redis
[2025-09-13 02:59:26] org.springframework.data:spring-data-redis:2.3.3.RELEASE -> org.springframework.data:spring-data-redis:2.5.8 : Failed to compare JAR files: JAPICMP comparison failed for org.springframework.data:spring-data-redis
[2025-09-13 02:59:27] org.springframework.data:spring-data-redis:2.3.3.RELEASE -> org.springframework.data:spring-data-redis:2.5.9 : Failed to compare JAR files: JAPICMP comparison failed for org.springframework.data:spring-data-redis
[2025-09-13 02:59:28] org.springframework.data:spring-data-redis:2.3.3.RELEASE -> org.springframework.data:spring-data-redis:2.5.10 : Failed to compare JAR files: JAPICMP comparison failed for org.springframework.data:spring-data-redis
[2025-09-13 02:59:30] org.springframework.data:spring-data-redis:2.3.3.RELEASE -> org.springframework.data:spring-data-redis:2.5.11 : Failed to compare JAR files: JAPICMP comparison failed for org.springframework.data:spring-data-redis
[2025-09-13 02:59:31] org.springframework.data:spring-data-redis:2.3.3.RELEASE -> org.springframework.data:spring-data-redis:2.5.12 : Failed to compare JAR files: JAPICMP comparison failed for org.springframework.data:spring-data-redis
[2025-09-13 02:59:32] org.springframework.data:spring-data-redis:2.3.3.RELEASE -> org.springframework.data:spring-data-redis:2.6.0 : Failed to compare JAR files: JAPICMP comparison failed for org.springframework.data:spring-data-redis
[2025-09-13 02:59:33] org.springframework.data:spring-data-redis:2.3.3.RELEASE -> org.springframework.data:spring-data-redis:2.6.1 : Failed to compare JAR files: JAPICMP comparison failed for org.springframework.data:spring-data-redis
[2025-09-13 02:59:34] org.springframework.data:spring-data-redis:2.3.3.RELEASE -> org.springframework.data:spring-data-redis:2.6.2 : Failed to compare JAR files: JAPICMP comparison failed for org.springframework.data:spring-data-redis
[2025-09-13 02:59:35] org.springframework.data:spring-data-redis:2.3.3.RELEASE -> org.springframework.data:spring-data-redis:2.6.3 : Failed to compare JAR files: JAPICMP comparison failed for org.springframework.data:spring-data-redis
[2025-09-13 02:59:36] org.springframework.data:spring-data-redis:2.3.3.RELEASE -> org.springframework.data:spring-data-redis:2.6.4 : Failed to compare JAR files: JAPICMP comparison failed for org.springframework.data:spring-data-redis
[2025-09-13 02:59:37] org.springframework.data:spring-data-redis:2.3.3.RELEASE -> org.springframework.data:spring-data-redis:2.6.5 : Failed to compare JAR files: JAPICMP comparison failed for org.springframework.data:spring-data-redis
[2025-09-13 02:59:38] org.springframework.data:spring-data-redis:2.3.3.RELEASE -> org.springframework.data:spring-data-redis:2.6.6 : Failed to compare JAR files: JAPICMP comparison failed for org.springframework.data:spring-data-redis
[2025-09-13 02:59:42] org.springframework.data:spring-data-redis:2.3.3.RELEASE -> org.springframework.data:spring-data-redis:2.6.7 : Failed to compare JAR files: JAPICMP comparison failed for org.springframework.data:spring-data-redis
[2025-09-13 02:59:43] org.springframework.data:spring-data-redis:2.3.3.RELEASE -> org.springframework.data:spring-data-redis:2.6.8 : Failed to compare JAR files: JAPICMP comparison failed for org.springframework.data:spring-data-redis
[2025-09-13 02:59:45] org.springframework.data:spring-data-redis:2.3.3.RELEASE -> org.springframework.data:spring-data-redis:2.6.9 : Failed to compare JAR files: JAPICMP comparison failed for org.springframework.data:spring-data-redis
[2025-09-13 02:59:46] org.springframework.data:spring-data-redis:2.3.3.RELEASE -> org.springframework.data:spring-data-redis:2.6.10 : Failed to compare JAR files: JAPICMP comparison failed for org.springframework.data:spring-data-redis
[2025-09-13 02:59:47] org.springframework.data:spring-data-redis:2.3.3.RELEASE -> org.springframework.data:spring-data-redis:2.7.0 : Failed to compare JAR files: JAPICMP comparison failed for org.springframework.data:spring-data-redis
[2025-09-13 02:59:48] org.springframework.data:spring-data-redis:2.3.3.RELEASE -> org.springframework.data:spring-data-redis:2.7.1 : Failed to compare JAR files: JAPICMP comparison failed for org.springframework.data:spring-data-redis
[2025-09-13 02:59:49] org.springframework.data:spring-data-redis:2.3.3.RELEASE -> org.springframework.data:spring-data-redis:2.7.2 : Failed to compare JAR files: JAPICMP comparison failed for org.springframework.data:spring-data-redis
[2025-09-13 02:59:50] org.springframework.data:spring-data-redis:2.3.3.RELEASE -> org.springframework.data:spring-data-redis:2.7.3 : Failed to compare JAR files: JAPICMP comparison failed for org.springframework.data:spring-data-redis
[2025-09-13 02:59:52] org.springframework.data:spring-data-redis:2.3.3.RELEASE -> org.springframework.data:spring-data-redis:2.7.4 : Failed to compare JAR files: JAPICMP comparison failed for org.springframework.data:spring-data-redis
[2025-09-13 02:59:53] org.springframework.data:spring-data-redis:2.3.3.RELEASE -> org.springframework.data:spring-data-redis:2.7.5 : Failed to compare JAR files: JAPICMP comparison failed for org.springframework.data:spring-data-redis
[2025-09-13 02:59:54] org.springframework.data:spring-data-redis:2.3.3.RELEASE -> org.springframework.data:spring-data-redis:2.7.6 : Failed to compare JAR files: JAPICMP comparison failed for org.springframework.data:spring-data-redis
[2025-09-13 02:59:55] org.springframework.data:spring-data-redis:2.3.3.RELEASE -> org.springframework.data:spring-data-redis:2.7.7 : Failed to compare JAR files: JAPICMP comparison failed for org.springframework.data:spring-data-redis
[2025-09-13 02:59:56] org.springframework.data:spring-data-redis:2.3.3.RELEASE -> org.springframework.data:spring-data-redis:2.7.8 : Failed to compare JAR files: JAPICMP comparison failed for org.springframework.data:spring-data-redis
[2025-09-13 02:59:57] org.springframework.data:spring-data-redis:2.3.3.RELEASE -> org.springframework.data:spring-data-redis:2.7.9 : Failed to compare JAR files: JAPICMP comparison failed for org.springframework.data:spring-data-redis
[2025-09-13 02:59:59] org.springframework.data:spring-data-redis:2.3.3.RELEASE -> org.springframework.data:spring-data-redis:2.7.10 : Failed to compare JAR files: JAPICMP comparison failed for org.springframework.data:spring-data-redis
[2025-09-13 03:00:00] org.springframework.data:spring-data-redis:2.3.3.RELEASE -> org.springframework.data:spring-data-redis:2.7.11 : Failed to compare JAR files: JAPICMP comparison failed for org.springframework.data:spring-data-redis
[2025-09-13 03:00:01] org.springframework.data:spring-data-redis:2.3.3.RELEASE -> org.springframework.data:spring-data-redis:2.7.12 : Failed to compare JAR files: JAPICMP comparison failed for org.springframework.data:spring-data-redis
[2025-09-13 03:00:02] org.springframework.data:spring-data-redis:2.3.3.RELEASE -> org.springframework.data:spring-data-redis:2.7.13 : Failed to compare JAR files: JAPICMP comparison failed for org.springframework.data:spring-data-redis
[2025-09-13 03:00:03] org.springframework.data:spring-data-redis:2.3.3.RELEASE -> org.springframework.data:spring-data-redis:2.7.14 : Failed to compare JAR files: JAPICMP comparison failed for org.springframework.data:spring-data-redis
[2025-09-13 03:00:04] org.springframework.data:spring-data-redis:2.3.3.RELEASE -> org.springframework.data:spring-data-redis:2.7.15 : Failed to compare JAR files: JAPICMP comparison failed for org.springframework.data:spring-data-redis
[2025-09-13 03:00:06] org.springframework.data:spring-data-redis:2.3.3.RELEASE -> org.springframework.data:spring-data-redis:2.7.16 : Failed to compare JAR files: JAPICMP comparison failed for org.springframework.data:spring-data-redis
[2025-09-13 03:00:07] org.springframework.data:spring-data-redis:2.3.3.RELEASE -> org.springframework.data:spring-data-redis:2.7.17 : Failed to compare JAR files: JAPICMP comparison failed for org.springframework.data:spring-data-redis
[2025-09-13 03:00:08] org.springframework.data:spring-data-redis:2.3.3.RELEASE -> org.springframework.data:spring-data-redis:2.7.18 : Failed to compare JAR files: JAPICMP comparison failed for org.springframework.data:spring-data-redis
[2025-09-13 03:00:08] org.springframework.boot:spring-boot-autoconfigure:2.5.15 -> org.springframework.boot:spring-boot-autoconfigure:2.6.0 : Failed to compare JAR files: JAPICMP comparison failed for org.springframework.boot:spring-boot-autoconfigure
[2025-09-13 03:00:09] org.springframework.boot:spring-boot-autoconfigure:2.5.15 -> org.springframework.boot:spring-boot-autoconfigure:2.6.1 : Failed to compare JAR files: JAPICMP comparison failed for org.springframework.boot:spring-boot-autoconfigure
[2025-09-13 03:00:09] org.springframework.boot:spring-boot-autoconfigure:2.5.15 -> org.springframework.boot:spring-boot-autoconfigure:2.6.2 : Failed to compare JAR files: JAPICMP comparison failed for org.springframework.boot:spring-boot-autoconfigure
[2025-09-13 03:00:09] org.springframework.boot:spring-boot-autoconfigure:2.5.15 -> org.springframework.boot:spring-boot-autoconfigure:2.6.3 : Failed to compare JAR files: JAPICMP comparison failed for org.springframework.boot:spring-boot-autoconfigure
[2025-09-13 03:00:09] org.springframework.boot:spring-boot-autoconfigure:2.5.15 -> org.springframework.boot:spring-boot-autoconfigure:2.6.4 : Failed to compare JAR files: JAPICMP comparison failed for org.springframework.boot:spring-boot-autoconfigure
[2025-09-13 03:00:10] org.springframework.boot:spring-boot-autoconfigure:2.5.15 -> org.springframework.boot:spring-boot-autoconfigure:2.6.5 : Failed to compare JAR files: JAPICMP comparison failed for org.springframework.boot:spring-boot-autoconfigure
[2025-09-13 03:00:10] org.springframework.boot:spring-boot-autoconfigure:2.5.15 -> org.springframework.boot:spring-boot-autoconfigure:2.6.6 : Failed to compare JAR files: JAPICMP comparison failed for org.springframework.boot:spring-boot-autoconfigure
[2025-09-13 03:00:10] org.springframework.boot:spring-boot-autoconfigure:2.5.15 -> org.springframework.boot:spring-boot-autoconfigure:2.6.7 : Failed to compare JAR files: JAPICMP comparison failed for org.springframework.boot:spring-boot-autoconfigure
[2025-09-13 03:00:10] org.springframework.boot:spring-boot-autoconfigure:2.5.15 -> org.springframework.boot:spring-boot-autoconfigure:2.6.8 : Failed to compare JAR files: JAPICMP comparison failed for org.springframework.boot:spring-boot-autoconfigure
[2025-09-13 03:00:11] org.springframework.boot:spring-boot-autoconfigure:2.5.15 -> org.springframework.boot:spring-boot-autoconfigure:2.6.9 : Failed to compare JAR files: JAPICMP comparison failed for org.springframework.boot:spring-boot-autoconfigure
[2025-09-13 03:00:11] org.springframework.boot:spring-boot-autoconfigure:2.5.15 -> org.springframework.boot:spring-boot-autoconfigure:2.6.10 : Failed to compare JAR files: JAPICMP comparison failed for org.springframework.boot:spring-boot-autoconfigure
[2025-09-13 03:00:11] org.springframework.boot:spring-boot-autoconfigure:2.5.15 -> org.springframework.boot:spring-boot-autoconfigure:2.6.11 : Failed to compare JAR files: JAPICMP comparison failed for org.springframework.boot:spring-boot-autoconfigure
[2025-09-13 03:00:11] org.springframework.boot:spring-boot-autoconfigure:2.5.15 -> org.springframework.boot:spring-boot-autoconfigure:2.6.12 : Failed to compare JAR files: JAPICMP comparison failed for org.springframework.boot:spring-boot-autoconfigure
[2025-09-13 03:00:12] org.springframework.boot:spring-boot-autoconfigure:2.5.15 -> org.springframework.boot:spring-boot-autoconfigure:2.6.13 : Failed to compare JAR files: JAPICMP comparison failed for org.springframework.boot:spring-boot-autoconfigure
[2025-09-13 03:00:12] org.springframework.boot:spring-boot-autoconfigure:2.5.15 -> org.springframework.boot:spring-boot-autoconfigure:2.6.14 : Failed to compare JAR files: JAPICMP comparison failed for org.springframework.boot:spring-boot-autoconfigure
[2025-09-13 03:00:12] org.springframework.boot:spring-boot-autoconfigure:2.5.15 -> org.springframework.boot:spring-boot-autoconfigure:2.6.15 : Failed to compare JAR files: JAPICMP comparison failed for org.springframework.boot:spring-boot-autoconfigure
[2025-09-13 03:00:12] org.springframework.boot:spring-boot-autoconfigure:2.5.15 -> org.springframework.boot:spring-boot-autoconfigure:2.7.0 : Failed to compare JAR files: JAPICMP comparison failed for org.springframework.boot:spring-boot-autoconfigure
[2025-09-13 03:00:13] org.springframework.boot:spring-boot-autoconfigure:2.5.15 -> org.springframework.boot:spring-boot-autoconfigure:2.7.1 : Failed to compare JAR files: JAPICMP comparison failed for org.springframework.boot:spring-boot-autoconfigure
[2025-09-13 03:00:16] org.springframework.boot:spring-boot-autoconfigure:2.5.15 -> org.springframework.boot:spring-boot-autoconfigure:2.7.2 : Failed to compare JAR files: JAPICMP comparison failed for org.springframework.boot:spring-boot-autoconfigure
[2025-09-13 03:00:16] org.springframework.boot:spring-boot-autoconfigure:2.5.15 -> org.springframework.boot:spring-boot-autoconfigure:2.7.3 : Failed to compare JAR files: JAPICMP comparison failed for org.springframework.boot:spring-boot-autoconfigure
[2025-09-13 03:00:16] org.springframework.boot:spring-boot-autoconfigure:2.5.15 -> org.springframework.boot:spring-boot-autoconfigure:2.7.4 : Failed to compare JAR files: JAPICMP comparison failed for org.springframework.boot:spring-boot-autoconfigure
[2025-09-13 03:00:16] org.springframework.boot:spring-boot-autoconfigure:2.5.15 -> org.springframework.boot:spring-boot-autoconfigure:2.7.5 : Failed to compare JAR files: JAPICMP comparison failed for org.springframework.boot:spring-boot-autoconfigure
[2025-09-13 03:00:17] org.springframework.boot:spring-boot-autoconfigure:2.5.15 -> org.springframework.boot:spring-boot-autoconfigure:2.7.6 : Failed to compare JAR files: JAPICMP comparison failed for org.springframework.boot:spring-boot-autoconfigure
[2025-09-13 03:00:17] org.springframework.boot:spring-boot-autoconfigure:2.5.15 -> org.springframework.boot:spring-boot-autoconfigure:2.7.7 : Failed to compare JAR files: JAPICMP comparison failed for org.springframework.boot:spring-boot-autoconfigure
[2025-09-13 03:00:17] org.springframework.boot:spring-boot-autoconfigure:2.5.15 -> org.springframework.boot:spring-boot-autoconfigure:2.7.8 : Failed to compare JAR files: JAPICMP comparison failed for org.springframework.boot:spring-boot-autoconfigure
[2025-09-13 03:00:17] org.springframework.boot:spring-boot-autoconfigure:2.5.15 -> org.springframework.boot:spring-boot-autoconfigure:2.7.9 : Failed to compare JAR files: JAPICMP comparison failed for org.springframework.boot:spring-boot-autoconfigure
[2025-09-13 03:00:18] org.springframework.boot:spring-boot-autoconfigure:2.5.15 -> org.springframework.boot:spring-boot-autoconfigure:2.7.10 : Failed to compare JAR files: JAPICMP comparison failed for org.springframework.boot:spring-boot-autoconfigure
[2025-09-13 03:00:18] org.springframework.boot:spring-boot-autoconfigure:2.5.15 -> org.springframework.boot:spring-boot-autoconfigure:2.7.11 : Failed to compare JAR files: JAPICMP comparison failed for org.springframework.boot:spring-boot-autoconfigure
[2025-09-13 03:00:18] org.springframework.boot:spring-boot-autoconfigure:2.5.15 -> org.springframework.boot:spring-boot-autoconfigure:2.7.12 : Failed to compare JAR files: JAPICMP comparison failed for org.springframework.boot:spring-boot-autoconfigure
[2025-09-13 03:00:18] org.springframework.boot:spring-boot-autoconfigure:2.5.15 -> org.springframework.boot:spring-boot-autoconfigure:2.7.13 : Failed to compare JAR files: JAPICMP comparison failed for org.springframework.boot:spring-boot-autoconfigure
[2025-09-13 03:00:19] org.springframework.boot:spring-boot-autoconfigure:2.5.15 -> org.springframework.boot:spring-boot-autoconfigure:2.7.14 : Failed to compare JAR files: JAPICMP comparison failed for org.springframework.boot:spring-boot-autoconfigure
[2025-09-13 03:00:19] org.springframework.boot:spring-boot-autoconfigure:2.5.15 -> org.springframework.boot:spring-boot-autoconfigure:2.7.15 : Failed to compare JAR files: JAPICMP comparison failed for org.springframework.boot:spring-boot-autoconfigure
[2025-09-13 03:00:19] org.springframework.boot:spring-boot-autoconfigure:2.5.15 -> org.springframework.boot:spring-boot-autoconfigure:2.7.16 : Failed to compare JAR files: JAPICMP comparison failed for org.springframework.boot:spring-boot-autoconfigure
[2025-09-13 03:00:19] org.springframework.boot:spring-boot-autoconfigure:2.5.15 -> org.springframework.boot:spring-boot-autoconfigure:2.7.17 : Failed to compare JAR files: JAPICMP comparison failed for org.springframework.boot:spring-boot-autoconfigure
[2025-09-13 03:00:20] org.springframework.boot:spring-boot-autoconfigure:2.5.15 -> org.springframework.boot:spring-boot-autoconfigure:2.7.18 : Failed to compare JAR files: JAPICMP comparison failed for org.springframework.boot:spring-boot-autoconfigure
[2025-09-13 03:00:21] org.projectlombok:lombok:1.18.30 -> org.projectlombok:lombok:1.18.32 : Failed to compare JAR files: JAPICMP comparison failed for org.projectlombok:lombok
[2025-09-13 03:00:21] org.projectlombok:lombok:1.18.30 -> org.projectlombok:lombok:1.18.34 : Failed to compare JAR files: JAPICMP comparison failed for org.projectlombok:lombok
[2025-09-13 03:00:21] org.projectlombok:lombok:1.18.30 -> org.projectlombok:lombok:1.18.36 : Failed to compare JAR files: JAPICMP comparison failed for org.projectlombok:lombok
[2025-09-13 03:00:21] org.projectlombok:lombok:1.18.30 -> org.projectlombok:lombok:1.18.38 : Failed to compare JAR files: JAPICMP comparison failed for org.projectlombok:lombok
[2025-09-13 03:00:21] org.projectlombok:lombok:1.18.30 -> org.projectlombok:lombok:1.18.40 : Failed to compare JAR files: JAPICMP comparison failed for org.projectlombok:lombok

=== Summary ===
Total comparisons: 152
Failures: 105
Success rate: 30.92%
