=== Comparison Failure Log ===
[2025-09-01 12:38:30] org.glassfish.jersey.test-framework:jersey-test-framework-core:2.35 -> org.glassfish.jersey.test-framework:jersey-test-framework-core:2.36 : Failed to compare JAR files: JAPICMP comparison failed for org.glassfish.jersey.test-framework:jersey-test-framework-core
[2025-09-01 12:38:34] org.glassfish.jersey.test-framework:jersey-test-framework-core:2.35 -> org.glassfish.jersey.test-framework:jersey-test-framework-core:2.37 : Failed to compare JAR files: JAPICMP comparison failed for org.glassfish.jersey.test-framework:jersey-test-framework-core
[2025-09-01 12:38:39] org.glassfish.jersey.test-framework:jersey-test-framework-core:2.35 -> org.glassfish.jersey.test-framework:jersey-test-framework-core:2.38 : Failed to compare JAR files: JAPICMP comparison failed for org.glassfish.jersey.test-framework:jersey-test-framework-core
[2025-09-01 12:38:42] org.glassfish.jersey.test-framework:jersey-test-framework-core:2.35 -> org.glassfish.jersey.test-framework:jersey-test-framework-core:2.39 : Failed to compare JAR files: JAPICMP comparison failed for org.glassfish.jersey.test-framework:jersey-test-framework-core
[2025-09-01 12:38:45] org.glassfish.jersey.test-framework:jersey-test-framework-core:2.35 -> org.glassfish.jersey.test-framework:jersey-test-framework-core:2.39.1 : Failed to compare JAR files: JAPICMP comparison failed for org.glassfish.jersey.test-framework:jersey-test-framework-core
[2025-09-01 12:38:49] org.glassfish.jersey.test-framework:jersey-test-framework-core:2.35 -> org.glassfish.jersey.test-framework:jersey-test-framework-core:2.40 : Failed to compare JAR files: JAPICMP comparison failed for org.glassfish.jersey.test-framework:jersey-test-framework-core
[2025-09-01 12:38:52] org.glassfish.jersey.test-framework:jersey-test-framework-core:2.35 -> org.glassfish.jersey.test-framework:jersey-test-framework-core:2.41 : Failed to compare JAR files: JAPICMP comparison failed for org.glassfish.jersey.test-framework:jersey-test-framework-core
[2025-09-01 12:38:55] org.glassfish.jersey.test-framework:jersey-test-framework-core:2.35 -> org.glassfish.jersey.test-framework:jersey-test-framework-core:2.42 : Failed to compare JAR files: JAPICMP comparison failed for org.glassfish.jersey.test-framework:jersey-test-framework-core
[2025-09-01 12:38:58] org.glassfish.jersey.test-framework:jersey-test-framework-core:2.35 -> org.glassfish.jersey.test-framework:jersey-test-framework-core:2.43 : Failed to compare JAR files: JAPICMP comparison failed for org.glassfish.jersey.test-framework:jersey-test-framework-core
[2025-09-01 12:39:01] org.glassfish.jersey.test-framework:jersey-test-framework-core:2.35 -> org.glassfish.jersey.test-framework:jersey-test-framework-core:2.44 : Failed to compare JAR files: JAPICMP comparison failed for org.glassfish.jersey.test-framework:jersey-test-framework-core
[2025-09-01 12:39:05] org.glassfish.jersey.test-framework:jersey-test-framework-core:2.35 -> org.glassfish.jersey.test-framework:jersey-test-framework-core:2.45 : Failed to compare JAR files: JAPICMP comparison failed for org.glassfish.jersey.test-framework:jersey-test-framework-core
[2025-09-01 12:39:09] org.glassfish.jersey.test-framework:jersey-test-framework-core:2.35 -> org.glassfish.jersey.test-framework:jersey-test-framework-core:2.46 : Failed to compare JAR files: JAPICMP comparison failed for org.glassfish.jersey.test-framework:jersey-test-framework-core
[2025-09-01 12:39:12] org.glassfish.jersey.test-framework:jersey-test-framework-core:2.35 -> org.glassfish.jersey.test-framework:jersey-test-framework-core:2.47 : Failed to compare JAR files: JAPICMP comparison failed for org.glassfish.jersey.test-framework:jersey-test-framework-core
[2025-09-01 12:39:12] org.glassfish.jersey.containers:jersey-container-servlet-core:2.35 -> org.glassfish.jersey.containers:jersey-container-servlet-core:2.36 : Failed to compare JAR files: JAPICMP comparison failed for org.glassfish.jersey.containers:jersey-container-servlet-core
[2025-09-01 12:39:13] org.glassfish.jersey.containers:jersey-container-servlet-core:2.35 -> org.glassfish.jersey.containers:jersey-container-servlet-core:2.37 : Failed to compare JAR files: JAPICMP comparison failed for org.glassfish.jersey.containers:jersey-container-servlet-core
[2025-09-01 12:39:13] org.glassfish.jersey.containers:jersey-container-servlet-core:2.35 -> org.glassfish.jersey.containers:jersey-container-servlet-core:2.38 : Failed to compare JAR files: JAPICMP comparison failed for org.glassfish.jersey.containers:jersey-container-servlet-core
[2025-09-01 12:39:13] org.glassfish.jersey.containers:jersey-container-servlet-core:2.35 -> org.glassfish.jersey.containers:jersey-container-servlet-core:2.39 : Failed to compare JAR files: JAPICMP comparison failed for org.glassfish.jersey.containers:jersey-container-servlet-core
[2025-09-01 12:39:13] org.glassfish.jersey.containers:jersey-container-servlet-core:2.35 -> org.glassfish.jersey.containers:jersey-container-servlet-core:2.39.1 : Failed to compare JAR files: JAPICMP comparison failed for org.glassfish.jersey.containers:jersey-container-servlet-core
[2025-09-01 12:39:13] org.glassfish.jersey.containers:jersey-container-servlet-core:2.35 -> org.glassfish.jersey.containers:jersey-container-servlet-core:2.40 : Failed to compare JAR files: JAPICMP comparison failed for org.glassfish.jersey.containers:jersey-container-servlet-core
[2025-09-01 12:39:13] org.glassfish.jersey.containers:jersey-container-servlet-core:2.35 -> org.glassfish.jersey.containers:jersey-container-servlet-core:2.41 : Failed to compare JAR files: JAPICMP comparison failed for org.glassfish.jersey.containers:jersey-container-servlet-core
[2025-09-01 12:39:13] org.glassfish.jersey.containers:jersey-container-servlet-core:2.35 -> org.glassfish.jersey.containers:jersey-container-servlet-core:2.42 : Failed to compare JAR files: JAPICMP comparison failed for org.glassfish.jersey.containers:jersey-container-servlet-core
[2025-09-01 12:39:13] org.glassfish.jersey.containers:jersey-container-servlet-core:2.35 -> org.glassfish.jersey.containers:jersey-container-servlet-core:2.43 : Failed to compare JAR files: JAPICMP comparison failed for org.glassfish.jersey.containers:jersey-container-servlet-core
[2025-09-01 12:39:13] org.glassfish.jersey.containers:jersey-container-servlet-core:2.35 -> org.glassfish.jersey.containers:jersey-container-servlet-core:2.44 : Failed to compare JAR files: JAPICMP comparison failed for org.glassfish.jersey.containers:jersey-container-servlet-core
[2025-09-01 12:39:13] org.glassfish.jersey.containers:jersey-container-servlet-core:2.35 -> org.glassfish.jersey.containers:jersey-container-servlet-core:2.45 : Failed to compare JAR files: JAPICMP comparison failed for org.glassfish.jersey.containers:jersey-container-servlet-core
[2025-09-01 12:39:13] org.glassfish.jersey.containers:jersey-container-servlet-core:2.35 -> org.glassfish.jersey.containers:jersey-container-servlet-core:2.46 : Failed to compare JAR files: JAPICMP comparison failed for org.glassfish.jersey.containers:jersey-container-servlet-core
[2025-09-01 12:39:13] org.glassfish.jersey.containers:jersey-container-servlet-core:2.35 -> org.glassfish.jersey.containers:jersey-container-servlet-core:2.47 : Failed to compare JAR files: JAPICMP comparison failed for org.glassfish.jersey.containers:jersey-container-servlet-core
[2025-09-01 12:40:39] org.testng:testng:6.9.7 -> org.testng:testng:6.9.8 : Failed to compare JAR files: JAPICMP comparison failed for org.testng:testng
[2025-09-01 12:40:41] org.testng:testng:6.13 -> org.testng:testng:6.13.1 : Failed to compare JAR files: JAPICMP comparison failed for org.testng:testng
[2025-09-01 12:40:41] org.testng:testng:6.13 -> org.testng:testng:6.14.2 : Failed to compare JAR files: JAPICMP comparison failed for org.testng:testng
[2025-09-01 12:40:41] org.testng:testng:6.13 -> org.testng:testng:6.14.3 : Failed to compare JAR files: JAPICMP comparison failed for org.testng:testng
[2025-09-01 12:44:31] io.swagger:swagger-jaxrs:1.6.4 -> io.swagger:swagger-jaxrs:1.6.5 : Failed to compare JAR files: JAPICMP comparison failed for io.swagger:swagger-jaxrs
[2025-09-01 12:44:32] io.swagger:swagger-jaxrs:1.6.4 -> io.swagger:swagger-jaxrs:1.6.6 : Failed to compare JAR files: JAPICMP comparison failed for io.swagger:swagger-jaxrs
[2025-09-01 12:44:33] io.swagger:swagger-jaxrs:1.6.4 -> io.swagger:swagger-jaxrs:1.6.7 : Failed to compare JAR files: JAPICMP comparison failed for io.swagger:swagger-jaxrs
[2025-09-01 12:44:34] io.swagger:swagger-jaxrs:1.6.4 -> io.swagger:swagger-jaxrs:1.6.8 : Failed to compare JAR files: JAPICMP comparison failed for io.swagger:swagger-jaxrs
[2025-09-01 12:44:35] io.swagger:swagger-jaxrs:1.6.4 -> io.swagger:swagger-jaxrs:1.6.9 : Failed to compare JAR files: JAPICMP comparison failed for io.swagger:swagger-jaxrs
[2025-09-01 12:44:36] io.swagger:swagger-jaxrs:1.6.4 -> io.swagger:swagger-jaxrs:1.6.10 : Failed to compare JAR files: JAPICMP comparison failed for io.swagger:swagger-jaxrs
[2025-09-01 12:44:37] io.swagger:swagger-jaxrs:1.6.4 -> io.swagger:swagger-jaxrs:1.6.11 : Failed to compare JAR files: JAPICMP comparison failed for io.swagger:swagger-jaxrs
[2025-09-01 12:44:38] io.swagger:swagger-jaxrs:1.6.4 -> io.swagger:swagger-jaxrs:1.6.12 : Failed to compare JAR files: JAPICMP comparison failed for io.swagger:swagger-jaxrs
[2025-09-01 12:44:39] io.swagger:swagger-jaxrs:1.6.4 -> io.swagger:swagger-jaxrs:1.6.13 : Failed to compare JAR files: JAPICMP comparison failed for io.swagger:swagger-jaxrs
[2025-09-01 12:44:40] io.swagger:swagger-jaxrs:1.6.4 -> io.swagger:swagger-jaxrs:1.6.14 : Failed to compare JAR files: JAPICMP comparison failed for io.swagger:swagger-jaxrs
[2025-09-01 12:44:41] io.swagger:swagger-jaxrs:1.6.4 -> io.swagger:swagger-jaxrs:1.6.15 : Failed to compare JAR files: JAPICMP comparison failed for io.swagger:swagger-jaxrs
[2025-09-01 12:44:42] io.swagger:swagger-jaxrs:1.6.4 -> io.swagger:swagger-jaxrs:1.6.16 : Failed to compare JAR files: JAPICMP comparison failed for io.swagger:swagger-jaxrs

=== Summary ===
Total comparisons: 961
Failures: 42
Success rate: 95.63%
