=== Comparison Failure Log ===
[2025-09-13 02:54:43] org.springframework.data:spring-data-redis:2.3.3.RELEASE -> org.springframework.data:spring-data-redis:2.3.4.RELEASE : Failed to compare JAR files: JAPICMP comparison failed for org.springframework.data:spring-data-redis
[2025-09-13 02:54:44] org.springframework.data:spring-data-redis:2.3.3.RELEASE -> org.springframework.data:spring-data-redis:2.3.5.RELEASE : Failed to compare JAR files: JAPICMP comparison failed for org.springframework.data:spring-data-redis
[2025-09-13 02:54:45] org.springframework.data:spring-data-redis:2.3.3.RELEASE -> org.springframework.data:spring-data-redis:2.3.6.RELEASE : Failed to compare JAR files: JAPICMP comparison failed for org.springframework.data:spring-data-redis
[2025-09-13 02:54:49] org.springframework.data:spring-data-redis:2.3.3.RELEASE -> org.springframework.data:spring-data-redis:2.3.7.RELEASE : Failed to compare JAR files: JAPICMP comparison failed for org.springframework.data:spring-data-redis
[2025-09-13 02:54:50] org.springframework.data:spring-data-redis:2.3.3.RELEASE -> org.springframework.data:spring-data-redis:2.3.8.RELEASE : Failed to compare JAR files: JAPICMP comparison failed for org.springframework.data:spring-data-redis
[2025-09-13 02:54:51] org.springframework.data:spring-data-redis:2.3.3.RELEASE -> org.springframework.data:spring-data-redis:2.3.9.RELEASE : Failed to compare JAR files: JAPICMP comparison failed for org.springframework.data:spring-data-redis
[2025-09-13 02:54:52] org.springframework.data:spring-data-redis:2.3.3.RELEASE -> org.springframework.data:spring-data-redis:2.4.0 : Failed to compare JAR files: JAPICMP comparison failed for org.springframework.data:spring-data-redis
[2025-09-13 02:54:53] org.springframework.data:spring-data-redis:2.3.3.RELEASE -> org.springframework.data:spring-data-redis:2.4.1 : Failed to compare JAR files: JAPICMP comparison failed for org.springframework.data:spring-data-redis
[2025-09-13 02:54:54] org.springframework.data:spring-data-redis:2.3.3.RELEASE -> org.springframework.data:spring-data-redis:2.4.2 : Failed to compare JAR files: JAPICMP comparison failed for org.springframework.data:spring-data-redis
[2025-09-13 02:54:56] org.springframework.data:spring-data-redis:2.3.3.RELEASE -> org.springframework.data:spring-data-redis:2.4.3 : Failed to compare JAR files: JAPICMP comparison failed for org.springframework.data:spring-data-redis
[2025-09-13 02:54:57] org.springframework.data:spring-data-redis:2.3.3.RELEASE -> org.springframework.data:spring-data-redis:2.4.4 : Failed to compare JAR files: JAPICMP comparison failed for org.springframework.data:spring-data-redis
[2025-09-13 02:54:58] org.springframework.data:spring-data-redis:2.3.3.RELEASE -> org.springframework.data:spring-data-redis:2.4.5 : Failed to compare JAR files: JAPICMP comparison failed for org.springframework.data:spring-data-redis
[2025-09-13 02:54:59] org.springframework.data:spring-data-redis:2.3.3.RELEASE -> org.springframework.data:spring-data-redis:2.4.6 : Failed to compare JAR files: JAPICMP comparison failed for org.springframework.data:spring-data-redis
[2025-09-13 02:55:00] org.springframework.data:spring-data-redis:2.3.3.RELEASE -> org.springframework.data:spring-data-redis:2.4.7 : Failed to compare JAR files: JAPICMP comparison failed for org.springframework.data:spring-data-redis
[2025-09-13 02:55:01] org.springframework.data:spring-data-redis:2.3.3.RELEASE -> org.springframework.data:spring-data-redis:2.4.8 : Failed to compare JAR files: JAPICMP comparison failed for org.springframework.data:spring-data-redis
[2025-09-13 02:55:02] org.springframework.data:spring-data-redis:2.3.3.RELEASE -> org.springframework.data:spring-data-redis:2.4.9 : Failed to compare JAR files: JAPICMP comparison failed for org.springframework.data:spring-data-redis
[2025-09-13 02:55:03] org.springframework.data:spring-data-redis:2.3.3.RELEASE -> org.springframework.data:spring-data-redis:2.4.10 : Failed to compare JAR files: JAPICMP comparison failed for org.springframework.data:spring-data-redis
[2025-09-13 02:55:04] org.springframework.data:spring-data-redis:2.3.3.RELEASE -> org.springframework.data:spring-data-redis:2.4.11 : Failed to compare JAR files: JAPICMP comparison failed for org.springframework.data:spring-data-redis
[2025-09-13 02:55:05] org.springframework.data:spring-data-redis:2.3.3.RELEASE -> org.springframework.data:spring-data-redis:2.4.12 : Failed to compare JAR files: JAPICMP comparison failed for org.springframework.data:spring-data-redis
[2025-09-13 02:55:07] org.springframework.data:spring-data-redis:2.3.3.RELEASE -> org.springframework.data:spring-data-redis:2.4.13 : Failed to compare JAR files: JAPICMP comparison failed for org.springframework.data:spring-data-redis
[2025-09-13 02:55:08] org.springframework.data:spring-data-redis:2.3.3.RELEASE -> org.springframework.data:spring-data-redis:2.4.14 : Failed to compare JAR files: JAPICMP comparison failed for org.springframework.data:spring-data-redis
[2025-09-13 02:55:09] org.springframework.data:spring-data-redis:2.3.3.RELEASE -> org.springframework.data:spring-data-redis:2.4.15 : Failed to compare JAR files: JAPICMP comparison failed for org.springframework.data:spring-data-redis
[2025-09-13 02:55:10] org.springframework.data:spring-data-redis:2.3.3.RELEASE -> org.springframework.data:spring-data-redis:2.5.0 : Failed to compare JAR files: JAPICMP comparison failed for org.springframework.data:spring-data-redis
[2025-09-13 02:55:11] org.springframework.data:spring-data-redis:2.3.3.RELEASE -> org.springframework.data:spring-data-redis:2.5.1 : Failed to compare JAR files: JAPICMP comparison failed for org.springframework.data:spring-data-redis
[2025-09-13 02:55:12] org.springframework.data:spring-data-redis:2.3.3.RELEASE -> org.springframework.data:spring-data-redis:2.5.2 : Failed to compare JAR files: JAPICMP comparison failed for org.springframework.data:spring-data-redis
[2025-09-13 02:55:13] org.springframework.data:spring-data-redis:2.3.3.RELEASE -> org.springframework.data:spring-data-redis:2.5.3 : Failed to compare JAR files: JAPICMP comparison failed for org.springframework.data:spring-data-redis
[2025-09-13 02:55:14] org.springframework.data:spring-data-redis:2.3.3.RELEASE -> org.springframework.data:spring-data-redis:2.5.4 : Failed to compare JAR files: JAPICMP comparison failed for org.springframework.data:spring-data-redis
[2025-09-13 02:55:16] org.springframework.data:spring-data-redis:2.3.3.RELEASE -> org.springframework.data:spring-data-redis:2.5.5 : Failed to compare JAR files: JAPICMP comparison failed for org.springframework.data:spring-data-redis
[2025-09-13 02:55:17] org.springframework.data:spring-data-redis:2.3.3.RELEASE -> org.springframework.data:spring-data-redis:2.5.6 : Failed to compare JAR files: JAPICMP comparison failed for org.springframework.data:spring-data-redis
[2025-09-13 02:55:18] org.springframework.data:spring-data-redis:2.3.3.RELEASE -> org.springframework.data:spring-data-redis:2.5.7 : Failed to compare JAR files: JAPICMP comparison failed for org.springframework.data:spring-data-redis
[2025-09-13 02:55:19] org.springframework.data:spring-data-redis:2.3.3.RELEASE -> org.springframework.data:spring-data-redis:2.5.8 : Failed to compare JAR files: JAPICMP comparison failed for org.springframework.data:spring-data-redis
[2025-09-13 02:55:20] org.springframework.data:spring-data-redis:2.3.3.RELEASE -> org.springframework.data:spring-data-redis:2.5.9 : Failed to compare JAR files: JAPICMP comparison failed for org.springframework.data:spring-data-redis
[2025-09-13 02:55:24] org.springframework.data:spring-data-redis:2.3.3.RELEASE -> org.springframework.data:spring-data-redis:2.5.10 : Failed to compare JAR files: JAPICMP comparison failed for org.springframework.data:spring-data-redis
[2025-09-13 02:55:25] org.springframework.data:spring-data-redis:2.3.3.RELEASE -> org.springframework.data:spring-data-redis:2.5.11 : Failed to compare JAR files: JAPICMP comparison failed for org.springframework.data:spring-data-redis
[2025-09-13 02:55:26] org.springframework.data:spring-data-redis:2.3.3.RELEASE -> org.springframework.data:spring-data-redis:2.5.12 : Failed to compare JAR files: JAPICMP comparison failed for org.springframework.data:spring-data-redis
[2025-09-13 02:55:27] org.springframework.data:spring-data-redis:2.3.3.RELEASE -> org.springframework.data:spring-data-redis:2.6.0 : Failed to compare JAR files: JAPICMP comparison failed for org.springframework.data:spring-data-redis
[2025-09-13 02:55:28] org.springframework.data:spring-data-redis:2.3.3.RELEASE -> org.springframework.data:spring-data-redis:2.6.1 : Failed to compare JAR files: JAPICMP comparison failed for org.springframework.data:spring-data-redis
[2025-09-13 02:55:29] org.springframework.data:spring-data-redis:2.3.3.RELEASE -> org.springframework.data:spring-data-redis:2.6.2 : Failed to compare JAR files: JAPICMP comparison failed for org.springframework.data:spring-data-redis
[2025-09-13 02:55:31] org.springframework.data:spring-data-redis:2.3.3.RELEASE -> org.springframework.data:spring-data-redis:2.6.3 : Failed to compare JAR files: JAPICMP comparison failed for org.springframework.data:spring-data-redis
[2025-09-13 02:55:32] org.springframework.data:spring-data-redis:2.3.3.RELEASE -> org.springframework.data:spring-data-redis:2.6.4 : Failed to compare JAR files: JAPICMP comparison failed for org.springframework.data:spring-data-redis
[2025-09-13 02:55:33] org.springframework.data:spring-data-redis:2.3.3.RELEASE -> org.springframework.data:spring-data-redis:2.6.5 : Failed to compare JAR files: JAPICMP comparison failed for org.springframework.data:spring-data-redis
[2025-09-13 02:55:34] org.springframework.data:spring-data-redis:2.3.3.RELEASE -> org.springframework.data:spring-data-redis:2.6.6 : Failed to compare JAR files: JAPICMP comparison failed for org.springframework.data:spring-data-redis
[2025-09-13 02:55:35] org.springframework.data:spring-data-redis:2.3.3.RELEASE -> org.springframework.data:spring-data-redis:2.6.7 : Failed to compare JAR files: JAPICMP comparison failed for org.springframework.data:spring-data-redis
[2025-09-13 02:55:36] org.springframework.data:spring-data-redis:2.3.3.RELEASE -> org.springframework.data:spring-data-redis:2.6.8 : Failed to compare JAR files: JAPICMP comparison failed for org.springframework.data:spring-data-redis
[2025-09-13 02:55:37] org.springframework.data:spring-data-redis:2.3.3.RELEASE -> org.springframework.data:spring-data-redis:2.6.9 : Failed to compare JAR files: JAPICMP comparison failed for org.springframework.data:spring-data-redis
[2025-09-13 02:55:38] org.springframework.data:spring-data-redis:2.3.3.RELEASE -> org.springframework.data:spring-data-redis:2.6.10 : Failed to compare JAR files: JAPICMP comparison failed for org.springframework.data:spring-data-redis
[2025-09-13 02:55:39] org.springframework.data:spring-data-redis:2.3.3.RELEASE -> org.springframework.data:spring-data-redis:2.7.0 : Failed to compare JAR files: JAPICMP comparison failed for org.springframework.data:spring-data-redis
[2025-09-13 02:55:41] org.springframework.data:spring-data-redis:2.3.3.RELEASE -> org.springframework.data:spring-data-redis:2.7.1 : Failed to compare JAR files: JAPICMP comparison failed for org.springframework.data:spring-data-redis
[2025-09-13 02:55:42] org.springframework.data:spring-data-redis:2.3.3.RELEASE -> org.springframework.data:spring-data-redis:2.7.2 : Failed to compare JAR files: JAPICMP comparison failed for org.springframework.data:spring-data-redis
[2025-09-13 02:55:43] org.springframework.data:spring-data-redis:2.3.3.RELEASE -> org.springframework.data:spring-data-redis:2.7.3 : Failed to compare JAR files: JAPICMP comparison failed for org.springframework.data:spring-data-redis
[2025-09-13 02:55:44] org.springframework.data:spring-data-redis:2.3.3.RELEASE -> org.springframework.data:spring-data-redis:2.7.4 : Failed to compare JAR files: JAPICMP comparison failed for org.springframework.data:spring-data-redis
[2025-09-13 02:55:45] org.springframework.data:spring-data-redis:2.3.3.RELEASE -> org.springframework.data:spring-data-redis:2.7.5 : Failed to compare JAR files: JAPICMP comparison failed for org.springframework.data:spring-data-redis
[2025-09-13 02:55:46] org.springframework.data:spring-data-redis:2.3.3.RELEASE -> org.springframework.data:spring-data-redis:2.7.6 : Failed to compare JAR files: JAPICMP comparison failed for org.springframework.data:spring-data-redis
[2025-09-13 02:55:47] org.springframework.data:spring-data-redis:2.3.3.RELEASE -> org.springframework.data:spring-data-redis:2.7.7 : Failed to compare JAR files: JAPICMP comparison failed for org.springframework.data:spring-data-redis
[2025-09-13 02:55:49] org.springframework.data:spring-data-redis:2.3.3.RELEASE -> org.springframework.data:spring-data-redis:2.7.8 : Failed to compare JAR files: JAPICMP comparison failed for org.springframework.data:spring-data-redis
[2025-09-13 02:55:50] org.springframework.data:spring-data-redis:2.3.3.RELEASE -> org.springframework.data:spring-data-redis:2.7.9 : Failed to compare JAR files: JAPICMP comparison failed for org.springframework.data:spring-data-redis
[2025-09-13 02:55:51] org.springframework.data:spring-data-redis:2.3.3.RELEASE -> org.springframework.data:spring-data-redis:2.7.10 : Failed to compare JAR files: JAPICMP comparison failed for org.springframework.data:spring-data-redis
[2025-09-13 02:55:52] org.springframework.data:spring-data-redis:2.3.3.RELEASE -> org.springframework.data:spring-data-redis:2.7.11 : Failed to compare JAR files: JAPICMP comparison failed for org.springframework.data:spring-data-redis
[2025-09-13 02:55:53] org.springframework.data:spring-data-redis:2.3.3.RELEASE -> org.springframework.data:spring-data-redis:2.7.12 : Failed to compare JAR files: JAPICMP comparison failed for org.springframework.data:spring-data-redis
[2025-09-13 02:55:57] org.springframework.data:spring-data-redis:2.3.3.RELEASE -> org.springframework.data:spring-data-redis:2.7.13 : Failed to compare JAR files: JAPICMP comparison failed for org.springframework.data:spring-data-redis
[2025-09-13 02:55:58] org.springframework.data:spring-data-redis:2.3.3.RELEASE -> org.springframework.data:spring-data-redis:2.7.14 : Failed to compare JAR files: JAPICMP comparison failed for org.springframework.data:spring-data-redis
[2025-09-13 02:55:59] org.springframework.data:spring-data-redis:2.3.3.RELEASE -> org.springframework.data:spring-data-redis:2.7.15 : Failed to compare JAR files: JAPICMP comparison failed for org.springframework.data:spring-data-redis
[2025-09-13 02:56:01] org.springframework.data:spring-data-redis:2.3.3.RELEASE -> org.springframework.data:spring-data-redis:2.7.16 : Failed to compare JAR files: JAPICMP comparison failed for org.springframework.data:spring-data-redis
[2025-09-13 02:56:02] org.springframework.data:spring-data-redis:2.3.3.RELEASE -> org.springframework.data:spring-data-redis:2.7.17 : Failed to compare JAR files: JAPICMP comparison failed for org.springframework.data:spring-data-redis
[2025-09-13 02:56:03] org.springframework.data:spring-data-redis:2.3.3.RELEASE -> org.springframework.data:spring-data-redis:2.7.18 : Failed to compare JAR files: JAPICMP comparison failed for org.springframework.data:spring-data-redis
[2025-09-13 02:56:03] org.springframework.boot:spring-boot-autoconfigure:2.5.15 -> org.springframework.boot:spring-boot-autoconfigure:2.6.0 : Failed to compare JAR files: JAPICMP comparison failed for org.springframework.boot:spring-boot-autoconfigure
[2025-09-13 02:56:04] org.springframework.boot:spring-boot-autoconfigure:2.5.15 -> org.springframework.boot:spring-boot-autoconfigure:2.6.1 : Failed to compare JAR files: JAPICMP comparison failed for org.springframework.boot:spring-boot-autoconfigure
[2025-09-13 02:56:04] org.springframework.boot:spring-boot-autoconfigure:2.5.15 -> org.springframework.boot:spring-boot-autoconfigure:2.6.2 : Failed to compare JAR files: JAPICMP comparison failed for org.springframework.boot:spring-boot-autoconfigure
[2025-09-13 02:56:04] org.springframework.boot:spring-boot-autoconfigure:2.5.15 -> org.springframework.boot:spring-boot-autoconfigure:2.6.3 : Failed to compare JAR files: JAPICMP comparison failed for org.springframework.boot:spring-boot-autoconfigure
[2025-09-13 02:56:04] org.springframework.boot:spring-boot-autoconfigure:2.5.15 -> org.springframework.boot:spring-boot-autoconfigure:2.6.4 : Failed to compare JAR files: JAPICMP comparison failed for org.springframework.boot:spring-boot-autoconfigure
[2025-09-13 02:56:05] org.springframework.boot:spring-boot-autoconfigure:2.5.15 -> org.springframework.boot:spring-boot-autoconfigure:2.6.5 : Failed to compare JAR files: JAPICMP comparison failed for org.springframework.boot:spring-boot-autoconfigure
[2025-09-13 02:56:05] org.springframework.boot:spring-boot-autoconfigure:2.5.15 -> org.springframework.boot:spring-boot-autoconfigure:2.6.6 : Failed to compare JAR files: JAPICMP comparison failed for org.springframework.boot:spring-boot-autoconfigure
[2025-09-13 02:56:05] org.springframework.boot:spring-boot-autoconfigure:2.5.15 -> org.springframework.boot:spring-boot-autoconfigure:2.6.7 : Failed to compare JAR files: JAPICMP comparison failed for org.springframework.boot:spring-boot-autoconfigure
[2025-09-13 02:56:05] org.springframework.boot:spring-boot-autoconfigure:2.5.15 -> org.springframework.boot:spring-boot-autoconfigure:2.6.8 : Failed to compare JAR files: JAPICMP comparison failed for org.springframework.boot:spring-boot-autoconfigure
[2025-09-13 02:56:05] org.springframework.boot:spring-boot-autoconfigure:2.5.15 -> org.springframework.boot:spring-boot-autoconfigure:2.6.9 : Failed to compare JAR files: JAPICMP comparison failed for org.springframework.boot:spring-boot-autoconfigure
[2025-09-13 02:56:06] org.springframework.boot:spring-boot-autoconfigure:2.5.15 -> org.springframework.boot:spring-boot-autoconfigure:2.6.10 : Failed to compare JAR files: JAPICMP comparison failed for org.springframework.boot:spring-boot-autoconfigure
[2025-09-13 02:56:06] org.springframework.boot:spring-boot-autoconfigure:2.5.15 -> org.springframework.boot:spring-boot-autoconfigure:2.6.11 : Failed to compare JAR files: JAPICMP comparison failed for org.springframework.boot:spring-boot-autoconfigure
[2025-09-13 02:56:06] org.springframework.boot:spring-boot-autoconfigure:2.5.15 -> org.springframework.boot:spring-boot-autoconfigure:2.6.12 : Failed to compare JAR files: JAPICMP comparison failed for org.springframework.boot:spring-boot-autoconfigure
[2025-09-13 02:56:06] org.springframework.boot:spring-boot-autoconfigure:2.5.15 -> org.springframework.boot:spring-boot-autoconfigure:2.6.13 : Failed to compare JAR files: JAPICMP comparison failed for org.springframework.boot:spring-boot-autoconfigure
[2025-09-13 02:56:07] org.springframework.boot:spring-boot-autoconfigure:2.5.15 -> org.springframework.boot:spring-boot-autoconfigure:2.6.14 : Failed to compare JAR files: JAPICMP comparison failed for org.springframework.boot:spring-boot-autoconfigure
[2025-09-13 02:56:07] org.springframework.boot:spring-boot-autoconfigure:2.5.15 -> org.springframework.boot:spring-boot-autoconfigure:2.6.15 : Failed to compare JAR files: JAPICMP comparison failed for org.springframework.boot:spring-boot-autoconfigure
[2025-09-13 02:56:07] org.springframework.boot:spring-boot-autoconfigure:2.5.15 -> org.springframework.boot:spring-boot-autoconfigure:2.7.0 : Failed to compare JAR files: JAPICMP comparison failed for org.springframework.boot:spring-boot-autoconfigure
[2025-09-13 02:56:07] org.springframework.boot:spring-boot-autoconfigure:2.5.15 -> org.springframework.boot:spring-boot-autoconfigure:2.7.1 : Failed to compare JAR files: JAPICMP comparison failed for org.springframework.boot:spring-boot-autoconfigure
[2025-09-13 02:56:08] org.springframework.boot:spring-boot-autoconfigure:2.5.15 -> org.springframework.boot:spring-boot-autoconfigure:2.7.2 : Failed to compare JAR files: JAPICMP comparison failed for org.springframework.boot:spring-boot-autoconfigure
[2025-09-13 02:56:08] org.springframework.boot:spring-boot-autoconfigure:2.5.15 -> org.springframework.boot:spring-boot-autoconfigure:2.7.3 : Failed to compare JAR files: JAPICMP comparison failed for org.springframework.boot:spring-boot-autoconfigure
[2025-09-13 02:56:08] org.springframework.boot:spring-boot-autoconfigure:2.5.15 -> org.springframework.boot:spring-boot-autoconfigure:2.7.4 : Failed to compare JAR files: JAPICMP comparison failed for org.springframework.boot:spring-boot-autoconfigure
[2025-09-13 02:56:08] org.springframework.boot:spring-boot-autoconfigure:2.5.15 -> org.springframework.boot:spring-boot-autoconfigure:2.7.5 : Failed to compare JAR files: JAPICMP comparison failed for org.springframework.boot:spring-boot-autoconfigure
[2025-09-13 02:56:09] org.springframework.boot:spring-boot-autoconfigure:2.5.15 -> org.springframework.boot:spring-boot-autoconfigure:2.7.6 : Failed to compare JAR files: JAPICMP comparison failed for org.springframework.boot:spring-boot-autoconfigure
[2025-09-13 02:56:09] org.springframework.boot:spring-boot-autoconfigure:2.5.15 -> org.springframework.boot:spring-boot-autoconfigure:2.7.7 : Failed to compare JAR files: JAPICMP comparison failed for org.springframework.boot:spring-boot-autoconfigure
[2025-09-13 02:56:09] org.springframework.boot:spring-boot-autoconfigure:2.5.15 -> org.springframework.boot:spring-boot-autoconfigure:2.7.8 : Failed to compare JAR files: JAPICMP comparison failed for org.springframework.boot:spring-boot-autoconfigure
[2025-09-13 02:56:09] org.springframework.boot:spring-boot-autoconfigure:2.5.15 -> org.springframework.boot:spring-boot-autoconfigure:2.7.9 : Failed to compare JAR files: JAPICMP comparison failed for org.springframework.boot:spring-boot-autoconfigure
[2025-09-13 02:56:10] org.springframework.boot:spring-boot-autoconfigure:2.5.15 -> org.springframework.boot:spring-boot-autoconfigure:2.7.10 : Failed to compare JAR files: JAPICMP comparison failed for org.springframework.boot:spring-boot-autoconfigure
[2025-09-13 02:56:10] org.springframework.boot:spring-boot-autoconfigure:2.5.15 -> org.springframework.boot:spring-boot-autoconfigure:2.7.11 : Failed to compare JAR files: JAPICMP comparison failed for org.springframework.boot:spring-boot-autoconfigure
[2025-09-13 02:56:10] org.springframework.boot:spring-boot-autoconfigure:2.5.15 -> org.springframework.boot:spring-boot-autoconfigure:2.7.12 : Failed to compare JAR files: JAPICMP comparison failed for org.springframework.boot:spring-boot-autoconfigure
[2025-09-13 02:56:10] org.springframework.boot:spring-boot-autoconfigure:2.5.15 -> org.springframework.boot:spring-boot-autoconfigure:2.7.13 : Failed to compare JAR files: JAPICMP comparison failed for org.springframework.boot:spring-boot-autoconfigure
[2025-09-13 02:56:11] org.springframework.boot:spring-boot-autoconfigure:2.5.15 -> org.springframework.boot:spring-boot-autoconfigure:2.7.14 : Failed to compare JAR files: JAPICMP comparison failed for org.springframework.boot:spring-boot-autoconfigure
[2025-09-13 02:56:11] org.springframework.boot:spring-boot-autoconfigure:2.5.15 -> org.springframework.boot:spring-boot-autoconfigure:2.7.15 : Failed to compare JAR files: JAPICMP comparison failed for org.springframework.boot:spring-boot-autoconfigure
[2025-09-13 02:56:11] org.springframework.boot:spring-boot-autoconfigure:2.5.15 -> org.springframework.boot:spring-boot-autoconfigure:2.7.16 : Failed to compare JAR files: JAPICMP comparison failed for org.springframework.boot:spring-boot-autoconfigure
[2025-09-13 02:56:11] org.springframework.boot:spring-boot-autoconfigure:2.5.15 -> org.springframework.boot:spring-boot-autoconfigure:2.7.17 : Failed to compare JAR files: JAPICMP comparison failed for org.springframework.boot:spring-boot-autoconfigure
[2025-09-13 02:56:12] org.springframework.boot:spring-boot-autoconfigure:2.5.15 -> org.springframework.boot:spring-boot-autoconfigure:2.7.18 : Failed to compare JAR files: JAPICMP comparison failed for org.springframework.boot:spring-boot-autoconfigure
[2025-09-13 02:56:13] org.projectlombok:lombok:1.18.30 -> org.projectlombok:lombok:1.18.32 : Failed to compare JAR files: JAPICMP comparison failed for org.projectlombok:lombok
[2025-09-13 02:56:13] org.projectlombok:lombok:1.18.30 -> org.projectlombok:lombok:1.18.34 : Failed to compare JAR files: JAPICMP comparison failed for org.projectlombok:lombok
[2025-09-13 02:56:13] org.projectlombok:lombok:1.18.30 -> org.projectlombok:lombok:1.18.36 : Failed to compare JAR files: JAPICMP comparison failed for org.projectlombok:lombok
[2025-09-13 02:56:13] org.projectlombok:lombok:1.18.30 -> org.projectlombok:lombok:1.18.38 : Failed to compare JAR files: JAPICMP comparison failed for org.projectlombok:lombok
[2025-09-13 02:56:13] org.projectlombok:lombok:1.18.30 -> org.projectlombok:lombok:1.18.40 : Failed to compare JAR files: JAPICMP comparison failed for org.projectlombok:lombok

=== Summary ===
Total comparisons: 157
Failures: 105
Success rate: 33.12%
