=== Comparison Failure Log ===
[2025-09-13 03:23:05] org.springframework:spring-test:6.0.23 -> org.springframework:spring-test:6.1.0 : Failed to compare JAR files: JAPICMP comparison failed for org.springframework:spring-test
[2025-09-13 03:23:06] org.springframework:spring-test:6.0.23 -> org.springframework:spring-test:6.1.1 : Failed to compare JAR files: JAPICMP comparison failed for org.springframework:spring-test
[2025-09-13 03:23:06] org.springframework:spring-test:6.0.23 -> org.springframework:spring-test:6.1.2 : Failed to compare JAR files: JAPICMP comparison failed for org.springframework:spring-test
[2025-09-13 03:23:06] org.springframework:spring-test:6.0.23 -> org.springframework:spring-test:6.1.3 : Failed to compare JAR files: JAPICMP comparison failed for org.springframework:spring-test
[2025-09-13 03:23:07] org.springframework:spring-test:6.0.23 -> org.springframework:spring-test:6.1.4 : Failed to compare JAR files: JAPICMP comparison failed for org.springframework:spring-test
[2025-09-13 03:23:08] org.springframework:spring-test:6.0.23 -> org.springframework:spring-test:6.1.5 : Failed to compare JAR files: JAPICMP comparison failed for org.springframework:spring-test
[2025-09-13 03:23:08] org.springframework:spring-test:6.0.23 -> org.springframework:spring-test:6.1.6 : Failed to compare JAR files: JAPICMP comparison failed for org.springframework:spring-test
[2025-09-13 03:23:09] org.springframework:spring-test:6.0.23 -> org.springframework:spring-test:6.1.7 : Failed to compare JAR files: JAPICMP comparison failed for org.springframework:spring-test
[2025-09-13 03:23:10] org.springframework:spring-test:6.0.23 -> org.springframework:spring-test:6.1.8 : Failed to compare JAR files: JAPICMP comparison failed for org.springframework:spring-test
[2025-09-13 03:23:11] org.springframework:spring-test:6.0.23 -> org.springframework:spring-test:6.1.9 : Failed to compare JAR files: JAPICMP comparison failed for org.springframework:spring-test
[2025-09-13 03:23:11] org.springframework:spring-test:6.0.23 -> org.springframework:spring-test:6.1.10 : Failed to compare JAR files: JAPICMP comparison failed for org.springframework:spring-test
[2025-09-13 03:23:12] org.springframework:spring-test:6.0.23 -> org.springframework:spring-test:6.1.11 : Failed to compare JAR files: JAPICMP comparison failed for org.springframework:spring-test
[2025-09-13 03:23:12] org.springframework:spring-test:6.0.23 -> org.springframework:spring-test:6.1.12 : Failed to compare JAR files: JAPICMP comparison failed for org.springframework:spring-test
[2025-09-13 03:23:13] org.springframework:spring-test:6.0.23 -> org.springframework:spring-test:6.1.13 : Failed to compare JAR files: JAPICMP comparison failed for org.springframework:spring-test
[2025-09-13 03:23:13] org.springframework:spring-test:6.0.23 -> org.springframework:spring-test:6.1.14 : Failed to compare JAR files: JAPICMP comparison failed for org.springframework:spring-test
[2025-09-13 03:23:14] org.springframework:spring-test:6.0.23 -> org.springframework:spring-test:6.1.15 : Failed to compare JAR files: JAPICMP comparison failed for org.springframework:spring-test
[2025-09-13 03:23:14] org.springframework:spring-test:6.0.23 -> org.springframework:spring-test:6.1.16 : Failed to compare JAR files: JAPICMP comparison failed for org.springframework:spring-test
[2025-09-13 03:23:15] org.springframework:spring-test:6.0.23 -> org.springframework:spring-test:6.1.17 : Failed to compare JAR files: JAPICMP comparison failed for org.springframework:spring-test
[2025-09-13 03:23:15] org.springframework:spring-test:6.0.23 -> org.springframework:spring-test:6.1.18 : Failed to compare JAR files: JAPICMP comparison failed for org.springframework:spring-test
[2025-09-13 03:23:16] org.springframework:spring-test:6.0.23 -> org.springframework:spring-test:6.1.19 : Failed to compare JAR files: JAPICMP comparison failed for org.springframework:spring-test
[2025-09-13 03:23:17] org.springframework:spring-test:6.0.23 -> org.springframework:spring-test:6.1.20 : Failed to compare JAR files: JAPICMP comparison failed for org.springframework:spring-test
[2025-09-13 03:23:17] org.springframework:spring-test:6.0.23 -> org.springframework:spring-test:6.1.21 : Failed to compare JAR files: JAPICMP comparison failed for org.springframework:spring-test
[2025-09-13 03:23:18] org.springframework:spring-test:6.0.23 -> org.springframework:spring-test:6.2.0 : Failed to compare JAR files: JAPICMP comparison failed for org.springframework:spring-test
[2025-09-13 03:23:18] org.springframework:spring-test:6.0.23 -> org.springframework:spring-test:6.2.1 : Failed to compare JAR files: JAPICMP comparison failed for org.springframework:spring-test
[2025-09-13 03:23:19] org.springframework:spring-test:6.0.23 -> org.springframework:spring-test:6.2.2 : Failed to compare JAR files: JAPICMP comparison failed for org.springframework:spring-test
[2025-09-13 03:23:19] org.springframework:spring-test:6.0.23 -> org.springframework:spring-test:6.2.3 : Failed to compare JAR files: JAPICMP comparison failed for org.springframework:spring-test
[2025-09-13 03:23:20] org.springframework:spring-test:6.0.23 -> org.springframework:spring-test:6.2.4 : Failed to compare JAR files: JAPICMP comparison failed for org.springframework:spring-test
[2025-09-13 03:23:20] org.springframework:spring-test:6.0.23 -> org.springframework:spring-test:6.2.5 : Failed to compare JAR files: JAPICMP comparison failed for org.springframework:spring-test
[2025-09-13 03:23:20] org.springframework:spring-test:6.0.23 -> org.springframework:spring-test:6.2.6 : Failed to compare JAR files: JAPICMP comparison failed for org.springframework:spring-test
[2025-09-13 03:23:21] org.springframework:spring-test:6.0.23 -> org.springframework:spring-test:6.2.7 : Failed to compare JAR files: JAPICMP comparison failed for org.springframework:spring-test
[2025-09-13 03:23:21] org.springframework:spring-test:6.0.23 -> org.springframework:spring-test:6.2.8 : Failed to compare JAR files: JAPICMP comparison failed for org.springframework:spring-test
[2025-09-13 03:23:21] org.springframework:spring-test:6.0.23 -> org.springframework:spring-test:6.2.9 : Failed to compare JAR files: JAPICMP comparison failed for org.springframework:spring-test
[2025-09-13 03:23:21] org.springframework:spring-test:6.0.23 -> org.springframework:spring-test:6.2.10 : Failed to compare JAR files: JAPICMP comparison failed for org.springframework:spring-test
[2025-09-13 03:23:21] org.springframework:spring-test:6.0.23 -> org.springframework:spring-test:6.2.11 : Failed to compare JAR files: JAPICMP comparison failed for org.springframework:spring-test
[2025-09-13 03:23:22] org.springframework.boot:spring-boot-test:3.1.12 -> org.springframework.boot:spring-boot-test:3.2.0 : Failed to compare JAR files: JAPICMP comparison failed for org.springframework.boot:spring-boot-test
[2025-09-13 03:23:22] org.springframework.boot:spring-boot-test:3.1.12 -> org.springframework.boot:spring-boot-test:3.2.1 : Failed to compare JAR files: JAPICMP comparison failed for org.springframework.boot:spring-boot-test
[2025-09-13 03:23:23] org.springframework.boot:spring-boot-test:3.1.12 -> org.springframework.boot:spring-boot-test:3.2.2 : Failed to compare JAR files: JAPICMP comparison failed for org.springframework.boot:spring-boot-test
[2025-09-13 03:23:25] org.springframework.boot:spring-boot-test:3.1.12 -> org.springframework.boot:spring-boot-test:3.2.3 : Failed to compare JAR files: JAPICMP comparison failed for org.springframework.boot:spring-boot-test
[2025-09-13 03:23:26] org.springframework.boot:spring-boot-test:3.1.12 -> org.springframework.boot:spring-boot-test:3.2.4 : Failed to compare JAR files: JAPICMP comparison failed for org.springframework.boot:spring-boot-test
[2025-09-13 03:23:26] org.springframework.boot:spring-boot-test:3.1.12 -> org.springframework.boot:spring-boot-test:3.2.5 : Failed to compare JAR files: JAPICMP comparison failed for org.springframework.boot:spring-boot-test
[2025-09-13 03:23:27] org.springframework.boot:spring-boot-test:3.1.12 -> org.springframework.boot:spring-boot-test:3.2.6 : Failed to compare JAR files: JAPICMP comparison failed for org.springframework.boot:spring-boot-test
[2025-09-13 03:23:28] org.springframework.boot:spring-boot-test:3.1.12 -> org.springframework.boot:spring-boot-test:3.2.7 : Failed to compare JAR files: JAPICMP comparison failed for org.springframework.boot:spring-boot-test
[2025-09-13 03:23:30] org.springframework.boot:spring-boot-test:3.1.12 -> org.springframework.boot:spring-boot-test:3.2.8 : Failed to compare JAR files: JAPICMP comparison failed for org.springframework.boot:spring-boot-test
[2025-09-13 03:23:31] org.springframework.boot:spring-boot-test:3.1.12 -> org.springframework.boot:spring-boot-test:3.2.9 : Failed to compare JAR files: JAPICMP comparison failed for org.springframework.boot:spring-boot-test
[2025-09-13 03:23:32] org.springframework.boot:spring-boot-test:3.1.12 -> org.springframework.boot:spring-boot-test:3.2.10 : Failed to compare JAR files: JAPICMP comparison failed for org.springframework.boot:spring-boot-test
[2025-09-13 03:23:33] org.springframework.boot:spring-boot-test:3.1.12 -> org.springframework.boot:spring-boot-test:3.2.11 : Failed to compare JAR files: JAPICMP comparison failed for org.springframework.boot:spring-boot-test
[2025-09-13 03:23:34] org.springframework.boot:spring-boot-test:3.1.12 -> org.springframework.boot:spring-boot-test:3.2.12 : Failed to compare JAR files: JAPICMP comparison failed for org.springframework.boot:spring-boot-test
[2025-09-13 03:23:34] org.springframework.boot:spring-boot-test:3.1.12 -> org.springframework.boot:spring-boot-test:3.3.0 : Failed to compare JAR files: JAPICMP comparison failed for org.springframework.boot:spring-boot-test
[2025-09-13 03:23:35] org.springframework.boot:spring-boot-test:3.1.12 -> org.springframework.boot:spring-boot-test:3.3.1 : Failed to compare JAR files: JAPICMP comparison failed for org.springframework.boot:spring-boot-test
[2025-09-13 03:23:35] org.springframework.boot:spring-boot-test:3.1.12 -> org.springframework.boot:spring-boot-test:3.3.2 : Failed to compare JAR files: JAPICMP comparison failed for org.springframework.boot:spring-boot-test
[2025-09-13 03:23:36] org.springframework.boot:spring-boot-test:3.1.12 -> org.springframework.boot:spring-boot-test:3.3.3 : Failed to compare JAR files: JAPICMP comparison failed for org.springframework.boot:spring-boot-test
[2025-09-13 03:23:36] org.springframework.boot:spring-boot-test:3.1.12 -> org.springframework.boot:spring-boot-test:3.3.4 : Failed to compare JAR files: JAPICMP comparison failed for org.springframework.boot:spring-boot-test
[2025-09-13 03:23:37] org.springframework.boot:spring-boot-test:3.1.12 -> org.springframework.boot:spring-boot-test:3.3.5 : Failed to compare JAR files: JAPICMP comparison failed for org.springframework.boot:spring-boot-test
[2025-09-13 03:23:38] org.springframework.boot:spring-boot-test:3.1.12 -> org.springframework.boot:spring-boot-test:3.3.6 : Failed to compare JAR files: JAPICMP comparison failed for org.springframework.boot:spring-boot-test
[2025-09-13 03:23:39] org.springframework.boot:spring-boot-test:3.1.12 -> org.springframework.boot:spring-boot-test:3.3.7 : Failed to compare JAR files: JAPICMP comparison failed for org.springframework.boot:spring-boot-test
[2025-09-13 03:23:40] org.springframework.boot:spring-boot-test:3.1.12 -> org.springframework.boot:spring-boot-test:3.3.8 : Failed to compare JAR files: JAPICMP comparison failed for org.springframework.boot:spring-boot-test
[2025-09-13 03:23:41] org.springframework.boot:spring-boot-test:3.1.12 -> org.springframework.boot:spring-boot-test:3.3.9 : Failed to compare JAR files: JAPICMP comparison failed for org.springframework.boot:spring-boot-test
[2025-09-13 03:23:41] org.springframework.boot:spring-boot-test:3.1.12 -> org.springframework.boot:spring-boot-test:3.3.10 : Failed to compare JAR files: JAPICMP comparison failed for org.springframework.boot:spring-boot-test
[2025-09-13 03:23:43] org.springframework.boot:spring-boot-test:3.1.12 -> org.springframework.boot:spring-boot-test:3.3.11 : Failed to compare JAR files: JAPICMP comparison failed for org.springframework.boot:spring-boot-test
[2025-09-13 03:23:43] org.springframework.boot:spring-boot-test:3.1.12 -> org.springframework.boot:spring-boot-test:3.3.12 : Failed to compare JAR files: JAPICMP comparison failed for org.springframework.boot:spring-boot-test
[2025-09-13 03:23:44] org.springframework.boot:spring-boot-test:3.1.12 -> org.springframework.boot:spring-boot-test:3.3.13 : Failed to compare JAR files: JAPICMP comparison failed for org.springframework.boot:spring-boot-test
[2025-09-13 03:23:44] org.springframework.boot:spring-boot-test:3.1.12 -> org.springframework.boot:spring-boot-test:3.4.0 : Failed to compare JAR files: JAPICMP comparison failed for org.springframework.boot:spring-boot-test
[2025-09-13 03:23:45] org.springframework.boot:spring-boot-test:3.1.12 -> org.springframework.boot:spring-boot-test:3.4.1 : Failed to compare JAR files: JAPICMP comparison failed for org.springframework.boot:spring-boot-test
[2025-09-13 03:23:45] org.springframework.boot:spring-boot-test:3.1.12 -> org.springframework.boot:spring-boot-test:3.4.2 : Failed to compare JAR files: JAPICMP comparison failed for org.springframework.boot:spring-boot-test
[2025-09-13 03:23:46] org.springframework.boot:spring-boot-test:3.1.12 -> org.springframework.boot:spring-boot-test:3.4.3 : Failed to compare JAR files: JAPICMP comparison failed for org.springframework.boot:spring-boot-test
[2025-09-13 03:23:46] org.springframework.boot:spring-boot-test:3.1.12 -> org.springframework.boot:spring-boot-test:3.4.4 : Failed to compare JAR files: JAPICMP comparison failed for org.springframework.boot:spring-boot-test
[2025-09-13 03:23:46] org.springframework.boot:spring-boot-test:3.1.12 -> org.springframework.boot:spring-boot-test:3.4.5 : Failed to compare JAR files: JAPICMP comparison failed for org.springframework.boot:spring-boot-test
[2025-09-13 03:23:47] org.springframework.boot:spring-boot-test:3.1.12 -> org.springframework.boot:spring-boot-test:3.4.6 : Failed to compare JAR files: JAPICMP comparison failed for org.springframework.boot:spring-boot-test
[2025-09-13 03:23:47] org.springframework.boot:spring-boot-test:3.1.12 -> org.springframework.boot:spring-boot-test:3.4.7 : Failed to compare JAR files: JAPICMP comparison failed for org.springframework.boot:spring-boot-test
[2025-09-13 03:23:47] org.springframework.boot:spring-boot-test:3.1.12 -> org.springframework.boot:spring-boot-test:3.4.8 : Failed to compare JAR files: JAPICMP comparison failed for org.springframework.boot:spring-boot-test
[2025-09-13 03:23:47] org.springframework.boot:spring-boot-test:3.1.12 -> org.springframework.boot:spring-boot-test:3.4.9 : Failed to compare JAR files: JAPICMP comparison failed for org.springframework.boot:spring-boot-test
[2025-09-13 03:23:48] org.springframework.boot:spring-boot-test:3.1.12 -> org.springframework.boot:spring-boot-test:3.5.0 : Failed to compare JAR files: JAPICMP comparison failed for org.springframework.boot:spring-boot-test
[2025-09-13 03:23:48] org.springframework.boot:spring-boot-test:3.1.12 -> org.springframework.boot:spring-boot-test:3.5.1 : Failed to compare JAR files: JAPICMP comparison failed for org.springframework.boot:spring-boot-test
[2025-09-13 03:23:48] org.springframework.boot:spring-boot-test:3.1.12 -> org.springframework.boot:spring-boot-test:3.5.2 : Failed to compare JAR files: JAPICMP comparison failed for org.springframework.boot:spring-boot-test
[2025-09-13 03:23:48] org.springframework.boot:spring-boot-test:3.1.12 -> org.springframework.boot:spring-boot-test:3.5.3 : Failed to compare JAR files: JAPICMP comparison failed for org.springframework.boot:spring-boot-test
[2025-09-13 03:23:48] org.springframework.boot:spring-boot-test:3.1.12 -> org.springframework.boot:spring-boot-test:3.5.4 : Failed to compare JAR files: JAPICMP comparison failed for org.springframework.boot:spring-boot-test
[2025-09-13 03:23:48] org.springframework.boot:spring-boot-test:3.1.12 -> org.springframework.boot:spring-boot-test:3.5.5 : Failed to compare JAR files: JAPICMP comparison failed for org.springframework.boot:spring-boot-test
[2025-09-13 03:24:02] org.easymock:easymock:5.2.0 -> org.easymock:easymock:5.3.0 : Failed to compare JAR files: JAPICMP comparison failed for org.easymock:easymock
[2025-09-13 03:24:03] org.easymock:easymock:5.2.0 -> org.easymock:easymock:5.4.0 : Failed to compare JAR files: JAPICMP comparison failed for org.easymock:easymock
[2025-09-13 03:24:03] org.easymock:easymock:5.2.0 -> org.easymock:easymock:5.5.0 : Failed to compare JAR files: JAPICMP comparison failed for org.easymock:easymock
[2025-09-13 03:24:04] org.easymock:easymock:5.2.0 -> org.easymock:easymock:5.6.0 : Failed to compare JAR files: JAPICMP comparison failed for org.easymock:easymock
[2025-09-13 03:24:17] org.apache.groovy:groovy-all:4.0.20 -> org.apache.groovy:groovy-all:4.0.21 : Failed to compare JAR files: JAPICMP comparison failed for org.apache.groovy:groovy-all
[2025-09-13 03:24:31] org.apache.groovy:groovy-all:4.0.20 -> org.apache.groovy:groovy-all:4.0.22 : Failed to compare JAR files: JAPICMP comparison failed for org.apache.groovy:groovy-all
[2025-09-13 03:24:47] org.apache.groovy:groovy-all:4.0.20 -> org.apache.groovy:groovy-all:4.0.23 : Failed to compare JAR files: JAPICMP comparison failed for org.apache.groovy:groovy-all
[2025-09-13 03:24:59] org.apache.groovy:groovy-all:4.0.20 -> org.apache.groovy:groovy-all:4.0.24 : Failed to compare JAR files: JAPICMP comparison failed for org.apache.groovy:groovy-all
[2025-09-13 03:25:13] org.apache.groovy:groovy-all:4.0.20 -> org.apache.groovy:groovy-all:4.0.25 : Failed to compare JAR files: JAPICMP comparison failed for org.apache.groovy:groovy-all
[2025-09-13 03:25:29] org.apache.groovy:groovy-all:4.0.20 -> org.apache.groovy:groovy-all:4.0.26 : Failed to compare JAR files: JAPICMP comparison failed for org.apache.groovy:groovy-all
[2025-09-13 03:25:42] org.apache.groovy:groovy-all:4.0.20 -> org.apache.groovy:groovy-all:4.0.27 : Failed to compare JAR files: JAPICMP comparison failed for org.apache.groovy:groovy-all
[2025-09-13 03:25:53] org.apache.groovy:groovy-all:4.0.20 -> org.apache.groovy:groovy-all:4.0.28 : Failed to compare JAR files: JAPICMP comparison failed for org.apache.groovy:groovy-all
[2025-09-13 03:30:56] org.projectlombok:lombok:1.18.38 -> org.projectlombok:lombok:1.18.40 : Failed to compare JAR files: JAPICMP comparison failed for org.projectlombok:lombok

=== Summary ===
Total comparisons: 930
Failures: 90
Success rate: 90.32%
