=== Comparison Failure Log ===
[2025-09-23 00:11:05] org.projectlombok:lombok:1.18.36 -> org.projectlombok:lombok:1.18.42 : Failed to compare JAR files: JAPICMP comparison failed for org.projectlombok:lombok
[2025-09-23 00:11:06] org.hibernate.validator:hibernate-validator:6.2.5.Final -> org.hibernate.validator:hibernate-validator:7.0.0.CR1 : Failed to compare JAR files: JAPICMP comparison failed for org.hibernate.validator:hibernate-validator
[2025-09-23 00:11:06] org.junit.jupiter:junit-jupiter-api:5.11.3 -> org.junit.jupiter:junit-jupiter-api:5.13.4 : Failed to compare JAR files: JAPICMP comparison failed for org.junit.jupiter:junit-jupiter-api
[2025-09-23 00:11:06] org.junit.jupiter:junit-jupiter-params:5.11.3 -> org.junit.jupiter:junit-jupiter-params:5.13.4 : Failed to compare JAR files: JAPICMP comparison failed for org.junit.jupiter:junit-jupiter-params
[2025-09-23 00:11:06] org.mockito:mockito-core:5.12.0 -> org.mockito:mockito-core:5.20.0 : Failed to compare JAR files: JAPICMP comparison failed for org.mockito:mockito-core

=== Summary ===
Total comparisons: 17
Failures: 5
Success rate: 70.59%
=== Comparison Failure Log ===
[2025-09-23 00:11:13] org.projectlombok:lombok:1.18.36 -> org.projectlombok:lombok:1.18.42 : Failed to compare JAR files: JAPICMP comparison failed for org.projectlombok:lombok
[2025-09-23 00:11:13] org.hibernate.validator:hibernate-validator:6.2.5.Final -> org.hibernate.validator:hibernate-validator:7.0.0.CR1 : Failed to compare JAR files: JAPICMP comparison failed for org.hibernate.validator:hibernate-validator
[2025-09-23 00:11:13] org.junit.jupiter:junit-jupiter-api:5.11.3 -> org.junit.jupiter:junit-jupiter-api:5.13.4 : Failed to compare JAR files: JAPICMP comparison failed for org.junit.jupiter:junit-jupiter-api
[2025-09-23 00:11:13] org.junit.jupiter:junit-jupiter-params:5.11.3 -> org.junit.jupiter:junit-jupiter-params:5.13.4 : Failed to compare JAR files: JAPICMP comparison failed for org.junit.jupiter:junit-jupiter-params
[2025-09-23 00:11:14] org.mockito:mockito-core:5.12.0 -> org.mockito:mockito-core:5.20.0 : Failed to compare JAR files: JAPICMP comparison failed for org.mockito:mockito-core

=== Summary ===
Total comparisons: 17
Failures: 5
Success rate: 70.59%
