=== Comparison Failure Log ===
[2025-09-01 13:46:39] org.springframework.boot:spring-boot-autoconfigure:3.4.2 -> org.springframework.boot:spring-boot-autoconfigure:3.4.3 : Failed to compare JAR files: JAPICMP comparison failed for org.springframework.boot:spring-boot-autoconfigure
[2025-09-01 13:46:39] org.springframework.boot:spring-boot-autoconfigure:3.4.2 -> org.springframework.boot:spring-boot-autoconfigure:3.4.4 : Failed to compare JAR files: JAPICMP comparison failed for org.springframework.boot:spring-boot-autoconfigure
[2025-09-01 13:46:39] org.springframework.boot:spring-boot-autoconfigure:3.4.2 -> org.springframework.boot:spring-boot-autoconfigure:3.4.5 : Failed to compare JAR files: JAPICMP comparison failed for org.springframework.boot:spring-boot-autoconfigure
[2025-09-01 13:46:39] org.springframework.boot:spring-boot-autoconfigure:3.4.2 -> org.springframework.boot:spring-boot-autoconfigure:3.4.6 : Failed to compare JAR files: JAPICMP comparison failed for org.springframework.boot:spring-boot-autoconfigure
[2025-09-01 13:46:39] org.springframework.boot:spring-boot-autoconfigure:3.4.2 -> org.springframework.boot:spring-boot-autoconfigure:3.4.7 : Failed to compare JAR files: JAPICMP comparison failed for org.springframework.boot:spring-boot-autoconfigure
[2025-09-01 13:46:39] org.springframework.boot:spring-boot-autoconfigure:3.4.2 -> org.springframework.boot:spring-boot-autoconfigure:3.4.8 : Failed to compare JAR files: JAPICMP comparison failed for org.springframework.boot:spring-boot-autoconfigure
[2025-09-01 13:46:39] org.springframework.boot:spring-boot-autoconfigure:3.4.2 -> org.springframework.boot:spring-boot-autoconfigure:3.4.9 : Failed to compare JAR files: JAPICMP comparison failed for org.springframework.boot:spring-boot-autoconfigure
[2025-09-01 13:46:39] org.springframework.boot:spring-boot-autoconfigure:3.4.2 -> org.springframework.boot:spring-boot-autoconfigure:3.5.0 : Failed to compare JAR files: JAPICMP comparison failed for org.springframework.boot:spring-boot-autoconfigure
[2025-09-01 13:46:40] org.springframework.boot:spring-boot-autoconfigure:3.4.2 -> org.springframework.boot:spring-boot-autoconfigure:3.5.1 : Failed to compare JAR files: JAPICMP comparison failed for org.springframework.boot:spring-boot-autoconfigure
[2025-09-01 13:46:40] org.springframework.boot:spring-boot-autoconfigure:3.4.2 -> org.springframework.boot:spring-boot-autoconfigure:3.5.2 : Failed to compare JAR files: JAPICMP comparison failed for org.springframework.boot:spring-boot-autoconfigure
[2025-09-01 13:46:40] org.springframework.boot:spring-boot-autoconfigure:3.4.2 -> org.springframework.boot:spring-boot-autoconfigure:3.5.3 : Failed to compare JAR files: JAPICMP comparison failed for org.springframework.boot:spring-boot-autoconfigure
[2025-09-01 13:46:40] org.springframework.boot:spring-boot-autoconfigure:3.4.2 -> org.springframework.boot:spring-boot-autoconfigure:3.5.4 : Failed to compare JAR files: JAPICMP comparison failed for org.springframework.boot:spring-boot-autoconfigure
[2025-09-01 13:46:40] org.springframework.boot:spring-boot-autoconfigure:3.4.2 -> org.springframework.boot:spring-boot-autoconfigure:3.5.5 : Failed to compare JAR files: JAPICMP comparison failed for org.springframework.boot:spring-boot-autoconfigure
[2025-09-01 13:47:37] org.influxdb:influxdb-java:2.23 -> org.influxdb:influxdb-java:2.24 : Failed to compare JAR files: JAPICMP comparison failed for org.influxdb:influxdb-java
[2025-09-01 13:47:38] org.influxdb:influxdb-java:2.23 -> org.influxdb:influxdb-java:2.25 : Failed to compare JAR files: JAPICMP comparison failed for org.influxdb:influxdb-java
[2025-09-01 13:49:03] org.apache.kafka:kafka-clients:3.7.1 -> org.apache.kafka:kafka-clients:3.7.2 : Failed to compare JAR files: JAPICMP comparison failed for org.apache.kafka:kafka-clients
[2025-09-01 13:49:04] org.apache.kafka:kafka-clients:3.7.1 -> org.apache.kafka:kafka-clients:3.8.0 : Failed to compare JAR files: JAPICMP comparison failed for org.apache.kafka:kafka-clients
[2025-09-01 13:49:04] org.apache.kafka:kafka-clients:3.7.1 -> org.apache.kafka:kafka-clients:3.8.1 : Failed to compare JAR files: JAPICMP comparison failed for org.apache.kafka:kafka-clients
[2025-09-01 13:49:05] org.apache.kafka:kafka-clients:3.7.1 -> org.apache.kafka:kafka-clients:3.9.0 : Failed to compare JAR files: JAPICMP comparison failed for org.apache.kafka:kafka-clients
[2025-09-01 13:49:06] org.apache.kafka:kafka-clients:3.7.1 -> org.apache.kafka:kafka-clients:3.9.1 : Failed to compare JAR files: JAPICMP comparison failed for org.apache.kafka:kafka-clients
[2025-09-01 13:50:44] org.xerial.snappy:snappy-java:1.1.10.7 -> org.xerial.snappy:snappy-java:1.1.10.8 : Failed to compare JAR files: JAPICMP comparison failed for org.xerial.snappy:snappy-java
[2025-09-01 13:50:45] org.projectlombok:lombok:1.18.28 -> org.projectlombok:lombok:1.18.30 : Failed to compare JAR files: JAPICMP comparison failed for org.projectlombok:lombok
[2025-09-01 13:50:45] org.projectlombok:lombok:1.18.28 -> org.projectlombok:lombok:1.18.32 : Failed to compare JAR files: JAPICMP comparison failed for org.projectlombok:lombok
[2025-09-01 13:50:45] org.projectlombok:lombok:1.18.28 -> org.projectlombok:lombok:1.18.34 : Failed to compare JAR files: JAPICMP comparison failed for org.projectlombok:lombok
[2025-09-01 13:50:45] org.projectlombok:lombok:1.18.28 -> org.projectlombok:lombok:1.18.36 : Failed to compare JAR files: JAPICMP comparison failed for org.projectlombok:lombok
[2025-09-01 13:50:45] org.projectlombok:lombok:1.18.28 -> org.projectlombok:lombok:1.18.38 : Failed to compare JAR files: JAPICMP comparison failed for org.projectlombok:lombok

=== Summary ===
Total comparisons: 882
Failures: 26
Success rate: 97.05%
