=== Comparison Failure Log ===
[2025-09-12 23:02:51] org.springframework:spring-messaging:6.2.7 -> org.springframework:spring-messaging:6.2.8 : Failed to compare JAR files: JAPICMP comparison failed for org.springframework:spring-messaging
[2025-09-12 23:02:52] org.springframework:spring-messaging:6.2.7 -> org.springframework:spring-messaging:6.2.9 : Failed to compare JAR files: JAPICMP comparison failed for org.springframework:spring-messaging
[2025-09-12 23:02:53] org.springframework:spring-messaging:6.2.7 -> org.springframework:spring-messaging:6.2.10 : Failed to compare JAR files: JAPICMP comparison failed for org.springframework:spring-messaging
[2025-09-12 23:02:54] org.springframework:spring-messaging:6.2.7 -> org.springframework:spring-messaging:6.2.11 : Failed to compare JAR files: JAPICMP comparison failed for org.springframework:spring-messaging
[2025-09-12 23:03:07] org.springframework:spring-web:6.2.7 -> org.springframework:spring-web:6.2.8 : Failed to compare JAR files: JAPICMP comparison failed for org.springframework:spring-web
[2025-09-12 23:03:08] org.springframework:spring-web:6.2.7 -> org.springframework:spring-web:6.2.9 : Failed to compare JAR files: JAPICMP comparison failed for org.springframework:spring-web
[2025-09-12 23:03:08] org.springframework:spring-web:6.2.7 -> org.springframework:spring-web:6.2.10 : Failed to compare JAR files: JAPICMP comparison failed for org.springframework:spring-web
[2025-09-12 23:03:08] org.springframework:spring-web:6.2.7 -> org.springframework:spring-web:6.2.11 : Failed to compare JAR files: JAPICMP comparison failed for org.springframework:spring-web
[2025-09-12 23:03:09] org.springframework:spring-webmvc:6.2.7 -> org.springframework:spring-webmvc:6.2.8 : Failed to compare JAR files: JAPICMP comparison failed for org.springframework:spring-webmvc
[2025-09-12 23:03:09] org.springframework:spring-webmvc:6.2.7 -> org.springframework:spring-webmvc:6.2.9 : Failed to compare JAR files: JAPICMP comparison failed for org.springframework:spring-webmvc
[2025-09-12 23:03:09] org.springframework:spring-webmvc:6.2.7 -> org.springframework:spring-webmvc:6.2.10 : Failed to compare JAR files: JAPICMP comparison failed for org.springframework:spring-webmvc
[2025-09-12 23:03:10] org.springframework:spring-webmvc:6.2.7 -> org.springframework:spring-webmvc:6.2.11 : Failed to compare JAR files: JAPICMP comparison failed for org.springframework:spring-webmvc
[2025-09-12 23:03:13] org.springframework:spring-test:6.2.7 -> org.springframework:spring-test:6.2.8 : Failed to compare JAR files: JAPICMP comparison failed for org.springframework:spring-test
[2025-09-12 23:03:13] org.springframework:spring-test:6.2.7 -> org.springframework:spring-test:6.2.9 : Failed to compare JAR files: JAPICMP comparison failed for org.springframework:spring-test
[2025-09-12 23:03:13] org.springframework:spring-test:6.2.7 -> org.springframework:spring-test:6.2.10 : Failed to compare JAR files: JAPICMP comparison failed for org.springframework:spring-test
[2025-09-12 23:03:13] org.springframework:spring-test:6.2.7 -> org.springframework:spring-test:6.2.11 : Failed to compare JAR files: JAPICMP comparison failed for org.springframework:spring-test
[2025-09-12 23:03:24] org.testcontainers:junit-jupiter:1.21.0 -> org.testcontainers:junit-jupiter:1.21.1 : Failed to compare JAR files: JAPICMP comparison failed for org.testcontainers:junit-jupiter
[2025-09-12 23:03:25] org.testcontainers:junit-jupiter:1.21.0 -> org.testcontainers:junit-jupiter:1.21.2 : Failed to compare JAR files: JAPICMP comparison failed for org.testcontainers:junit-jupiter
[2025-09-12 23:03:25] org.testcontainers:junit-jupiter:1.21.0 -> org.testcontainers:junit-jupiter:1.21.3 : Failed to compare JAR files: JAPICMP comparison failed for org.testcontainers:junit-jupiter

=== Summary ===
Total comparisons: 3846
Failures: 19
Success rate: 99.51%
