=== Comparison Failure Log ===
[2025-09-10 11:49:32] ch.qos.logback:logback-classic:1.3.0 -> ch.qos.logback:logback-classic:1.3.1 : Failed to compare JAR files: JAPICMP comparison failed for ch.qos.logback:logback-classic
[2025-09-10 11:49:32] ch.qos.logback:logback-classic:1.3.0 -> ch.qos.logback:logback-classic:1.3.2 : Failed to compare JAR files: JAPICMP comparison failed for ch.qos.logback:logback-classic
[2025-09-10 11:49:33] ch.qos.logback:logback-classic:1.3.0 -> ch.qos.logback:logback-classic:1.3.3 : Failed to compare JAR files: JAPICMP comparison failed for ch.qos.logback:logback-classic
[2025-09-10 11:49:33] ch.qos.logback:logback-classic:1.3.0 -> ch.qos.logback:logback-classic:1.3.4 : Failed to compare JAR files: JAPICMP comparison failed for ch.qos.logback:logback-classic
[2025-09-10 11:49:33] ch.qos.logback:logback-classic:1.3.0 -> ch.qos.logback:logback-classic:1.3.5 : Failed to compare JAR files: JAPICMP comparison failed for ch.qos.logback:logback-classic
[2025-09-10 11:49:33] ch.qos.logback:logback-classic:1.3.0 -> ch.qos.logback:logback-classic:1.3.6 : Failed to compare JAR files: JAPICMP comparison failed for ch.qos.logback:logback-classic
[2025-09-10 11:49:33] ch.qos.logback:logback-classic:1.3.0 -> ch.qos.logback:logback-classic:1.3.7 : Failed to compare JAR files: JAPICMP comparison failed for ch.qos.logback:logback-classic
[2025-09-10 11:49:33] ch.qos.logback:logback-classic:1.3.0 -> ch.qos.logback:logback-classic:1.3.8 : Failed to compare JAR files: JAPICMP comparison failed for ch.qos.logback:logback-classic
[2025-09-10 11:49:33] ch.qos.logback:logback-classic:1.3.0 -> ch.qos.logback:logback-classic:1.3.9 : Failed to compare JAR files: JAPICMP comparison failed for ch.qos.logback:logback-classic
[2025-09-10 11:49:33] ch.qos.logback:logback-classic:1.3.0 -> ch.qos.logback:logback-classic:1.3.10 : Failed to compare JAR files: JAPICMP comparison failed for ch.qos.logback:logback-classic
[2025-09-10 11:49:34] ch.qos.logback:logback-classic:1.3.0 -> ch.qos.logback:logback-classic:1.3.11 : Failed to compare JAR files: JAPICMP comparison failed for ch.qos.logback:logback-classic
[2025-09-10 11:49:34] ch.qos.logback:logback-classic:1.3.0 -> ch.qos.logback:logback-classic:1.3.12 : Failed to compare JAR files: JAPICMP comparison failed for ch.qos.logback:logback-classic
[2025-09-10 11:49:34] ch.qos.logback:logback-classic:1.3.0 -> ch.qos.logback:logback-classic:1.3.13 : Failed to compare JAR files: JAPICMP comparison failed for ch.qos.logback:logback-classic
[2025-09-10 11:49:34] ch.qos.logback:logback-classic:1.3.0 -> ch.qos.logback:logback-classic:1.3.14 : Failed to compare JAR files: JAPICMP comparison failed for ch.qos.logback:logback-classic
[2025-09-10 11:49:34] ch.qos.logback:logback-classic:1.3.0 -> ch.qos.logback:logback-classic:1.3.15 : Failed to compare JAR files: JAPICMP comparison failed for ch.qos.logback:logback-classic
[2025-09-10 11:49:34] ch.qos.logback:logback-classic:1.3.0 -> ch.qos.logback:logback-classic:1.4.0 : Failed to compare JAR files: JAPICMP comparison failed for ch.qos.logback:logback-classic
[2025-09-10 11:49:34] ch.qos.logback:logback-classic:1.3.0 -> ch.qos.logback:logback-classic:1.4.1 : Failed to compare JAR files: JAPICMP comparison failed for ch.qos.logback:logback-classic
[2025-09-10 11:49:34] ch.qos.logback:logback-classic:1.3.0 -> ch.qos.logback:logback-classic:1.4.2 : Failed to compare JAR files: JAPICMP comparison failed for ch.qos.logback:logback-classic
[2025-09-10 11:49:35] ch.qos.logback:logback-classic:1.3.0 -> ch.qos.logback:logback-classic:1.4.3 : Failed to compare JAR files: JAPICMP comparison failed for ch.qos.logback:logback-classic
[2025-09-10 11:49:35] ch.qos.logback:logback-classic:1.3.0 -> ch.qos.logback:logback-classic:1.4.4 : Failed to compare JAR files: JAPICMP comparison failed for ch.qos.logback:logback-classic
[2025-09-10 11:49:35] ch.qos.logback:logback-classic:1.3.0 -> ch.qos.logback:logback-classic:1.4.5 : Failed to compare JAR files: JAPICMP comparison failed for ch.qos.logback:logback-classic
[2025-09-10 11:49:35] ch.qos.logback:logback-classic:1.3.0 -> ch.qos.logback:logback-classic:1.4.6 : Failed to compare JAR files: JAPICMP comparison failed for ch.qos.logback:logback-classic
[2025-09-10 11:49:35] ch.qos.logback:logback-classic:1.3.0 -> ch.qos.logback:logback-classic:1.4.7 : Failed to compare JAR files: JAPICMP comparison failed for ch.qos.logback:logback-classic
[2025-09-10 11:49:35] ch.qos.logback:logback-classic:1.3.0 -> ch.qos.logback:logback-classic:1.4.8 : Failed to compare JAR files: JAPICMP comparison failed for ch.qos.logback:logback-classic
[2025-09-10 11:49:35] ch.qos.logback:logback-classic:1.3.0 -> ch.qos.logback:logback-classic:1.4.9 : Failed to compare JAR files: JAPICMP comparison failed for ch.qos.logback:logback-classic
[2025-09-10 11:49:35] ch.qos.logback:logback-classic:1.3.0 -> ch.qos.logback:logback-classic:1.4.10 : Failed to compare JAR files: JAPICMP comparison failed for ch.qos.logback:logback-classic
[2025-09-10 11:49:35] ch.qos.logback:logback-classic:1.3.0 -> ch.qos.logback:logback-classic:1.4.11 : Failed to compare JAR files: JAPICMP comparison failed for ch.qos.logback:logback-classic
[2025-09-10 11:49:36] ch.qos.logback:logback-classic:1.3.0 -> ch.qos.logback:logback-classic:1.4.12 : Failed to compare JAR files: JAPICMP comparison failed for ch.qos.logback:logback-classic
[2025-09-10 11:49:36] ch.qos.logback:logback-classic:1.3.0 -> ch.qos.logback:logback-classic:1.4.13 : Failed to compare JAR files: JAPICMP comparison failed for ch.qos.logback:logback-classic
[2025-09-10 11:49:36] ch.qos.logback:logback-classic:1.3.0 -> ch.qos.logback:logback-classic:1.4.14 : Failed to compare JAR files: JAPICMP comparison failed for ch.qos.logback:logback-classic
[2025-09-10 11:49:36] ch.qos.logback:logback-classic:1.3.0 -> ch.qos.logback:logback-classic:1.5.0 : Failed to compare JAR files: JAPICMP comparison failed for ch.qos.logback:logback-classic
[2025-09-10 11:49:36] ch.qos.logback:logback-classic:1.3.0 -> ch.qos.logback:logback-classic:1.5.1 : Failed to compare JAR files: JAPICMP comparison failed for ch.qos.logback:logback-classic
[2025-09-10 11:49:36] ch.qos.logback:logback-classic:1.3.0 -> ch.qos.logback:logback-classic:1.5.2 : Failed to compare JAR files: JAPICMP comparison failed for ch.qos.logback:logback-classic
[2025-09-10 11:49:36] ch.qos.logback:logback-classic:1.3.0 -> ch.qos.logback:logback-classic:1.5.3 : Failed to compare JAR files: JAPICMP comparison failed for ch.qos.logback:logback-classic
[2025-09-10 11:49:36] ch.qos.logback:logback-classic:1.3.0 -> ch.qos.logback:logback-classic:1.5.4 : Failed to compare JAR files: JAPICMP comparison failed for ch.qos.logback:logback-classic
[2025-09-10 11:49:37] ch.qos.logback:logback-classic:1.3.0 -> ch.qos.logback:logback-classic:1.5.5 : Failed to compare JAR files: JAPICMP comparison failed for ch.qos.logback:logback-classic
[2025-09-10 11:49:37] ch.qos.logback:logback-classic:1.3.0 -> ch.qos.logback:logback-classic:1.5.6 : Failed to compare JAR files: JAPICMP comparison failed for ch.qos.logback:logback-classic
[2025-09-10 11:49:37] ch.qos.logback:logback-classic:1.3.0 -> ch.qos.logback:logback-classic:1.5.7 : Failed to compare JAR files: JAPICMP comparison failed for ch.qos.logback:logback-classic
[2025-09-10 11:49:37] ch.qos.logback:logback-classic:1.3.0 -> ch.qos.logback:logback-classic:1.5.8 : Failed to compare JAR files: JAPICMP comparison failed for ch.qos.logback:logback-classic
[2025-09-10 11:49:37] ch.qos.logback:logback-classic:1.3.0 -> ch.qos.logback:logback-classic:1.5.9 : Failed to compare JAR files: JAPICMP comparison failed for ch.qos.logback:logback-classic
[2025-09-10 11:49:37] ch.qos.logback:logback-classic:1.3.0 -> ch.qos.logback:logback-classic:1.5.10 : Failed to compare JAR files: JAPICMP comparison failed for ch.qos.logback:logback-classic
[2025-09-10 11:49:37] ch.qos.logback:logback-classic:1.3.0 -> ch.qos.logback:logback-classic:1.5.11 : Failed to compare JAR files: JAPICMP comparison failed for ch.qos.logback:logback-classic
[2025-09-10 11:49:38] ch.qos.logback:logback-classic:1.3.0 -> ch.qos.logback:logback-classic:1.5.12 : Failed to compare JAR files: JAPICMP comparison failed for ch.qos.logback:logback-classic
[2025-09-10 11:49:38] ch.qos.logback:logback-classic:1.3.0 -> ch.qos.logback:logback-classic:1.5.13 : Failed to compare JAR files: JAPICMP comparison failed for ch.qos.logback:logback-classic
[2025-09-10 11:49:38] ch.qos.logback:logback-classic:1.3.0 -> ch.qos.logback:logback-classic:1.5.14 : Failed to compare JAR files: JAPICMP comparison failed for ch.qos.logback:logback-classic
[2025-09-10 11:49:38] ch.qos.logback:logback-classic:1.3.0 -> ch.qos.logback:logback-classic:1.5.15 : Failed to compare JAR files: JAPICMP comparison failed for ch.qos.logback:logback-classic
[2025-09-10 11:49:38] ch.qos.logback:logback-classic:1.3.0 -> ch.qos.logback:logback-classic:1.5.16 : Failed to compare JAR files: JAPICMP comparison failed for ch.qos.logback:logback-classic
[2025-09-10 11:49:38] ch.qos.logback:logback-classic:1.3.0 -> ch.qos.logback:logback-classic:1.5.17 : Failed to compare JAR files: JAPICMP comparison failed for ch.qos.logback:logback-classic
[2025-09-10 11:49:38] ch.qos.logback:logback-classic:1.3.0 -> ch.qos.logback:logback-classic:1.5.18 : Failed to compare JAR files: JAPICMP comparison failed for ch.qos.logback:logback-classic
[2025-09-10 11:49:53] com.h2database:h2:2.2.224 -> com.h2database:h2:2.3.230 : Failed to compare JAR files: JAPICMP comparison failed for com.h2database:h2
[2025-09-10 11:49:53] com.h2database:h2:2.2.224 -> com.h2database:h2:2.3.232 : Failed to compare JAR files: JAPICMP comparison failed for com.h2database:h2
[2025-09-10 11:49:59] com.mysql:mysql-connector-j:8.2.0 -> com.mysql:mysql-connector-j:8.3.0 : Failed to compare JAR files: JAPICMP comparison failed for com.mysql:mysql-connector-j
[2025-09-10 11:50:01] com.mysql:mysql-connector-j:8.2.0 -> com.mysql:mysql-connector-j:8.4.0 : Failed to compare JAR files: JAPICMP comparison failed for com.mysql:mysql-connector-j

=== Summary ===
Total comparisons: 58
Failures: 53
Success rate: 8.62%
