=== Comparison Failure Log ===
[2025-09-08 15:08:34] org.springframework.data:spring-data-commons:3.4.5 -> org.springframework.data:spring-data-commons:3.4.6 : Failed to compare JAR files: JAPICMP comparison failed for org.springframework.data:spring-data-commons
[2025-09-08 15:08:38] org.springframework.data:spring-data-commons:3.4.5 -> org.springframework.data:spring-data-commons:3.4.7 : Failed to compare JAR files: JAPICMP comparison failed for org.springframework.data:spring-data-commons
[2025-09-08 15:08:41] org.springframework.data:spring-data-commons:3.4.5 -> org.springframework.data:spring-data-commons:3.4.8 : Failed to compare JAR files: JAPICMP comparison failed for org.springframework.data:spring-data-commons
[2025-09-08 15:08:43] org.springframework.data:spring-data-commons:3.4.5 -> org.springframework.data:spring-data-commons:3.4.9 : Failed to compare JAR files: JAPICMP comparison failed for org.springframework.data:spring-data-commons
[2025-09-08 15:08:45] org.springframework.data:spring-data-commons:3.4.5 -> org.springframework.data:spring-data-commons:3.5.0 : Failed to compare JAR files: JAPICMP comparison failed for org.springframework.data:spring-data-commons
[2025-09-08 15:08:47] org.springframework.data:spring-data-commons:3.4.5 -> org.springframework.data:spring-data-commons:3.5.1 : Failed to compare JAR files: JAPICMP comparison failed for org.springframework.data:spring-data-commons
[2025-09-08 15:08:48] org.springframework.data:spring-data-commons:3.4.5 -> org.springframework.data:spring-data-commons:3.5.2 : Failed to compare JAR files: JAPICMP comparison failed for org.springframework.data:spring-data-commons
[2025-09-08 15:08:49] org.springframework.data:spring-data-commons:3.4.5 -> org.springframework.data:spring-data-commons:3.5.3 : Failed to compare JAR files: JAPICMP comparison failed for org.springframework.data:spring-data-commons
[2025-09-08 15:10:09] org.aspectj:aspectjweaver:1.9.6 -> org.aspectj:aspectjweaver:1.9.7 : Failed to compare JAR files: JAPICMP comparison failed for org.aspectj:aspectjweaver
[2025-09-08 15:10:10] org.aspectj:aspectjweaver:1.9.6 -> org.aspectj:aspectjweaver:1.9.8 : Failed to compare JAR files: JAPICMP comparison failed for org.aspectj:aspectjweaver
[2025-09-08 15:10:11] org.aspectj:aspectjweaver:1.9.6 -> org.aspectj:aspectjweaver:1.9.9 : Failed to compare JAR files: JAPICMP comparison failed for org.aspectj:aspectjweaver
[2025-09-08 15:10:12] org.aspectj:aspectjweaver:1.9.6 -> org.aspectj:aspectjweaver:1.9.9.1 : Failed to compare JAR files: JAPICMP comparison failed for org.aspectj:aspectjweaver
[2025-09-08 15:10:12] org.aspectj:aspectjweaver:1.9.6 -> org.aspectj:aspectjweaver:1.9.19 : Failed to compare JAR files: JAPICMP comparison failed for org.aspectj:aspectjweaver
[2025-09-08 15:10:12] org.aspectj:aspectjweaver:1.9.6 -> org.aspectj:aspectjweaver:1.9.20 : Failed to compare JAR files: JAPICMP comparison failed for org.aspectj:aspectjweaver
[2025-09-08 15:10:12] org.aspectj:aspectjweaver:1.9.6 -> org.aspectj:aspectjweaver:1.9.20.1 : Failed to compare JAR files: JAPICMP comparison failed for org.aspectj:aspectjweaver
[2025-09-08 15:10:13] org.aspectj:aspectjweaver:1.9.6 -> org.aspectj:aspectjweaver:1.9.21 : Failed to compare JAR files: JAPICMP comparison failed for org.aspectj:aspectjweaver
[2025-09-08 15:10:14] org.aspectj:aspectjweaver:1.9.6 -> org.aspectj:aspectjweaver:1.9.21.1 : Failed to compare JAR files: JAPICMP comparison failed for org.aspectj:aspectjweaver
[2025-09-08 15:10:15] org.aspectj:aspectjweaver:1.9.6 -> org.aspectj:aspectjweaver:1.9.21.2 : Failed to compare JAR files: JAPICMP comparison failed for org.aspectj:aspectjweaver
[2025-09-08 15:10:15] org.aspectj:aspectjweaver:1.9.6 -> org.aspectj:aspectjweaver:1.9.22 : Failed to compare JAR files: JAPICMP comparison failed for org.aspectj:aspectjweaver
[2025-09-08 15:10:15] org.aspectj:aspectjweaver:1.9.6 -> org.aspectj:aspectjweaver:1.9.22.1 : Failed to compare JAR files: JAPICMP comparison failed for org.aspectj:aspectjweaver
[2025-09-08 15:10:16] org.aspectj:aspectjweaver:1.9.6 -> org.aspectj:aspectjweaver:1.9.23 : Failed to compare JAR files: JAPICMP comparison failed for org.aspectj:aspectjweaver
[2025-09-08 15:10:16] org.aspectj:aspectjweaver:1.9.6 -> org.aspectj:aspectjweaver:1.9.24 : Failed to compare JAR files: JAPICMP comparison failed for org.aspectj:aspectjweaver
[2025-09-08 15:11:33] org.projectlombok:lombok:1.18.22 -> org.projectlombok:lombok:1.18.24 : Failed to compare JAR files: JAPICMP comparison failed for org.projectlombok:lombok
[2025-09-08 15:11:33] org.projectlombok:lombok:1.18.22 -> org.projectlombok:lombok:1.18.26 : Failed to compare JAR files: JAPICMP comparison failed for org.projectlombok:lombok
[2025-09-08 15:11:33] org.projectlombok:lombok:1.18.22 -> org.projectlombok:lombok:1.18.28 : Failed to compare JAR files: JAPICMP comparison failed for org.projectlombok:lombok
[2025-09-08 15:11:33] org.projectlombok:lombok:1.18.22 -> org.projectlombok:lombok:1.18.30 : Failed to compare JAR files: JAPICMP comparison failed for org.projectlombok:lombok
[2025-09-08 15:11:33] org.projectlombok:lombok:1.18.22 -> org.projectlombok:lombok:1.18.32 : Failed to compare JAR files: JAPICMP comparison failed for org.projectlombok:lombok
[2025-09-08 15:11:34] org.projectlombok:lombok:1.18.22 -> org.projectlombok:lombok:1.18.34 : Failed to compare JAR files: JAPICMP comparison failed for org.projectlombok:lombok
[2025-09-08 15:11:34] org.projectlombok:lombok:1.18.22 -> org.projectlombok:lombok:1.18.36 : Failed to compare JAR files: JAPICMP comparison failed for org.projectlombok:lombok
[2025-09-08 15:11:34] org.projectlombok:lombok:1.18.22 -> org.projectlombok:lombok:1.18.38 : Failed to compare JAR files: JAPICMP comparison failed for org.projectlombok:lombok
[2025-09-08 15:11:35] org.projectlombok:lombok:1.18.22 -> org.projectlombok:lombok:1.18.40 : Failed to compare JAR files: JAPICMP comparison failed for org.projectlombok:lombok

=== Summary ===
Total comparisons: 1010
Failures: 31
Success rate: 96.93%
