=== Comparison Failure Log ===
[2025-09-13 02:13:51] com.github.binarywang:weixin-java-miniapp:4.7.0 -> com.github.binarywang:weixin-java-miniapp:4.7.1.B : Failed to compare JAR files: JAPICMP comparison failed for com.github.binarywang:weixin-java-miniapp
[2025-09-13 02:13:54] com.github.binarywang:weixin-java-miniapp:4.7.0 -> com.github.binarywang:weixin-java-miniapp:4.7.2.B : Failed to compare JAR files: JAPICMP comparison failed for com.github.binarywang:weixin-java-miniapp
[2025-09-13 02:13:57] com.github.binarywang:weixin-java-miniapp:4.7.0 -> com.github.binarywang:weixin-java-miniapp:4.7.3.B : Failed to compare JAR files: JAPICMP comparison failed for com.github.binarywang:weixin-java-miniapp
[2025-09-13 02:14:02] com.github.binarywang:weixin-java-miniapp:4.7.0 -> com.github.binarywang:weixin-java-miniapp:4.7.4.B : Failed to compare JAR files: JAPICMP comparison failed for com.github.binarywang:weixin-java-miniapp
[2025-09-13 02:14:06] com.github.binarywang:weixin-java-miniapp:4.7.0 -> com.github.binarywang:weixin-java-miniapp:4.7.5.B : Failed to compare JAR files: JAPICMP comparison failed for com.github.binarywang:weixin-java-miniapp
[2025-09-13 02:14:09] com.github.binarywang:weixin-java-miniapp:4.7.0 -> com.github.binarywang:weixin-java-miniapp:4.7.6.B : Failed to compare JAR files: JAPICMP comparison failed for com.github.binarywang:weixin-java-miniapp
[2025-09-13 02:14:12] com.github.binarywang:weixin-java-miniapp:4.7.0 -> com.github.binarywang:weixin-java-miniapp:4.7.7.B : Failed to compare JAR files: JAPICMP comparison failed for com.github.binarywang:weixin-java-miniapp
[2025-09-13 02:16:36] org.projectlombok:lombok:1.18.22 -> org.projectlombok:lombok:1.18.24 : Failed to compare JAR files: JAPICMP comparison failed for org.projectlombok:lombok
[2025-09-13 02:16:36] org.projectlombok:lombok:1.18.22 -> org.projectlombok:lombok:1.18.26 : Failed to compare JAR files: JAPICMP comparison failed for org.projectlombok:lombok
[2025-09-13 02:16:36] org.projectlombok:lombok:1.18.22 -> org.projectlombok:lombok:1.18.28 : Failed to compare JAR files: JAPICMP comparison failed for org.projectlombok:lombok
[2025-09-13 02:16:36] org.projectlombok:lombok:1.18.22 -> org.projectlombok:lombok:1.18.30 : Failed to compare JAR files: JAPICMP comparison failed for org.projectlombok:lombok
[2025-09-13 02:16:36] org.projectlombok:lombok:1.18.22 -> org.projectlombok:lombok:1.18.32 : Failed to compare JAR files: JAPICMP comparison failed for org.projectlombok:lombok
[2025-09-13 02:16:36] org.projectlombok:lombok:1.18.22 -> org.projectlombok:lombok:1.18.34 : Failed to compare JAR files: JAPICMP comparison failed for org.projectlombok:lombok
[2025-09-13 02:16:36] org.projectlombok:lombok:1.18.22 -> org.projectlombok:lombok:1.18.36 : Failed to compare JAR files: JAPICMP comparison failed for org.projectlombok:lombok
[2025-09-13 02:16:37] org.projectlombok:lombok:1.18.22 -> org.projectlombok:lombok:1.18.38 : Failed to compare JAR files: JAPICMP comparison failed for org.projectlombok:lombok
[2025-09-13 02:16:37] org.projectlombok:lombok:1.18.22 -> org.projectlombok:lombok:1.18.40 : Failed to compare JAR files: JAPICMP comparison failed for org.projectlombok:lombok

=== Summary ===
Total comparisons: 1273
Failures: 16
Success rate: 98.74%
