=== Comparison Failure Log ===
[2025-09-07 03:45:58] org.springframework.boot:spring-boot-autoconfigure:3.2.6 -> org.springframework.boot:spring-boot-autoconfigure:3.2.7 : Failed to compare JAR files: JAPICMP comparison failed for org.springframework.boot:spring-boot-autoconfigure
[2025-09-07 03:46:01] org.springframework.boot:spring-boot-autoconfigure:3.2.6 -> org.springframework.boot:spring-boot-autoconfigure:3.2.8 : Failed to compare JAR files: JAPICMP comparison failed for org.springframework.boot:spring-boot-autoconfigure
[2025-09-07 03:46:04] org.springframework.boot:spring-boot-autoconfigure:3.2.6 -> org.springframework.boot:spring-boot-autoconfigure:3.2.9 : Failed to compare JAR files: JAPICMP comparison failed for org.springframework.boot:spring-boot-autoconfigure
[2025-09-07 03:46:07] org.springframework.boot:spring-boot-autoconfigure:3.2.6 -> org.springframework.boot:spring-boot-autoconfigure:3.2.10 : Failed to compare JAR files: JAPICMP comparison failed for org.springframework.boot:spring-boot-autoconfigure
[2025-09-07 03:46:11] org.springframework.boot:spring-boot-autoconfigure:3.2.6 -> org.springframework.boot:spring-boot-autoconfigure:3.2.11 : Failed to compare JAR files: JAPICMP comparison failed for org.springframework.boot:spring-boot-autoconfigure
[2025-09-07 03:46:15] org.springframework.boot:spring-boot-autoconfigure:3.2.6 -> org.springframework.boot:spring-boot-autoconfigure:3.2.12 : Failed to compare JAR files: JAPICMP comparison failed for org.springframework.boot:spring-boot-autoconfigure
[2025-09-07 03:46:16] org.springframework.boot:spring-boot-autoconfigure:3.2.6 -> org.springframework.boot:spring-boot-autoconfigure:3.3.0 : Failed to compare JAR files: JAPICMP comparison failed for org.springframework.boot:spring-boot-autoconfigure
[2025-09-07 03:46:17] org.springframework.boot:spring-boot-autoconfigure:3.2.6 -> org.springframework.boot:spring-boot-autoconfigure:3.3.1 : Failed to compare JAR files: JAPICMP comparison failed for org.springframework.boot:spring-boot-autoconfigure
[2025-09-07 03:46:17] org.springframework.boot:spring-boot-autoconfigure:3.2.6 -> org.springframework.boot:spring-boot-autoconfigure:3.3.2 : Failed to compare JAR files: JAPICMP comparison failed for org.springframework.boot:spring-boot-autoconfigure
[2025-09-07 03:46:18] org.springframework.boot:spring-boot-autoconfigure:3.2.6 -> org.springframework.boot:spring-boot-autoconfigure:3.3.3 : Failed to compare JAR files: JAPICMP comparison failed for org.springframework.boot:spring-boot-autoconfigure
[2025-09-07 03:46:19] org.springframework.boot:spring-boot-autoconfigure:3.2.6 -> org.springframework.boot:spring-boot-autoconfigure:3.3.4 : Failed to compare JAR files: JAPICMP comparison failed for org.springframework.boot:spring-boot-autoconfigure
[2025-09-07 03:46:20] org.springframework.boot:spring-boot-autoconfigure:3.2.6 -> org.springframework.boot:spring-boot-autoconfigure:3.3.5 : Failed to compare JAR files: JAPICMP comparison failed for org.springframework.boot:spring-boot-autoconfigure
[2025-09-07 03:46:21] org.springframework.boot:spring-boot-autoconfigure:3.2.6 -> org.springframework.boot:spring-boot-autoconfigure:3.3.6 : Failed to compare JAR files: JAPICMP comparison failed for org.springframework.boot:spring-boot-autoconfigure
[2025-09-07 03:46:24] org.springframework.boot:spring-boot-autoconfigure:3.2.6 -> org.springframework.boot:spring-boot-autoconfigure:3.3.7 : Failed to compare JAR files: JAPICMP comparison failed for org.springframework.boot:spring-boot-autoconfigure
[2025-09-07 03:46:25] org.springframework.boot:spring-boot-autoconfigure:3.2.6 -> org.springframework.boot:spring-boot-autoconfigure:3.3.8 : Failed to compare JAR files: JAPICMP comparison failed for org.springframework.boot:spring-boot-autoconfigure
[2025-09-07 03:46:28] org.springframework.boot:spring-boot-autoconfigure:3.2.6 -> org.springframework.boot:spring-boot-autoconfigure:3.3.9 : Failed to compare JAR files: JAPICMP comparison failed for org.springframework.boot:spring-boot-autoconfigure
[2025-09-07 03:46:31] org.springframework.boot:spring-boot-autoconfigure:3.2.6 -> org.springframework.boot:spring-boot-autoconfigure:3.3.10 : Failed to compare JAR files: JAPICMP comparison failed for org.springframework.boot:spring-boot-autoconfigure
[2025-09-07 03:46:32] org.springframework.boot:spring-boot-autoconfigure:3.2.6 -> org.springframework.boot:spring-boot-autoconfigure:3.3.11 : Failed to compare JAR files: JAPICMP comparison failed for org.springframework.boot:spring-boot-autoconfigure
[2025-09-07 03:46:35] org.springframework.boot:spring-boot-autoconfigure:3.2.6 -> org.springframework.boot:spring-boot-autoconfigure:3.3.12 : Failed to compare JAR files: JAPICMP comparison failed for org.springframework.boot:spring-boot-autoconfigure
[2025-09-07 03:46:38] org.springframework.boot:spring-boot-autoconfigure:3.2.6 -> org.springframework.boot:spring-boot-autoconfigure:3.3.13 : Failed to compare JAR files: JAPICMP comparison failed for org.springframework.boot:spring-boot-autoconfigure
[2025-09-07 03:46:42] org.springframework.boot:spring-boot-autoconfigure:3.2.6 -> org.springframework.boot:spring-boot-autoconfigure:3.4.0 : Failed to compare JAR files: JAPICMP comparison failed for org.springframework.boot:spring-boot-autoconfigure
[2025-09-07 03:46:44] org.springframework.boot:spring-boot-autoconfigure:3.2.6 -> org.springframework.boot:spring-boot-autoconfigure:3.4.1 : Failed to compare JAR files: JAPICMP comparison failed for org.springframework.boot:spring-boot-autoconfigure
[2025-09-07 03:46:47] org.springframework.boot:spring-boot-autoconfigure:3.2.6 -> org.springframework.boot:spring-boot-autoconfigure:3.4.2 : Failed to compare JAR files: JAPICMP comparison failed for org.springframework.boot:spring-boot-autoconfigure
[2025-09-07 03:46:50] org.springframework.boot:spring-boot-autoconfigure:3.2.6 -> org.springframework.boot:spring-boot-autoconfigure:3.4.3 : Failed to compare JAR files: JAPICMP comparison failed for org.springframework.boot:spring-boot-autoconfigure
[2025-09-07 03:46:52] org.springframework.boot:spring-boot-autoconfigure:3.2.6 -> org.springframework.boot:spring-boot-autoconfigure:3.4.4 : Failed to compare JAR files: JAPICMP comparison failed for org.springframework.boot:spring-boot-autoconfigure
[2025-09-07 03:46:55] org.springframework.boot:spring-boot-autoconfigure:3.2.6 -> org.springframework.boot:spring-boot-autoconfigure:3.4.5 : Failed to compare JAR files: JAPICMP comparison failed for org.springframework.boot:spring-boot-autoconfigure
[2025-09-07 03:46:57] org.springframework.boot:spring-boot-autoconfigure:3.2.6 -> org.springframework.boot:spring-boot-autoconfigure:3.4.6 : Failed to compare JAR files: JAPICMP comparison failed for org.springframework.boot:spring-boot-autoconfigure
[2025-09-07 03:46:59] org.springframework.boot:spring-boot-autoconfigure:3.2.6 -> org.springframework.boot:spring-boot-autoconfigure:3.4.7 : Failed to compare JAR files: JAPICMP comparison failed for org.springframework.boot:spring-boot-autoconfigure
[2025-09-07 03:47:02] org.springframework.boot:spring-boot-autoconfigure:3.2.6 -> org.springframework.boot:spring-boot-autoconfigure:3.4.8 : Failed to compare JAR files: JAPICMP comparison failed for org.springframework.boot:spring-boot-autoconfigure
[2025-09-07 03:47:03] org.springframework.boot:spring-boot-autoconfigure:3.2.6 -> org.springframework.boot:spring-boot-autoconfigure:3.4.9 : Failed to compare JAR files: JAPICMP comparison failed for org.springframework.boot:spring-boot-autoconfigure
[2025-09-07 03:47:04] org.springframework.boot:spring-boot-autoconfigure:3.2.6 -> org.springframework.boot:spring-boot-autoconfigure:3.5.0 : Failed to compare JAR files: JAPICMP comparison failed for org.springframework.boot:spring-boot-autoconfigure
[2025-09-07 03:47:05] org.springframework.boot:spring-boot-autoconfigure:3.2.6 -> org.springframework.boot:spring-boot-autoconfigure:3.5.1 : Failed to compare JAR files: JAPICMP comparison failed for org.springframework.boot:spring-boot-autoconfigure
[2025-09-07 03:47:06] org.springframework.boot:spring-boot-autoconfigure:3.2.6 -> org.springframework.boot:spring-boot-autoconfigure:3.5.2 : Failed to compare JAR files: JAPICMP comparison failed for org.springframework.boot:spring-boot-autoconfigure
[2025-09-07 03:47:07] org.springframework.boot:spring-boot-autoconfigure:3.2.6 -> org.springframework.boot:spring-boot-autoconfigure:3.5.3 : Failed to compare JAR files: JAPICMP comparison failed for org.springframework.boot:spring-boot-autoconfigure
[2025-09-07 03:47:08] org.springframework.boot:spring-boot-autoconfigure:3.2.6 -> org.springframework.boot:spring-boot-autoconfigure:3.5.4 : Failed to compare JAR files: JAPICMP comparison failed for org.springframework.boot:spring-boot-autoconfigure
[2025-09-07 03:47:09] org.springframework.boot:spring-boot-autoconfigure:3.2.6 -> org.springframework.boot:spring-boot-autoconfigure:3.5.5 : Failed to compare JAR files: JAPICMP comparison failed for org.springframework.boot:spring-boot-autoconfigure
[2025-09-07 03:48:09] org.springframework:spring-web:6.1.12 -> org.springframework:spring-web:6.1.13 : Failed to compare JAR files: JAPICMP comparison failed for org.springframework:spring-web
[2025-09-07 03:48:10] org.springframework:spring-web:6.1.12 -> org.springframework:spring-web:6.1.14 : Failed to compare JAR files: JAPICMP comparison failed for org.springframework:spring-web
[2025-09-07 03:48:13] org.springframework:spring-web:6.1.12 -> org.springframework:spring-web:6.1.15 : Failed to compare JAR files: JAPICMP comparison failed for org.springframework:spring-web
[2025-09-07 03:48:13] org.springframework:spring-web:6.1.12 -> org.springframework:spring-web:6.1.16 : Failed to compare JAR files: JAPICMP comparison failed for org.springframework:spring-web
[2025-09-07 03:48:14] org.springframework:spring-web:6.1.12 -> org.springframework:spring-web:6.1.17 : Failed to compare JAR files: JAPICMP comparison failed for org.springframework:spring-web
[2025-09-07 03:48:15] org.springframework:spring-web:6.1.12 -> org.springframework:spring-web:6.1.18 : Failed to compare JAR files: JAPICMP comparison failed for org.springframework:spring-web
[2025-09-07 03:48:16] org.springframework:spring-web:6.1.12 -> org.springframework:spring-web:6.1.19 : Failed to compare JAR files: JAPICMP comparison failed for org.springframework:spring-web
[2025-09-07 03:48:17] org.springframework:spring-web:6.1.12 -> org.springframework:spring-web:6.1.20 : Failed to compare JAR files: JAPICMP comparison failed for org.springframework:spring-web
[2025-09-07 03:48:18] org.springframework:spring-web:6.1.12 -> org.springframework:spring-web:6.1.21 : Failed to compare JAR files: JAPICMP comparison failed for org.springframework:spring-web
[2025-09-07 03:48:19] org.springframework:spring-web:6.1.12 -> org.springframework:spring-web:6.2.0 : Failed to compare JAR files: JAPICMP comparison failed for org.springframework:spring-web
[2025-09-07 03:48:20] org.springframework:spring-web:6.1.12 -> org.springframework:spring-web:6.2.1 : Failed to compare JAR files: JAPICMP comparison failed for org.springframework:spring-web
[2025-09-07 03:48:22] org.springframework:spring-web:6.1.12 -> org.springframework:spring-web:6.2.2 : Failed to compare JAR files: JAPICMP comparison failed for org.springframework:spring-web
[2025-09-07 03:48:22] org.springframework:spring-web:6.1.12 -> org.springframework:spring-web:6.2.3 : Failed to compare JAR files: JAPICMP comparison failed for org.springframework:spring-web
[2025-09-07 03:48:25] org.springframework:spring-web:6.1.12 -> org.springframework:spring-web:6.2.4 : Failed to compare JAR files: JAPICMP comparison failed for org.springframework:spring-web
[2025-09-07 03:48:26] org.springframework:spring-web:6.1.12 -> org.springframework:spring-web:6.2.5 : Failed to compare JAR files: JAPICMP comparison failed for org.springframework:spring-web
[2025-09-07 03:48:26] org.springframework:spring-web:6.1.12 -> org.springframework:spring-web:6.2.6 : Failed to compare JAR files: JAPICMP comparison failed for org.springframework:spring-web
[2025-09-07 03:48:27] org.springframework:spring-web:6.1.12 -> org.springframework:spring-web:6.2.7 : Failed to compare JAR files: JAPICMP comparison failed for org.springframework:spring-web
[2025-09-07 03:48:28] org.springframework:spring-web:6.1.12 -> org.springframework:spring-web:6.2.8 : Failed to compare JAR files: JAPICMP comparison failed for org.springframework:spring-web
[2025-09-07 03:48:28] org.springframework:spring-web:6.1.12 -> org.springframework:spring-web:6.2.9 : Failed to compare JAR files: JAPICMP comparison failed for org.springframework:spring-web
[2025-09-07 03:48:29] org.springframework:spring-web:6.1.12 -> org.springframework:spring-web:6.2.10 : Failed to compare JAR files: JAPICMP comparison failed for org.springframework:spring-web
[2025-09-07 03:48:37] org.junit.jupiter:junit-jupiter-api:5.12.1 -> org.junit.jupiter:junit-jupiter-api:5.12.2 : Failed to compare JAR files: JAPICMP comparison failed for org.junit.jupiter:junit-jupiter-api
[2025-09-07 03:48:37] org.junit.jupiter:junit-jupiter-api:5.12.1 -> org.junit.jupiter:junit-jupiter-api:5.13.0 : Failed to compare JAR files: JAPICMP comparison failed for org.junit.jupiter:junit-jupiter-api
[2025-09-07 03:48:37] org.junit.jupiter:junit-jupiter-api:5.12.1 -> org.junit.jupiter:junit-jupiter-api:5.13.1 : Failed to compare JAR files: JAPICMP comparison failed for org.junit.jupiter:junit-jupiter-api
[2025-09-07 03:48:38] org.junit.jupiter:junit-jupiter-api:5.12.1 -> org.junit.jupiter:junit-jupiter-api:5.13.2 : Failed to compare JAR files: JAPICMP comparison failed for org.junit.jupiter:junit-jupiter-api
[2025-09-07 03:48:38] org.junit.jupiter:junit-jupiter-api:5.12.1 -> org.junit.jupiter:junit-jupiter-api:5.13.3 : Failed to compare JAR files: JAPICMP comparison failed for org.junit.jupiter:junit-jupiter-api
[2025-09-07 03:48:38] org.junit.jupiter:junit-jupiter-api:5.12.1 -> org.junit.jupiter:junit-jupiter-api:5.13.4 : Failed to compare JAR files: JAPICMP comparison failed for org.junit.jupiter:junit-jupiter-api
[2025-09-07 03:48:41] org.springframework:spring-test:6.1.12 -> org.springframework:spring-test:6.1.13 : Failed to compare JAR files: JAPICMP comparison failed for org.springframework:spring-test
[2025-09-07 03:48:42] org.springframework:spring-test:6.1.12 -> org.springframework:spring-test:6.1.14 : Failed to compare JAR files: JAPICMP comparison failed for org.springframework:spring-test
[2025-09-07 03:48:43] org.springframework:spring-test:6.1.12 -> org.springframework:spring-test:6.1.15 : Failed to compare JAR files: JAPICMP comparison failed for org.springframework:spring-test
[2025-09-07 03:48:44] org.springframework:spring-test:6.1.12 -> org.springframework:spring-test:6.1.16 : Failed to compare JAR files: JAPICMP comparison failed for org.springframework:spring-test
[2025-09-07 03:48:44] org.springframework:spring-test:6.1.12 -> org.springframework:spring-test:6.1.17 : Failed to compare JAR files: JAPICMP comparison failed for org.springframework:spring-test
[2025-09-07 03:48:44] org.springframework:spring-test:6.1.12 -> org.springframework:spring-test:6.1.18 : Failed to compare JAR files: JAPICMP comparison failed for org.springframework:spring-test
[2025-09-07 03:48:45] org.springframework:spring-test:6.1.12 -> org.springframework:spring-test:6.1.19 : Failed to compare JAR files: JAPICMP comparison failed for org.springframework:spring-test
[2025-09-07 03:48:45] org.springframework:spring-test:6.1.12 -> org.springframework:spring-test:6.1.20 : Failed to compare JAR files: JAPICMP comparison failed for org.springframework:spring-test
[2025-09-07 03:48:46] org.springframework:spring-test:6.1.12 -> org.springframework:spring-test:6.1.21 : Failed to compare JAR files: JAPICMP comparison failed for org.springframework:spring-test
[2025-09-07 03:48:46] org.springframework:spring-test:6.1.12 -> org.springframework:spring-test:6.2.0 : Failed to compare JAR files: JAPICMP comparison failed for org.springframework:spring-test
[2025-09-07 03:48:46] org.springframework:spring-test:6.1.12 -> org.springframework:spring-test:6.2.1 : Failed to compare JAR files: JAPICMP comparison failed for org.springframework:spring-test
[2025-09-07 03:48:47] org.springframework:spring-test:6.1.12 -> org.springframework:spring-test:6.2.2 : Failed to compare JAR files: JAPICMP comparison failed for org.springframework:spring-test
[2025-09-07 03:48:47] org.springframework:spring-test:6.1.12 -> org.springframework:spring-test:6.2.3 : Failed to compare JAR files: JAPICMP comparison failed for org.springframework:spring-test
[2025-09-07 03:48:48] org.springframework:spring-test:6.1.12 -> org.springframework:spring-test:6.2.4 : Failed to compare JAR files: JAPICMP comparison failed for org.springframework:spring-test
[2025-09-07 03:48:49] org.springframework:spring-test:6.1.12 -> org.springframework:spring-test:6.2.5 : Failed to compare JAR files: JAPICMP comparison failed for org.springframework:spring-test
[2025-09-07 03:48:49] org.springframework:spring-test:6.1.12 -> org.springframework:spring-test:6.2.6 : Failed to compare JAR files: JAPICMP comparison failed for org.springframework:spring-test
[2025-09-07 03:48:50] org.springframework:spring-test:6.1.12 -> org.springframework:spring-test:6.2.7 : Failed to compare JAR files: JAPICMP comparison failed for org.springframework:spring-test
[2025-09-07 03:48:50] org.springframework:spring-test:6.1.12 -> org.springframework:spring-test:6.2.8 : Failed to compare JAR files: JAPICMP comparison failed for org.springframework:spring-test
[2025-09-07 03:48:51] org.springframework:spring-test:6.1.12 -> org.springframework:spring-test:6.2.9 : Failed to compare JAR files: JAPICMP comparison failed for org.springframework:spring-test
[2025-09-07 03:48:51] org.springframework:spring-test:6.1.12 -> org.springframework:spring-test:6.2.10 : Failed to compare JAR files: JAPICMP comparison failed for org.springframework:spring-test
[2025-09-07 03:48:52] org.springframework.boot:spring-boot-test:3.2.6 -> org.springframework.boot:spring-boot-test:3.2.7 : Failed to compare JAR files: JAPICMP comparison failed for org.springframework.boot:spring-boot-test
[2025-09-07 03:48:53] org.springframework.boot:spring-boot-test:3.2.6 -> org.springframework.boot:spring-boot-test:3.2.8 : Failed to compare JAR files: JAPICMP comparison failed for org.springframework.boot:spring-boot-test
[2025-09-07 03:48:54] org.springframework.boot:spring-boot-test:3.2.6 -> org.springframework.boot:spring-boot-test:3.2.9 : Failed to compare JAR files: JAPICMP comparison failed for org.springframework.boot:spring-boot-test
[2025-09-07 03:48:55] org.springframework.boot:spring-boot-test:3.2.6 -> org.springframework.boot:spring-boot-test:3.2.10 : Failed to compare JAR files: JAPICMP comparison failed for org.springframework.boot:spring-boot-test
[2025-09-07 03:48:56] org.springframework.boot:spring-boot-test:3.2.6 -> org.springframework.boot:spring-boot-test:3.2.11 : Failed to compare JAR files: JAPICMP comparison failed for org.springframework.boot:spring-boot-test
[2025-09-07 03:48:56] org.springframework.boot:spring-boot-test:3.2.6 -> org.springframework.boot:spring-boot-test:3.2.12 : Failed to compare JAR files: JAPICMP comparison failed for org.springframework.boot:spring-boot-test
[2025-09-07 03:48:57] org.springframework.boot:spring-boot-test:3.2.6 -> org.springframework.boot:spring-boot-test:3.3.0 : Failed to compare JAR files: JAPICMP comparison failed for org.springframework.boot:spring-boot-test
[2025-09-07 03:48:58] org.springframework.boot:spring-boot-test:3.2.6 -> org.springframework.boot:spring-boot-test:3.3.1 : Failed to compare JAR files: JAPICMP comparison failed for org.springframework.boot:spring-boot-test
[2025-09-07 03:48:58] org.springframework.boot:spring-boot-test:3.2.6 -> org.springframework.boot:spring-boot-test:3.3.2 : Failed to compare JAR files: JAPICMP comparison failed for org.springframework.boot:spring-boot-test
[2025-09-07 03:48:59] org.springframework.boot:spring-boot-test:3.2.6 -> org.springframework.boot:spring-boot-test:3.3.3 : Failed to compare JAR files: JAPICMP comparison failed for org.springframework.boot:spring-boot-test
[2025-09-07 03:48:59] org.springframework.boot:spring-boot-test:3.2.6 -> org.springframework.boot:spring-boot-test:3.3.4 : Failed to compare JAR files: JAPICMP comparison failed for org.springframework.boot:spring-boot-test
[2025-09-07 03:49:00] org.springframework.boot:spring-boot-test:3.2.6 -> org.springframework.boot:spring-boot-test:3.3.5 : Failed to compare JAR files: JAPICMP comparison failed for org.springframework.boot:spring-boot-test
[2025-09-07 03:49:01] org.springframework.boot:spring-boot-test:3.2.6 -> org.springframework.boot:spring-boot-test:3.3.6 : Failed to compare JAR files: JAPICMP comparison failed for org.springframework.boot:spring-boot-test
[2025-09-07 03:49:02] org.springframework.boot:spring-boot-test:3.2.6 -> org.springframework.boot:spring-boot-test:3.3.7 : Failed to compare JAR files: JAPICMP comparison failed for org.springframework.boot:spring-boot-test
[2025-09-07 03:49:02] org.springframework.boot:spring-boot-test:3.2.6 -> org.springframework.boot:spring-boot-test:3.3.8 : Failed to compare JAR files: JAPICMP comparison failed for org.springframework.boot:spring-boot-test
[2025-09-07 03:49:03] org.springframework.boot:spring-boot-test:3.2.6 -> org.springframework.boot:spring-boot-test:3.3.9 : Failed to compare JAR files: JAPICMP comparison failed for org.springframework.boot:spring-boot-test
[2025-09-07 03:49:04] org.springframework.boot:spring-boot-test:3.2.6 -> org.springframework.boot:spring-boot-test:3.3.10 : Failed to compare JAR files: JAPICMP comparison failed for org.springframework.boot:spring-boot-test
[2025-09-07 03:49:05] org.springframework.boot:spring-boot-test:3.2.6 -> org.springframework.boot:spring-boot-test:3.3.11 : Failed to compare JAR files: JAPICMP comparison failed for org.springframework.boot:spring-boot-test
[2025-09-07 03:49:05] org.springframework.boot:spring-boot-test:3.2.6 -> org.springframework.boot:spring-boot-test:3.3.12 : Failed to compare JAR files: JAPICMP comparison failed for org.springframework.boot:spring-boot-test
[2025-09-07 03:49:06] org.springframework.boot:spring-boot-test:3.2.6 -> org.springframework.boot:spring-boot-test:3.3.13 : Failed to compare JAR files: JAPICMP comparison failed for org.springframework.boot:spring-boot-test
[2025-09-07 03:49:06] org.springframework.boot:spring-boot-test:3.2.6 -> org.springframework.boot:spring-boot-test:3.4.0 : Failed to compare JAR files: JAPICMP comparison failed for org.springframework.boot:spring-boot-test
[2025-09-07 03:49:07] org.springframework.boot:spring-boot-test:3.2.6 -> org.springframework.boot:spring-boot-test:3.4.1 : Failed to compare JAR files: JAPICMP comparison failed for org.springframework.boot:spring-boot-test
[2025-09-07 03:49:08] org.springframework.boot:spring-boot-test:3.2.6 -> org.springframework.boot:spring-boot-test:3.4.2 : Failed to compare JAR files: JAPICMP comparison failed for org.springframework.boot:spring-boot-test
[2025-09-07 03:49:09] org.springframework.boot:spring-boot-test:3.2.6 -> org.springframework.boot:spring-boot-test:3.4.3 : Failed to compare JAR files: JAPICMP comparison failed for org.springframework.boot:spring-boot-test
[2025-09-07 03:49:09] org.springframework.boot:spring-boot-test:3.2.6 -> org.springframework.boot:spring-boot-test:3.4.4 : Failed to compare JAR files: JAPICMP comparison failed for org.springframework.boot:spring-boot-test
[2025-09-07 03:49:10] org.springframework.boot:spring-boot-test:3.2.6 -> org.springframework.boot:spring-boot-test:3.4.5 : Failed to compare JAR files: JAPICMP comparison failed for org.springframework.boot:spring-boot-test
[2025-09-07 03:49:10] org.springframework.boot:spring-boot-test:3.2.6 -> org.springframework.boot:spring-boot-test:3.4.6 : Failed to compare JAR files: JAPICMP comparison failed for org.springframework.boot:spring-boot-test
[2025-09-07 03:49:11] org.springframework.boot:spring-boot-test:3.2.6 -> org.springframework.boot:spring-boot-test:3.4.7 : Failed to compare JAR files: JAPICMP comparison failed for org.springframework.boot:spring-boot-test
[2025-09-07 03:49:12] org.springframework.boot:spring-boot-test:3.2.6 -> org.springframework.boot:spring-boot-test:3.4.8 : Failed to compare JAR files: JAPICMP comparison failed for org.springframework.boot:spring-boot-test
[2025-09-07 03:49:12] org.springframework.boot:spring-boot-test:3.2.6 -> org.springframework.boot:spring-boot-test:3.4.9 : Failed to compare JAR files: JAPICMP comparison failed for org.springframework.boot:spring-boot-test
[2025-09-07 03:49:13] org.springframework.boot:spring-boot-test:3.2.6 -> org.springframework.boot:spring-boot-test:3.5.0 : Failed to compare JAR files: JAPICMP comparison failed for org.springframework.boot:spring-boot-test
[2025-09-07 03:49:14] org.springframework.boot:spring-boot-test:3.2.6 -> org.springframework.boot:spring-boot-test:3.5.1 : Failed to compare JAR files: JAPICMP comparison failed for org.springframework.boot:spring-boot-test
[2025-09-07 03:49:14] org.springframework.boot:spring-boot-test:3.2.6 -> org.springframework.boot:spring-boot-test:3.5.2 : Failed to compare JAR files: JAPICMP comparison failed for org.springframework.boot:spring-boot-test
[2025-09-07 03:49:15] org.springframework.boot:spring-boot-test:3.2.6 -> org.springframework.boot:spring-boot-test:3.5.3 : Failed to compare JAR files: JAPICMP comparison failed for org.springframework.boot:spring-boot-test
[2025-09-07 03:49:15] org.springframework.boot:spring-boot-test:3.2.6 -> org.springframework.boot:spring-boot-test:3.5.4 : Failed to compare JAR files: JAPICMP comparison failed for org.springframework.boot:spring-boot-test
[2025-09-07 03:49:16] org.springframework.boot:spring-boot-test:3.2.6 -> org.springframework.boot:spring-boot-test:3.5.5 : Failed to compare JAR files: JAPICMP comparison failed for org.springframework.boot:spring-boot-test
[2025-09-07 03:49:16] org.springframework.boot:spring-boot-test-autoconfigure:3.2.6 -> org.springframework.boot:spring-boot-test-autoconfigure:3.2.7 : Failed to compare JAR files: JAPICMP comparison failed for org.springframework.boot:spring-boot-test-autoconfigure
[2025-09-07 03:49:17] org.springframework.boot:spring-boot-test-autoconfigure:3.2.6 -> org.springframework.boot:spring-boot-test-autoconfigure:3.2.8 : Failed to compare JAR files: JAPICMP comparison failed for org.springframework.boot:spring-boot-test-autoconfigure
[2025-09-07 03:49:18] org.springframework.boot:spring-boot-test-autoconfigure:3.2.6 -> org.springframework.boot:spring-boot-test-autoconfigure:3.2.9 : Failed to compare JAR files: JAPICMP comparison failed for org.springframework.boot:spring-boot-test-autoconfigure
[2025-09-07 03:49:18] org.springframework.boot:spring-boot-test-autoconfigure:3.2.6 -> org.springframework.boot:spring-boot-test-autoconfigure:3.2.10 : Failed to compare JAR files: JAPICMP comparison failed for org.springframework.boot:spring-boot-test-autoconfigure
[2025-09-07 03:49:19] org.springframework.boot:spring-boot-test-autoconfigure:3.2.6 -> org.springframework.boot:spring-boot-test-autoconfigure:3.2.11 : Failed to compare JAR files: JAPICMP comparison failed for org.springframework.boot:spring-boot-test-autoconfigure
[2025-09-07 03:49:19] org.springframework.boot:spring-boot-test-autoconfigure:3.2.6 -> org.springframework.boot:spring-boot-test-autoconfigure:3.2.12 : Failed to compare JAR files: JAPICMP comparison failed for org.springframework.boot:spring-boot-test-autoconfigure
[2025-09-07 03:49:20] org.springframework.boot:spring-boot-test-autoconfigure:3.2.6 -> org.springframework.boot:spring-boot-test-autoconfigure:3.3.0 : Failed to compare JAR files: JAPICMP comparison failed for org.springframework.boot:spring-boot-test-autoconfigure
[2025-09-07 03:49:21] org.springframework.boot:spring-boot-test-autoconfigure:3.2.6 -> org.springframework.boot:spring-boot-test-autoconfigure:3.3.1 : Failed to compare JAR files: JAPICMP comparison failed for org.springframework.boot:spring-boot-test-autoconfigure
[2025-09-07 03:49:21] org.springframework.boot:spring-boot-test-autoconfigure:3.2.6 -> org.springframework.boot:spring-boot-test-autoconfigure:3.3.2 : Failed to compare JAR files: JAPICMP comparison failed for org.springframework.boot:spring-boot-test-autoconfigure
[2025-09-07 03:49:21] org.springframework.boot:spring-boot-test-autoconfigure:3.2.6 -> org.springframework.boot:spring-boot-test-autoconfigure:3.3.3 : Failed to compare JAR files: JAPICMP comparison failed for org.springframework.boot:spring-boot-test-autoconfigure
[2025-09-07 03:49:21] org.springframework.boot:spring-boot-test-autoconfigure:3.2.6 -> org.springframework.boot:spring-boot-test-autoconfigure:3.3.4 : Failed to compare JAR files: JAPICMP comparison failed for org.springframework.boot:spring-boot-test-autoconfigure
[2025-09-07 03:49:22] org.springframework.boot:spring-boot-test-autoconfigure:3.2.6 -> org.springframework.boot:spring-boot-test-autoconfigure:3.3.5 : Failed to compare JAR files: JAPICMP comparison failed for org.springframework.boot:spring-boot-test-autoconfigure
[2025-09-07 03:49:23] org.springframework.boot:spring-boot-test-autoconfigure:3.2.6 -> org.springframework.boot:spring-boot-test-autoconfigure:3.3.6 : Failed to compare JAR files: JAPICMP comparison failed for org.springframework.boot:spring-boot-test-autoconfigure
[2025-09-07 03:49:23] org.springframework.boot:spring-boot-test-autoconfigure:3.2.6 -> org.springframework.boot:spring-boot-test-autoconfigure:3.3.7 : Failed to compare JAR files: JAPICMP comparison failed for org.springframework.boot:spring-boot-test-autoconfigure
[2025-09-07 03:49:24] org.springframework.boot:spring-boot-test-autoconfigure:3.2.6 -> org.springframework.boot:spring-boot-test-autoconfigure:3.3.8 : Failed to compare JAR files: JAPICMP comparison failed for org.springframework.boot:spring-boot-test-autoconfigure
[2025-09-07 03:49:24] org.springframework.boot:spring-boot-test-autoconfigure:3.2.6 -> org.springframework.boot:spring-boot-test-autoconfigure:3.3.9 : Failed to compare JAR files: JAPICMP comparison failed for org.springframework.boot:spring-boot-test-autoconfigure
[2025-09-07 03:49:25] org.springframework.boot:spring-boot-test-autoconfigure:3.2.6 -> org.springframework.boot:spring-boot-test-autoconfigure:3.3.10 : Failed to compare JAR files: JAPICMP comparison failed for org.springframework.boot:spring-boot-test-autoconfigure
[2025-09-07 03:49:26] org.springframework.boot:spring-boot-test-autoconfigure:3.2.6 -> org.springframework.boot:spring-boot-test-autoconfigure:3.3.11 : Failed to compare JAR files: JAPICMP comparison failed for org.springframework.boot:spring-boot-test-autoconfigure
[2025-09-07 03:49:26] org.springframework.boot:spring-boot-test-autoconfigure:3.2.6 -> org.springframework.boot:spring-boot-test-autoconfigure:3.3.12 : Failed to compare JAR files: JAPICMP comparison failed for org.springframework.boot:spring-boot-test-autoconfigure
[2025-09-07 03:49:27] org.springframework.boot:spring-boot-test-autoconfigure:3.2.6 -> org.springframework.boot:spring-boot-test-autoconfigure:3.3.13 : Failed to compare JAR files: JAPICMP comparison failed for org.springframework.boot:spring-boot-test-autoconfigure
[2025-09-07 03:49:28] org.springframework.boot:spring-boot-test-autoconfigure:3.2.6 -> org.springframework.boot:spring-boot-test-autoconfigure:3.4.0 : Failed to compare JAR files: JAPICMP comparison failed for org.springframework.boot:spring-boot-test-autoconfigure
[2025-09-07 03:49:28] org.springframework.boot:spring-boot-test-autoconfigure:3.2.6 -> org.springframework.boot:spring-boot-test-autoconfigure:3.4.1 : Failed to compare JAR files: JAPICMP comparison failed for org.springframework.boot:spring-boot-test-autoconfigure
[2025-09-07 03:49:29] org.springframework.boot:spring-boot-test-autoconfigure:3.2.6 -> org.springframework.boot:spring-boot-test-autoconfigure:3.4.2 : Failed to compare JAR files: JAPICMP comparison failed for org.springframework.boot:spring-boot-test-autoconfigure
[2025-09-07 03:49:29] org.springframework.boot:spring-boot-test-autoconfigure:3.2.6 -> org.springframework.boot:spring-boot-test-autoconfigure:3.4.3 : Failed to compare JAR files: JAPICMP comparison failed for org.springframework.boot:spring-boot-test-autoconfigure
[2025-09-07 03:49:30] org.springframework.boot:spring-boot-test-autoconfigure:3.2.6 -> org.springframework.boot:spring-boot-test-autoconfigure:3.4.4 : Failed to compare JAR files: JAPICMP comparison failed for org.springframework.boot:spring-boot-test-autoconfigure
[2025-09-07 03:49:30] org.springframework.boot:spring-boot-test-autoconfigure:3.2.6 -> org.springframework.boot:spring-boot-test-autoconfigure:3.4.5 : Failed to compare JAR files: JAPICMP comparison failed for org.springframework.boot:spring-boot-test-autoconfigure
[2025-09-07 03:49:31] org.springframework.boot:spring-boot-test-autoconfigure:3.2.6 -> org.springframework.boot:spring-boot-test-autoconfigure:3.4.6 : Failed to compare JAR files: JAPICMP comparison failed for org.springframework.boot:spring-boot-test-autoconfigure
[2025-09-07 03:49:31] org.springframework.boot:spring-boot-test-autoconfigure:3.2.6 -> org.springframework.boot:spring-boot-test-autoconfigure:3.4.7 : Failed to compare JAR files: JAPICMP comparison failed for org.springframework.boot:spring-boot-test-autoconfigure
[2025-09-07 03:49:32] org.springframework.boot:spring-boot-test-autoconfigure:3.2.6 -> org.springframework.boot:spring-boot-test-autoconfigure:3.4.8 : Failed to compare JAR files: JAPICMP comparison failed for org.springframework.boot:spring-boot-test-autoconfigure
[2025-09-07 03:49:32] org.springframework.boot:spring-boot-test-autoconfigure:3.2.6 -> org.springframework.boot:spring-boot-test-autoconfigure:3.4.9 : Failed to compare JAR files: JAPICMP comparison failed for org.springframework.boot:spring-boot-test-autoconfigure
[2025-09-07 03:49:32] org.springframework.boot:spring-boot-test-autoconfigure:3.2.6 -> org.springframework.boot:spring-boot-test-autoconfigure:3.5.0 : Failed to compare JAR files: JAPICMP comparison failed for org.springframework.boot:spring-boot-test-autoconfigure
[2025-09-07 03:49:33] org.springframework.boot:spring-boot-test-autoconfigure:3.2.6 -> org.springframework.boot:spring-boot-test-autoconfigure:3.5.1 : Failed to compare JAR files: JAPICMP comparison failed for org.springframework.boot:spring-boot-test-autoconfigure
[2025-09-07 03:49:34] org.springframework.boot:spring-boot-test-autoconfigure:3.2.6 -> org.springframework.boot:spring-boot-test-autoconfigure:3.5.2 : Failed to compare JAR files: JAPICMP comparison failed for org.springframework.boot:spring-boot-test-autoconfigure
[2025-09-07 03:49:35] org.springframework.boot:spring-boot-test-autoconfigure:3.2.6 -> org.springframework.boot:spring-boot-test-autoconfigure:3.5.3 : Failed to compare JAR files: JAPICMP comparison failed for org.springframework.boot:spring-boot-test-autoconfigure
[2025-09-07 03:49:35] org.springframework.boot:spring-boot-test-autoconfigure:3.2.6 -> org.springframework.boot:spring-boot-test-autoconfigure:3.5.4 : Failed to compare JAR files: JAPICMP comparison failed for org.springframework.boot:spring-boot-test-autoconfigure
[2025-09-07 03:49:35] org.springframework.boot:spring-boot-test-autoconfigure:3.2.6 -> org.springframework.boot:spring-boot-test-autoconfigure:3.5.5 : Failed to compare JAR files: JAPICMP comparison failed for org.springframework.boot:spring-boot-test-autoconfigure
[2025-09-07 03:49:36] org.assertj:assertj-core:3.24.2 -> org.assertj:assertj-core:3.25.0 : Failed to compare JAR files: JAPICMP comparison failed for org.assertj:assertj-core
[2025-09-07 03:49:36] org.assertj:assertj-core:3.24.2 -> org.assertj:assertj-core:3.25.1 : Failed to compare JAR files: JAPICMP comparison failed for org.assertj:assertj-core
[2025-09-07 03:49:36] org.assertj:assertj-core:3.24.2 -> org.assertj:assertj-core:3.25.2 : Failed to compare JAR files: JAPICMP comparison failed for org.assertj:assertj-core
[2025-09-07 03:49:36] org.assertj:assertj-core:3.24.2 -> org.assertj:assertj-core:3.25.3 : Failed to compare JAR files: JAPICMP comparison failed for org.assertj:assertj-core
[2025-09-07 03:49:36] org.assertj:assertj-core:3.24.2 -> org.assertj:assertj-core:3.26.0 : Failed to compare JAR files: JAPICMP comparison failed for org.assertj:assertj-core
[2025-09-07 03:49:37] org.assertj:assertj-core:3.24.2 -> org.assertj:assertj-core:3.26.3 : Failed to compare JAR files: JAPICMP comparison failed for org.assertj:assertj-core
[2025-09-07 03:49:38] org.assertj:assertj-core:3.24.2 -> org.assertj:assertj-core:3.27.0 : Failed to compare JAR files: JAPICMP comparison failed for org.assertj:assertj-core
[2025-09-07 03:49:38] org.assertj:assertj-core:3.24.2 -> org.assertj:assertj-core:3.27.1 : Failed to compare JAR files: JAPICMP comparison failed for org.assertj:assertj-core
[2025-09-07 03:49:38] org.assertj:assertj-core:3.24.2 -> org.assertj:assertj-core:3.27.2 : Failed to compare JAR files: JAPICMP comparison failed for org.assertj:assertj-core
[2025-09-07 03:49:38] org.assertj:assertj-core:3.24.2 -> org.assertj:assertj-core:3.27.3 : Failed to compare JAR files: JAPICMP comparison failed for org.assertj:assertj-core
[2025-09-07 03:49:38] org.assertj:assertj-core:3.24.2 -> org.assertj:assertj-core:3.27.4 : Failed to compare JAR files: JAPICMP comparison failed for org.assertj:assertj-core
[2025-09-07 03:49:39] ch.qos.logback:logback-classic:1.5.16 -> ch.qos.logback:logback-classic:1.5.17 : Failed to compare JAR files: JAPICMP comparison failed for ch.qos.logback:logback-classic
[2025-09-07 03:49:39] ch.qos.logback:logback-classic:1.5.16 -> ch.qos.logback:logback-classic:1.5.18 : Failed to compare JAR files: JAPICMP comparison failed for ch.qos.logback:logback-classic
[2025-09-07 03:49:39] org.mockito:mockito-core:5.16.1 -> org.mockito:mockito-core:5.17.0 : Failed to compare JAR files: JAPICMP comparison failed for org.mockito:mockito-core
[2025-09-07 03:49:39] org.mockito:mockito-core:5.16.1 -> org.mockito:mockito-core:5.18.0 : Failed to compare JAR files: JAPICMP comparison failed for org.mockito:mockito-core
[2025-09-07 03:49:39] org.mockito:mockito-core:5.16.1 -> org.mockito:mockito-core:5.19.0 : Failed to compare JAR files: JAPICMP comparison failed for org.mockito:mockito-core

=== Summary ===
Total comparisons: 290
Failures: 170
Success rate: 41.38%
