=== Comparison Failure Log ===
[2025-09-12 23:25:26] org.springframework.cloud:spring-cloud-function-serverless-web:4.1.5 -> org.springframework.cloud:spring-cloud-function-serverless-web:4.1.6 : Failed to compare JAR files: JAPICMP comparison failed for org.springframework.cloud:spring-cloud-function-serverless-web
[2025-09-12 23:25:35] org.springframework.cloud:spring-cloud-function-serverless-web:4.1.5 -> org.springframework.cloud:spring-cloud-function-serverless-web:4.2.0 : Failed to compare JAR files: JAPICMP comparison failed for org.springframework.cloud:spring-cloud-function-serverless-web
[2025-09-12 23:25:42] org.springframework.cloud:spring-cloud-function-serverless-web:4.1.5 -> org.springframework.cloud:spring-cloud-function-serverless-web:4.2.1 : Failed to compare JAR files: JAPICMP comparison failed for org.springframework.cloud:spring-cloud-function-serverless-web
[2025-09-12 23:25:51] org.springframework.cloud:spring-cloud-function-serverless-web:4.1.5 -> org.springframework.cloud:spring-cloud-function-serverless-web:4.2.2 : Failed to compare JAR files: JAPICMP comparison failed for org.springframework.cloud:spring-cloud-function-serverless-web
[2025-09-12 23:26:01] org.springframework.cloud:spring-cloud-function-serverless-web:4.1.5 -> org.springframework.cloud:spring-cloud-function-serverless-web:4.2.3 : Failed to compare JAR files: JAPICMP comparison failed for org.springframework.cloud:spring-cloud-function-serverless-web
[2025-09-12 23:26:05] org.springframework.cloud:spring-cloud-function-serverless-web:4.1.5 -> org.springframework.cloud:spring-cloud-function-serverless-web:4.3.0 : Failed to compare JAR files: JAPICMP comparison failed for org.springframework.cloud:spring-cloud-function-serverless-web
[2025-09-12 23:26:06] org.springframework:spring-webflux:6.2.8 -> org.springframework:spring-webflux:6.2.9 : Failed to compare JAR files: JAPICMP comparison failed for org.springframework:spring-webflux
[2025-09-12 23:26:07] org.springframework:spring-webflux:6.2.8 -> org.springframework:spring-webflux:6.2.10 : Failed to compare JAR files: JAPICMP comparison failed for org.springframework:spring-webflux
[2025-09-12 23:26:08] org.springframework:spring-webflux:6.2.8 -> org.springframework:spring-webflux:6.2.11 : Failed to compare JAR files: JAPICMP comparison failed for org.springframework:spring-webflux
[2025-09-12 23:26:11] org.springframework.boot:spring-boot:3.4.5 -> org.springframework.boot:spring-boot:3.4.6 : Failed to compare JAR files: JAPICMP comparison failed for org.springframework.boot:spring-boot
[2025-09-12 23:26:11] org.springframework.boot:spring-boot:3.4.5 -> org.springframework.boot:spring-boot:3.4.7 : Failed to compare JAR files: JAPICMP comparison failed for org.springframework.boot:spring-boot
[2025-09-12 23:26:12] org.springframework.boot:spring-boot:3.4.5 -> org.springframework.boot:spring-boot:3.4.8 : Failed to compare JAR files: JAPICMP comparison failed for org.springframework.boot:spring-boot
[2025-09-12 23:26:12] org.springframework.boot:spring-boot:3.4.5 -> org.springframework.boot:spring-boot:3.4.9 : Failed to compare JAR files: JAPICMP comparison failed for org.springframework.boot:spring-boot
[2025-09-12 23:26:13] org.springframework.boot:spring-boot:3.4.5 -> org.springframework.boot:spring-boot:3.5.0 : Failed to compare JAR files: JAPICMP comparison failed for org.springframework.boot:spring-boot
[2025-09-12 23:26:13] org.springframework.boot:spring-boot:3.4.5 -> org.springframework.boot:spring-boot:3.5.1 : Failed to compare JAR files: JAPICMP comparison failed for org.springframework.boot:spring-boot
[2025-09-12 23:26:13] org.springframework.boot:spring-boot:3.4.5 -> org.springframework.boot:spring-boot:3.5.2 : Failed to compare JAR files: JAPICMP comparison failed for org.springframework.boot:spring-boot
[2025-09-12 23:26:13] org.springframework.boot:spring-boot:3.4.5 -> org.springframework.boot:spring-boot:3.5.3 : Failed to compare JAR files: JAPICMP comparison failed for org.springframework.boot:spring-boot
[2025-09-12 23:26:14] org.springframework.boot:spring-boot:3.4.5 -> org.springframework.boot:spring-boot:3.5.4 : Failed to compare JAR files: JAPICMP comparison failed for org.springframework.boot:spring-boot
[2025-09-12 23:26:14] org.springframework.boot:spring-boot:3.4.5 -> org.springframework.boot:spring-boot:3.5.5 : Failed to compare JAR files: JAPICMP comparison failed for org.springframework.boot:spring-boot
[2025-09-12 23:26:15] org.springframework.boot:spring-boot-autoconfigure:3.4.5 -> org.springframework.boot:spring-boot-autoconfigure:3.4.6 : Failed to compare JAR files: JAPICMP comparison failed for org.springframework.boot:spring-boot-autoconfigure
[2025-09-12 23:26:15] org.springframework.boot:spring-boot-autoconfigure:3.4.5 -> org.springframework.boot:spring-boot-autoconfigure:3.4.7 : Failed to compare JAR files: JAPICMP comparison failed for org.springframework.boot:spring-boot-autoconfigure
[2025-09-12 23:26:16] org.springframework.boot:spring-boot-autoconfigure:3.4.5 -> org.springframework.boot:spring-boot-autoconfigure:3.4.8 : Failed to compare JAR files: JAPICMP comparison failed for org.springframework.boot:spring-boot-autoconfigure
[2025-09-12 23:26:17] org.springframework.boot:spring-boot-autoconfigure:3.4.5 -> org.springframework.boot:spring-boot-autoconfigure:3.4.9 : Failed to compare JAR files: JAPICMP comparison failed for org.springframework.boot:spring-boot-autoconfigure
[2025-09-12 23:26:17] org.springframework.boot:spring-boot-autoconfigure:3.4.5 -> org.springframework.boot:spring-boot-autoconfigure:3.5.0 : Failed to compare JAR files: JAPICMP comparison failed for org.springframework.boot:spring-boot-autoconfigure
[2025-09-12 23:26:17] org.springframework.boot:spring-boot-autoconfigure:3.4.5 -> org.springframework.boot:spring-boot-autoconfigure:3.5.1 : Failed to compare JAR files: JAPICMP comparison failed for org.springframework.boot:spring-boot-autoconfigure
[2025-09-12 23:26:18] org.springframework.boot:spring-boot-autoconfigure:3.4.5 -> org.springframework.boot:spring-boot-autoconfigure:3.5.2 : Failed to compare JAR files: JAPICMP comparison failed for org.springframework.boot:spring-boot-autoconfigure
[2025-09-12 23:26:18] org.springframework.boot:spring-boot-autoconfigure:3.4.5 -> org.springframework.boot:spring-boot-autoconfigure:3.5.3 : Failed to compare JAR files: JAPICMP comparison failed for org.springframework.boot:spring-boot-autoconfigure
[2025-09-12 23:26:18] org.springframework.boot:spring-boot-autoconfigure:3.4.5 -> org.springframework.boot:spring-boot-autoconfigure:3.5.4 : Failed to compare JAR files: JAPICMP comparison failed for org.springframework.boot:spring-boot-autoconfigure
[2025-09-12 23:26:18] org.springframework.boot:spring-boot-autoconfigure:3.4.5 -> org.springframework.boot:spring-boot-autoconfigure:3.5.5 : Failed to compare JAR files: JAPICMP comparison failed for org.springframework.boot:spring-boot-autoconfigure
[2025-09-12 23:26:19] org.springframework:spring-core:6.2.8 -> org.springframework:spring-core:6.2.9 : Failed to compare JAR files: JAPICMP comparison failed for org.springframework:spring-core
[2025-09-12 23:26:19] org.springframework:spring-core:6.2.8 -> org.springframework:spring-core:6.2.10 : Failed to compare JAR files: JAPICMP comparison failed for org.springframework:spring-core
[2025-09-12 23:26:19] org.springframework:spring-core:6.2.8 -> org.springframework:spring-core:6.2.11 : Failed to compare JAR files: JAPICMP comparison failed for org.springframework:spring-core
[2025-09-12 23:26:19] org.springframework:spring-context:6.2.8 -> org.springframework:spring-context:6.2.9 : Failed to compare JAR files: JAPICMP comparison failed for org.springframework:spring-context
[2025-09-12 23:26:19] org.springframework:spring-context:6.2.8 -> org.springframework:spring-context:6.2.10 : Failed to compare JAR files: JAPICMP comparison failed for org.springframework:spring-context
[2025-09-12 23:26:20] org.springframework:spring-context:6.2.8 -> org.springframework:spring-context:6.2.11 : Failed to compare JAR files: JAPICMP comparison failed for org.springframework:spring-context
[2025-09-12 23:26:20] org.springframework:spring-webmvc:6.2.8 -> org.springframework:spring-webmvc:6.2.9 : Failed to compare JAR files: JAPICMP comparison failed for org.springframework:spring-webmvc
[2025-09-12 23:26:20] org.springframework:spring-webmvc:6.2.8 -> org.springframework:spring-webmvc:6.2.10 : Failed to compare JAR files: JAPICMP comparison failed for org.springframework:spring-webmvc
[2025-09-12 23:26:20] org.springframework:spring-webmvc:6.2.8 -> org.springframework:spring-webmvc:6.2.11 : Failed to compare JAR files: JAPICMP comparison failed for org.springframework:spring-webmvc
[2025-09-12 23:26:22] org.springframework.security:spring-security-config:6.4.5 -> org.springframework.security:spring-security-config:6.4.6 : Failed to compare JAR files: JAPICMP comparison failed for org.springframework.security:spring-security-config
[2025-09-12 23:26:24] org.springframework.security:spring-security-config:6.4.5 -> org.springframework.security:spring-security-config:6.4.7 : Failed to compare JAR files: JAPICMP comparison failed for org.springframework.security:spring-security-config
[2025-09-12 23:26:25] org.springframework.security:spring-security-config:6.4.5 -> org.springframework.security:spring-security-config:6.4.8 : Failed to compare JAR files: JAPICMP comparison failed for org.springframework.security:spring-security-config
[2025-09-12 23:26:26] org.springframework.security:spring-security-config:6.4.5 -> org.springframework.security:spring-security-config:6.4.9 : Failed to compare JAR files: JAPICMP comparison failed for org.springframework.security:spring-security-config
[2025-09-12 23:26:27] org.springframework.security:spring-security-config:6.4.5 -> org.springframework.security:spring-security-config:6.5.0 : Failed to compare JAR files: JAPICMP comparison failed for org.springframework.security:spring-security-config
[2025-09-12 23:26:27] org.springframework.security:spring-security-config:6.4.5 -> org.springframework.security:spring-security-config:6.5.1 : Failed to compare JAR files: JAPICMP comparison failed for org.springframework.security:spring-security-config
[2025-09-12 23:26:27] org.springframework.security:spring-security-config:6.4.5 -> org.springframework.security:spring-security-config:6.5.2 : Failed to compare JAR files: JAPICMP comparison failed for org.springframework.security:spring-security-config
[2025-09-12 23:26:28] org.springframework.security:spring-security-config:6.4.5 -> org.springframework.security:spring-security-config:6.5.3 : Failed to compare JAR files: JAPICMP comparison failed for org.springframework.security:spring-security-config
[2025-09-12 23:26:29] org.springframework.security:spring-security-web:6.4.5 -> org.springframework.security:spring-security-web:6.4.6 : Failed to compare JAR files: JAPICMP comparison failed for org.springframework.security:spring-security-web
[2025-09-12 23:26:30] org.springframework.security:spring-security-web:6.4.5 -> org.springframework.security:spring-security-web:6.4.7 : Failed to compare JAR files: JAPICMP comparison failed for org.springframework.security:spring-security-web
[2025-09-12 23:26:30] org.springframework.security:spring-security-web:6.4.5 -> org.springframework.security:spring-security-web:6.4.8 : Failed to compare JAR files: JAPICMP comparison failed for org.springframework.security:spring-security-web
[2025-09-12 23:26:31] org.springframework.security:spring-security-web:6.4.5 -> org.springframework.security:spring-security-web:6.4.9 : Failed to compare JAR files: JAPICMP comparison failed for org.springframework.security:spring-security-web
[2025-09-12 23:26:31] org.springframework.security:spring-security-web:6.4.5 -> org.springframework.security:spring-security-web:6.5.0 : Failed to compare JAR files: JAPICMP comparison failed for org.springframework.security:spring-security-web
[2025-09-12 23:26:32] org.springframework.security:spring-security-web:6.4.5 -> org.springframework.security:spring-security-web:6.5.1 : Failed to compare JAR files: JAPICMP comparison failed for org.springframework.security:spring-security-web
[2025-09-12 23:26:32] org.springframework.security:spring-security-web:6.4.5 -> org.springframework.security:spring-security-web:6.5.2 : Failed to compare JAR files: JAPICMP comparison failed for org.springframework.security:spring-security-web
[2025-09-12 23:26:32] org.springframework.security:spring-security-web:6.4.5 -> org.springframework.security:spring-security-web:6.5.3 : Failed to compare JAR files: JAPICMP comparison failed for org.springframework.security:spring-security-web
[2025-09-12 23:26:32] org.hibernate.validator:hibernate-validator:8.0.2.Final -> org.hibernate.validator:hibernate-validator:8.0.3.Final : Failed to compare JAR files: JAPICMP comparison failed for org.hibernate.validator:hibernate-validator
[2025-09-12 23:26:33] org.hibernate.validator:hibernate-validator:8.0.2.Final -> org.hibernate.validator:hibernate-validator:9.0.0.CR1 : Failed to compare JAR files: JAPICMP comparison failed for org.hibernate.validator:hibernate-validator
[2025-09-12 23:28:51] org.junit.jupiter:junit-jupiter-api:5.12.2 -> org.junit.jupiter:junit-jupiter-api:5.13.0 : Failed to compare JAR files: JAPICMP comparison failed for org.junit.jupiter:junit-jupiter-api
[2025-09-12 23:28:51] org.junit.jupiter:junit-jupiter-api:5.12.2 -> org.junit.jupiter:junit-jupiter-api:5.13.1 : Failed to compare JAR files: JAPICMP comparison failed for org.junit.jupiter:junit-jupiter-api
[2025-09-12 23:28:51] org.junit.jupiter:junit-jupiter-api:5.12.2 -> org.junit.jupiter:junit-jupiter-api:5.13.2 : Failed to compare JAR files: JAPICMP comparison failed for org.junit.jupiter:junit-jupiter-api
[2025-09-12 23:28:51] org.junit.jupiter:junit-jupiter-api:5.12.2 -> org.junit.jupiter:junit-jupiter-api:5.13.3 : Failed to compare JAR files: JAPICMP comparison failed for org.junit.jupiter:junit-jupiter-api
[2025-09-12 23:28:51] org.junit.jupiter:junit-jupiter-api:5.12.2 -> org.junit.jupiter:junit-jupiter-api:5.13.4 : Failed to compare JAR files: JAPICMP comparison failed for org.junit.jupiter:junit-jupiter-api
[2025-09-12 23:28:54] org.junit.jupiter:junit-jupiter-params:5.12.2 -> org.junit.jupiter:junit-jupiter-params:5.13.0 : Failed to compare JAR files: JAPICMP comparison failed for org.junit.jupiter:junit-jupiter-params
[2025-09-12 23:28:54] org.junit.jupiter:junit-jupiter-params:5.12.2 -> org.junit.jupiter:junit-jupiter-params:5.13.1 : Failed to compare JAR files: JAPICMP comparison failed for org.junit.jupiter:junit-jupiter-params
[2025-09-12 23:28:54] org.junit.jupiter:junit-jupiter-params:5.12.2 -> org.junit.jupiter:junit-jupiter-params:5.13.2 : Failed to compare JAR files: JAPICMP comparison failed for org.junit.jupiter:junit-jupiter-params
[2025-09-12 23:28:54] org.junit.jupiter:junit-jupiter-params:5.12.2 -> org.junit.jupiter:junit-jupiter-params:5.13.3 : Failed to compare JAR files: JAPICMP comparison failed for org.junit.jupiter:junit-jupiter-params
[2025-09-12 23:28:55] org.junit.jupiter:junit-jupiter-params:5.12.2 -> org.junit.jupiter:junit-jupiter-params:5.13.4 : Failed to compare JAR files: JAPICMP comparison failed for org.junit.jupiter:junit-jupiter-params
[2025-09-12 23:28:55] org.mockito:mockito-core:5.17.0 -> org.mockito:mockito-core:5.18.0 : Failed to compare JAR files: JAPICMP comparison failed for org.mockito:mockito-core
[2025-09-12 23:28:55] org.mockito:mockito-core:5.17.0 -> org.mockito:mockito-core:5.19.0 : Failed to compare JAR files: JAPICMP comparison failed for org.mockito:mockito-core

=== Summary ===
Total comparisons: 303
Failures: 68
Success rate: 77.56%
