=== Comparison Failure Log ===
[2025-09-13 02:23:31] org.redisson:redisson:3.23.3 -> org.redisson:redisson:3.23.4 : Failed to compare JAR files: JAPICMP comparison failed for org.redisson:redisson
[2025-09-13 02:23:32] org.redisson:redisson:3.23.3 -> org.redisson:redisson:3.23.5 : Failed to compare JAR files: JAPICMP comparison failed for org.redisson:redisson
[2025-09-13 02:23:32] org.redisson:redisson:3.23.3 -> org.redisson:redisson:3.24.0 : Failed to compare JAR files: JAPICMP comparison failed for org.redisson:redisson
[2025-09-13 02:23:33] org.redisson:redisson:3.23.3 -> org.redisson:redisson:3.24.1 : Failed to compare JAR files: JAPICMP comparison failed for org.redisson:redisson
[2025-09-13 02:23:34] org.redisson:redisson:3.23.3 -> org.redisson:redisson:3.24.2 : Failed to compare JAR files: JAPICMP comparison failed for org.redisson:redisson
[2025-09-13 02:23:35] org.redisson:redisson:3.23.3 -> org.redisson:redisson:3.24.3 : Failed to compare JAR files: JAPICMP comparison failed for org.redisson:redisson
[2025-09-13 02:23:36] org.redisson:redisson:3.23.3 -> org.redisson:redisson:3.25.0 : Failed to compare JAR files: JAPICMP comparison failed for org.redisson:redisson
[2025-09-13 02:23:37] org.redisson:redisson:3.23.3 -> org.redisson:redisson:3.25.1 : Failed to compare JAR files: JAPICMP comparison failed for org.redisson:redisson
[2025-09-13 02:23:38] org.redisson:redisson:3.23.3 -> org.redisson:redisson:3.25.2 : Failed to compare JAR files: JAPICMP comparison failed for org.redisson:redisson
[2025-09-13 02:23:39] org.redisson:redisson:3.23.3 -> org.redisson:redisson:3.26.0 : Failed to compare JAR files: JAPICMP comparison failed for org.redisson:redisson
[2025-09-13 02:23:40] org.redisson:redisson:3.23.3 -> org.redisson:redisson:3.26.1 : Failed to compare JAR files: JAPICMP comparison failed for org.redisson:redisson
[2025-09-13 02:23:40] org.redisson:redisson:3.23.3 -> org.redisson:redisson:3.27.0 : Failed to compare JAR files: JAPICMP comparison failed for org.redisson:redisson
[2025-09-13 02:23:41] org.redisson:redisson:3.23.3 -> org.redisson:redisson:3.27.1 : Failed to compare JAR files: JAPICMP comparison failed for org.redisson:redisson
[2025-09-13 02:23:42] org.redisson:redisson:3.23.3 -> org.redisson:redisson:3.27.2 : Failed to compare JAR files: JAPICMP comparison failed for org.redisson:redisson
[2025-09-13 02:23:43] org.redisson:redisson:3.23.3 -> org.redisson:redisson:3.28.0 : Failed to compare JAR files: JAPICMP comparison failed for org.redisson:redisson
[2025-09-13 02:23:44] org.redisson:redisson:3.23.3 -> org.redisson:redisson:3.29.0 : Failed to compare JAR files: JAPICMP comparison failed for org.redisson:redisson
[2025-09-13 02:23:45] org.redisson:redisson:3.23.3 -> org.redisson:redisson:3.30.0 : Failed to compare JAR files: JAPICMP comparison failed for org.redisson:redisson
[2025-09-13 02:23:46] org.redisson:redisson:3.23.3 -> org.redisson:redisson:3.31.0 : Failed to compare JAR files: JAPICMP comparison failed for org.redisson:redisson
[2025-09-13 02:23:47] org.redisson:redisson:3.23.3 -> org.redisson:redisson:3.32.0 : Failed to compare JAR files: JAPICMP comparison failed for org.redisson:redisson
[2025-09-13 02:23:48] org.redisson:redisson:3.23.3 -> org.redisson:redisson:3.33.0 : Failed to compare JAR files: JAPICMP comparison failed for org.redisson:redisson
[2025-09-13 02:23:48] org.redisson:redisson:3.23.3 -> org.redisson:redisson:3.34.0 : Failed to compare JAR files: JAPICMP comparison failed for org.redisson:redisson
[2025-09-13 02:23:49] org.redisson:redisson:3.23.3 -> org.redisson:redisson:3.34.1 : Failed to compare JAR files: JAPICMP comparison failed for org.redisson:redisson
[2025-09-13 02:23:50] org.redisson:redisson:3.23.3 -> org.redisson:redisson:3.35.0 : Failed to compare JAR files: JAPICMP comparison failed for org.redisson:redisson
[2025-09-13 02:23:51] org.redisson:redisson:3.23.3 -> org.redisson:redisson:3.36.0 : Failed to compare JAR files: JAPICMP comparison failed for org.redisson:redisson
[2025-09-13 02:23:55] org.redisson:redisson:3.23.3 -> org.redisson:redisson:3.37.0 : Failed to compare JAR files: JAPICMP comparison failed for org.redisson:redisson
[2025-09-13 02:23:56] org.redisson:redisson:3.23.3 -> org.redisson:redisson:3.38.0 : Failed to compare JAR files: JAPICMP comparison failed for org.redisson:redisson
[2025-09-13 02:23:56] org.redisson:redisson:3.23.3 -> org.redisson:redisson:3.38.1 : Failed to compare JAR files: JAPICMP comparison failed for org.redisson:redisson
[2025-09-13 02:23:57] org.redisson:redisson:3.23.3 -> org.redisson:redisson:3.39.0 : Failed to compare JAR files: JAPICMP comparison failed for org.redisson:redisson
[2025-09-13 02:23:58] org.redisson:redisson:3.23.3 -> org.redisson:redisson:3.40.0 : Failed to compare JAR files: JAPICMP comparison failed for org.redisson:redisson
[2025-09-13 02:23:59] org.redisson:redisson:3.23.3 -> org.redisson:redisson:3.40.1 : Failed to compare JAR files: JAPICMP comparison failed for org.redisson:redisson
[2025-09-13 02:24:00] org.redisson:redisson:3.23.3 -> org.redisson:redisson:3.40.2 : Failed to compare JAR files: JAPICMP comparison failed for org.redisson:redisson
[2025-09-13 02:24:01] org.redisson:redisson:3.23.3 -> org.redisson:redisson:3.41.0 : Failed to compare JAR files: JAPICMP comparison failed for org.redisson:redisson
[2025-09-13 02:24:01] org.redisson:redisson:3.23.3 -> org.redisson:redisson:3.42.0 : Failed to compare JAR files: JAPICMP comparison failed for org.redisson:redisson
[2025-09-13 02:24:02] org.redisson:redisson:3.23.3 -> org.redisson:redisson:3.43.0 : Failed to compare JAR files: JAPICMP comparison failed for org.redisson:redisson
[2025-09-13 02:24:03] org.redisson:redisson:3.23.3 -> org.redisson:redisson:3.44.0 : Failed to compare JAR files: JAPICMP comparison failed for org.redisson:redisson
[2025-09-13 02:24:04] org.redisson:redisson:3.23.3 -> org.redisson:redisson:3.45.0 : Failed to compare JAR files: JAPICMP comparison failed for org.redisson:redisson
[2025-09-13 02:24:05] org.redisson:redisson:3.23.3 -> org.redisson:redisson:3.45.1 : Failed to compare JAR files: JAPICMP comparison failed for org.redisson:redisson
[2025-09-13 02:24:06] org.redisson:redisson:3.23.3 -> org.redisson:redisson:3.46.0 : Failed to compare JAR files: JAPICMP comparison failed for org.redisson:redisson
[2025-09-13 02:24:07] org.redisson:redisson:3.23.3 -> org.redisson:redisson:3.47.0 : Failed to compare JAR files: JAPICMP comparison failed for org.redisson:redisson
[2025-09-13 02:24:07] org.redisson:redisson:3.23.3 -> org.redisson:redisson:3.48.0 : Failed to compare JAR files: JAPICMP comparison failed for org.redisson:redisson
[2025-09-13 02:24:08] org.redisson:redisson:3.23.3 -> org.redisson:redisson:3.49.0 : Failed to compare JAR files: JAPICMP comparison failed for org.redisson:redisson
[2025-09-13 02:24:09] org.redisson:redisson:3.23.3 -> org.redisson:redisson:3.50.0 : Failed to compare JAR files: JAPICMP comparison failed for org.redisson:redisson
[2025-09-13 02:24:10] org.redisson:redisson:3.23.3 -> org.redisson:redisson:3.51.0 : Failed to compare JAR files: JAPICMP comparison failed for org.redisson:redisson
[2025-09-13 02:24:12] org.projectlombok:lombok:1.18.30 -> org.projectlombok:lombok:1.18.32 : Failed to compare JAR files: JAPICMP comparison failed for org.projectlombok:lombok
[2025-09-13 02:24:12] org.projectlombok:lombok:1.18.30 -> org.projectlombok:lombok:1.18.34 : Failed to compare JAR files: JAPICMP comparison failed for org.projectlombok:lombok
[2025-09-13 02:24:13] org.projectlombok:lombok:1.18.30 -> org.projectlombok:lombok:1.18.36 : Failed to compare JAR files: JAPICMP comparison failed for org.projectlombok:lombok
[2025-09-13 02:24:13] org.projectlombok:lombok:1.18.30 -> org.projectlombok:lombok:1.18.38 : Failed to compare JAR files: JAPICMP comparison failed for org.projectlombok:lombok
[2025-09-13 02:24:13] org.projectlombok:lombok:1.18.30 -> org.projectlombok:lombok:1.18.40 : Failed to compare JAR files: JAPICMP comparison failed for org.projectlombok:lombok

=== Summary ===
Total comparisons: 215
Failures: 48
Success rate: 77.67%
