=== Comparison Failure Log ===
[2025-09-13 05:18:49] javax.cache:cache-api:1.0.0 -> javax.cache:cache-api:1.1.0 : Failed to compare JAR files: JAPICMP comparison failed for javax.cache:cache-api
[2025-09-13 05:18:49] javax.cache:cache-api:1.0.0 -> javax.cache:cache-api:1.1.1 : Failed to compare JAR files: JAPICMP comparison failed for javax.cache:cache-api
[2025-09-13 05:18:51] com.hazelcast:hazelcast:5.3.6 -> com.hazelcast:hazelcast:5.3.7 : Failed to compare JAR files: JAPICMP comparison failed for com.hazelcast:hazelcast
[2025-09-13 05:18:53] com.hazelcast:hazelcast:5.3.6 -> com.hazelcast:hazelcast:5.3.8 : Failed to compare JAR files: JAPICMP comparison failed for com.hazelcast:hazelcast
[2025-09-13 05:18:59] com.hazelcast:hazelcast:5.3.6 -> com.hazelcast:hazelcast:5.4.0 : Failed to compare JAR files: JAPICMP comparison failed for com.hazelcast:hazelcast
[2025-09-13 05:19:08] com.hazelcast:hazelcast:5.3.6 -> com.hazelcast:hazelcast:5.5.0 : Failed to compare JAR files: JAPICMP comparison failed for com.hazelcast:hazelcast
[2025-09-13 05:19:22] org.infinispan:infinispan-core:15.0.4.Final -> org.infinispan:infinispan-core:15.0.5.Final : Failed to compare JAR files: JAPICMP comparison failed for org.infinispan:infinispan-core
[2025-09-13 05:19:24] org.infinispan:infinispan-core:15.0.4.Final -> org.infinispan:infinispan-core:15.0.6.Final : Failed to compare JAR files: JAPICMP comparison failed for org.infinispan:infinispan-core
[2025-09-13 05:19:25] org.infinispan:infinispan-core:15.0.4.Final -> org.infinispan:infinispan-core:15.0.7.Final : Failed to compare JAR files: JAPICMP comparison failed for org.infinispan:infinispan-core
[2025-09-13 05:19:26] org.infinispan:infinispan-core:15.0.4.Final -> org.infinispan:infinispan-core:15.0.8.Final : Failed to compare JAR files: JAPICMP comparison failed for org.infinispan:infinispan-core
[2025-09-13 05:19:28] org.infinispan:infinispan-core:15.0.4.Final -> org.infinispan:infinispan-core:15.0.9.Final : Failed to compare JAR files: JAPICMP comparison failed for org.infinispan:infinispan-core
[2025-09-13 05:19:33] org.infinispan:infinispan-core:15.0.4.Final -> org.infinispan:infinispan-core:15.0.10.Final : Failed to compare JAR files: JAPICMP comparison failed for org.infinispan:infinispan-core
[2025-09-13 05:19:34] org.infinispan:infinispan-core:15.0.4.Final -> org.infinispan:infinispan-core:15.0.11.Final : Failed to compare JAR files: JAPICMP comparison failed for org.infinispan:infinispan-core
[2025-09-13 05:19:35] org.infinispan:infinispan-core:15.0.4.Final -> org.infinispan:infinispan-core:15.0.12.Final : Failed to compare JAR files: JAPICMP comparison failed for org.infinispan:infinispan-core
[2025-09-13 05:19:36] org.infinispan:infinispan-core:15.0.4.Final -> org.infinispan:infinispan-core:15.0.13.Final : Failed to compare JAR files: JAPICMP comparison failed for org.infinispan:infinispan-core
[2025-09-13 05:19:37] org.infinispan:infinispan-core:15.0.4.Final -> org.infinispan:infinispan-core:15.0.14.Final : Failed to compare JAR files: JAPICMP comparison failed for org.infinispan:infinispan-core
[2025-09-13 05:19:42] org.infinispan:infinispan-core:15.0.4.Final -> org.infinispan:infinispan-core:15.0.15.Final : Failed to compare JAR files: JAPICMP comparison failed for org.infinispan:infinispan-core
[2025-09-13 05:19:44] org.infinispan:infinispan-core:15.0.4.Final -> org.infinispan:infinispan-core:15.0.16.Final : Failed to compare JAR files: JAPICMP comparison failed for org.infinispan:infinispan-core
[2025-09-13 05:19:46] org.infinispan:infinispan-core:15.0.4.Final -> org.infinispan:infinispan-core:15.0.17.Final : Failed to compare JAR files: JAPICMP comparison failed for org.infinispan:infinispan-core
[2025-09-13 05:19:47] org.infinispan:infinispan-core:15.0.4.Final -> org.infinispan:infinispan-core:15.0.18.Final : Failed to compare JAR files: JAPICMP comparison failed for org.infinispan:infinispan-core
[2025-09-13 05:19:48] org.infinispan:infinispan-core:15.0.4.Final -> org.infinispan:infinispan-core:15.0.19.Final : Failed to compare JAR files: JAPICMP comparison failed for org.infinispan:infinispan-core
[2025-09-13 05:19:49] org.infinispan:infinispan-core:15.0.4.Final -> org.infinispan:infinispan-core:15.0.20.Final : Failed to compare JAR files: JAPICMP comparison failed for org.infinispan:infinispan-core
[2025-09-13 05:19:54] org.infinispan:infinispan-core:15.0.4.Final -> org.infinispan:infinispan-core:15.0.21.Final : Failed to compare JAR files: JAPICMP comparison failed for org.infinispan:infinispan-core
[2025-09-13 05:19:56] org.infinispan:infinispan-core:15.0.4.Final -> org.infinispan:infinispan-core:15.1.0.Final : Failed to compare JAR files: JAPICMP comparison failed for org.infinispan:infinispan-core
[2025-09-13 05:19:58] org.infinispan:infinispan-core:15.0.4.Final -> org.infinispan:infinispan-core:15.1.0.Dev01 : Failed to compare JAR files: JAPICMP comparison failed for org.infinispan:infinispan-core
[2025-09-13 05:19:59] org.infinispan:infinispan-core:15.0.4.Final -> org.infinispan:infinispan-core:15.1.0.Dev02 : Failed to compare JAR files: JAPICMP comparison failed for org.infinispan:infinispan-core
[2025-09-13 05:20:01] org.infinispan:infinispan-core:15.0.4.Final -> org.infinispan:infinispan-core:15.1.0.Dev03 : Failed to compare JAR files: JAPICMP comparison failed for org.infinispan:infinispan-core
[2025-09-13 05:20:02] org.infinispan:infinispan-core:15.0.4.Final -> org.infinispan:infinispan-core:15.1.0.Dev04 : Failed to compare JAR files: JAPICMP comparison failed for org.infinispan:infinispan-core
[2025-09-13 05:20:08] org.infinispan:infinispan-core:15.0.4.Final -> org.infinispan:infinispan-core:15.1.0.Dev05 : Failed to compare JAR files: JAPICMP comparison failed for org.infinispan:infinispan-core
[2025-09-13 05:20:09] org.infinispan:infinispan-core:15.0.4.Final -> org.infinispan:infinispan-core:15.1.1.Final : Failed to compare JAR files: JAPICMP comparison failed for org.infinispan:infinispan-core
[2025-09-13 05:20:10] org.infinispan:infinispan-core:15.0.4.Final -> org.infinispan:infinispan-core:15.1.2.Final : Failed to compare JAR files: JAPICMP comparison failed for org.infinispan:infinispan-core
[2025-09-13 05:20:11] org.infinispan:infinispan-core:15.0.4.Final -> org.infinispan:infinispan-core:15.1.3.Final : Failed to compare JAR files: JAPICMP comparison failed for org.infinispan:infinispan-core
[2025-09-13 05:20:13] org.infinispan:infinispan-core:15.0.4.Final -> org.infinispan:infinispan-core:15.1.4.Final : Failed to compare JAR files: JAPICMP comparison failed for org.infinispan:infinispan-core
[2025-09-13 05:20:14] org.infinispan:infinispan-core:15.0.4.Final -> org.infinispan:infinispan-core:15.1.5.Final : Failed to compare JAR files: JAPICMP comparison failed for org.infinispan:infinispan-core
[2025-09-13 05:20:16] org.infinispan:infinispan-core:15.0.4.Final -> org.infinispan:infinispan-core:15.1.6.Final : Failed to compare JAR files: JAPICMP comparison failed for org.infinispan:infinispan-core
[2025-09-13 05:20:20] org.infinispan:infinispan-core:15.0.4.Final -> org.infinispan:infinispan-core:15.1.7.Final : Failed to compare JAR files: JAPICMP comparison failed for org.infinispan:infinispan-core
[2025-09-13 05:20:22] org.infinispan:infinispan-core:15.0.4.Final -> org.infinispan:infinispan-core:15.2.0.Final : Failed to compare JAR files: JAPICMP comparison failed for org.infinispan:infinispan-core
[2025-09-13 05:20:25] org.infinispan:infinispan-core:15.0.4.Final -> org.infinispan:infinispan-core:15.2.0.Dev01 : Failed to compare JAR files: JAPICMP comparison failed for org.infinispan:infinispan-core
[2025-09-13 05:20:26] org.infinispan:infinispan-core:15.0.4.Final -> org.infinispan:infinispan-core:15.2.0.Dev02 : Failed to compare JAR files: JAPICMP comparison failed for org.infinispan:infinispan-core
[2025-09-13 05:20:27] org.infinispan:infinispan-core:15.0.4.Final -> org.infinispan:infinispan-core:15.2.0.Dev03 : Failed to compare JAR files: JAPICMP comparison failed for org.infinispan:infinispan-core
[2025-09-13 05:20:28] org.infinispan:infinispan-core:15.0.4.Final -> org.infinispan:infinispan-core:15.2.1.Final : Failed to compare JAR files: JAPICMP comparison failed for org.infinispan:infinispan-core
[2025-09-13 05:20:33] org.infinispan:infinispan-core:15.0.4.Final -> org.infinispan:infinispan-core:15.2.2.Final : Failed to compare JAR files: JAPICMP comparison failed for org.infinispan:infinispan-core
[2025-09-13 05:20:34] org.infinispan:infinispan-core:15.0.4.Final -> org.infinispan:infinispan-core:15.2.3.Final : Failed to compare JAR files: JAPICMP comparison failed for org.infinispan:infinispan-core
[2025-09-13 05:20:35] org.infinispan:infinispan-core:15.0.4.Final -> org.infinispan:infinispan-core:15.2.4.Final : Failed to compare JAR files: JAPICMP comparison failed for org.infinispan:infinispan-core
[2025-09-13 05:20:37] org.infinispan:infinispan-core:15.0.4.Final -> org.infinispan:infinispan-core:15.2.5.Final : Failed to compare JAR files: JAPICMP comparison failed for org.infinispan:infinispan-core
[2025-09-13 05:20:38] org.infinispan:infinispan-core:15.0.4.Final -> org.infinispan:infinispan-core:15.2.6.Final : Failed to compare JAR files: JAPICMP comparison failed for org.infinispan:infinispan-core
[2025-09-13 05:20:38] org.infinispan:infinispan-jcache:15.0.4.Final -> org.infinispan:infinispan-jcache:15.0.5.Final : Failed to compare JAR files: JAPICMP comparison failed for org.infinispan:infinispan-jcache
[2025-09-13 05:20:39] org.infinispan:infinispan-jcache:15.0.4.Final -> org.infinispan:infinispan-jcache:15.0.6.Final : Failed to compare JAR files: JAPICMP comparison failed for org.infinispan:infinispan-jcache
[2025-09-13 05:20:40] org.infinispan:infinispan-jcache:15.0.4.Final -> org.infinispan:infinispan-jcache:15.0.7.Final : Failed to compare JAR files: JAPICMP comparison failed for org.infinispan:infinispan-jcache
[2025-09-13 05:20:40] org.infinispan:infinispan-jcache:15.0.4.Final -> org.infinispan:infinispan-jcache:15.0.8.Final : Failed to compare JAR files: JAPICMP comparison failed for org.infinispan:infinispan-jcache
[2025-09-13 05:20:40] org.infinispan:infinispan-jcache:15.0.4.Final -> org.infinispan:infinispan-jcache:15.0.9.Final : Failed to compare JAR files: JAPICMP comparison failed for org.infinispan:infinispan-jcache
[2025-09-13 05:20:41] org.infinispan:infinispan-jcache:15.0.4.Final -> org.infinispan:infinispan-jcache:15.0.10.Final : Failed to compare JAR files: JAPICMP comparison failed for org.infinispan:infinispan-jcache
[2025-09-13 05:20:41] org.infinispan:infinispan-jcache:15.0.4.Final -> org.infinispan:infinispan-jcache:15.0.11.Final : Failed to compare JAR files: JAPICMP comparison failed for org.infinispan:infinispan-jcache
[2025-09-13 05:20:42] org.infinispan:infinispan-jcache:15.0.4.Final -> org.infinispan:infinispan-jcache:15.0.12.Final : Failed to compare JAR files: JAPICMP comparison failed for org.infinispan:infinispan-jcache
[2025-09-13 05:20:42] org.infinispan:infinispan-jcache:15.0.4.Final -> org.infinispan:infinispan-jcache:15.0.13.Final : Failed to compare JAR files: JAPICMP comparison failed for org.infinispan:infinispan-jcache
[2025-09-13 05:20:43] org.infinispan:infinispan-jcache:15.0.4.Final -> org.infinispan:infinispan-jcache:15.0.14.Final : Failed to compare JAR files: JAPICMP comparison failed for org.infinispan:infinispan-jcache
[2025-09-13 05:20:43] org.infinispan:infinispan-jcache:15.0.4.Final -> org.infinispan:infinispan-jcache:15.0.15.Final : Failed to compare JAR files: JAPICMP comparison failed for org.infinispan:infinispan-jcache
[2025-09-13 05:20:47] org.infinispan:infinispan-jcache:15.0.4.Final -> org.infinispan:infinispan-jcache:15.0.16.Final : Failed to compare JAR files: JAPICMP comparison failed for org.infinispan:infinispan-jcache
[2025-09-13 05:20:48] org.infinispan:infinispan-jcache:15.0.4.Final -> org.infinispan:infinispan-jcache:15.0.17.Final : Failed to compare JAR files: JAPICMP comparison failed for org.infinispan:infinispan-jcache
[2025-09-13 05:20:49] org.infinispan:infinispan-jcache:15.0.4.Final -> org.infinispan:infinispan-jcache:15.0.18.Final : Failed to compare JAR files: JAPICMP comparison failed for org.infinispan:infinispan-jcache
[2025-09-13 05:20:49] org.infinispan:infinispan-jcache:15.0.4.Final -> org.infinispan:infinispan-jcache:15.0.19.Final : Failed to compare JAR files: JAPICMP comparison failed for org.infinispan:infinispan-jcache
[2025-09-13 05:20:50] org.infinispan:infinispan-jcache:15.0.4.Final -> org.infinispan:infinispan-jcache:15.0.20.Final : Failed to compare JAR files: JAPICMP comparison failed for org.infinispan:infinispan-jcache
[2025-09-13 05:20:50] org.infinispan:infinispan-jcache:15.0.4.Final -> org.infinispan:infinispan-jcache:15.0.21.Final : Failed to compare JAR files: JAPICMP comparison failed for org.infinispan:infinispan-jcache
[2025-09-13 05:20:51] org.infinispan:infinispan-jcache:15.0.4.Final -> org.infinispan:infinispan-jcache:15.1.0.Final : Failed to compare JAR files: JAPICMP comparison failed for org.infinispan:infinispan-jcache
[2025-09-13 05:20:51] org.infinispan:infinispan-jcache:15.0.4.Final -> org.infinispan:infinispan-jcache:15.1.0.Dev01 : Failed to compare JAR files: JAPICMP comparison failed for org.infinispan:infinispan-jcache
[2025-09-13 05:20:52] org.infinispan:infinispan-jcache:15.0.4.Final -> org.infinispan:infinispan-jcache:15.1.0.Dev02 : Failed to compare JAR files: JAPICMP comparison failed for org.infinispan:infinispan-jcache
[2025-09-13 05:20:52] org.infinispan:infinispan-jcache:15.0.4.Final -> org.infinispan:infinispan-jcache:15.1.0.Dev03 : Failed to compare JAR files: JAPICMP comparison failed for org.infinispan:infinispan-jcache
[2025-09-13 05:20:53] org.infinispan:infinispan-jcache:15.0.4.Final -> org.infinispan:infinispan-jcache:15.1.0.Dev04 : Failed to compare JAR files: JAPICMP comparison failed for org.infinispan:infinispan-jcache
[2025-09-13 05:20:53] org.infinispan:infinispan-jcache:15.0.4.Final -> org.infinispan:infinispan-jcache:15.1.0.Dev05 : Failed to compare JAR files: JAPICMP comparison failed for org.infinispan:infinispan-jcache
[2025-09-13 05:20:54] org.infinispan:infinispan-jcache:15.0.4.Final -> org.infinispan:infinispan-jcache:15.1.1.Final : Failed to compare JAR files: JAPICMP comparison failed for org.infinispan:infinispan-jcache
[2025-09-13 05:20:54] org.infinispan:infinispan-jcache:15.0.4.Final -> org.infinispan:infinispan-jcache:15.1.2.Final : Failed to compare JAR files: JAPICMP comparison failed for org.infinispan:infinispan-jcache
[2025-09-13 05:20:55] org.infinispan:infinispan-jcache:15.0.4.Final -> org.infinispan:infinispan-jcache:15.1.3.Final : Failed to compare JAR files: JAPICMP comparison failed for org.infinispan:infinispan-jcache
[2025-09-13 05:20:55] org.infinispan:infinispan-jcache:15.0.4.Final -> org.infinispan:infinispan-jcache:15.1.4.Final : Failed to compare JAR files: JAPICMP comparison failed for org.infinispan:infinispan-jcache
[2025-09-13 05:20:56] org.infinispan:infinispan-jcache:15.0.4.Final -> org.infinispan:infinispan-jcache:15.1.5.Final : Failed to compare JAR files: JAPICMP comparison failed for org.infinispan:infinispan-jcache
[2025-09-13 05:20:56] org.infinispan:infinispan-jcache:15.0.4.Final -> org.infinispan:infinispan-jcache:15.1.6.Final : Failed to compare JAR files: JAPICMP comparison failed for org.infinispan:infinispan-jcache
[2025-09-13 05:20:57] org.infinispan:infinispan-jcache:15.0.4.Final -> org.infinispan:infinispan-jcache:15.1.7.Final : Failed to compare JAR files: JAPICMP comparison failed for org.infinispan:infinispan-jcache
[2025-09-13 05:20:57] org.infinispan:infinispan-jcache:15.0.4.Final -> org.infinispan:infinispan-jcache:15.2.0.Final : Failed to compare JAR files: JAPICMP comparison failed for org.infinispan:infinispan-jcache
[2025-09-13 05:20:58] org.infinispan:infinispan-jcache:15.0.4.Final -> org.infinispan:infinispan-jcache:15.2.0.Dev01 : Failed to compare JAR files: JAPICMP comparison failed for org.infinispan:infinispan-jcache
[2025-09-13 05:20:59] org.infinispan:infinispan-jcache:15.0.4.Final -> org.infinispan:infinispan-jcache:15.2.0.Dev02 : Failed to compare JAR files: JAPICMP comparison failed for org.infinispan:infinispan-jcache
[2025-09-13 05:20:59] org.infinispan:infinispan-jcache:15.0.4.Final -> org.infinispan:infinispan-jcache:15.2.0.Dev03 : Failed to compare JAR files: JAPICMP comparison failed for org.infinispan:infinispan-jcache
[2025-09-13 05:21:00] org.infinispan:infinispan-jcache:15.0.4.Final -> org.infinispan:infinispan-jcache:15.2.1.Final : Failed to compare JAR files: JAPICMP comparison failed for org.infinispan:infinispan-jcache
[2025-09-13 05:21:02] org.infinispan:infinispan-jcache:15.0.4.Final -> org.infinispan:infinispan-jcache:15.2.2.Final : Failed to compare JAR files: JAPICMP comparison failed for org.infinispan:infinispan-jcache
[2025-09-13 05:21:03] org.infinispan:infinispan-jcache:15.0.4.Final -> org.infinispan:infinispan-jcache:15.2.3.Final : Failed to compare JAR files: JAPICMP comparison failed for org.infinispan:infinispan-jcache
[2025-09-13 05:21:03] org.infinispan:infinispan-jcache:15.0.4.Final -> org.infinispan:infinispan-jcache:15.2.4.Final : Failed to compare JAR files: JAPICMP comparison failed for org.infinispan:infinispan-jcache
[2025-09-13 05:21:04] org.infinispan:infinispan-jcache:15.0.4.Final -> org.infinispan:infinispan-jcache:15.2.5.Final : Failed to compare JAR files: JAPICMP comparison failed for org.infinispan:infinispan-jcache
[2025-09-13 05:21:05] org.infinispan:infinispan-jcache:15.0.4.Final -> org.infinispan:infinispan-jcache:15.2.6.Final : Failed to compare JAR files: JAPICMP comparison failed for org.infinispan:infinispan-jcache
[2025-09-13 05:21:07] org.ehcache:ehcache:3.8.1 -> org.ehcache:ehcache:3.8.2 : Failed to compare JAR files: JAPICMP comparison failed for org.ehcache:ehcache
[2025-09-13 05:21:08] org.ehcache:ehcache:3.8.1 -> org.ehcache:ehcache:3.8.2.1 : Failed to compare JAR files: JAPICMP comparison failed for org.ehcache:ehcache
[2025-09-13 05:21:09] org.ehcache:ehcache:3.8.1 -> org.ehcache:ehcache:3.9.0 : Failed to compare JAR files: JAPICMP comparison failed for org.ehcache:ehcache
[2025-09-13 05:21:18] org.ehcache:ehcache:3.8.1 -> org.ehcache:ehcache:3.9.1 : Failed to compare JAR files: JAPICMP comparison failed for org.ehcache:ehcache
[2025-09-13 05:21:20] org.ehcache:ehcache:3.8.1 -> org.ehcache:ehcache:3.9.2 : Failed to compare JAR files: JAPICMP comparison failed for org.ehcache:ehcache
[2025-09-13 05:21:22] org.ehcache:ehcache:3.8.1 -> org.ehcache:ehcache:3.9.3 : Failed to compare JAR files: JAPICMP comparison failed for org.ehcache:ehcache
[2025-09-13 05:21:23] org.ehcache:ehcache:3.8.1 -> org.ehcache:ehcache:3.9.4 : Failed to compare JAR files: JAPICMP comparison failed for org.ehcache:ehcache
[2025-09-13 05:21:24] org.ehcache:ehcache:3.8.1 -> org.ehcache:ehcache:3.9.5 : Failed to compare JAR files: JAPICMP comparison failed for org.ehcache:ehcache
[2025-09-13 05:21:26] org.ehcache:ehcache:3.8.1 -> org.ehcache:ehcache:3.9.6 : Failed to compare JAR files: JAPICMP comparison failed for org.ehcache:ehcache
[2025-09-13 05:21:27] org.ehcache:ehcache:3.8.1 -> org.ehcache:ehcache:3.9.7 : Failed to compare JAR files: JAPICMP comparison failed for org.ehcache:ehcache
[2025-09-13 05:21:28] org.ehcache:ehcache:3.8.1 -> org.ehcache:ehcache:3.9.8 : Failed to compare JAR files: JAPICMP comparison failed for org.ehcache:ehcache
[2025-09-13 05:21:30] org.ehcache:ehcache:3.8.1 -> org.ehcache:ehcache:3.9.9 : Failed to compare JAR files: JAPICMP comparison failed for org.ehcache:ehcache
[2025-09-13 05:21:31] org.ehcache:ehcache:3.8.1 -> org.ehcache:ehcache:3.9.10 : Failed to compare JAR files: JAPICMP comparison failed for org.ehcache:ehcache
[2025-09-13 05:21:33] org.ehcache:ehcache:3.8.1 -> org.ehcache:ehcache:3.9.11 : Failed to compare JAR files: JAPICMP comparison failed for org.ehcache:ehcache
[2025-09-13 05:21:38] org.ehcache:ehcache:3.8.1 -> org.ehcache:ehcache:3.10.0 : Failed to compare JAR files: JAPICMP comparison failed for org.ehcache:ehcache
[2025-09-13 05:21:40] org.ehcache:ehcache:3.8.1 -> org.ehcache:ehcache:3.10.1 : Failed to compare JAR files: JAPICMP comparison failed for org.ehcache:ehcache
[2025-09-13 05:21:43] org.ehcache:ehcache:3.8.1 -> org.ehcache:ehcache:3.10.2 : Failed to compare JAR files: JAPICMP comparison failed for org.ehcache:ehcache
[2025-09-13 05:21:45] org.ehcache:ehcache:3.8.1 -> org.ehcache:ehcache:3.10.3 : Failed to compare JAR files: JAPICMP comparison failed for org.ehcache:ehcache
[2025-09-13 05:21:48] org.ehcache:ehcache:3.8.1 -> org.ehcache:ehcache:3.10.4 : Failed to compare JAR files: JAPICMP comparison failed for org.ehcache:ehcache
[2025-09-13 05:21:50] org.ehcache:ehcache:3.8.1 -> org.ehcache:ehcache:3.10.5 : Failed to compare JAR files: JAPICMP comparison failed for org.ehcache:ehcache
[2025-09-13 05:21:53] org.ehcache:ehcache:3.8.1 -> org.ehcache:ehcache:3.10.6 : Failed to compare JAR files: JAPICMP comparison failed for org.ehcache:ehcache
[2025-09-13 05:21:55] org.ehcache:ehcache:3.8.1 -> org.ehcache:ehcache:3.10.7 : Failed to compare JAR files: JAPICMP comparison failed for org.ehcache:ehcache
[2025-09-13 05:21:56] org.ehcache:ehcache:3.8.1 -> org.ehcache:ehcache:3.10.8 : Failed to compare JAR files: JAPICMP comparison failed for org.ehcache:ehcache
[2025-09-13 05:21:58] org.ehcache:ehcache:3.8.1 -> org.ehcache:ehcache:3.10.9 : Failed to compare JAR files: JAPICMP comparison failed for org.ehcache:ehcache
[2025-09-13 05:22:03] org.ehcache:ehcache:3.8.1 -> org.ehcache:ehcache:3.11.0 : Failed to compare JAR files: JAPICMP comparison failed for org.ehcache:ehcache
[2025-09-13 05:22:04] org.ehcache:ehcache:3.8.1 -> org.ehcache:ehcache:3.11.1 : Failed to compare JAR files: JAPICMP comparison failed for org.ehcache:ehcache
[2025-09-13 05:22:05] org.junit.jupiter:junit-jupiter-api:5.10.2 -> org.junit.jupiter:junit-jupiter-api:5.10.3 : Failed to compare JAR files: JAPICMP comparison failed for org.junit.jupiter:junit-jupiter-api
[2025-09-13 05:22:05] org.junit.jupiter:junit-jupiter-api:5.10.2 -> org.junit.jupiter:junit-jupiter-api:5.10.4 : Failed to compare JAR files: JAPICMP comparison failed for org.junit.jupiter:junit-jupiter-api
[2025-09-13 05:22:05] org.junit.jupiter:junit-jupiter-api:5.10.2 -> org.junit.jupiter:junit-jupiter-api:5.10.5 : Failed to compare JAR files: JAPICMP comparison failed for org.junit.jupiter:junit-jupiter-api
[2025-09-13 05:22:05] org.junit.jupiter:junit-jupiter-api:5.10.2 -> org.junit.jupiter:junit-jupiter-api:5.11.0 : Failed to compare JAR files: JAPICMP comparison failed for org.junit.jupiter:junit-jupiter-api
[2025-09-13 05:22:05] org.junit.jupiter:junit-jupiter-api:5.10.2 -> org.junit.jupiter:junit-jupiter-api:5.11.1 : Failed to compare JAR files: JAPICMP comparison failed for org.junit.jupiter:junit-jupiter-api
[2025-09-13 05:22:05] org.junit.jupiter:junit-jupiter-api:5.10.2 -> org.junit.jupiter:junit-jupiter-api:5.11.2 : Failed to compare JAR files: JAPICMP comparison failed for org.junit.jupiter:junit-jupiter-api
[2025-09-13 05:22:06] org.junit.jupiter:junit-jupiter-api:5.10.2 -> org.junit.jupiter:junit-jupiter-api:5.11.3 : Failed to compare JAR files: JAPICMP comparison failed for org.junit.jupiter:junit-jupiter-api
[2025-09-13 05:22:06] org.junit.jupiter:junit-jupiter-api:5.10.2 -> org.junit.jupiter:junit-jupiter-api:5.11.4 : Failed to compare JAR files: JAPICMP comparison failed for org.junit.jupiter:junit-jupiter-api
[2025-09-13 05:22:06] org.junit.jupiter:junit-jupiter-api:5.10.2 -> org.junit.jupiter:junit-jupiter-api:5.12.0 : Failed to compare JAR files: JAPICMP comparison failed for org.junit.jupiter:junit-jupiter-api
[2025-09-13 05:22:06] org.junit.jupiter:junit-jupiter-api:5.10.2 -> org.junit.jupiter:junit-jupiter-api:5.12.1 : Failed to compare JAR files: JAPICMP comparison failed for org.junit.jupiter:junit-jupiter-api
[2025-09-13 05:22:06] org.junit.jupiter:junit-jupiter-api:5.10.2 -> org.junit.jupiter:junit-jupiter-api:5.12.2 : Failed to compare JAR files: JAPICMP comparison failed for org.junit.jupiter:junit-jupiter-api
[2025-09-13 05:22:06] org.junit.jupiter:junit-jupiter-api:5.10.2 -> org.junit.jupiter:junit-jupiter-api:5.13.0 : Failed to compare JAR files: JAPICMP comparison failed for org.junit.jupiter:junit-jupiter-api
[2025-09-13 05:22:06] org.junit.jupiter:junit-jupiter-api:5.10.2 -> org.junit.jupiter:junit-jupiter-api:5.13.1 : Failed to compare JAR files: JAPICMP comparison failed for org.junit.jupiter:junit-jupiter-api
[2025-09-13 05:22:07] org.junit.jupiter:junit-jupiter-api:5.10.2 -> org.junit.jupiter:junit-jupiter-api:5.13.2 : Failed to compare JAR files: JAPICMP comparison failed for org.junit.jupiter:junit-jupiter-api
[2025-09-13 05:22:07] org.junit.jupiter:junit-jupiter-api:5.10.2 -> org.junit.jupiter:junit-jupiter-api:5.13.3 : Failed to compare JAR files: JAPICMP comparison failed for org.junit.jupiter:junit-jupiter-api
[2025-09-13 05:22:07] org.junit.jupiter:junit-jupiter-api:5.10.2 -> org.junit.jupiter:junit-jupiter-api:5.13.4 : Failed to compare JAR files: JAPICMP comparison failed for org.junit.jupiter:junit-jupiter-api
[2025-09-13 05:22:07] org.junit.jupiter:junit-jupiter-params:5.10.2 -> org.junit.jupiter:junit-jupiter-params:5.10.3 : Failed to compare JAR files: JAPICMP comparison failed for org.junit.jupiter:junit-jupiter-params
[2025-09-13 05:22:07] org.junit.jupiter:junit-jupiter-params:5.10.2 -> org.junit.jupiter:junit-jupiter-params:5.10.4 : Failed to compare JAR files: JAPICMP comparison failed for org.junit.jupiter:junit-jupiter-params
[2025-09-13 05:22:07] org.junit.jupiter:junit-jupiter-params:5.10.2 -> org.junit.jupiter:junit-jupiter-params:5.10.5 : Failed to compare JAR files: JAPICMP comparison failed for org.junit.jupiter:junit-jupiter-params
[2025-09-13 05:22:08] org.junit.jupiter:junit-jupiter-params:5.10.2 -> org.junit.jupiter:junit-jupiter-params:5.11.0 : Failed to compare JAR files: JAPICMP comparison failed for org.junit.jupiter:junit-jupiter-params
[2025-09-13 05:22:08] org.junit.jupiter:junit-jupiter-params:5.10.2 -> org.junit.jupiter:junit-jupiter-params:5.11.1 : Failed to compare JAR files: JAPICMP comparison failed for org.junit.jupiter:junit-jupiter-params
[2025-09-13 05:22:08] org.junit.jupiter:junit-jupiter-params:5.10.2 -> org.junit.jupiter:junit-jupiter-params:5.11.2 : Failed to compare JAR files: JAPICMP comparison failed for org.junit.jupiter:junit-jupiter-params
[2025-09-13 05:22:08] org.junit.jupiter:junit-jupiter-params:5.10.2 -> org.junit.jupiter:junit-jupiter-params:5.11.3 : Failed to compare JAR files: JAPICMP comparison failed for org.junit.jupiter:junit-jupiter-params
[2025-09-13 05:22:08] org.junit.jupiter:junit-jupiter-params:5.10.2 -> org.junit.jupiter:junit-jupiter-params:5.11.4 : Failed to compare JAR files: JAPICMP comparison failed for org.junit.jupiter:junit-jupiter-params
[2025-09-13 05:22:09] org.junit.jupiter:junit-jupiter-params:5.10.2 -> org.junit.jupiter:junit-jupiter-params:5.12.0 : Failed to compare JAR files: JAPICMP comparison failed for org.junit.jupiter:junit-jupiter-params
[2025-09-13 05:22:09] org.junit.jupiter:junit-jupiter-params:5.10.2 -> org.junit.jupiter:junit-jupiter-params:5.12.1 : Failed to compare JAR files: JAPICMP comparison failed for org.junit.jupiter:junit-jupiter-params
[2025-09-13 05:22:09] org.junit.jupiter:junit-jupiter-params:5.10.2 -> org.junit.jupiter:junit-jupiter-params:5.12.2 : Failed to compare JAR files: JAPICMP comparison failed for org.junit.jupiter:junit-jupiter-params
[2025-09-13 05:22:09] org.junit.jupiter:junit-jupiter-params:5.10.2 -> org.junit.jupiter:junit-jupiter-params:5.13.0 : Failed to compare JAR files: JAPICMP comparison failed for org.junit.jupiter:junit-jupiter-params
[2025-09-13 05:22:09] org.junit.jupiter:junit-jupiter-params:5.10.2 -> org.junit.jupiter:junit-jupiter-params:5.13.1 : Failed to compare JAR files: JAPICMP comparison failed for org.junit.jupiter:junit-jupiter-params
[2025-09-13 05:22:10] org.junit.jupiter:junit-jupiter-params:5.10.2 -> org.junit.jupiter:junit-jupiter-params:5.13.2 : Failed to compare JAR files: JAPICMP comparison failed for org.junit.jupiter:junit-jupiter-params
[2025-09-13 05:22:10] org.junit.jupiter:junit-jupiter-params:5.10.2 -> org.junit.jupiter:junit-jupiter-params:5.13.3 : Failed to compare JAR files: JAPICMP comparison failed for org.junit.jupiter:junit-jupiter-params
[2025-09-13 05:22:10] org.junit.jupiter:junit-jupiter-params:5.10.2 -> org.junit.jupiter:junit-jupiter-params:5.13.4 : Failed to compare JAR files: JAPICMP comparison failed for org.junit.jupiter:junit-jupiter-params
[2025-09-13 05:22:24] org.codehaus.groovy:groovy:3.0.21 -> org.codehaus.groovy:groovy:3.0.22 : Failed to compare JAR files: JAPICMP comparison failed for org.codehaus.groovy:groovy
[2025-09-13 05:22:25] org.codehaus.groovy:groovy:3.0.21 -> org.codehaus.groovy:groovy:3.0.23 : Failed to compare JAR files: JAPICMP comparison failed for org.codehaus.groovy:groovy
[2025-09-13 05:22:26] org.codehaus.groovy:groovy:3.0.21 -> org.codehaus.groovy:groovy:3.0.24 : Failed to compare JAR files: JAPICMP comparison failed for org.codehaus.groovy:groovy
[2025-09-13 05:22:27] org.codehaus.groovy:groovy:3.0.21 -> org.codehaus.groovy:groovy:3.0.25 : Failed to compare JAR files: JAPICMP comparison failed for org.codehaus.groovy:groovy
[2025-09-13 05:22:45] ch.qos.logback:logback-classic:1.3.12 -> ch.qos.logback:logback-classic:1.3.13 : Failed to compare JAR files: JAPICMP comparison failed for ch.qos.logback:logback-classic
[2025-09-13 05:22:45] ch.qos.logback:logback-classic:1.3.12 -> ch.qos.logback:logback-classic:1.3.14 : Failed to compare JAR files: JAPICMP comparison failed for ch.qos.logback:logback-classic
[2025-09-13 05:22:46] ch.qos.logback:logback-classic:1.3.12 -> ch.qos.logback:logback-classic:1.3.15 : Failed to compare JAR files: JAPICMP comparison failed for ch.qos.logback:logback-classic
[2025-09-13 05:22:46] ch.qos.logback:logback-classic:1.3.12 -> ch.qos.logback:logback-classic:1.4.0 : Failed to compare JAR files: JAPICMP comparison failed for ch.qos.logback:logback-classic
[2025-09-13 05:22:46] ch.qos.logback:logback-classic:1.3.12 -> ch.qos.logback:logback-classic:1.4.1 : Failed to compare JAR files: JAPICMP comparison failed for ch.qos.logback:logback-classic
[2025-09-13 05:22:47] ch.qos.logback:logback-classic:1.3.12 -> ch.qos.logback:logback-classic:1.4.2 : Failed to compare JAR files: JAPICMP comparison failed for ch.qos.logback:logback-classic
[2025-09-13 05:22:47] ch.qos.logback:logback-classic:1.3.12 -> ch.qos.logback:logback-classic:1.4.3 : Failed to compare JAR files: JAPICMP comparison failed for ch.qos.logback:logback-classic
[2025-09-13 05:22:47] ch.qos.logback:logback-classic:1.3.12 -> ch.qos.logback:logback-classic:1.4.4 : Failed to compare JAR files: JAPICMP comparison failed for ch.qos.logback:logback-classic
[2025-09-13 05:22:47] ch.qos.logback:logback-classic:1.3.12 -> ch.qos.logback:logback-classic:1.4.5 : Failed to compare JAR files: JAPICMP comparison failed for ch.qos.logback:logback-classic
[2025-09-13 05:22:48] ch.qos.logback:logback-classic:1.3.12 -> ch.qos.logback:logback-classic:1.4.6 : Failed to compare JAR files: JAPICMP comparison failed for ch.qos.logback:logback-classic
[2025-09-13 05:22:48] ch.qos.logback:logback-classic:1.3.12 -> ch.qos.logback:logback-classic:1.4.7 : Failed to compare JAR files: JAPICMP comparison failed for ch.qos.logback:logback-classic
[2025-09-13 05:22:48] ch.qos.logback:logback-classic:1.3.12 -> ch.qos.logback:logback-classic:1.4.8 : Failed to compare JAR files: JAPICMP comparison failed for ch.qos.logback:logback-classic
[2025-09-13 05:22:48] ch.qos.logback:logback-classic:1.3.12 -> ch.qos.logback:logback-classic:1.4.9 : Failed to compare JAR files: JAPICMP comparison failed for ch.qos.logback:logback-classic
[2025-09-13 05:22:49] ch.qos.logback:logback-classic:1.3.12 -> ch.qos.logback:logback-classic:1.4.10 : Failed to compare JAR files: JAPICMP comparison failed for ch.qos.logback:logback-classic
[2025-09-13 05:22:49] ch.qos.logback:logback-classic:1.3.12 -> ch.qos.logback:logback-classic:1.4.11 : Failed to compare JAR files: JAPICMP comparison failed for ch.qos.logback:logback-classic
[2025-09-13 05:22:49] ch.qos.logback:logback-classic:1.3.12 -> ch.qos.logback:logback-classic:1.4.12 : Failed to compare JAR files: JAPICMP comparison failed for ch.qos.logback:logback-classic
[2025-09-13 05:22:49] ch.qos.logback:logback-classic:1.3.12 -> ch.qos.logback:logback-classic:1.4.13 : Failed to compare JAR files: JAPICMP comparison failed for ch.qos.logback:logback-classic
[2025-09-13 05:22:50] ch.qos.logback:logback-classic:1.3.12 -> ch.qos.logback:logback-classic:1.4.14 : Failed to compare JAR files: JAPICMP comparison failed for ch.qos.logback:logback-classic
[2025-09-13 05:22:50] ch.qos.logback:logback-classic:1.3.12 -> ch.qos.logback:logback-classic:1.5.0 : Failed to compare JAR files: JAPICMP comparison failed for ch.qos.logback:logback-classic
[2025-09-13 05:22:50] ch.qos.logback:logback-classic:1.3.12 -> ch.qos.logback:logback-classic:1.5.1 : Failed to compare JAR files: JAPICMP comparison failed for ch.qos.logback:logback-classic
[2025-09-13 05:22:50] ch.qos.logback:logback-classic:1.3.12 -> ch.qos.logback:logback-classic:1.5.2 : Failed to compare JAR files: JAPICMP comparison failed for ch.qos.logback:logback-classic
[2025-09-13 05:22:51] ch.qos.logback:logback-classic:1.3.12 -> ch.qos.logback:logback-classic:1.5.3 : Failed to compare JAR files: JAPICMP comparison failed for ch.qos.logback:logback-classic
[2025-09-13 05:22:51] ch.qos.logback:logback-classic:1.3.12 -> ch.qos.logback:logback-classic:1.5.4 : Failed to compare JAR files: JAPICMP comparison failed for ch.qos.logback:logback-classic
[2025-09-13 05:22:51] ch.qos.logback:logback-classic:1.3.12 -> ch.qos.logback:logback-classic:1.5.5 : Failed to compare JAR files: JAPICMP comparison failed for ch.qos.logback:logback-classic
[2025-09-13 05:22:51] ch.qos.logback:logback-classic:1.3.12 -> ch.qos.logback:logback-classic:1.5.6 : Failed to compare JAR files: JAPICMP comparison failed for ch.qos.logback:logback-classic
[2025-09-13 05:22:52] ch.qos.logback:logback-classic:1.3.12 -> ch.qos.logback:logback-classic:1.5.7 : Failed to compare JAR files: JAPICMP comparison failed for ch.qos.logback:logback-classic
[2025-09-13 05:22:52] ch.qos.logback:logback-classic:1.3.12 -> ch.qos.logback:logback-classic:1.5.8 : Failed to compare JAR files: JAPICMP comparison failed for ch.qos.logback:logback-classic
[2025-09-13 05:22:52] ch.qos.logback:logback-classic:1.3.12 -> ch.qos.logback:logback-classic:1.5.9 : Failed to compare JAR files: JAPICMP comparison failed for ch.qos.logback:logback-classic
[2025-09-13 05:22:52] ch.qos.logback:logback-classic:1.3.12 -> ch.qos.logback:logback-classic:1.5.10 : Failed to compare JAR files: JAPICMP comparison failed for ch.qos.logback:logback-classic
[2025-09-13 05:22:53] ch.qos.logback:logback-classic:1.3.12 -> ch.qos.logback:logback-classic:1.5.11 : Failed to compare JAR files: JAPICMP comparison failed for ch.qos.logback:logback-classic
[2025-09-13 05:22:53] ch.qos.logback:logback-classic:1.3.12 -> ch.qos.logback:logback-classic:1.5.12 : Failed to compare JAR files: JAPICMP comparison failed for ch.qos.logback:logback-classic
[2025-09-13 05:22:53] ch.qos.logback:logback-classic:1.3.12 -> ch.qos.logback:logback-classic:1.5.13 : Failed to compare JAR files: JAPICMP comparison failed for ch.qos.logback:logback-classic
[2025-09-13 05:22:53] ch.qos.logback:logback-classic:1.3.12 -> ch.qos.logback:logback-classic:1.5.14 : Failed to compare JAR files: JAPICMP comparison failed for ch.qos.logback:logback-classic
[2025-09-13 05:22:54] ch.qos.logback:logback-classic:1.3.12 -> ch.qos.logback:logback-classic:1.5.15 : Failed to compare JAR files: JAPICMP comparison failed for ch.qos.logback:logback-classic
[2025-09-13 05:22:54] ch.qos.logback:logback-classic:1.3.12 -> ch.qos.logback:logback-classic:1.5.16 : Failed to compare JAR files: JAPICMP comparison failed for ch.qos.logback:logback-classic
[2025-09-13 05:22:54] ch.qos.logback:logback-classic:1.3.12 -> ch.qos.logback:logback-classic:1.5.17 : Failed to compare JAR files: JAPICMP comparison failed for ch.qos.logback:logback-classic
[2025-09-13 05:22:54] ch.qos.logback:logback-classic:1.3.12 -> ch.qos.logback:logback-classic:1.5.18 : Failed to compare JAR files: JAPICMP comparison failed for ch.qos.logback:logback-classic

=== Summary ===
Total comparisons: 365
Failures: 185
Success rate: 49.32%
