=== Comparison Failure Log ===
[2025-09-08 14:51:32] org.springframework.integration:spring-integration-core:5.5.7 -> org.springframework.integration:spring-integration-core:5.5.8 : Failed to compare JAR files: JAPICMP comparison failed for org.springframework.integration:spring-integration-core
[2025-09-08 14:51:36] org.springframework.integration:spring-integration-core:5.5.7 -> org.springframework.integration:spring-integration-core:5.5.9 : Failed to compare JAR files: JAPICMP comparison failed for org.springframework.integration:spring-integration-core
[2025-09-08 14:51:42] org.springframework.integration:spring-integration-core:5.5.7 -> org.springframework.integration:spring-integration-core:5.5.10 : Failed to compare JAR files: JAPICMP comparison failed for org.springframework.integration:spring-integration-core
[2025-09-08 14:51:46] org.springframework.integration:spring-integration-core:5.5.7 -> org.springframework.integration:spring-integration-core:5.5.11 : Failed to compare JAR files: JAPICMP comparison failed for org.springframework.integration:spring-integration-core
[2025-09-08 14:51:51] org.springframework.integration:spring-integration-core:5.5.7 -> org.springframework.integration:spring-integration-core:5.5.12 : Failed to compare JAR files: JAPICMP comparison failed for org.springframework.integration:spring-integration-core
[2025-09-08 14:51:58] org.springframework.integration:spring-integration-core:5.5.7 -> org.springframework.integration:spring-integration-core:5.5.13 : Failed to compare JAR files: JAPICMP comparison failed for org.springframework.integration:spring-integration-core
[2025-09-08 14:52:03] org.springframework.integration:spring-integration-core:5.5.7 -> org.springframework.integration:spring-integration-core:5.5.14 : Failed to compare JAR files: JAPICMP comparison failed for org.springframework.integration:spring-integration-core
[2025-09-08 14:52:06] org.springframework.integration:spring-integration-core:5.5.7 -> org.springframework.integration:spring-integration-core:5.5.15 : Failed to compare JAR files: JAPICMP comparison failed for org.springframework.integration:spring-integration-core
[2025-09-08 14:52:11] org.springframework.integration:spring-integration-core:5.5.7 -> org.springframework.integration:spring-integration-core:5.5.16 : Failed to compare JAR files: JAPICMP comparison failed for org.springframework.integration:spring-integration-core
[2025-09-08 14:52:14] org.springframework.integration:spring-integration-core:5.5.7 -> org.springframework.integration:spring-integration-core:5.5.17 : Failed to compare JAR files: JAPICMP comparison failed for org.springframework.integration:spring-integration-core
[2025-09-08 14:52:18] org.springframework.integration:spring-integration-core:5.5.7 -> org.springframework.integration:spring-integration-core:5.5.18 : Failed to compare JAR files: JAPICMP comparison failed for org.springframework.integration:spring-integration-core
[2025-09-08 14:52:22] org.springframework.integration:spring-integration-core:5.5.7 -> org.springframework.integration:spring-integration-core:5.5.19 : Failed to compare JAR files: JAPICMP comparison failed for org.springframework.integration:spring-integration-core
[2025-09-08 14:52:24] org.springframework.integration:spring-integration-core:5.5.7 -> org.springframework.integration:spring-integration-core:5.5.20 : Failed to compare JAR files: JAPICMP comparison failed for org.springframework.integration:spring-integration-core
[2025-09-08 14:52:27] org.springframework.integration:spring-integration-file:5.5.7 -> org.springframework.integration:spring-integration-file:5.5.8 : Failed to compare JAR files: JAPICMP comparison failed for org.springframework.integration:spring-integration-file
[2025-09-08 14:52:28] org.springframework.integration:spring-integration-file:5.5.7 -> org.springframework.integration:spring-integration-file:5.5.9 : Failed to compare JAR files: JAPICMP comparison failed for org.springframework.integration:spring-integration-file
[2025-09-08 14:52:29] org.springframework.integration:spring-integration-file:5.5.7 -> org.springframework.integration:spring-integration-file:5.5.10 : Failed to compare JAR files: JAPICMP comparison failed for org.springframework.integration:spring-integration-file
[2025-09-08 14:52:30] org.springframework.integration:spring-integration-file:5.5.7 -> org.springframework.integration:spring-integration-file:5.5.11 : Failed to compare JAR files: JAPICMP comparison failed for org.springframework.integration:spring-integration-file
[2025-09-08 14:52:31] org.springframework.integration:spring-integration-file:5.5.7 -> org.springframework.integration:spring-integration-file:5.5.12 : Failed to compare JAR files: JAPICMP comparison failed for org.springframework.integration:spring-integration-file
[2025-09-08 14:52:32] org.springframework.integration:spring-integration-file:5.5.7 -> org.springframework.integration:spring-integration-file:5.5.13 : Failed to compare JAR files: JAPICMP comparison failed for org.springframework.integration:spring-integration-file
[2025-09-08 14:52:33] org.springframework.integration:spring-integration-file:5.5.7 -> org.springframework.integration:spring-integration-file:5.5.14 : Failed to compare JAR files: JAPICMP comparison failed for org.springframework.integration:spring-integration-file
[2025-09-08 14:52:34] org.springframework.integration:spring-integration-file:5.5.7 -> org.springframework.integration:spring-integration-file:5.5.15 : Failed to compare JAR files: JAPICMP comparison failed for org.springframework.integration:spring-integration-file
[2025-09-08 14:52:35] org.springframework.integration:spring-integration-file:5.5.7 -> org.springframework.integration:spring-integration-file:5.5.16 : Failed to compare JAR files: JAPICMP comparison failed for org.springframework.integration:spring-integration-file
[2025-09-08 14:52:36] org.springframework.integration:spring-integration-file:5.5.7 -> org.springframework.integration:spring-integration-file:5.5.17 : Failed to compare JAR files: JAPICMP comparison failed for org.springframework.integration:spring-integration-file
[2025-09-08 14:52:37] org.springframework.integration:spring-integration-file:5.5.7 -> org.springframework.integration:spring-integration-file:5.5.18 : Failed to compare JAR files: JAPICMP comparison failed for org.springframework.integration:spring-integration-file
[2025-09-08 14:52:38] org.springframework.integration:spring-integration-file:5.5.7 -> org.springframework.integration:spring-integration-file:5.5.19 : Failed to compare JAR files: JAPICMP comparison failed for org.springframework.integration:spring-integration-file
[2025-09-08 14:52:39] org.springframework.integration:spring-integration-file:5.5.7 -> org.springframework.integration:spring-integration-file:5.5.20 : Failed to compare JAR files: JAPICMP comparison failed for org.springframework.integration:spring-integration-file
[2025-09-08 14:53:21] ch.qos.logback:logback-classic:1.3.0 -> ch.qos.logback:logback-classic:1.3.1 : Failed to compare JAR files: JAPICMP comparison failed for ch.qos.logback:logback-classic
[2025-09-08 14:53:21] ch.qos.logback:logback-classic:1.3.0 -> ch.qos.logback:logback-classic:1.3.2 : Failed to compare JAR files: JAPICMP comparison failed for ch.qos.logback:logback-classic
[2025-09-08 14:53:21] ch.qos.logback:logback-classic:1.3.0 -> ch.qos.logback:logback-classic:1.3.3 : Failed to compare JAR files: JAPICMP comparison failed for ch.qos.logback:logback-classic
[2025-09-08 14:53:21] ch.qos.logback:logback-classic:1.3.0 -> ch.qos.logback:logback-classic:1.3.4 : Failed to compare JAR files: JAPICMP comparison failed for ch.qos.logback:logback-classic
[2025-09-08 14:53:21] ch.qos.logback:logback-classic:1.3.0 -> ch.qos.logback:logback-classic:1.3.5 : Failed to compare JAR files: JAPICMP comparison failed for ch.qos.logback:logback-classic
[2025-09-08 14:53:21] ch.qos.logback:logback-classic:1.3.0 -> ch.qos.logback:logback-classic:1.3.6 : Failed to compare JAR files: JAPICMP comparison failed for ch.qos.logback:logback-classic
[2025-09-08 14:53:21] ch.qos.logback:logback-classic:1.3.0 -> ch.qos.logback:logback-classic:1.3.7 : Failed to compare JAR files: JAPICMP comparison failed for ch.qos.logback:logback-classic
[2025-09-08 14:53:21] ch.qos.logback:logback-classic:1.3.0 -> ch.qos.logback:logback-classic:1.3.8 : Failed to compare JAR files: JAPICMP comparison failed for ch.qos.logback:logback-classic
[2025-09-08 14:53:21] ch.qos.logback:logback-classic:1.3.0 -> ch.qos.logback:logback-classic:1.3.9 : Failed to compare JAR files: JAPICMP comparison failed for ch.qos.logback:logback-classic
[2025-09-08 14:53:21] ch.qos.logback:logback-classic:1.3.0 -> ch.qos.logback:logback-classic:1.3.10 : Failed to compare JAR files: JAPICMP comparison failed for ch.qos.logback:logback-classic
[2025-09-08 14:53:21] ch.qos.logback:logback-classic:1.3.0 -> ch.qos.logback:logback-classic:1.3.11 : Failed to compare JAR files: JAPICMP comparison failed for ch.qos.logback:logback-classic
[2025-09-08 14:53:21] ch.qos.logback:logback-classic:1.3.0 -> ch.qos.logback:logback-classic:1.3.12 : Failed to compare JAR files: JAPICMP comparison failed for ch.qos.logback:logback-classic
[2025-09-08 14:53:21] ch.qos.logback:logback-classic:1.3.0 -> ch.qos.logback:logback-classic:1.3.13 : Failed to compare JAR files: JAPICMP comparison failed for ch.qos.logback:logback-classic
[2025-09-08 14:53:21] ch.qos.logback:logback-classic:1.3.0 -> ch.qos.logback:logback-classic:1.3.14 : Failed to compare JAR files: JAPICMP comparison failed for ch.qos.logback:logback-classic
[2025-09-08 14:53:21] ch.qos.logback:logback-classic:1.3.0 -> ch.qos.logback:logback-classic:1.3.15 : Failed to compare JAR files: JAPICMP comparison failed for ch.qos.logback:logback-classic
[2025-09-08 14:53:22] ch.qos.logback:logback-classic:1.3.0 -> ch.qos.logback:logback-classic:1.4.0 : Failed to compare JAR files: JAPICMP comparison failed for ch.qos.logback:logback-classic
[2025-09-08 14:53:22] ch.qos.logback:logback-classic:1.3.0 -> ch.qos.logback:logback-classic:1.4.1 : Failed to compare JAR files: JAPICMP comparison failed for ch.qos.logback:logback-classic
[2025-09-08 14:53:22] ch.qos.logback:logback-classic:1.3.0 -> ch.qos.logback:logback-classic:1.4.2 : Failed to compare JAR files: JAPICMP comparison failed for ch.qos.logback:logback-classic
[2025-09-08 14:53:22] ch.qos.logback:logback-classic:1.3.0 -> ch.qos.logback:logback-classic:1.4.3 : Failed to compare JAR files: JAPICMP comparison failed for ch.qos.logback:logback-classic
[2025-09-08 14:53:22] ch.qos.logback:logback-classic:1.3.0 -> ch.qos.logback:logback-classic:1.4.4 : Failed to compare JAR files: JAPICMP comparison failed for ch.qos.logback:logback-classic
[2025-09-08 14:53:22] ch.qos.logback:logback-classic:1.3.0 -> ch.qos.logback:logback-classic:1.4.5 : Failed to compare JAR files: JAPICMP comparison failed for ch.qos.logback:logback-classic
[2025-09-08 14:53:22] ch.qos.logback:logback-classic:1.3.0 -> ch.qos.logback:logback-classic:1.4.6 : Failed to compare JAR files: JAPICMP comparison failed for ch.qos.logback:logback-classic
[2025-09-08 14:53:22] ch.qos.logback:logback-classic:1.3.0 -> ch.qos.logback:logback-classic:1.4.7 : Failed to compare JAR files: JAPICMP comparison failed for ch.qos.logback:logback-classic
[2025-09-08 14:53:22] ch.qos.logback:logback-classic:1.3.0 -> ch.qos.logback:logback-classic:1.4.8 : Failed to compare JAR files: JAPICMP comparison failed for ch.qos.logback:logback-classic
[2025-09-08 14:53:22] ch.qos.logback:logback-classic:1.3.0 -> ch.qos.logback:logback-classic:1.4.9 : Failed to compare JAR files: JAPICMP comparison failed for ch.qos.logback:logback-classic
[2025-09-08 14:53:22] ch.qos.logback:logback-classic:1.3.0 -> ch.qos.logback:logback-classic:1.4.10 : Failed to compare JAR files: JAPICMP comparison failed for ch.qos.logback:logback-classic
[2025-09-08 14:53:22] ch.qos.logback:logback-classic:1.3.0 -> ch.qos.logback:logback-classic:1.4.11 : Failed to compare JAR files: JAPICMP comparison failed for ch.qos.logback:logback-classic
[2025-09-08 14:53:22] ch.qos.logback:logback-classic:1.3.0 -> ch.qos.logback:logback-classic:1.4.12 : Failed to compare JAR files: JAPICMP comparison failed for ch.qos.logback:logback-classic
[2025-09-08 14:53:22] ch.qos.logback:logback-classic:1.3.0 -> ch.qos.logback:logback-classic:1.4.13 : Failed to compare JAR files: JAPICMP comparison failed for ch.qos.logback:logback-classic
[2025-09-08 14:53:22] ch.qos.logback:logback-classic:1.3.0 -> ch.qos.logback:logback-classic:1.4.14 : Failed to compare JAR files: JAPICMP comparison failed for ch.qos.logback:logback-classic
[2025-09-08 14:53:22] ch.qos.logback:logback-classic:1.3.0 -> ch.qos.logback:logback-classic:1.5.0 : Failed to compare JAR files: JAPICMP comparison failed for ch.qos.logback:logback-classic
[2025-09-08 14:53:22] ch.qos.logback:logback-classic:1.3.0 -> ch.qos.logback:logback-classic:1.5.1 : Failed to compare JAR files: JAPICMP comparison failed for ch.qos.logback:logback-classic
[2025-09-08 14:53:22] ch.qos.logback:logback-classic:1.3.0 -> ch.qos.logback:logback-classic:1.5.2 : Failed to compare JAR files: JAPICMP comparison failed for ch.qos.logback:logback-classic
[2025-09-08 14:53:22] ch.qos.logback:logback-classic:1.3.0 -> ch.qos.logback:logback-classic:1.5.3 : Failed to compare JAR files: JAPICMP comparison failed for ch.qos.logback:logback-classic
[2025-09-08 14:53:23] ch.qos.logback:logback-classic:1.3.0 -> ch.qos.logback:logback-classic:1.5.4 : Failed to compare JAR files: JAPICMP comparison failed for ch.qos.logback:logback-classic
[2025-09-08 14:53:23] ch.qos.logback:logback-classic:1.3.0 -> ch.qos.logback:logback-classic:1.5.5 : Failed to compare JAR files: JAPICMP comparison failed for ch.qos.logback:logback-classic
[2025-09-08 14:53:23] ch.qos.logback:logback-classic:1.3.0 -> ch.qos.logback:logback-classic:1.5.6 : Failed to compare JAR files: JAPICMP comparison failed for ch.qos.logback:logback-classic
[2025-09-08 14:53:23] ch.qos.logback:logback-classic:1.3.0 -> ch.qos.logback:logback-classic:1.5.7 : Failed to compare JAR files: JAPICMP comparison failed for ch.qos.logback:logback-classic
[2025-09-08 14:53:23] ch.qos.logback:logback-classic:1.3.0 -> ch.qos.logback:logback-classic:1.5.8 : Failed to compare JAR files: JAPICMP comparison failed for ch.qos.logback:logback-classic
[2025-09-08 14:53:23] ch.qos.logback:logback-classic:1.3.0 -> ch.qos.logback:logback-classic:1.5.9 : Failed to compare JAR files: JAPICMP comparison failed for ch.qos.logback:logback-classic
[2025-09-08 14:53:23] ch.qos.logback:logback-classic:1.3.0 -> ch.qos.logback:logback-classic:1.5.10 : Failed to compare JAR files: JAPICMP comparison failed for ch.qos.logback:logback-classic
[2025-09-08 14:53:23] ch.qos.logback:logback-classic:1.3.0 -> ch.qos.logback:logback-classic:1.5.11 : Failed to compare JAR files: JAPICMP comparison failed for ch.qos.logback:logback-classic
[2025-09-08 14:53:23] ch.qos.logback:logback-classic:1.3.0 -> ch.qos.logback:logback-classic:1.5.12 : Failed to compare JAR files: JAPICMP comparison failed for ch.qos.logback:logback-classic
[2025-09-08 14:53:23] ch.qos.logback:logback-classic:1.3.0 -> ch.qos.logback:logback-classic:1.5.13 : Failed to compare JAR files: JAPICMP comparison failed for ch.qos.logback:logback-classic
[2025-09-08 14:53:23] ch.qos.logback:logback-classic:1.3.0 -> ch.qos.logback:logback-classic:1.5.14 : Failed to compare JAR files: JAPICMP comparison failed for ch.qos.logback:logback-classic
[2025-09-08 14:53:23] ch.qos.logback:logback-classic:1.3.0 -> ch.qos.logback:logback-classic:1.5.15 : Failed to compare JAR files: JAPICMP comparison failed for ch.qos.logback:logback-classic
[2025-09-08 14:53:23] ch.qos.logback:logback-classic:1.3.0 -> ch.qos.logback:logback-classic:1.5.16 : Failed to compare JAR files: JAPICMP comparison failed for ch.qos.logback:logback-classic
[2025-09-08 14:53:23] ch.qos.logback:logback-classic:1.3.0 -> ch.qos.logback:logback-classic:1.5.17 : Failed to compare JAR files: JAPICMP comparison failed for ch.qos.logback:logback-classic
[2025-09-08 14:53:23] ch.qos.logback:logback-classic:1.3.0 -> ch.qos.logback:logback-classic:1.5.18 : Failed to compare JAR files: JAPICMP comparison failed for ch.qos.logback:logback-classic

=== Summary ===
Total comparisons: 314
Failures: 75
Success rate: 76.11%
