=== Comparison Failure Log ===

=== Summary ===
Total comparisons: 72
Failures: 0
Success rate: 100.00%
=== Comparison Failure Log ===
[2025-09-23 04:51:57] ch.qos.logback:logback-classic:1.2.13 -> ch.qos.logback:logback-classic:1.5.18 : Failed to compare JAR files: JAPICMP comparison failed for ch.qos.logback:logback-classic

=== Summary ===
Total comparisons: 31
Failures: 1
Success rate: 96.77%
=== Comparison Failure Log ===
[2025-09-23 04:52:08] ch.qos.logback:logback-classic:1.2.13 -> ch.qos.logback:logback-classic:1.5.18 : Failed to compare JAR files: JAPICMP comparison failed for ch.qos.logback:logback-classic
[2025-09-23 04:52:09] com.h2database:h2:2.2.220 -> com.h2database:h2:2.3.232 : Failed to compare JAR files: JAPICMP comparison failed for com.h2database:h2

=== Summary ===
Total comparisons: 10
Failures: 2
Success rate: 80.00%
=== Comparison Failure Log ===
[2025-09-23 04:52:15] ch.qos.logback:logback-classic:1.2.13 -> ch.qos.logback:logback-classic:1.5.18 : Failed to compare JAR files: JAPICMP comparison failed for ch.qos.logback:logback-classic

=== Summary ===
Total comparisons: 32
Failures: 1
Success rate: 96.88%
=== Comparison Failure Log ===
[2025-09-23 04:53:36] ch.qos.logback:logback-classic:1.2.13 -> ch.qos.logback:logback-classic:1.5.18 : Failed to compare JAR files: JAPICMP comparison failed for ch.qos.logback:logback-classic

=== Summary ===
Total comparisons: 18
Failures: 1
Success rate: 94.44%
