=== Comparison Failure Log ===
[2025-09-08 15:31:47] com.microsoft.sqlserver:mssql-jdbc:9.2.1.jre8 -> com.microsoft.sqlserver:mssql-jdbc:9.2.1.jre11 : Failed to compare JAR files: JAPICMP comparison failed for com.microsoft.sqlserver:mssql-jdbc
[2025-09-08 15:31:49] com.microsoft.sqlserver:mssql-jdbc:9.2.1.jre8 -> com.microsoft.sqlserver:mssql-jdbc:9.2.1.jre15 : Failed to compare JAR files: JAPICMP comparison failed for com.microsoft.sqlserver:mssql-jdbc
[2025-09-08 15:32:13] com.microsoft.sqlserver:mssql-jdbc:9.2.1.jre8 -> com.microsoft.sqlserver:mssql-jdbc:9.4.0.jre8 : Failed to compare JAR files: JAPICMP comparison failed for com.microsoft.sqlserver:mssql-jdbc
[2025-09-08 15:32:16] com.microsoft.sqlserver:mssql-jdbc:9.2.1.jre8 -> com.microsoft.sqlserver:mssql-jdbc:9.4.0.jre11 : Failed to compare JAR files: JAPICMP comparison failed for com.microsoft.sqlserver:mssql-jdbc
[2025-09-08 15:32:18] com.microsoft.sqlserver:mssql-jdbc:9.2.1.jre8 -> com.microsoft.sqlserver:mssql-jdbc:9.4.0.jre16 : Failed to compare JAR files: JAPICMP comparison failed for com.microsoft.sqlserver:mssql-jdbc
[2025-09-08 15:32:20] com.microsoft.sqlserver:mssql-jdbc:9.2.1.jre8 -> com.microsoft.sqlserver:mssql-jdbc:9.4.1.jre8 : Failed to compare JAR files: JAPICMP comparison failed for com.microsoft.sqlserver:mssql-jdbc
[2025-09-08 15:32:22] com.microsoft.sqlserver:mssql-jdbc:9.2.1.jre8 -> com.microsoft.sqlserver:mssql-jdbc:9.4.1.jre11 : Failed to compare JAR files: JAPICMP comparison failed for com.microsoft.sqlserver:mssql-jdbc
[2025-09-08 15:32:24] com.microsoft.sqlserver:mssql-jdbc:9.2.1.jre8 -> com.microsoft.sqlserver:mssql-jdbc:9.4.1.jre16 : Failed to compare JAR files: JAPICMP comparison failed for com.microsoft.sqlserver:mssql-jdbc
[2025-09-08 15:32:24] org.projectlombok:lombok:1.18.24 -> org.projectlombok:lombok:1.18.26 : Failed to compare JAR files: JAPICMP comparison failed for org.projectlombok:lombok
[2025-09-08 15:32:24] org.projectlombok:lombok:1.18.24 -> org.projectlombok:lombok:1.18.28 : Failed to compare JAR files: JAPICMP comparison failed for org.projectlombok:lombok
[2025-09-08 15:32:24] org.projectlombok:lombok:1.18.24 -> org.projectlombok:lombok:1.18.30 : Failed to compare JAR files: JAPICMP comparison failed for org.projectlombok:lombok
[2025-09-08 15:32:24] org.projectlombok:lombok:1.18.24 -> org.projectlombok:lombok:1.18.32 : Failed to compare JAR files: JAPICMP comparison failed for org.projectlombok:lombok
[2025-09-08 15:32:24] org.projectlombok:lombok:1.18.24 -> org.projectlombok:lombok:1.18.34 : Failed to compare JAR files: JAPICMP comparison failed for org.projectlombok:lombok
[2025-09-08 15:32:24] org.projectlombok:lombok:1.18.24 -> org.projectlombok:lombok:1.18.36 : Failed to compare JAR files: JAPICMP comparison failed for org.projectlombok:lombok
[2025-09-08 15:32:24] org.projectlombok:lombok:1.18.24 -> org.projectlombok:lombok:1.18.38 : Failed to compare JAR files: JAPICMP comparison failed for org.projectlombok:lombok
[2025-09-08 15:32:24] org.projectlombok:lombok:1.18.24 -> org.projectlombok:lombok:1.18.40 : Failed to compare JAR files: JAPICMP comparison failed for org.projectlombok:lombok
[2025-09-08 15:32:27] ch.qos.logback:logback-classic:1.3.0 -> ch.qos.logback:logback-classic:1.3.1 : Failed to compare JAR files: JAPICMP comparison failed for ch.qos.logback:logback-classic
[2025-09-08 15:32:27] ch.qos.logback:logback-classic:1.3.0 -> ch.qos.logback:logback-classic:1.3.2 : Failed to compare JAR files: JAPICMP comparison failed for ch.qos.logback:logback-classic
[2025-09-08 15:32:27] ch.qos.logback:logback-classic:1.3.0 -> ch.qos.logback:logback-classic:1.3.3 : Failed to compare JAR files: JAPICMP comparison failed for ch.qos.logback:logback-classic
[2025-09-08 15:32:27] ch.qos.logback:logback-classic:1.3.0 -> ch.qos.logback:logback-classic:1.3.4 : Failed to compare JAR files: JAPICMP comparison failed for ch.qos.logback:logback-classic
[2025-09-08 15:32:27] ch.qos.logback:logback-classic:1.3.0 -> ch.qos.logback:logback-classic:1.3.5 : Failed to compare JAR files: JAPICMP comparison failed for ch.qos.logback:logback-classic
[2025-09-08 15:32:27] ch.qos.logback:logback-classic:1.3.0 -> ch.qos.logback:logback-classic:1.3.6 : Failed to compare JAR files: JAPICMP comparison failed for ch.qos.logback:logback-classic
[2025-09-08 15:32:27] ch.qos.logback:logback-classic:1.3.0 -> ch.qos.logback:logback-classic:1.3.7 : Failed to compare JAR files: JAPICMP comparison failed for ch.qos.logback:logback-classic
[2025-09-08 15:32:27] ch.qos.logback:logback-classic:1.3.0 -> ch.qos.logback:logback-classic:1.3.8 : Failed to compare JAR files: JAPICMP comparison failed for ch.qos.logback:logback-classic
[2025-09-08 15:32:27] ch.qos.logback:logback-classic:1.3.0 -> ch.qos.logback:logback-classic:1.3.9 : Failed to compare JAR files: JAPICMP comparison failed for ch.qos.logback:logback-classic
[2025-09-08 15:32:27] ch.qos.logback:logback-classic:1.3.0 -> ch.qos.logback:logback-classic:1.3.10 : Failed to compare JAR files: JAPICMP comparison failed for ch.qos.logback:logback-classic
[2025-09-08 15:32:27] ch.qos.logback:logback-classic:1.3.0 -> ch.qos.logback:logback-classic:1.3.11 : Failed to compare JAR files: JAPICMP comparison failed for ch.qos.logback:logback-classic
[2025-09-08 15:32:27] ch.qos.logback:logback-classic:1.3.0 -> ch.qos.logback:logback-classic:1.3.12 : Failed to compare JAR files: JAPICMP comparison failed for ch.qos.logback:logback-classic
[2025-09-08 15:32:27] ch.qos.logback:logback-classic:1.3.0 -> ch.qos.logback:logback-classic:1.3.13 : Failed to compare JAR files: JAPICMP comparison failed for ch.qos.logback:logback-classic
[2025-09-08 15:32:27] ch.qos.logback:logback-classic:1.3.0 -> ch.qos.logback:logback-classic:1.3.14 : Failed to compare JAR files: JAPICMP comparison failed for ch.qos.logback:logback-classic
[2025-09-08 15:32:27] ch.qos.logback:logback-classic:1.3.0 -> ch.qos.logback:logback-classic:1.3.15 : Failed to compare JAR files: JAPICMP comparison failed for ch.qos.logback:logback-classic
[2025-09-08 15:32:27] ch.qos.logback:logback-classic:1.3.0 -> ch.qos.logback:logback-classic:1.4.0 : Failed to compare JAR files: JAPICMP comparison failed for ch.qos.logback:logback-classic
[2025-09-08 15:32:27] ch.qos.logback:logback-classic:1.3.0 -> ch.qos.logback:logback-classic:1.4.1 : Failed to compare JAR files: JAPICMP comparison failed for ch.qos.logback:logback-classic
[2025-09-08 15:32:27] ch.qos.logback:logback-classic:1.3.0 -> ch.qos.logback:logback-classic:1.4.2 : Failed to compare JAR files: JAPICMP comparison failed for ch.qos.logback:logback-classic
[2025-09-08 15:32:28] ch.qos.logback:logback-classic:1.3.0 -> ch.qos.logback:logback-classic:1.4.3 : Failed to compare JAR files: JAPICMP comparison failed for ch.qos.logback:logback-classic
[2025-09-08 15:32:28] ch.qos.logback:logback-classic:1.3.0 -> ch.qos.logback:logback-classic:1.4.4 : Failed to compare JAR files: JAPICMP comparison failed for ch.qos.logback:logback-classic
[2025-09-08 15:32:28] ch.qos.logback:logback-classic:1.3.0 -> ch.qos.logback:logback-classic:1.4.5 : Failed to compare JAR files: JAPICMP comparison failed for ch.qos.logback:logback-classic
[2025-09-08 15:32:28] ch.qos.logback:logback-classic:1.3.0 -> ch.qos.logback:logback-classic:1.4.6 : Failed to compare JAR files: JAPICMP comparison failed for ch.qos.logback:logback-classic
[2025-09-08 15:32:28] ch.qos.logback:logback-classic:1.3.0 -> ch.qos.logback:logback-classic:1.4.7 : Failed to compare JAR files: JAPICMP comparison failed for ch.qos.logback:logback-classic
[2025-09-08 15:32:28] ch.qos.logback:logback-classic:1.3.0 -> ch.qos.logback:logback-classic:1.4.8 : Failed to compare JAR files: JAPICMP comparison failed for ch.qos.logback:logback-classic
[2025-09-08 15:32:28] ch.qos.logback:logback-classic:1.3.0 -> ch.qos.logback:logback-classic:1.4.9 : Failed to compare JAR files: JAPICMP comparison failed for ch.qos.logback:logback-classic
[2025-09-08 15:32:28] ch.qos.logback:logback-classic:1.3.0 -> ch.qos.logback:logback-classic:1.4.10 : Failed to compare JAR files: JAPICMP comparison failed for ch.qos.logback:logback-classic
[2025-09-08 15:32:28] ch.qos.logback:logback-classic:1.3.0 -> ch.qos.logback:logback-classic:1.4.11 : Failed to compare JAR files: JAPICMP comparison failed for ch.qos.logback:logback-classic
[2025-09-08 15:32:28] ch.qos.logback:logback-classic:1.3.0 -> ch.qos.logback:logback-classic:1.4.12 : Failed to compare JAR files: JAPICMP comparison failed for ch.qos.logback:logback-classic
[2025-09-08 15:32:28] ch.qos.logback:logback-classic:1.3.0 -> ch.qos.logback:logback-classic:1.4.13 : Failed to compare JAR files: JAPICMP comparison failed for ch.qos.logback:logback-classic
[2025-09-08 15:32:28] ch.qos.logback:logback-classic:1.3.0 -> ch.qos.logback:logback-classic:1.4.14 : Failed to compare JAR files: JAPICMP comparison failed for ch.qos.logback:logback-classic
[2025-09-08 15:32:28] ch.qos.logback:logback-classic:1.3.0 -> ch.qos.logback:logback-classic:1.5.0 : Failed to compare JAR files: JAPICMP comparison failed for ch.qos.logback:logback-classic
[2025-09-08 15:32:28] ch.qos.logback:logback-classic:1.3.0 -> ch.qos.logback:logback-classic:1.5.1 : Failed to compare JAR files: JAPICMP comparison failed for ch.qos.logback:logback-classic
[2025-09-08 15:32:28] ch.qos.logback:logback-classic:1.3.0 -> ch.qos.logback:logback-classic:1.5.2 : Failed to compare JAR files: JAPICMP comparison failed for ch.qos.logback:logback-classic
[2025-09-08 15:32:28] ch.qos.logback:logback-classic:1.3.0 -> ch.qos.logback:logback-classic:1.5.3 : Failed to compare JAR files: JAPICMP comparison failed for ch.qos.logback:logback-classic
[2025-09-08 15:32:28] ch.qos.logback:logback-classic:1.3.0 -> ch.qos.logback:logback-classic:1.5.4 : Failed to compare JAR files: JAPICMP comparison failed for ch.qos.logback:logback-classic
[2025-09-08 15:32:28] ch.qos.logback:logback-classic:1.3.0 -> ch.qos.logback:logback-classic:1.5.5 : Failed to compare JAR files: JAPICMP comparison failed for ch.qos.logback:logback-classic
[2025-09-08 15:32:28] ch.qos.logback:logback-classic:1.3.0 -> ch.qos.logback:logback-classic:1.5.6 : Failed to compare JAR files: JAPICMP comparison failed for ch.qos.logback:logback-classic
[2025-09-08 15:32:28] ch.qos.logback:logback-classic:1.3.0 -> ch.qos.logback:logback-classic:1.5.7 : Failed to compare JAR files: JAPICMP comparison failed for ch.qos.logback:logback-classic
[2025-09-08 15:32:29] ch.qos.logback:logback-classic:1.3.0 -> ch.qos.logback:logback-classic:1.5.8 : Failed to compare JAR files: JAPICMP comparison failed for ch.qos.logback:logback-classic
[2025-09-08 15:32:29] ch.qos.logback:logback-classic:1.3.0 -> ch.qos.logback:logback-classic:1.5.9 : Failed to compare JAR files: JAPICMP comparison failed for ch.qos.logback:logback-classic
[2025-09-08 15:32:29] ch.qos.logback:logback-classic:1.3.0 -> ch.qos.logback:logback-classic:1.5.10 : Failed to compare JAR files: JAPICMP comparison failed for ch.qos.logback:logback-classic
[2025-09-08 15:32:29] ch.qos.logback:logback-classic:1.3.0 -> ch.qos.logback:logback-classic:1.5.11 : Failed to compare JAR files: JAPICMP comparison failed for ch.qos.logback:logback-classic
[2025-09-08 15:32:29] ch.qos.logback:logback-classic:1.3.0 -> ch.qos.logback:logback-classic:1.5.12 : Failed to compare JAR files: JAPICMP comparison failed for ch.qos.logback:logback-classic
[2025-09-08 15:32:29] ch.qos.logback:logback-classic:1.3.0 -> ch.qos.logback:logback-classic:1.5.13 : Failed to compare JAR files: JAPICMP comparison failed for ch.qos.logback:logback-classic
[2025-09-08 15:32:29] ch.qos.logback:logback-classic:1.3.0 -> ch.qos.logback:logback-classic:1.5.14 : Failed to compare JAR files: JAPICMP comparison failed for ch.qos.logback:logback-classic
[2025-09-08 15:32:29] ch.qos.logback:logback-classic:1.3.0 -> ch.qos.logback:logback-classic:1.5.15 : Failed to compare JAR files: JAPICMP comparison failed for ch.qos.logback:logback-classic
[2025-09-08 15:32:29] ch.qos.logback:logback-classic:1.3.0 -> ch.qos.logback:logback-classic:1.5.16 : Failed to compare JAR files: JAPICMP comparison failed for ch.qos.logback:logback-classic
[2025-09-08 15:32:29] ch.qos.logback:logback-classic:1.3.0 -> ch.qos.logback:logback-classic:1.5.17 : Failed to compare JAR files: JAPICMP comparison failed for ch.qos.logback:logback-classic
[2025-09-08 15:32:29] ch.qos.logback:logback-classic:1.3.0 -> ch.qos.logback:logback-classic:1.5.18 : Failed to compare JAR files: JAPICMP comparison failed for ch.qos.logback:logback-classic
[2025-09-08 15:32:38] org.apache.logging.log4j:log4j-api:2.17.1 -> org.apache.logging.log4j:log4j-api:2.17.2 : Failed to compare JAR files: JAPICMP comparison failed for org.apache.logging.log4j:log4j-api
[2025-09-08 15:32:38] org.apache.logging.log4j:log4j-api:2.17.1 -> org.apache.logging.log4j:log4j-api:2.18.0 : Failed to compare JAR files: JAPICMP comparison failed for org.apache.logging.log4j:log4j-api
[2025-09-08 15:32:38] org.apache.logging.log4j:log4j-api:2.17.1 -> org.apache.logging.log4j:log4j-api:2.19.0 : Failed to compare JAR files: JAPICMP comparison failed for org.apache.logging.log4j:log4j-api
[2025-09-08 15:32:39] org.apache.logging.log4j:log4j-api:2.17.1 -> org.apache.logging.log4j:log4j-api:2.20.0 : Failed to compare JAR files: JAPICMP comparison failed for org.apache.logging.log4j:log4j-api
[2025-09-08 15:32:39] org.apache.logging.log4j:log4j-api:2.17.1 -> org.apache.logging.log4j:log4j-api:2.21.0 : Failed to compare JAR files: JAPICMP comparison failed for org.apache.logging.log4j:log4j-api
[2025-09-08 15:32:39] org.apache.logging.log4j:log4j-api:2.17.1 -> org.apache.logging.log4j:log4j-api:2.21.1 : Failed to compare JAR files: JAPICMP comparison failed for org.apache.logging.log4j:log4j-api
[2025-09-08 15:32:39] org.apache.logging.log4j:log4j-api:2.17.1 -> org.apache.logging.log4j:log4j-api:2.22.0 : Failed to compare JAR files: JAPICMP comparison failed for org.apache.logging.log4j:log4j-api
[2025-09-08 15:32:39] org.apache.logging.log4j:log4j-api:2.17.1 -> org.apache.logging.log4j:log4j-api:2.22.1 : Failed to compare JAR files: JAPICMP comparison failed for org.apache.logging.log4j:log4j-api
[2025-09-08 15:32:39] org.apache.logging.log4j:log4j-api:2.17.1 -> org.apache.logging.log4j:log4j-api:2.23.0 : Failed to compare JAR files: JAPICMP comparison failed for org.apache.logging.log4j:log4j-api
[2025-09-08 15:32:39] org.apache.logging.log4j:log4j-api:2.17.1 -> org.apache.logging.log4j:log4j-api:2.23.1 : Failed to compare JAR files: JAPICMP comparison failed for org.apache.logging.log4j:log4j-api
[2025-09-08 15:32:39] org.apache.logging.log4j:log4j-api:2.17.1 -> org.apache.logging.log4j:log4j-api:2.24.0 : Failed to compare JAR files: JAPICMP comparison failed for org.apache.logging.log4j:log4j-api
[2025-09-08 15:32:39] org.apache.logging.log4j:log4j-api:2.17.1 -> org.apache.logging.log4j:log4j-api:2.24.1 : Failed to compare JAR files: JAPICMP comparison failed for org.apache.logging.log4j:log4j-api
[2025-09-08 15:32:39] org.apache.logging.log4j:log4j-api:2.17.1 -> org.apache.logging.log4j:log4j-api:2.24.2 : Failed to compare JAR files: JAPICMP comparison failed for org.apache.logging.log4j:log4j-api
[2025-09-08 15:32:39] org.apache.logging.log4j:log4j-api:2.17.1 -> org.apache.logging.log4j:log4j-api:2.24.3 : Failed to compare JAR files: JAPICMP comparison failed for org.apache.logging.log4j:log4j-api
[2025-09-08 15:32:39] org.apache.logging.log4j:log4j-api:2.17.1 -> org.apache.logging.log4j:log4j-api:2.25.0 : Failed to compare JAR files: JAPICMP comparison failed for org.apache.logging.log4j:log4j-api
[2025-09-08 15:32:39] org.apache.logging.log4j:log4j-api:2.17.1 -> org.apache.logging.log4j:log4j-api:2.25.1 : Failed to compare JAR files: JAPICMP comparison failed for org.apache.logging.log4j:log4j-api
[2025-09-08 15:32:39] org.apache.logging.log4j:log4j-to-slf4j:2.18.0 -> org.apache.logging.log4j:log4j-to-slf4j:2.19.0 : Failed to compare JAR files: JAPICMP comparison failed for org.apache.logging.log4j:log4j-to-slf4j
[2025-09-08 15:32:39] org.apache.logging.log4j:log4j-to-slf4j:2.18.0 -> org.apache.logging.log4j:log4j-to-slf4j:2.20.0 : Failed to compare JAR files: JAPICMP comparison failed for org.apache.logging.log4j:log4j-to-slf4j
[2025-09-08 15:32:39] org.apache.logging.log4j:log4j-to-slf4j:2.18.0 -> org.apache.logging.log4j:log4j-to-slf4j:2.21.0 : Failed to compare JAR files: JAPICMP comparison failed for org.apache.logging.log4j:log4j-to-slf4j
[2025-09-08 15:32:39] org.apache.logging.log4j:log4j-to-slf4j:2.18.0 -> org.apache.logging.log4j:log4j-to-slf4j:2.21.1 : Failed to compare JAR files: JAPICMP comparison failed for org.apache.logging.log4j:log4j-to-slf4j
[2025-09-08 15:32:40] org.apache.logging.log4j:log4j-to-slf4j:2.18.0 -> org.apache.logging.log4j:log4j-to-slf4j:2.22.0 : Failed to compare JAR files: JAPICMP comparison failed for org.apache.logging.log4j:log4j-to-slf4j
[2025-09-08 15:32:40] org.apache.logging.log4j:log4j-to-slf4j:2.18.0 -> org.apache.logging.log4j:log4j-to-slf4j:2.22.1 : Failed to compare JAR files: JAPICMP comparison failed for org.apache.logging.log4j:log4j-to-slf4j
[2025-09-08 15:32:40] org.apache.logging.log4j:log4j-to-slf4j:2.18.0 -> org.apache.logging.log4j:log4j-to-slf4j:2.23.0 : Failed to compare JAR files: JAPICMP comparison failed for org.apache.logging.log4j:log4j-to-slf4j
[2025-09-08 15:32:40] org.apache.logging.log4j:log4j-to-slf4j:2.18.0 -> org.apache.logging.log4j:log4j-to-slf4j:2.23.1 : Failed to compare JAR files: JAPICMP comparison failed for org.apache.logging.log4j:log4j-to-slf4j
[2025-09-08 15:32:40] org.apache.logging.log4j:log4j-to-slf4j:2.18.0 -> org.apache.logging.log4j:log4j-to-slf4j:2.24.0 : Failed to compare JAR files: JAPICMP comparison failed for org.apache.logging.log4j:log4j-to-slf4j
[2025-09-08 15:32:40] org.apache.logging.log4j:log4j-to-slf4j:2.18.0 -> org.apache.logging.log4j:log4j-to-slf4j:2.24.1 : Failed to compare JAR files: JAPICMP comparison failed for org.apache.logging.log4j:log4j-to-slf4j
[2025-09-08 15:32:40] org.apache.logging.log4j:log4j-to-slf4j:2.18.0 -> org.apache.logging.log4j:log4j-to-slf4j:2.24.2 : Failed to compare JAR files: JAPICMP comparison failed for org.apache.logging.log4j:log4j-to-slf4j
[2025-09-08 15:32:40] org.apache.logging.log4j:log4j-to-slf4j:2.18.0 -> org.apache.logging.log4j:log4j-to-slf4j:2.24.3 : Failed to compare JAR files: JAPICMP comparison failed for org.apache.logging.log4j:log4j-to-slf4j
[2025-09-08 15:32:40] org.apache.logging.log4j:log4j-to-slf4j:2.18.0 -> org.apache.logging.log4j:log4j-to-slf4j:2.25.0 : Failed to compare JAR files: JAPICMP comparison failed for org.apache.logging.log4j:log4j-to-slf4j
[2025-09-08 15:32:40] org.apache.logging.log4j:log4j-to-slf4j:2.18.0 -> org.apache.logging.log4j:log4j-to-slf4j:2.25.1 : Failed to compare JAR files: JAPICMP comparison failed for org.apache.logging.log4j:log4j-to-slf4j
[2025-09-08 15:32:44] org.junit.jupiter:junit-jupiter-params:5.9.0 -> org.junit.jupiter:junit-jupiter-params:5.9.1 : Failed to compare JAR files: JAPICMP comparison failed for org.junit.jupiter:junit-jupiter-params
[2025-09-08 15:32:44] org.junit.jupiter:junit-jupiter-params:5.9.0 -> org.junit.jupiter:junit-jupiter-params:5.9.2 : Failed to compare JAR files: JAPICMP comparison failed for org.junit.jupiter:junit-jupiter-params
[2025-09-08 15:32:44] org.junit.jupiter:junit-jupiter-params:5.9.0 -> org.junit.jupiter:junit-jupiter-params:5.9.3 : Failed to compare JAR files: JAPICMP comparison failed for org.junit.jupiter:junit-jupiter-params
[2025-09-08 15:32:44] org.junit.jupiter:junit-jupiter-params:5.9.0 -> org.junit.jupiter:junit-jupiter-params:5.10.0 : Failed to compare JAR files: JAPICMP comparison failed for org.junit.jupiter:junit-jupiter-params
[2025-09-08 15:32:44] org.junit.jupiter:junit-jupiter-params:5.9.0 -> org.junit.jupiter:junit-jupiter-params:5.10.1 : Failed to compare JAR files: JAPICMP comparison failed for org.junit.jupiter:junit-jupiter-params
[2025-09-08 15:32:44] org.junit.jupiter:junit-jupiter-params:5.9.0 -> org.junit.jupiter:junit-jupiter-params:5.10.2 : Failed to compare JAR files: JAPICMP comparison failed for org.junit.jupiter:junit-jupiter-params
[2025-09-08 15:32:44] org.junit.jupiter:junit-jupiter-params:5.9.0 -> org.junit.jupiter:junit-jupiter-params:5.10.3 : Failed to compare JAR files: JAPICMP comparison failed for org.junit.jupiter:junit-jupiter-params
[2025-09-08 15:32:44] org.junit.jupiter:junit-jupiter-params:5.9.0 -> org.junit.jupiter:junit-jupiter-params:5.10.4 : Failed to compare JAR files: JAPICMP comparison failed for org.junit.jupiter:junit-jupiter-params
[2025-09-08 15:32:44] org.junit.jupiter:junit-jupiter-params:5.9.0 -> org.junit.jupiter:junit-jupiter-params:5.10.5 : Failed to compare JAR files: JAPICMP comparison failed for org.junit.jupiter:junit-jupiter-params
[2025-09-08 15:32:44] org.junit.jupiter:junit-jupiter-params:5.9.0 -> org.junit.jupiter:junit-jupiter-params:5.11.0 : Failed to compare JAR files: JAPICMP comparison failed for org.junit.jupiter:junit-jupiter-params
[2025-09-08 15:32:44] org.junit.jupiter:junit-jupiter-params:5.9.0 -> org.junit.jupiter:junit-jupiter-params:5.11.1 : Failed to compare JAR files: JAPICMP comparison failed for org.junit.jupiter:junit-jupiter-params
[2025-09-08 15:32:44] org.junit.jupiter:junit-jupiter-params:5.9.0 -> org.junit.jupiter:junit-jupiter-params:5.11.2 : Failed to compare JAR files: JAPICMP comparison failed for org.junit.jupiter:junit-jupiter-params
[2025-09-08 15:32:45] org.junit.jupiter:junit-jupiter-params:5.9.0 -> org.junit.jupiter:junit-jupiter-params:5.11.3 : Failed to compare JAR files: JAPICMP comparison failed for org.junit.jupiter:junit-jupiter-params
[2025-09-08 15:32:45] org.junit.jupiter:junit-jupiter-params:5.9.0 -> org.junit.jupiter:junit-jupiter-params:5.11.4 : Failed to compare JAR files: JAPICMP comparison failed for org.junit.jupiter:junit-jupiter-params
[2025-09-08 15:32:45] org.junit.jupiter:junit-jupiter-params:5.9.0 -> org.junit.jupiter:junit-jupiter-params:5.12.0 : Failed to compare JAR files: JAPICMP comparison failed for org.junit.jupiter:junit-jupiter-params
[2025-09-08 15:32:45] org.junit.jupiter:junit-jupiter-params:5.9.0 -> org.junit.jupiter:junit-jupiter-params:5.12.1 : Failed to compare JAR files: JAPICMP comparison failed for org.junit.jupiter:junit-jupiter-params
[2025-09-08 15:32:45] org.junit.jupiter:junit-jupiter-params:5.9.0 -> org.junit.jupiter:junit-jupiter-params:5.12.2 : Failed to compare JAR files: JAPICMP comparison failed for org.junit.jupiter:junit-jupiter-params
[2025-09-08 15:32:45] org.junit.jupiter:junit-jupiter-params:5.9.0 -> org.junit.jupiter:junit-jupiter-params:5.13.0 : Failed to compare JAR files: JAPICMP comparison failed for org.junit.jupiter:junit-jupiter-params
[2025-09-08 15:32:45] org.junit.jupiter:junit-jupiter-params:5.9.0 -> org.junit.jupiter:junit-jupiter-params:5.13.1 : Failed to compare JAR files: JAPICMP comparison failed for org.junit.jupiter:junit-jupiter-params
[2025-09-08 15:32:45] org.junit.jupiter:junit-jupiter-params:5.9.0 -> org.junit.jupiter:junit-jupiter-params:5.13.2 : Failed to compare JAR files: JAPICMP comparison failed for org.junit.jupiter:junit-jupiter-params
[2025-09-08 15:32:45] org.junit.jupiter:junit-jupiter-params:5.9.0 -> org.junit.jupiter:junit-jupiter-params:5.13.3 : Failed to compare JAR files: JAPICMP comparison failed for org.junit.jupiter:junit-jupiter-params
[2025-09-08 15:32:45] org.junit.jupiter:junit-jupiter-params:5.9.0 -> org.junit.jupiter:junit-jupiter-params:5.13.4 : Failed to compare JAR files: JAPICMP comparison failed for org.junit.jupiter:junit-jupiter-params

=== Summary ===
Total comparisons: 341
Failures: 117
Success rate: 65.69%
