=== Comparison Failure Log ===
[2025-09-06 21:32:12] io.quarkus:quarkus-core:3.20.1 -> io.quarkus:quarkus-core:3.20.2 : Failed to compare JAR files: JAPICMP comparison failed for io.quarkus:quarkus-core
[2025-09-06 21:32:13] io.quarkus:quarkus-core:3.20.1 -> io.quarkus:quarkus-core:3.20.2.1 : Failed to compare JAR files: JAPICMP comparison failed for io.quarkus:quarkus-core
[2025-09-06 21:32:15] io.quarkus:quarkus-core:3.20.1 -> io.quarkus:quarkus-core:3.20.2.2 : Failed to compare JAR files: JAPICMP comparison failed for io.quarkus:quarkus-core
[2025-09-06 21:32:18] io.quarkus:quarkus-core:3.20.1 -> io.quarkus:quarkus-core:3.21.0.CR1 : Failed to compare JAR files: JAPICMP comparison failed for io.quarkus:quarkus-core
[2025-09-06 21:32:19] io.quarkus:quarkus-core:3.20.1 -> io.quarkus:quarkus-core:3.21.0 : Failed to compare JAR files: JAPICMP comparison failed for io.quarkus:quarkus-core
[2025-09-06 21:32:21] io.quarkus:quarkus-core:3.20.1 -> io.quarkus:quarkus-core:3.21.1 : Failed to compare JAR files: JAPICMP comparison failed for io.quarkus:quarkus-core
[2025-09-06 21:32:22] io.quarkus:quarkus-core:3.20.1 -> io.quarkus:quarkus-core:3.21.2 : Failed to compare JAR files: JAPICMP comparison failed for io.quarkus:quarkus-core
[2025-09-06 21:32:24] io.quarkus:quarkus-core:3.20.1 -> io.quarkus:quarkus-core:3.21.3 : Failed to compare JAR files: JAPICMP comparison failed for io.quarkus:quarkus-core
[2025-09-06 21:32:25] io.quarkus:quarkus-core:3.20.1 -> io.quarkus:quarkus-core:3.21.4 : Failed to compare JAR files: JAPICMP comparison failed for io.quarkus:quarkus-core
[2025-09-06 21:32:27] io.quarkus:quarkus-core:3.20.1 -> io.quarkus:quarkus-core:3.22.0.CR1 : Failed to compare JAR files: JAPICMP comparison failed for io.quarkus:quarkus-core
[2025-09-06 21:32:28] io.quarkus:quarkus-core:3.20.1 -> io.quarkus:quarkus-core:3.22.0 : Failed to compare JAR files: JAPICMP comparison failed for io.quarkus:quarkus-core
[2025-09-06 21:32:30] io.quarkus:quarkus-core:3.20.1 -> io.quarkus:quarkus-core:3.22.1 : Failed to compare JAR files: JAPICMP comparison failed for io.quarkus:quarkus-core
[2025-09-06 21:32:31] io.quarkus:quarkus-core:3.20.1 -> io.quarkus:quarkus-core:3.22.2 : Failed to compare JAR files: JAPICMP comparison failed for io.quarkus:quarkus-core
[2025-09-06 21:32:32] io.quarkus:quarkus-core:3.20.1 -> io.quarkus:quarkus-core:3.22.3 : Failed to compare JAR files: JAPICMP comparison failed for io.quarkus:quarkus-core
[2025-09-06 21:32:34] io.quarkus:quarkus-core:3.20.1 -> io.quarkus:quarkus-core:3.23.0.CR1 : Failed to compare JAR files: JAPICMP comparison failed for io.quarkus:quarkus-core
[2025-09-06 21:32:36] io.quarkus:quarkus-core:3.20.1 -> io.quarkus:quarkus-core:3.23.0 : Failed to compare JAR files: JAPICMP comparison failed for io.quarkus:quarkus-core
[2025-09-06 21:32:38] io.quarkus:quarkus-core:3.20.1 -> io.quarkus:quarkus-core:3.23.1 : Failed to compare JAR files: JAPICMP comparison failed for io.quarkus:quarkus-core
[2025-09-06 21:32:39] io.quarkus:quarkus-core:3.20.1 -> io.quarkus:quarkus-core:3.23.2 : Failed to compare JAR files: JAPICMP comparison failed for io.quarkus:quarkus-core
[2025-09-06 21:32:41] io.quarkus:quarkus-core:3.20.1 -> io.quarkus:quarkus-core:3.23.3 : Failed to compare JAR files: JAPICMP comparison failed for io.quarkus:quarkus-core
[2025-09-06 21:32:43] io.quarkus:quarkus-core:3.20.1 -> io.quarkus:quarkus-core:3.23.4 : Failed to compare JAR files: JAPICMP comparison failed for io.quarkus:quarkus-core
[2025-09-06 21:32:44] io.quarkus:quarkus-core:3.20.1 -> io.quarkus:quarkus-core:3.24.0.CR1 : Failed to compare JAR files: JAPICMP comparison failed for io.quarkus:quarkus-core
[2025-09-06 21:32:46] io.quarkus:quarkus-core:3.20.1 -> io.quarkus:quarkus-core:3.24.0 : Failed to compare JAR files: JAPICMP comparison failed for io.quarkus:quarkus-core
[2025-09-06 21:32:47] io.quarkus:quarkus-core:3.20.1 -> io.quarkus:quarkus-core:3.24.1 : Failed to compare JAR files: JAPICMP comparison failed for io.quarkus:quarkus-core
[2025-09-06 21:32:50] io.quarkus:quarkus-core:3.20.1 -> io.quarkus:quarkus-core:3.24.2 : Failed to compare JAR files: JAPICMP comparison failed for io.quarkus:quarkus-core
[2025-09-06 21:32:51] io.quarkus:quarkus-core:3.20.1 -> io.quarkus:quarkus-core:3.24.3 : Failed to compare JAR files: JAPICMP comparison failed for io.quarkus:quarkus-core
[2025-09-06 21:32:53] io.quarkus:quarkus-core:3.20.1 -> io.quarkus:quarkus-core:3.24.4 : Failed to compare JAR files: JAPICMP comparison failed for io.quarkus:quarkus-core
[2025-09-06 21:32:54] io.quarkus:quarkus-core:3.20.1 -> io.quarkus:quarkus-core:3.24.5 : Failed to compare JAR files: JAPICMP comparison failed for io.quarkus:quarkus-core
[2025-09-06 21:32:57] io.quarkus:quarkus-core:3.20.1 -> io.quarkus:quarkus-core:3.25.0.CR1 : Failed to compare JAR files: JAPICMP comparison failed for io.quarkus:quarkus-core
[2025-09-06 21:32:58] io.quarkus:quarkus-core:3.20.1 -> io.quarkus:quarkus-core:3.25.0 : Failed to compare JAR files: JAPICMP comparison failed for io.quarkus:quarkus-core
[2025-09-06 21:32:59] io.quarkus:quarkus-core:3.20.1 -> io.quarkus:quarkus-core:3.25.1 : Failed to compare JAR files: JAPICMP comparison failed for io.quarkus:quarkus-core
[2025-09-06 21:33:01] io.quarkus:quarkus-core:3.20.1 -> io.quarkus:quarkus-core:3.25.2 : Failed to compare JAR files: JAPICMP comparison failed for io.quarkus:quarkus-core
[2025-09-06 21:33:02] io.quarkus:quarkus-core:3.20.1 -> io.quarkus:quarkus-core:3.25.3 : Failed to compare JAR files: JAPICMP comparison failed for io.quarkus:quarkus-core
[2025-09-06 21:33:04] io.quarkus:quarkus-core:3.20.1 -> io.quarkus:quarkus-core:3.25.4 : Failed to compare JAR files: JAPICMP comparison failed for io.quarkus:quarkus-core
[2025-09-06 21:33:05] io.quarkus:quarkus-core:3.20.1 -> io.quarkus:quarkus-core:3.26.0.CR1 : Failed to compare JAR files: JAPICMP comparison failed for io.quarkus:quarkus-core
[2025-09-06 21:33:06] io.quarkus:quarkus-core:3.20.1 -> io.quarkus:quarkus-core:3.26.0 : Failed to compare JAR files: JAPICMP comparison failed for io.quarkus:quarkus-core
[2025-09-06 21:33:07] io.quarkus:quarkus-core:3.20.1 -> io.quarkus:quarkus-core:3.26.1 : Failed to compare JAR files: JAPICMP comparison failed for io.quarkus:quarkus-core
[2025-09-06 21:33:09] io.quarkus:quarkus-core:3.20.1 -> io.quarkus:quarkus-core:3.26.2 : Failed to compare JAR files: JAPICMP comparison failed for io.quarkus:quarkus-core
[2025-09-06 21:33:16] io.quarkus:quarkus-vertx-http:3.20.1 -> io.quarkus:quarkus-vertx-http:3.20.2 : Failed to compare JAR files: JAPICMP comparison failed for io.quarkus:quarkus-vertx-http
[2025-09-06 21:33:22] io.quarkus:quarkus-vertx-http:3.20.1 -> io.quarkus:quarkus-vertx-http:3.20.2.1 : Failed to compare JAR files: JAPICMP comparison failed for io.quarkus:quarkus-vertx-http
[2025-09-06 21:33:26] io.quarkus:quarkus-vertx-http:3.20.1 -> io.quarkus:quarkus-vertx-http:3.20.2.2 : Failed to compare JAR files: JAPICMP comparison failed for io.quarkus:quarkus-vertx-http
[2025-09-06 21:33:32] io.quarkus:quarkus-vertx-http:3.20.1 -> io.quarkus:quarkus-vertx-http:3.21.0.CR1 : Failed to compare JAR files: JAPICMP comparison failed for io.quarkus:quarkus-vertx-http
[2025-09-06 21:33:37] io.quarkus:quarkus-vertx-http:3.20.1 -> io.quarkus:quarkus-vertx-http:3.21.0 : Failed to compare JAR files: JAPICMP comparison failed for io.quarkus:quarkus-vertx-http
[2025-09-06 21:33:41] io.quarkus:quarkus-vertx-http:3.20.1 -> io.quarkus:quarkus-vertx-http:3.21.1 : Failed to compare JAR files: JAPICMP comparison failed for io.quarkus:quarkus-vertx-http
[2025-09-06 21:33:45] io.quarkus:quarkus-vertx-http:3.20.1 -> io.quarkus:quarkus-vertx-http:3.21.2 : Failed to compare JAR files: JAPICMP comparison failed for io.quarkus:quarkus-vertx-http
[2025-09-06 21:33:49] io.quarkus:quarkus-vertx-http:3.20.1 -> io.quarkus:quarkus-vertx-http:3.21.3 : Failed to compare JAR files: JAPICMP comparison failed for io.quarkus:quarkus-vertx-http
[2025-09-06 21:33:54] io.quarkus:quarkus-vertx-http:3.20.1 -> io.quarkus:quarkus-vertx-http:3.21.4 : Failed to compare JAR files: JAPICMP comparison failed for io.quarkus:quarkus-vertx-http
[2025-09-06 21:33:58] io.quarkus:quarkus-vertx-http:3.20.1 -> io.quarkus:quarkus-vertx-http:3.22.0.CR1 : Failed to compare JAR files: JAPICMP comparison failed for io.quarkus:quarkus-vertx-http
[2025-09-06 21:34:03] io.quarkus:quarkus-vertx-http:3.20.1 -> io.quarkus:quarkus-vertx-http:3.22.0 : Failed to compare JAR files: JAPICMP comparison failed for io.quarkus:quarkus-vertx-http
[2025-09-06 21:34:07] io.quarkus:quarkus-vertx-http:3.20.1 -> io.quarkus:quarkus-vertx-http:3.22.1 : Failed to compare JAR files: JAPICMP comparison failed for io.quarkus:quarkus-vertx-http
[2025-09-06 21:34:11] io.quarkus:quarkus-vertx-http:3.20.1 -> io.quarkus:quarkus-vertx-http:3.22.2 : Failed to compare JAR files: JAPICMP comparison failed for io.quarkus:quarkus-vertx-http
[2025-09-06 21:34:15] io.quarkus:quarkus-vertx-http:3.20.1 -> io.quarkus:quarkus-vertx-http:3.22.3 : Failed to compare JAR files: JAPICMP comparison failed for io.quarkus:quarkus-vertx-http
[2025-09-06 21:34:19] io.quarkus:quarkus-vertx-http:3.20.1 -> io.quarkus:quarkus-vertx-http:3.23.0.CR1 : Failed to compare JAR files: JAPICMP comparison failed for io.quarkus:quarkus-vertx-http
[2025-09-06 21:34:23] io.quarkus:quarkus-vertx-http:3.20.1 -> io.quarkus:quarkus-vertx-http:3.23.0 : Failed to compare JAR files: JAPICMP comparison failed for io.quarkus:quarkus-vertx-http
[2025-09-06 21:34:28] io.quarkus:quarkus-vertx-http:3.20.1 -> io.quarkus:quarkus-vertx-http:3.23.1 : Failed to compare JAR files: JAPICMP comparison failed for io.quarkus:quarkus-vertx-http
[2025-09-06 21:34:32] io.quarkus:quarkus-vertx-http:3.20.1 -> io.quarkus:quarkus-vertx-http:3.23.2 : Failed to compare JAR files: JAPICMP comparison failed for io.quarkus:quarkus-vertx-http
[2025-09-06 21:34:36] io.quarkus:quarkus-vertx-http:3.20.1 -> io.quarkus:quarkus-vertx-http:3.23.3 : Failed to compare JAR files: JAPICMP comparison failed for io.quarkus:quarkus-vertx-http
[2025-09-06 21:34:40] io.quarkus:quarkus-vertx-http:3.20.1 -> io.quarkus:quarkus-vertx-http:3.23.4 : Failed to compare JAR files: JAPICMP comparison failed for io.quarkus:quarkus-vertx-http
[2025-09-06 21:34:45] io.quarkus:quarkus-vertx-http:3.20.1 -> io.quarkus:quarkus-vertx-http:3.24.0.CR1 : Failed to compare JAR files: JAPICMP comparison failed for io.quarkus:quarkus-vertx-http
[2025-09-06 21:34:49] io.quarkus:quarkus-vertx-http:3.20.1 -> io.quarkus:quarkus-vertx-http:3.24.0 : Failed to compare JAR files: JAPICMP comparison failed for io.quarkus:quarkus-vertx-http
[2025-09-06 21:34:54] io.quarkus:quarkus-vertx-http:3.20.1 -> io.quarkus:quarkus-vertx-http:3.24.1 : Failed to compare JAR files: JAPICMP comparison failed for io.quarkus:quarkus-vertx-http
[2025-09-06 21:34:58] io.quarkus:quarkus-vertx-http:3.20.1 -> io.quarkus:quarkus-vertx-http:3.24.2 : Failed to compare JAR files: JAPICMP comparison failed for io.quarkus:quarkus-vertx-http
[2025-09-06 21:35:02] io.quarkus:quarkus-vertx-http:3.20.1 -> io.quarkus:quarkus-vertx-http:3.24.3 : Failed to compare JAR files: JAPICMP comparison failed for io.quarkus:quarkus-vertx-http
[2025-09-06 21:35:06] io.quarkus:quarkus-vertx-http:3.20.1 -> io.quarkus:quarkus-vertx-http:3.24.4 : Failed to compare JAR files: JAPICMP comparison failed for io.quarkus:quarkus-vertx-http
[2025-09-06 21:35:10] io.quarkus:quarkus-vertx-http:3.20.1 -> io.quarkus:quarkus-vertx-http:3.24.5 : Failed to compare JAR files: JAPICMP comparison failed for io.quarkus:quarkus-vertx-http
[2025-09-06 21:35:15] io.quarkus:quarkus-vertx-http:3.20.1 -> io.quarkus:quarkus-vertx-http:3.25.0.CR1 : Failed to compare JAR files: JAPICMP comparison failed for io.quarkus:quarkus-vertx-http
[2025-09-06 21:35:20] io.quarkus:quarkus-vertx-http:3.20.1 -> io.quarkus:quarkus-vertx-http:3.25.0 : Failed to compare JAR files: JAPICMP comparison failed for io.quarkus:quarkus-vertx-http
[2025-09-06 21:35:25] io.quarkus:quarkus-vertx-http:3.20.1 -> io.quarkus:quarkus-vertx-http:3.25.1 : Failed to compare JAR files: JAPICMP comparison failed for io.quarkus:quarkus-vertx-http
[2025-09-06 21:35:29] io.quarkus:quarkus-vertx-http:3.20.1 -> io.quarkus:quarkus-vertx-http:3.25.2 : Failed to compare JAR files: JAPICMP comparison failed for io.quarkus:quarkus-vertx-http
[2025-09-06 21:35:33] io.quarkus:quarkus-vertx-http:3.20.1 -> io.quarkus:quarkus-vertx-http:3.25.3 : Failed to compare JAR files: JAPICMP comparison failed for io.quarkus:quarkus-vertx-http
[2025-09-06 21:35:37] io.quarkus:quarkus-vertx-http:3.20.1 -> io.quarkus:quarkus-vertx-http:3.25.4 : Failed to compare JAR files: JAPICMP comparison failed for io.quarkus:quarkus-vertx-http
[2025-09-06 21:35:41] io.quarkus:quarkus-vertx-http:3.20.1 -> io.quarkus:quarkus-vertx-http:3.26.0.CR1 : Failed to compare JAR files: JAPICMP comparison failed for io.quarkus:quarkus-vertx-http
[2025-09-06 21:35:46] io.quarkus:quarkus-vertx-http:3.20.1 -> io.quarkus:quarkus-vertx-http:3.26.0 : Failed to compare JAR files: JAPICMP comparison failed for io.quarkus:quarkus-vertx-http
[2025-09-06 21:35:50] io.quarkus:quarkus-vertx-http:3.20.1 -> io.quarkus:quarkus-vertx-http:3.26.1 : Failed to compare JAR files: JAPICMP comparison failed for io.quarkus:quarkus-vertx-http
[2025-09-06 21:35:54] io.quarkus:quarkus-vertx-http:3.20.1 -> io.quarkus:quarkus-vertx-http:3.26.2 : Failed to compare JAR files: JAPICMP comparison failed for io.quarkus:quarkus-vertx-http

=== Summary ===
Total comparisons: 457
Failures: 74
Success rate: 83.81%
=== Comparison Failure Log ===
[2025-09-07 00:14:21] io.quarkus:quarkus-core:3.20.1 -> io.quarkus:quarkus-core:3.20.2 : Failed to compare JAR files: JAPICMP comparison failed for io.quarkus:quarkus-core
[2025-09-07 00:14:22] io.quarkus:quarkus-core:3.20.1 -> io.quarkus:quarkus-core:3.20.2.1 : Failed to compare JAR files: JAPICMP comparison failed for io.quarkus:quarkus-core
[2025-09-07 00:14:23] io.quarkus:quarkus-core:3.20.1 -> io.quarkus:quarkus-core:3.20.2.2 : Failed to compare JAR files: JAPICMP comparison failed for io.quarkus:quarkus-core
[2025-09-07 00:14:25] io.quarkus:quarkus-core:3.20.1 -> io.quarkus:quarkus-core:3.21.0.CR1 : Failed to compare JAR files: JAPICMP comparison failed for io.quarkus:quarkus-core
[2025-09-07 00:14:26] io.quarkus:quarkus-core:3.20.1 -> io.quarkus:quarkus-core:3.21.0 : Failed to compare JAR files: JAPICMP comparison failed for io.quarkus:quarkus-core
[2025-09-07 00:14:27] io.quarkus:quarkus-core:3.20.1 -> io.quarkus:quarkus-core:3.21.1 : Failed to compare JAR files: JAPICMP comparison failed for io.quarkus:quarkus-core
[2025-09-07 00:14:28] io.quarkus:quarkus-core:3.20.1 -> io.quarkus:quarkus-core:3.21.2 : Failed to compare JAR files: JAPICMP comparison failed for io.quarkus:quarkus-core
[2025-09-07 00:14:29] io.quarkus:quarkus-core:3.20.1 -> io.quarkus:quarkus-core:3.21.3 : Failed to compare JAR files: JAPICMP comparison failed for io.quarkus:quarkus-core
[2025-09-07 00:14:30] io.quarkus:quarkus-core:3.20.1 -> io.quarkus:quarkus-core:3.21.4 : Failed to compare JAR files: JAPICMP comparison failed for io.quarkus:quarkus-core
[2025-09-07 00:14:31] io.quarkus:quarkus-core:3.20.1 -> io.quarkus:quarkus-core:3.22.0.CR1 : Failed to compare JAR files: JAPICMP comparison failed for io.quarkus:quarkus-core
[2025-09-07 00:14:32] io.quarkus:quarkus-core:3.20.1 -> io.quarkus:quarkus-core:3.22.0 : Failed to compare JAR files: JAPICMP comparison failed for io.quarkus:quarkus-core
[2025-09-07 00:14:33] io.quarkus:quarkus-core:3.20.1 -> io.quarkus:quarkus-core:3.22.1 : Failed to compare JAR files: JAPICMP comparison failed for io.quarkus:quarkus-core
[2025-09-07 00:14:34] io.quarkus:quarkus-core:3.20.1 -> io.quarkus:quarkus-core:3.22.2 : Failed to compare JAR files: JAPICMP comparison failed for io.quarkus:quarkus-core
[2025-09-07 00:14:35] io.quarkus:quarkus-core:3.20.1 -> io.quarkus:quarkus-core:3.22.3 : Failed to compare JAR files: JAPICMP comparison failed for io.quarkus:quarkus-core
[2025-09-07 00:14:36] io.quarkus:quarkus-core:3.20.1 -> io.quarkus:quarkus-core:3.23.0.CR1 : Failed to compare JAR files: JAPICMP comparison failed for io.quarkus:quarkus-core
[2025-09-07 00:14:37] io.quarkus:quarkus-core:3.20.1 -> io.quarkus:quarkus-core:3.23.0 : Failed to compare JAR files: JAPICMP comparison failed for io.quarkus:quarkus-core
[2025-09-07 00:14:38] io.quarkus:quarkus-core:3.20.1 -> io.quarkus:quarkus-core:3.23.1 : Failed to compare JAR files: JAPICMP comparison failed for io.quarkus:quarkus-core
[2025-09-07 00:14:39] io.quarkus:quarkus-core:3.20.1 -> io.quarkus:quarkus-core:3.23.2 : Failed to compare JAR files: JAPICMP comparison failed for io.quarkus:quarkus-core
[2025-09-07 00:14:40] io.quarkus:quarkus-core:3.20.1 -> io.quarkus:quarkus-core:3.23.3 : Failed to compare JAR files: JAPICMP comparison failed for io.quarkus:quarkus-core
[2025-09-07 00:14:41] io.quarkus:quarkus-core:3.20.1 -> io.quarkus:quarkus-core:3.23.4 : Failed to compare JAR files: JAPICMP comparison failed for io.quarkus:quarkus-core
[2025-09-07 00:14:42] io.quarkus:quarkus-core:3.20.1 -> io.quarkus:quarkus-core:3.24.0.CR1 : Failed to compare JAR files: JAPICMP comparison failed for io.quarkus:quarkus-core
[2025-09-07 00:14:43] io.quarkus:quarkus-core:3.20.1 -> io.quarkus:quarkus-core:3.24.0 : Failed to compare JAR files: JAPICMP comparison failed for io.quarkus:quarkus-core
[2025-09-07 00:14:44] io.quarkus:quarkus-core:3.20.1 -> io.quarkus:quarkus-core:3.24.1 : Failed to compare JAR files: JAPICMP comparison failed for io.quarkus:quarkus-core
[2025-09-07 00:14:45] io.quarkus:quarkus-core:3.20.1 -> io.quarkus:quarkus-core:3.24.2 : Failed to compare JAR files: JAPICMP comparison failed for io.quarkus:quarkus-core
[2025-09-07 00:14:46] io.quarkus:quarkus-core:3.20.1 -> io.quarkus:quarkus-core:3.24.3 : Failed to compare JAR files: JAPICMP comparison failed for io.quarkus:quarkus-core
[2025-09-07 00:14:47] io.quarkus:quarkus-core:3.20.1 -> io.quarkus:quarkus-core:3.24.4 : Failed to compare JAR files: JAPICMP comparison failed for io.quarkus:quarkus-core
[2025-09-07 00:14:48] io.quarkus:quarkus-core:3.20.1 -> io.quarkus:quarkus-core:3.24.5 : Failed to compare JAR files: JAPICMP comparison failed for io.quarkus:quarkus-core
[2025-09-07 00:14:49] io.quarkus:quarkus-core:3.20.1 -> io.quarkus:quarkus-core:3.25.0.CR1 : Failed to compare JAR files: JAPICMP comparison failed for io.quarkus:quarkus-core
[2025-09-07 00:14:50] io.quarkus:quarkus-core:3.20.1 -> io.quarkus:quarkus-core:3.25.0 : Failed to compare JAR files: JAPICMP comparison failed for io.quarkus:quarkus-core
[2025-09-07 00:14:52] io.quarkus:quarkus-core:3.20.1 -> io.quarkus:quarkus-core:3.25.1 : Failed to compare JAR files: JAPICMP comparison failed for io.quarkus:quarkus-core
[2025-09-07 00:14:53] io.quarkus:quarkus-core:3.20.1 -> io.quarkus:quarkus-core:3.25.2 : Failed to compare JAR files: JAPICMP comparison failed for io.quarkus:quarkus-core
[2025-09-07 00:14:54] io.quarkus:quarkus-core:3.20.1 -> io.quarkus:quarkus-core:3.25.3 : Failed to compare JAR files: JAPICMP comparison failed for io.quarkus:quarkus-core
[2025-09-07 00:14:55] io.quarkus:quarkus-core:3.20.1 -> io.quarkus:quarkus-core:3.25.4 : Failed to compare JAR files: JAPICMP comparison failed for io.quarkus:quarkus-core
[2025-09-07 00:14:56] io.quarkus:quarkus-core:3.20.1 -> io.quarkus:quarkus-core:3.26.0.CR1 : Failed to compare JAR files: JAPICMP comparison failed for io.quarkus:quarkus-core
[2025-09-07 00:14:57] io.quarkus:quarkus-core:3.20.1 -> io.quarkus:quarkus-core:3.26.0 : Failed to compare JAR files: JAPICMP comparison failed for io.quarkus:quarkus-core
[2025-09-07 00:14:58] io.quarkus:quarkus-core:3.20.1 -> io.quarkus:quarkus-core:3.26.1 : Failed to compare JAR files: JAPICMP comparison failed for io.quarkus:quarkus-core
[2025-09-07 00:14:59] io.quarkus:quarkus-core:3.20.1 -> io.quarkus:quarkus-core:3.26.2 : Failed to compare JAR files: JAPICMP comparison failed for io.quarkus:quarkus-core
[2025-09-07 00:18:07] io.quarkus:quarkus-awt:3.20.1 -> io.quarkus:quarkus-awt:3.20.2 : Failed to compare JAR files: JAPICMP comparison failed for io.quarkus:quarkus-awt
[2025-09-07 00:18:09] io.quarkus:quarkus-awt:3.20.1 -> io.quarkus:quarkus-awt:3.20.2.1 : Failed to compare JAR files: JAPICMP comparison failed for io.quarkus:quarkus-awt
[2025-09-07 00:18:10] io.quarkus:quarkus-awt:3.20.1 -> io.quarkus:quarkus-awt:3.20.2.2 : Failed to compare JAR files: JAPICMP comparison failed for io.quarkus:quarkus-awt
[2025-09-07 00:18:13] io.quarkus:quarkus-awt:3.20.1 -> io.quarkus:quarkus-awt:3.21.0.CR1 : Failed to compare JAR files: JAPICMP comparison failed for io.quarkus:quarkus-awt
[2025-09-07 00:18:15] io.quarkus:quarkus-awt:3.20.1 -> io.quarkus:quarkus-awt:3.21.0 : Failed to compare JAR files: JAPICMP comparison failed for io.quarkus:quarkus-awt
[2025-09-07 00:18:17] io.quarkus:quarkus-awt:3.20.1 -> io.quarkus:quarkus-awt:3.21.1 : Failed to compare JAR files: JAPICMP comparison failed for io.quarkus:quarkus-awt
[2025-09-07 00:18:19] io.quarkus:quarkus-awt:3.20.1 -> io.quarkus:quarkus-awt:3.21.2 : Failed to compare JAR files: JAPICMP comparison failed for io.quarkus:quarkus-awt
[2025-09-07 00:18:21] io.quarkus:quarkus-awt:3.20.1 -> io.quarkus:quarkus-awt:3.21.3 : Failed to compare JAR files: JAPICMP comparison failed for io.quarkus:quarkus-awt
[2025-09-07 00:18:22] io.quarkus:quarkus-awt:3.20.1 -> io.quarkus:quarkus-awt:3.21.4 : Failed to compare JAR files: JAPICMP comparison failed for io.quarkus:quarkus-awt
[2025-09-07 00:18:25] io.quarkus:quarkus-awt:3.20.1 -> io.quarkus:quarkus-awt:3.22.0.CR1 : Failed to compare JAR files: JAPICMP comparison failed for io.quarkus:quarkus-awt
[2025-09-07 00:18:27] io.quarkus:quarkus-awt:3.20.1 -> io.quarkus:quarkus-awt:3.22.0 : Failed to compare JAR files: JAPICMP comparison failed for io.quarkus:quarkus-awt
[2025-09-07 00:18:29] io.quarkus:quarkus-awt:3.20.1 -> io.quarkus:quarkus-awt:3.22.1 : Failed to compare JAR files: JAPICMP comparison failed for io.quarkus:quarkus-awt
[2025-09-07 00:18:30] io.quarkus:quarkus-awt:3.20.1 -> io.quarkus:quarkus-awt:3.22.2 : Failed to compare JAR files: JAPICMP comparison failed for io.quarkus:quarkus-awt
[2025-09-07 00:18:32] io.quarkus:quarkus-awt:3.20.1 -> io.quarkus:quarkus-awt:3.22.3 : Failed to compare JAR files: JAPICMP comparison failed for io.quarkus:quarkus-awt
[2025-09-07 00:18:34] io.quarkus:quarkus-awt:3.20.1 -> io.quarkus:quarkus-awt:3.23.0.CR1 : Failed to compare JAR files: JAPICMP comparison failed for io.quarkus:quarkus-awt
[2025-09-07 00:18:36] io.quarkus:quarkus-awt:3.20.1 -> io.quarkus:quarkus-awt:3.23.0 : Failed to compare JAR files: JAPICMP comparison failed for io.quarkus:quarkus-awt
[2025-09-07 00:18:38] io.quarkus:quarkus-awt:3.20.1 -> io.quarkus:quarkus-awt:3.23.1 : Failed to compare JAR files: JAPICMP comparison failed for io.quarkus:quarkus-awt
[2025-09-07 00:18:40] io.quarkus:quarkus-awt:3.20.1 -> io.quarkus:quarkus-awt:3.23.2 : Failed to compare JAR files: JAPICMP comparison failed for io.quarkus:quarkus-awt
[2025-09-07 00:18:42] io.quarkus:quarkus-awt:3.20.1 -> io.quarkus:quarkus-awt:3.23.3 : Failed to compare JAR files: JAPICMP comparison failed for io.quarkus:quarkus-awt
[2025-09-07 00:18:43] io.quarkus:quarkus-awt:3.20.1 -> io.quarkus:quarkus-awt:3.23.4 : Failed to compare JAR files: JAPICMP comparison failed for io.quarkus:quarkus-awt
[2025-09-07 00:18:44] io.quarkus:quarkus-awt:3.20.1 -> io.quarkus:quarkus-awt:3.24.0.CR1 : Failed to compare JAR files: JAPICMP comparison failed for io.quarkus:quarkus-awt
[2025-09-07 00:18:45] io.quarkus:quarkus-awt:3.20.1 -> io.quarkus:quarkus-awt:3.24.0 : Failed to compare JAR files: JAPICMP comparison failed for io.quarkus:quarkus-awt
[2025-09-07 00:18:47] io.quarkus:quarkus-awt:3.20.1 -> io.quarkus:quarkus-awt:3.24.1 : Failed to compare JAR files: JAPICMP comparison failed for io.quarkus:quarkus-awt
[2025-09-07 00:18:48] io.quarkus:quarkus-awt:3.20.1 -> io.quarkus:quarkus-awt:3.24.2 : Failed to compare JAR files: JAPICMP comparison failed for io.quarkus:quarkus-awt
[2025-09-07 00:18:49] io.quarkus:quarkus-awt:3.20.1 -> io.quarkus:quarkus-awt:3.24.3 : Failed to compare JAR files: JAPICMP comparison failed for io.quarkus:quarkus-awt
[2025-09-07 00:18:51] io.quarkus:quarkus-awt:3.20.1 -> io.quarkus:quarkus-awt:3.24.4 : Failed to compare JAR files: JAPICMP comparison failed for io.quarkus:quarkus-awt
[2025-09-07 00:18:52] io.quarkus:quarkus-awt:3.20.1 -> io.quarkus:quarkus-awt:3.24.5 : Failed to compare JAR files: JAPICMP comparison failed for io.quarkus:quarkus-awt
[2025-09-07 00:18:54] io.quarkus:quarkus-awt:3.20.1 -> io.quarkus:quarkus-awt:3.25.0.CR1 : Failed to compare JAR files: JAPICMP comparison failed for io.quarkus:quarkus-awt
[2025-09-07 00:18:55] io.quarkus:quarkus-awt:3.20.1 -> io.quarkus:quarkus-awt:3.25.0 : Failed to compare JAR files: JAPICMP comparison failed for io.quarkus:quarkus-awt
[2025-09-07 00:18:57] io.quarkus:quarkus-awt:3.20.1 -> io.quarkus:quarkus-awt:3.25.1 : Failed to compare JAR files: JAPICMP comparison failed for io.quarkus:quarkus-awt
[2025-09-07 00:18:58] io.quarkus:quarkus-awt:3.20.1 -> io.quarkus:quarkus-awt:3.25.2 : Failed to compare JAR files: JAPICMP comparison failed for io.quarkus:quarkus-awt
[2025-09-07 00:18:59] io.quarkus:quarkus-awt:3.20.1 -> io.quarkus:quarkus-awt:3.25.3 : Failed to compare JAR files: JAPICMP comparison failed for io.quarkus:quarkus-awt
[2025-09-07 00:19:01] io.quarkus:quarkus-awt:3.20.1 -> io.quarkus:quarkus-awt:3.25.4 : Failed to compare JAR files: JAPICMP comparison failed for io.quarkus:quarkus-awt
[2025-09-07 00:19:02] io.quarkus:quarkus-awt:3.20.1 -> io.quarkus:quarkus-awt:3.26.0.CR1 : Failed to compare JAR files: JAPICMP comparison failed for io.quarkus:quarkus-awt
[2025-09-07 00:19:03] io.quarkus:quarkus-awt:3.20.1 -> io.quarkus:quarkus-awt:3.26.0 : Failed to compare JAR files: JAPICMP comparison failed for io.quarkus:quarkus-awt
[2025-09-07 00:19:04] io.quarkus:quarkus-awt:3.20.1 -> io.quarkus:quarkus-awt:3.26.1 : Failed to compare JAR files: JAPICMP comparison failed for io.quarkus:quarkus-awt
[2025-09-07 00:19:06] io.quarkus:quarkus-awt:3.20.1 -> io.quarkus:quarkus-awt:3.26.2 : Failed to compare JAR files: JAPICMP comparison failed for io.quarkus:quarkus-awt

=== Summary ===
Total comparisons: 427
Failures: 74
Success rate: 82.67%
=== Comparison Failure Log ===

=== Summary ===
Total comparisons: 558
Failures: 0
Success rate: 100.00%
=== Comparison Failure Log ===

=== Summary ===
Total comparisons: 427
Failures: 0
Success rate: 100.00%
