=== Comparison Failure Log ===
[2025-08-25 14:28:11] org.springframework:spring-context-support:6.2.5 -> org.springframework:spring-context-support:6.2.6 : Failed to compare JAR files: JAPICMP comparison failed for org.springframework:spring-context-support
[2025-08-25 14:28:11] org.springframework:spring-context-support:6.2.5 -> org.springframework:spring-context-support:6.2.7 : Failed to compare JAR files: JAPICMP comparison failed for org.springframework:spring-context-support
[2025-08-25 14:28:12] org.springframework:spring-context-support:6.2.5 -> org.springframework:spring-context-support:6.2.8 : Failed to compare JAR files: JAPICMP comparison failed for org.springframework:spring-context-support
[2025-08-25 14:28:12] org.springframework:spring-context-support:6.2.5 -> org.springframework:spring-context-support:6.2.9 : Failed to compare JAR files: JAPICMP comparison failed for org.springframework:spring-context-support
[2025-08-25 14:28:12] org.springframework:spring-context-support:6.2.5 -> org.springframework:spring-context-support:6.2.10 : Failed to compare JAR files: JAPICMP comparison failed for org.springframework:spring-context-support
[2025-08-25 14:28:12] org.springframework:spring-web:6.2.5 -> org.springframework:spring-web:6.2.6 : Failed to compare JAR files: JAPICMP comparison failed for org.springframework:spring-web
[2025-08-25 14:28:12] org.springframework:spring-web:6.2.5 -> org.springframework:spring-web:6.2.7 : Failed to compare JAR files: JAPICMP comparison failed for org.springframework:spring-web
[2025-08-25 14:28:12] org.springframework:spring-web:6.2.5 -> org.springframework:spring-web:6.2.8 : Failed to compare JAR files: JAPICMP comparison failed for org.springframework:spring-web
[2025-08-25 14:28:12] org.springframework:spring-web:6.2.5 -> org.springframework:spring-web:6.2.9 : Failed to compare JAR files: JAPICMP comparison failed for org.springframework:spring-web
[2025-08-25 14:28:12] org.springframework:spring-web:6.2.5 -> org.springframework:spring-web:6.2.10 : Failed to compare JAR files: JAPICMP comparison failed for org.springframework:spring-web
[2025-08-25 14:28:44] cn.hutool:hutool-all:5.8.35 -> cn.hutool:hutool-all:5.8.36 : Failed to compare JAR files: JAPICMP comparison failed for cn.hutool:hutool-all
[2025-08-25 14:28:45] cn.hutool:hutool-all:5.8.35 -> cn.hutool:hutool-all:5.8.37 : Failed to compare JAR files: JAPICMP comparison failed for cn.hutool:hutool-all
[2025-08-25 14:28:46] cn.hutool:hutool-all:5.8.35 -> cn.hutool:hutool-all:5.8.38 : Failed to compare JAR files: JAPICMP comparison failed for cn.hutool:hutool-all
[2025-08-25 14:28:48] cn.hutool:hutool-all:5.8.35 -> cn.hutool:hutool-all:5.8.39 : Failed to compare JAR files: JAPICMP comparison failed for cn.hutool:hutool-all
[2025-08-25 14:28:48] org.projectlombok:lombok:1.18.26 -> org.projectlombok:lombok:1.18.28 : Failed to compare JAR files: JAPICMP comparison failed for org.projectlombok:lombok
[2025-08-25 14:28:48] org.projectlombok:lombok:1.18.26 -> org.projectlombok:lombok:1.18.30 : Failed to compare JAR files: JAPICMP comparison failed for org.projectlombok:lombok
[2025-08-25 14:28:48] org.projectlombok:lombok:1.18.26 -> org.projectlombok:lombok:1.18.32 : Failed to compare JAR files: JAPICMP comparison failed for org.projectlombok:lombok
[2025-08-25 14:28:48] org.projectlombok:lombok:1.18.26 -> org.projectlombok:lombok:1.18.34 : Failed to compare JAR files: JAPICMP comparison failed for org.projectlombok:lombok
[2025-08-25 14:28:48] org.projectlombok:lombok:1.18.26 -> org.projectlombok:lombok:1.18.36 : Failed to compare JAR files: JAPICMP comparison failed for org.projectlombok:lombok
[2025-08-25 14:28:48] org.projectlombok:lombok:1.18.26 -> org.projectlombok:lombok:1.18.38 : Failed to compare JAR files: JAPICMP comparison failed for org.projectlombok:lombok
[2025-08-25 14:30:08] com.squareup.okhttp3:okhttp:4.10.0 -> com.squareup.okhttp3:okhttp:4.11.0 : Failed to compare JAR files: JAPICMP comparison failed for com.squareup.okhttp3:okhttp
[2025-08-25 14:30:09] com.squareup.okhttp3:okhttp:4.10.0 -> com.squareup.okhttp3:okhttp:4.12.0 : Failed to compare JAR files: JAPICMP comparison failed for com.squareup.okhttp3:okhttp

=== Summary ===
Total comparisons: 370
Failures: 22
Success rate: 94.05%
