=== Comparison Failure Log ===
[2025-09-07 03:52:38] ch.qos.logback:logback-classic:1.3.15 -> ch.qos.logback:logback-classic:1.4.0 : Failed to compare JAR files: JAPICMP comparison failed for ch.qos.logback:logback-classic
[2025-09-07 03:52:38] ch.qos.logback:logback-classic:1.3.15 -> ch.qos.logback:logback-classic:1.4.1 : Failed to compare JAR files: JAPICMP comparison failed for ch.qos.logback:logback-classic
[2025-09-07 03:52:38] ch.qos.logback:logback-classic:1.3.15 -> ch.qos.logback:logback-classic:1.4.2 : Failed to compare JAR files: JAPICMP comparison failed for ch.qos.logback:logback-classic
[2025-09-07 03:52:38] ch.qos.logback:logback-classic:1.3.15 -> ch.qos.logback:logback-classic:1.4.3 : Failed to compare JAR files: JAPICMP comparison failed for ch.qos.logback:logback-classic
[2025-09-07 03:52:39] ch.qos.logback:logback-classic:1.3.15 -> ch.qos.logback:logback-classic:1.4.4 : Failed to compare JAR files: JAPICMP comparison failed for ch.qos.logback:logback-classic
[2025-09-07 03:52:39] ch.qos.logback:logback-classic:1.3.15 -> ch.qos.logback:logback-classic:1.4.5 : Failed to compare JAR files: JAPICMP comparison failed for ch.qos.logback:logback-classic
[2025-09-07 03:52:39] ch.qos.logback:logback-classic:1.3.15 -> ch.qos.logback:logback-classic:1.4.6 : Failed to compare JAR files: JAPICMP comparison failed for ch.qos.logback:logback-classic
[2025-09-07 03:52:39] ch.qos.logback:logback-classic:1.3.15 -> ch.qos.logback:logback-classic:1.4.7 : Failed to compare JAR files: JAPICMP comparison failed for ch.qos.logback:logback-classic
[2025-09-07 03:52:39] ch.qos.logback:logback-classic:1.3.15 -> ch.qos.logback:logback-classic:1.4.8 : Failed to compare JAR files: JAPICMP comparison failed for ch.qos.logback:logback-classic
[2025-09-07 03:52:39] ch.qos.logback:logback-classic:1.3.15 -> ch.qos.logback:logback-classic:1.4.9 : Failed to compare JAR files: JAPICMP comparison failed for ch.qos.logback:logback-classic
[2025-09-07 03:52:39] ch.qos.logback:logback-classic:1.3.15 -> ch.qos.logback:logback-classic:1.4.10 : Failed to compare JAR files: JAPICMP comparison failed for ch.qos.logback:logback-classic
[2025-09-07 03:52:40] ch.qos.logback:logback-classic:1.3.15 -> ch.qos.logback:logback-classic:1.4.11 : Failed to compare JAR files: JAPICMP comparison failed for ch.qos.logback:logback-classic
[2025-09-07 03:52:40] ch.qos.logback:logback-classic:1.3.15 -> ch.qos.logback:logback-classic:1.4.12 : Failed to compare JAR files: JAPICMP comparison failed for ch.qos.logback:logback-classic
[2025-09-07 03:52:40] ch.qos.logback:logback-classic:1.3.15 -> ch.qos.logback:logback-classic:1.4.13 : Failed to compare JAR files: JAPICMP comparison failed for ch.qos.logback:logback-classic
[2025-09-07 03:52:40] ch.qos.logback:logback-classic:1.3.15 -> ch.qos.logback:logback-classic:1.4.14 : Failed to compare JAR files: JAPICMP comparison failed for ch.qos.logback:logback-classic
[2025-09-07 03:52:40] ch.qos.logback:logback-classic:1.3.15 -> ch.qos.logback:logback-classic:1.5.0 : Failed to compare JAR files: JAPICMP comparison failed for ch.qos.logback:logback-classic
[2025-09-07 03:52:40] ch.qos.logback:logback-classic:1.3.15 -> ch.qos.logback:logback-classic:1.5.1 : Failed to compare JAR files: JAPICMP comparison failed for ch.qos.logback:logback-classic
[2025-09-07 03:52:40] ch.qos.logback:logback-classic:1.3.15 -> ch.qos.logback:logback-classic:1.5.2 : Failed to compare JAR files: JAPICMP comparison failed for ch.qos.logback:logback-classic
[2025-09-07 03:52:40] ch.qos.logback:logback-classic:1.3.15 -> ch.qos.logback:logback-classic:1.5.3 : Failed to compare JAR files: JAPICMP comparison failed for ch.qos.logback:logback-classic
[2025-09-07 03:52:41] ch.qos.logback:logback-classic:1.3.15 -> ch.qos.logback:logback-classic:1.5.4 : Failed to compare JAR files: JAPICMP comparison failed for ch.qos.logback:logback-classic
[2025-09-07 03:52:41] ch.qos.logback:logback-classic:1.3.15 -> ch.qos.logback:logback-classic:1.5.5 : Failed to compare JAR files: JAPICMP comparison failed for ch.qos.logback:logback-classic
[2025-09-07 03:52:41] ch.qos.logback:logback-classic:1.3.15 -> ch.qos.logback:logback-classic:1.5.6 : Failed to compare JAR files: JAPICMP comparison failed for ch.qos.logback:logback-classic
[2025-09-07 03:52:41] ch.qos.logback:logback-classic:1.3.15 -> ch.qos.logback:logback-classic:1.5.7 : Failed to compare JAR files: JAPICMP comparison failed for ch.qos.logback:logback-classic
[2025-09-07 03:52:41] ch.qos.logback:logback-classic:1.3.15 -> ch.qos.logback:logback-classic:1.5.8 : Failed to compare JAR files: JAPICMP comparison failed for ch.qos.logback:logback-classic
[2025-09-07 03:52:41] ch.qos.logback:logback-classic:1.3.15 -> ch.qos.logback:logback-classic:1.5.9 : Failed to compare JAR files: JAPICMP comparison failed for ch.qos.logback:logback-classic
[2025-09-07 03:52:41] ch.qos.logback:logback-classic:1.3.15 -> ch.qos.logback:logback-classic:1.5.10 : Failed to compare JAR files: JAPICMP comparison failed for ch.qos.logback:logback-classic
[2025-09-07 03:52:41] ch.qos.logback:logback-classic:1.3.15 -> ch.qos.logback:logback-classic:1.5.11 : Failed to compare JAR files: JAPICMP comparison failed for ch.qos.logback:logback-classic
[2025-09-07 03:52:42] ch.qos.logback:logback-classic:1.3.15 -> ch.qos.logback:logback-classic:1.5.12 : Failed to compare JAR files: JAPICMP comparison failed for ch.qos.logback:logback-classic
[2025-09-07 03:52:42] ch.qos.logback:logback-classic:1.3.15 -> ch.qos.logback:logback-classic:1.5.13 : Failed to compare JAR files: JAPICMP comparison failed for ch.qos.logback:logback-classic
[2025-09-07 03:52:42] ch.qos.logback:logback-classic:1.3.15 -> ch.qos.logback:logback-classic:1.5.14 : Failed to compare JAR files: JAPICMP comparison failed for ch.qos.logback:logback-classic
[2025-09-07 03:52:42] ch.qos.logback:logback-classic:1.3.15 -> ch.qos.logback:logback-classic:1.5.15 : Failed to compare JAR files: JAPICMP comparison failed for ch.qos.logback:logback-classic
[2025-09-07 03:52:42] ch.qos.logback:logback-classic:1.3.15 -> ch.qos.logback:logback-classic:1.5.16 : Failed to compare JAR files: JAPICMP comparison failed for ch.qos.logback:logback-classic
[2025-09-07 03:52:42] ch.qos.logback:logback-classic:1.3.15 -> ch.qos.logback:logback-classic:1.5.17 : Failed to compare JAR files: JAPICMP comparison failed for ch.qos.logback:logback-classic
[2025-09-07 03:52:42] ch.qos.logback:logback-classic:1.3.15 -> ch.qos.logback:logback-classic:1.5.18 : Failed to compare JAR files: JAPICMP comparison failed for ch.qos.logback:logback-classic
[2025-09-07 03:53:02] org.apache.thrift:libthrift:0.15.0 -> org.apache.thrift:libthrift:0.16.0 : Failed to compare JAR files: JAPICMP comparison failed for org.apache.thrift:libthrift
[2025-09-07 03:53:02] org.apache.thrift:libthrift:0.15.0 -> org.apache.thrift:libthrift:0.17.0 : Failed to compare JAR files: JAPICMP comparison failed for org.apache.thrift:libthrift
[2025-09-07 03:53:02] org.apache.thrift:libthrift:0.15.0 -> org.apache.thrift:libthrift:0.18.0 : Failed to compare JAR files: JAPICMP comparison failed for org.apache.thrift:libthrift
[2025-09-07 03:53:02] org.apache.thrift:libthrift:0.15.0 -> org.apache.thrift:libthrift:0.18.1 : Failed to compare JAR files: JAPICMP comparison failed for org.apache.thrift:libthrift
[2025-09-07 03:53:02] org.apache.thrift:libthrift:0.15.0 -> org.apache.thrift:libthrift:0.19.0 : Failed to compare JAR files: JAPICMP comparison failed for org.apache.thrift:libthrift
[2025-09-07 03:53:02] org.apache.thrift:libthrift:0.15.0 -> org.apache.thrift:libthrift:0.20.0 : Failed to compare JAR files: JAPICMP comparison failed for org.apache.thrift:libthrift
[2025-09-07 03:53:02] org.apache.thrift:libthrift:0.15.0 -> org.apache.thrift:libthrift:0.21.0 : Failed to compare JAR files: JAPICMP comparison failed for org.apache.thrift:libthrift
[2025-09-07 03:53:02] org.apache.thrift:libthrift:0.15.0 -> org.apache.thrift:libthrift:0.22.0 : Failed to compare JAR files: JAPICMP comparison failed for org.apache.thrift:libthrift
[2025-09-07 03:53:50] org.mockito:mockito-core:2.23.4 -> org.mockito:mockito-core:2.24.0 : Failed to compare JAR files: JAPICMP comparison failed for org.mockito:mockito-core
[2025-09-07 03:53:51] org.mockito:mockito-core:2.23.4 -> org.mockito:mockito-core:2.24.5 : Failed to compare JAR files: JAPICMP comparison failed for org.mockito:mockito-core
[2025-09-07 03:53:51] org.mockito:mockito-core:2.23.4 -> org.mockito:mockito-core:2.25.0 : Failed to compare JAR files: JAPICMP comparison failed for org.mockito:mockito-core
[2025-09-07 03:53:52] org.mockito:mockito-core:2.23.4 -> org.mockito:mockito-core:2.25.1 : Failed to compare JAR files: JAPICMP comparison failed for org.mockito:mockito-core
[2025-09-07 03:53:54] org.mockito:mockito-core:2.23.4 -> org.mockito:mockito-core:2.26.0 : Failed to compare JAR files: JAPICMP comparison failed for org.mockito:mockito-core
[2025-09-07 03:53:55] org.mockito:mockito-core:2.23.4 -> org.mockito:mockito-core:2.27.0 : Failed to compare JAR files: JAPICMP comparison failed for org.mockito:mockito-core
[2025-09-07 03:53:56] org.mockito:mockito-core:2.23.4 -> org.mockito:mockito-core:2.28.1 : Failed to compare JAR files: JAPICMP comparison failed for org.mockito:mockito-core
[2025-09-07 03:53:56] org.mockito:mockito-core:2.23.4 -> org.mockito:mockito-core:2.28.2 : Failed to compare JAR files: JAPICMP comparison failed for org.mockito:mockito-core

=== Summary ===
Total comparisons: 124
Failures: 50
Success rate: 59.68%
