=== Comparison Failure Log ===
[2025-09-01 11:59:31] org.eclipse.jdt:ecj:3.26.0 -> org.eclipse.jdt:ecj:3.27.0 : Failed to compare JAR files: JAPICMP comparison failed for org.eclipse.jdt:ecj
[2025-09-01 11:59:32] org.eclipse.jdt:ecj:3.26.0 -> org.eclipse.jdt:ecj:3.28.0 : Failed to compare JAR files: JAPICMP comparison failed for org.eclipse.jdt:ecj
[2025-09-01 11:59:33] org.eclipse.jdt:ecj:3.26.0 -> org.eclipse.jdt:ecj:3.29.0 : Failed to compare JAR files: JAPICMP comparison failed for org.eclipse.jdt:ecj
[2025-09-01 11:59:34] org.eclipse.jdt:ecj:3.26.0 -> org.eclipse.jdt:ecj:3.30.0 : Failed to compare JAR files: JAPICMP comparison failed for org.eclipse.jdt:ecj
[2025-09-01 11:59:36] org.eclipse.jdt:ecj:3.26.0 -> org.eclipse.jdt:ecj:3.31.0 : Failed to compare JAR files: JAPICMP comparison failed for org.eclipse.jdt:ecj
[2025-09-01 11:59:37] org.eclipse.jdt:ecj:3.26.0 -> org.eclipse.jdt:ecj:3.32.0 : Failed to compare JAR files: JAPICMP comparison failed for org.eclipse.jdt:ecj
[2025-09-01 11:59:38] org.eclipse.jdt:ecj:3.26.0 -> org.eclipse.jdt:ecj:3.33.0 : Failed to compare JAR files: JAPICMP comparison failed for org.eclipse.jdt:ecj
[2025-09-01 11:59:39] org.eclipse.jdt:ecj:3.26.0 -> org.eclipse.jdt:ecj:3.34.0 : Failed to compare JAR files: JAPICMP comparison failed for org.eclipse.jdt:ecj
[2025-09-01 11:59:40] org.eclipse.jdt:ecj:3.26.0 -> org.eclipse.jdt:ecj:3.35.0 : Failed to compare JAR files: JAPICMP comparison failed for org.eclipse.jdt:ecj
[2025-09-01 11:59:41] org.eclipse.jdt:ecj:3.26.0 -> org.eclipse.jdt:ecj:3.36.0 : Failed to compare JAR files: JAPICMP comparison failed for org.eclipse.jdt:ecj
[2025-09-01 11:59:42] org.eclipse.jdt:ecj:3.26.0 -> org.eclipse.jdt:ecj:3.37.0 : Failed to compare JAR files: JAPICMP comparison failed for org.eclipse.jdt:ecj
[2025-09-01 11:59:43] org.eclipse.jdt:ecj:3.26.0 -> org.eclipse.jdt:ecj:3.38.0 : Failed to compare JAR files: JAPICMP comparison failed for org.eclipse.jdt:ecj
[2025-09-01 11:59:45] org.eclipse.jdt:ecj:3.26.0 -> org.eclipse.jdt:ecj:3.39.0 : Failed to compare JAR files: JAPICMP comparison failed for org.eclipse.jdt:ecj
[2025-09-01 11:59:45] org.eclipse.jdt:ecj:3.26.0 -> org.eclipse.jdt:ecj:3.40.0 : Failed to compare JAR files: JAPICMP comparison failed for org.eclipse.jdt:ecj
[2025-09-01 11:59:46] org.eclipse.jdt:ecj:3.26.0 -> org.eclipse.jdt:ecj:3.41.0 : Failed to compare JAR files: JAPICMP comparison failed for org.eclipse.jdt:ecj
[2025-09-01 11:59:47] org.eclipse.jdt:ecj:3.26.0 -> org.eclipse.jdt:ecj:3.42.0 : Failed to compare JAR files: JAPICMP comparison failed for org.eclipse.jdt:ecj

=== Summary ===
Total comparisons: 43
Failures: 16
Success rate: 62.79%
