=== Comparison Failure Log ===
[2025-09-01 12:29:51] org.apache.flink:flink-kubernetes:1.20.1 -> org.apache.flink:flink-kubernetes:1.20.2 : Failed to compare JAR files: JAPICMP comparison failed for org.apache.flink:flink-kubernetes
[2025-09-01 12:31:00] org.projectlombok:lombok:1.18.30 -> org.projectlombok:lombok:1.18.32 : Failed to compare JAR files: JAPICMP comparison failed for org.projectlombok:lombok
[2025-09-01 12:31:01] org.projectlombok:lombok:1.18.30 -> org.projectlombok:lombok:1.18.34 : Failed to compare JAR files: JAPICMP comparison failed for org.projectlombok:lombok
[2025-09-01 12:31:01] org.projectlombok:lombok:1.18.30 -> org.projectlombok:lombok:1.18.36 : Failed to compare JAR files: JAPICMP comparison failed for org.projectlombok:lombok
[2025-09-01 12:31:01] org.projectlombok:lombok:1.18.30 -> org.projectlombok:lombok:1.18.38 : Failed to compare JAR files: JAPICMP comparison failed for org.projectlombok:lombok
[2025-09-01 12:31:04] org.apache.logging.log4j:log4j-api:2.23.1 -> org.apache.logging.log4j:log4j-api:2.24.0 : Failed to compare JAR files: JAPICMP comparison failed for org.apache.logging.log4j:log4j-api
[2025-09-01 12:31:04] org.apache.logging.log4j:log4j-api:2.23.1 -> org.apache.logging.log4j:log4j-api:2.24.1 : Failed to compare JAR files: JAPICMP comparison failed for org.apache.logging.log4j:log4j-api
[2025-09-01 12:31:04] org.apache.logging.log4j:log4j-api:2.23.1 -> org.apache.logging.log4j:log4j-api:2.24.2 : Failed to compare JAR files: JAPICMP comparison failed for org.apache.logging.log4j:log4j-api
[2025-09-01 12:31:04] org.apache.logging.log4j:log4j-api:2.23.1 -> org.apache.logging.log4j:log4j-api:2.24.3 : Failed to compare JAR files: JAPICMP comparison failed for org.apache.logging.log4j:log4j-api
[2025-09-01 12:31:04] org.apache.logging.log4j:log4j-api:2.23.1 -> org.apache.logging.log4j:log4j-api:2.25.0 : Failed to compare JAR files: JAPICMP comparison failed for org.apache.logging.log4j:log4j-api
[2025-09-01 12:31:04] org.apache.logging.log4j:log4j-api:2.23.1 -> org.apache.logging.log4j:log4j-api:2.25.1 : Failed to compare JAR files: JAPICMP comparison failed for org.apache.logging.log4j:log4j-api
[2025-09-01 12:31:04] org.apache.logging.log4j:log4j-core:2.23.1 -> org.apache.logging.log4j:log4j-core:2.24.0 : Failed to compare JAR files: JAPICMP comparison failed for org.apache.logging.log4j:log4j-core
[2025-09-01 12:31:05] org.apache.logging.log4j:log4j-core:2.23.1 -> org.apache.logging.log4j:log4j-core:2.24.1 : Failed to compare JAR files: JAPICMP comparison failed for org.apache.logging.log4j:log4j-core
[2025-09-01 12:31:05] org.apache.logging.log4j:log4j-core:2.23.1 -> org.apache.logging.log4j:log4j-core:2.24.2 : Failed to compare JAR files: JAPICMP comparison failed for org.apache.logging.log4j:log4j-core
[2025-09-01 12:31:05] org.apache.logging.log4j:log4j-core:2.23.1 -> org.apache.logging.log4j:log4j-core:2.24.3 : Failed to compare JAR files: JAPICMP comparison failed for org.apache.logging.log4j:log4j-core
[2025-09-01 12:31:06] org.apache.logging.log4j:log4j-core:2.23.1 -> org.apache.logging.log4j:log4j-core:2.25.0 : Failed to compare JAR files: JAPICMP comparison failed for org.apache.logging.log4j:log4j-core
[2025-09-01 12:31:06] org.apache.logging.log4j:log4j-core:2.23.1 -> org.apache.logging.log4j:log4j-core:2.25.1 : Failed to compare JAR files: JAPICMP comparison failed for org.apache.logging.log4j:log4j-core
[2025-09-01 12:31:37] org.apache.curator:curator-test:5.7.0 -> org.apache.curator:curator-test:5.7.1 : Failed to compare JAR files: JAPICMP comparison failed for org.apache.curator:curator-test
[2025-09-01 12:31:39] org.apache.curator:curator-test:5.7.0 -> org.apache.curator:curator-test:5.8.0 : Failed to compare JAR files: JAPICMP comparison failed for org.apache.curator:curator-test
[2025-09-01 12:31:41] org.apache.curator:curator-test:5.7.0 -> org.apache.curator:curator-test:5.9.0 : Failed to compare JAR files: JAPICMP comparison failed for org.apache.curator:curator-test
[2025-09-01 12:31:41] org.junit.jupiter:junit-jupiter-params:5.9.3 -> org.junit.jupiter:junit-jupiter-params:5.10.0 : Failed to compare JAR files: JAPICMP comparison failed for org.junit.jupiter:junit-jupiter-params
[2025-09-01 12:31:41] org.junit.jupiter:junit-jupiter-params:5.9.3 -> org.junit.jupiter:junit-jupiter-params:5.10.1 : Failed to compare JAR files: JAPICMP comparison failed for org.junit.jupiter:junit-jupiter-params
[2025-09-01 12:31:41] org.junit.jupiter:junit-jupiter-params:5.9.3 -> org.junit.jupiter:junit-jupiter-params:5.10.2 : Failed to compare JAR files: JAPICMP comparison failed for org.junit.jupiter:junit-jupiter-params
[2025-09-01 12:31:41] org.junit.jupiter:junit-jupiter-params:5.9.3 -> org.junit.jupiter:junit-jupiter-params:5.10.3 : Failed to compare JAR files: JAPICMP comparison failed for org.junit.jupiter:junit-jupiter-params
[2025-09-01 12:31:41] org.junit.jupiter:junit-jupiter-params:5.9.3 -> org.junit.jupiter:junit-jupiter-params:5.10.4 : Failed to compare JAR files: JAPICMP comparison failed for org.junit.jupiter:junit-jupiter-params
[2025-09-01 12:31:41] org.junit.jupiter:junit-jupiter-params:5.9.3 -> org.junit.jupiter:junit-jupiter-params:5.10.5 : Failed to compare JAR files: JAPICMP comparison failed for org.junit.jupiter:junit-jupiter-params
[2025-09-01 12:31:41] org.junit.jupiter:junit-jupiter-params:5.9.3 -> org.junit.jupiter:junit-jupiter-params:5.11.0 : Failed to compare JAR files: JAPICMP comparison failed for org.junit.jupiter:junit-jupiter-params
[2025-09-01 12:31:41] org.junit.jupiter:junit-jupiter-params:5.9.3 -> org.junit.jupiter:junit-jupiter-params:5.11.1 : Failed to compare JAR files: JAPICMP comparison failed for org.junit.jupiter:junit-jupiter-params
[2025-09-01 12:31:42] org.junit.jupiter:junit-jupiter-params:5.9.3 -> org.junit.jupiter:junit-jupiter-params:5.11.2 : Failed to compare JAR files: JAPICMP comparison failed for org.junit.jupiter:junit-jupiter-params
[2025-09-01 12:31:42] org.junit.jupiter:junit-jupiter-params:5.9.3 -> org.junit.jupiter:junit-jupiter-params:5.11.3 : Failed to compare JAR files: JAPICMP comparison failed for org.junit.jupiter:junit-jupiter-params
[2025-09-01 12:31:42] org.junit.jupiter:junit-jupiter-params:5.9.3 -> org.junit.jupiter:junit-jupiter-params:5.11.4 : Failed to compare JAR files: JAPICMP comparison failed for org.junit.jupiter:junit-jupiter-params
[2025-09-01 12:31:42] org.junit.jupiter:junit-jupiter-params:5.9.3 -> org.junit.jupiter:junit-jupiter-params:5.12.0 : Failed to compare JAR files: JAPICMP comparison failed for org.junit.jupiter:junit-jupiter-params
[2025-09-01 12:31:42] org.junit.jupiter:junit-jupiter-params:5.9.3 -> org.junit.jupiter:junit-jupiter-params:5.12.1 : Failed to compare JAR files: JAPICMP comparison failed for org.junit.jupiter:junit-jupiter-params
[2025-09-01 12:31:42] org.junit.jupiter:junit-jupiter-params:5.9.3 -> org.junit.jupiter:junit-jupiter-params:5.12.2 : Failed to compare JAR files: JAPICMP comparison failed for org.junit.jupiter:junit-jupiter-params
[2025-09-01 12:31:42] org.junit.jupiter:junit-jupiter-params:5.9.3 -> org.junit.jupiter:junit-jupiter-params:5.13.0 : Failed to compare JAR files: JAPICMP comparison failed for org.junit.jupiter:junit-jupiter-params
[2025-09-01 12:31:42] org.junit.jupiter:junit-jupiter-params:5.9.3 -> org.junit.jupiter:junit-jupiter-params:5.13.1 : Failed to compare JAR files: JAPICMP comparison failed for org.junit.jupiter:junit-jupiter-params
[2025-09-01 12:31:42] org.junit.jupiter:junit-jupiter-params:5.9.3 -> org.junit.jupiter:junit-jupiter-params:5.13.2 : Failed to compare JAR files: JAPICMP comparison failed for org.junit.jupiter:junit-jupiter-params
[2025-09-01 12:31:42] org.junit.jupiter:junit-jupiter-params:5.9.3 -> org.junit.jupiter:junit-jupiter-params:5.13.3 : Failed to compare JAR files: JAPICMP comparison failed for org.junit.jupiter:junit-jupiter-params
[2025-09-01 12:31:42] org.junit.jupiter:junit-jupiter-params:5.9.3 -> org.junit.jupiter:junit-jupiter-params:5.13.4 : Failed to compare JAR files: JAPICMP comparison failed for org.junit.jupiter:junit-jupiter-params

=== Summary ===
Total comparisons: 144
Failures: 39
Success rate: 72.92%
