=== Comparison Failure Log ===
[2025-09-10 12:16:01] org.springframework:spring-context:5.3.31 -> org.springframework:spring-context:5.3.32 : Failed to compare JAR files: JAPICMP comparison failed for org.springframework:spring-context
[2025-09-10 12:16:01] org.springframework:spring-context:5.3.31 -> org.springframework:spring-context:5.3.33 : Failed to compare JAR files: JAPICMP comparison failed for org.springframework:spring-context
[2025-09-10 12:16:02] org.springframework:spring-context:5.3.31 -> org.springframework:spring-context:5.3.34 : Failed to compare JAR files: JAPICMP comparison failed for org.springframework:spring-context
[2025-09-10 12:16:02] org.springframework:spring-context:5.3.31 -> org.springframework:spring-context:5.3.35 : Failed to compare JAR files: JAPICMP comparison failed for org.springframework:spring-context
[2025-09-10 12:16:03] org.springframework:spring-context:5.3.31 -> org.springframework:spring-context:5.3.36 : Failed to compare JAR files: JAPICMP comparison failed for org.springframework:spring-context
[2025-09-10 12:16:03] org.springframework:spring-context:5.3.31 -> org.springframework:spring-context:5.3.37 : Failed to compare JAR files: JAPICMP comparison failed for org.springframework:spring-context
[2025-09-10 12:16:04] org.springframework:spring-context:5.3.31 -> org.springframework:spring-context:5.3.38 : Failed to compare JAR files: JAPICMP comparison failed for org.springframework:spring-context
[2025-09-10 12:16:04] org.springframework:spring-context:5.3.31 -> org.springframework:spring-context:5.3.39 : Failed to compare JAR files: JAPICMP comparison failed for org.springframework:spring-context
[2025-09-10 12:16:05] org.springframework:spring-context-support:5.3.31 -> org.springframework:spring-context-support:5.3.32 : Failed to compare JAR files: JAPICMP comparison failed for org.springframework:spring-context-support
[2025-09-10 12:16:06] org.springframework:spring-context-support:5.3.31 -> org.springframework:spring-context-support:5.3.33 : Failed to compare JAR files: JAPICMP comparison failed for org.springframework:spring-context-support
[2025-09-10 12:16:07] org.springframework:spring-context-support:5.3.31 -> org.springframework:spring-context-support:5.3.34 : Failed to compare JAR files: JAPICMP comparison failed for org.springframework:spring-context-support
[2025-09-10 12:16:08] org.springframework:spring-context-support:5.3.31 -> org.springframework:spring-context-support:5.3.35 : Failed to compare JAR files: JAPICMP comparison failed for org.springframework:spring-context-support
[2025-09-10 12:16:09] org.springframework:spring-context-support:5.3.31 -> org.springframework:spring-context-support:5.3.36 : Failed to compare JAR files: JAPICMP comparison failed for org.springframework:spring-context-support
[2025-09-10 12:16:10] org.springframework:spring-context-support:5.3.31 -> org.springframework:spring-context-support:5.3.37 : Failed to compare JAR files: JAPICMP comparison failed for org.springframework:spring-context-support
[2025-09-10 12:16:11] org.springframework:spring-context-support:5.3.31 -> org.springframework:spring-context-support:5.3.38 : Failed to compare JAR files: JAPICMP comparison failed for org.springframework:spring-context-support
[2025-09-10 12:16:12] org.springframework:spring-context-support:5.3.31 -> org.springframework:spring-context-support:5.3.39 : Failed to compare JAR files: JAPICMP comparison failed for org.springframework:spring-context-support
[2025-09-10 12:16:13] org.springframework:spring-test:5.3.31 -> org.springframework:spring-test:5.3.32 : Failed to compare JAR files: JAPICMP comparison failed for org.springframework:spring-test
[2025-09-10 12:16:14] org.springframework:spring-test:5.3.31 -> org.springframework:spring-test:5.3.33 : Failed to compare JAR files: JAPICMP comparison failed for org.springframework:spring-test
[2025-09-10 12:16:15] org.springframework:spring-test:5.3.31 -> org.springframework:spring-test:5.3.34 : Failed to compare JAR files: JAPICMP comparison failed for org.springframework:spring-test
[2025-09-10 12:16:16] org.springframework:spring-test:5.3.31 -> org.springframework:spring-test:5.3.35 : Failed to compare JAR files: JAPICMP comparison failed for org.springframework:spring-test
[2025-09-10 12:16:17] org.springframework:spring-test:5.3.31 -> org.springframework:spring-test:5.3.36 : Failed to compare JAR files: JAPICMP comparison failed for org.springframework:spring-test
[2025-09-10 12:16:18] org.springframework:spring-test:5.3.31 -> org.springframework:spring-test:5.3.37 : Failed to compare JAR files: JAPICMP comparison failed for org.springframework:spring-test
[2025-09-10 12:16:19] org.springframework:spring-test:5.3.31 -> org.springframework:spring-test:5.3.38 : Failed to compare JAR files: JAPICMP comparison failed for org.springframework:spring-test
[2025-09-10 12:16:19] org.springframework:spring-test:5.3.31 -> org.springframework:spring-test:5.3.39 : Failed to compare JAR files: JAPICMP comparison failed for org.springframework:spring-test
[2025-09-10 12:16:19] org.projectlombok:lombok:1.18.30 -> org.projectlombok:lombok:1.18.32 : Failed to compare JAR files: JAPICMP comparison failed for org.projectlombok:lombok
[2025-09-10 12:16:19] org.projectlombok:lombok:1.18.30 -> org.projectlombok:lombok:1.18.34 : Failed to compare JAR files: JAPICMP comparison failed for org.projectlombok:lombok
[2025-09-10 12:16:19] org.projectlombok:lombok:1.18.30 -> org.projectlombok:lombok:1.18.36 : Failed to compare JAR files: JAPICMP comparison failed for org.projectlombok:lombok
[2025-09-10 12:16:19] org.projectlombok:lombok:1.18.30 -> org.projectlombok:lombok:1.18.38 : Failed to compare JAR files: JAPICMP comparison failed for org.projectlombok:lombok
[2025-09-10 12:16:19] org.projectlombok:lombok:1.18.30 -> org.projectlombok:lombok:1.18.40 : Failed to compare JAR files: JAPICMP comparison failed for org.projectlombok:lombok
[2025-09-10 12:16:34] org.mockito:mockito-core:4.5.1 -> org.mockito:mockito-core:4.6.0 : Failed to compare JAR files: JAPICMP comparison failed for org.mockito:mockito-core
[2025-09-10 12:16:34] org.mockito:mockito-core:4.5.1 -> org.mockito:mockito-core:4.6.1 : Failed to compare JAR files: JAPICMP comparison failed for org.mockito:mockito-core
[2025-09-10 12:16:34] org.mockito:mockito-core:4.5.1 -> org.mockito:mockito-core:4.7.0 : Failed to compare JAR files: JAPICMP comparison failed for org.mockito:mockito-core
[2025-09-10 12:16:35] org.mockito:mockito-core:4.5.1 -> org.mockito:mockito-core:4.8.0 : Failed to compare JAR files: JAPICMP comparison failed for org.mockito:mockito-core
[2025-09-10 12:16:35] org.mockito:mockito-core:4.5.1 -> org.mockito:mockito-core:4.8.1 : Failed to compare JAR files: JAPICMP comparison failed for org.mockito:mockito-core
[2025-09-10 12:16:35] org.mockito:mockito-core:4.5.1 -> org.mockito:mockito-core:4.9.0 : Failed to compare JAR files: JAPICMP comparison failed for org.mockito:mockito-core
[2025-09-10 12:16:35] org.mockito:mockito-core:4.5.1 -> org.mockito:mockito-core:4.10.0 : Failed to compare JAR files: JAPICMP comparison failed for org.mockito:mockito-core
[2025-09-10 12:16:35] org.mockito:mockito-core:4.5.1 -> org.mockito:mockito-core:4.11.0 : Failed to compare JAR files: JAPICMP comparison failed for org.mockito:mockito-core
[2025-09-10 12:16:44] ch.qos.logback:logback-classic:1.3.0 -> ch.qos.logback:logback-classic:1.3.1 : Failed to compare JAR files: JAPICMP comparison failed for ch.qos.logback:logback-classic
[2025-09-10 12:16:44] ch.qos.logback:logback-classic:1.3.0 -> ch.qos.logback:logback-classic:1.3.2 : Failed to compare JAR files: JAPICMP comparison failed for ch.qos.logback:logback-classic
[2025-09-10 12:16:44] ch.qos.logback:logback-classic:1.3.0 -> ch.qos.logback:logback-classic:1.3.3 : Failed to compare JAR files: JAPICMP comparison failed for ch.qos.logback:logback-classic
[2025-09-10 12:16:44] ch.qos.logback:logback-classic:1.3.0 -> ch.qos.logback:logback-classic:1.3.4 : Failed to compare JAR files: JAPICMP comparison failed for ch.qos.logback:logback-classic
[2025-09-10 12:16:44] ch.qos.logback:logback-classic:1.3.0 -> ch.qos.logback:logback-classic:1.3.5 : Failed to compare JAR files: JAPICMP comparison failed for ch.qos.logback:logback-classic
[2025-09-10 12:16:44] ch.qos.logback:logback-classic:1.3.0 -> ch.qos.logback:logback-classic:1.3.6 : Failed to compare JAR files: JAPICMP comparison failed for ch.qos.logback:logback-classic
[2025-09-10 12:16:44] ch.qos.logback:logback-classic:1.3.0 -> ch.qos.logback:logback-classic:1.3.7 : Failed to compare JAR files: JAPICMP comparison failed for ch.qos.logback:logback-classic
[2025-09-10 12:16:45] ch.qos.logback:logback-classic:1.3.0 -> ch.qos.logback:logback-classic:1.3.8 : Failed to compare JAR files: JAPICMP comparison failed for ch.qos.logback:logback-classic
[2025-09-10 12:16:45] ch.qos.logback:logback-classic:1.3.0 -> ch.qos.logback:logback-classic:1.3.9 : Failed to compare JAR files: JAPICMP comparison failed for ch.qos.logback:logback-classic
[2025-09-10 12:16:45] ch.qos.logback:logback-classic:1.3.0 -> ch.qos.logback:logback-classic:1.3.10 : Failed to compare JAR files: JAPICMP comparison failed for ch.qos.logback:logback-classic
[2025-09-10 12:16:45] ch.qos.logback:logback-classic:1.3.0 -> ch.qos.logback:logback-classic:1.3.11 : Failed to compare JAR files: JAPICMP comparison failed for ch.qos.logback:logback-classic
[2025-09-10 12:16:45] ch.qos.logback:logback-classic:1.3.0 -> ch.qos.logback:logback-classic:1.3.12 : Failed to compare JAR files: JAPICMP comparison failed for ch.qos.logback:logback-classic
[2025-09-10 12:16:45] ch.qos.logback:logback-classic:1.3.0 -> ch.qos.logback:logback-classic:1.3.13 : Failed to compare JAR files: JAPICMP comparison failed for ch.qos.logback:logback-classic
[2025-09-10 12:16:45] ch.qos.logback:logback-classic:1.3.0 -> ch.qos.logback:logback-classic:1.3.14 : Failed to compare JAR files: JAPICMP comparison failed for ch.qos.logback:logback-classic
[2025-09-10 12:16:45] ch.qos.logback:logback-classic:1.3.0 -> ch.qos.logback:logback-classic:1.3.15 : Failed to compare JAR files: JAPICMP comparison failed for ch.qos.logback:logback-classic
[2025-09-10 12:16:46] ch.qos.logback:logback-classic:1.3.0 -> ch.qos.logback:logback-classic:1.4.0 : Failed to compare JAR files: JAPICMP comparison failed for ch.qos.logback:logback-classic
[2025-09-10 12:16:46] ch.qos.logback:logback-classic:1.3.0 -> ch.qos.logback:logback-classic:1.4.1 : Failed to compare JAR files: JAPICMP comparison failed for ch.qos.logback:logback-classic
[2025-09-10 12:16:46] ch.qos.logback:logback-classic:1.3.0 -> ch.qos.logback:logback-classic:1.4.2 : Failed to compare JAR files: JAPICMP comparison failed for ch.qos.logback:logback-classic
[2025-09-10 12:16:46] ch.qos.logback:logback-classic:1.3.0 -> ch.qos.logback:logback-classic:1.4.3 : Failed to compare JAR files: JAPICMP comparison failed for ch.qos.logback:logback-classic
[2025-09-10 12:16:46] ch.qos.logback:logback-classic:1.3.0 -> ch.qos.logback:logback-classic:1.4.4 : Failed to compare JAR files: JAPICMP comparison failed for ch.qos.logback:logback-classic
[2025-09-10 12:16:46] ch.qos.logback:logback-classic:1.3.0 -> ch.qos.logback:logback-classic:1.4.5 : Failed to compare JAR files: JAPICMP comparison failed for ch.qos.logback:logback-classic
[2025-09-10 12:16:46] ch.qos.logback:logback-classic:1.3.0 -> ch.qos.logback:logback-classic:1.4.6 : Failed to compare JAR files: JAPICMP comparison failed for ch.qos.logback:logback-classic
[2025-09-10 12:16:46] ch.qos.logback:logback-classic:1.3.0 -> ch.qos.logback:logback-classic:1.4.7 : Failed to compare JAR files: JAPICMP comparison failed for ch.qos.logback:logback-classic
[2025-09-10 12:16:46] ch.qos.logback:logback-classic:1.3.0 -> ch.qos.logback:logback-classic:1.4.8 : Failed to compare JAR files: JAPICMP comparison failed for ch.qos.logback:logback-classic
[2025-09-10 12:16:47] ch.qos.logback:logback-classic:1.3.0 -> ch.qos.logback:logback-classic:1.4.9 : Failed to compare JAR files: JAPICMP comparison failed for ch.qos.logback:logback-classic
[2025-09-10 12:16:47] ch.qos.logback:logback-classic:1.3.0 -> ch.qos.logback:logback-classic:1.4.10 : Failed to compare JAR files: JAPICMP comparison failed for ch.qos.logback:logback-classic
[2025-09-10 12:16:47] ch.qos.logback:logback-classic:1.3.0 -> ch.qos.logback:logback-classic:1.4.11 : Failed to compare JAR files: JAPICMP comparison failed for ch.qos.logback:logback-classic
[2025-09-10 12:16:47] ch.qos.logback:logback-classic:1.3.0 -> ch.qos.logback:logback-classic:1.4.12 : Failed to compare JAR files: JAPICMP comparison failed for ch.qos.logback:logback-classic
[2025-09-10 12:16:47] ch.qos.logback:logback-classic:1.3.0 -> ch.qos.logback:logback-classic:1.4.13 : Failed to compare JAR files: JAPICMP comparison failed for ch.qos.logback:logback-classic
[2025-09-10 12:16:47] ch.qos.logback:logback-classic:1.3.0 -> ch.qos.logback:logback-classic:1.4.14 : Failed to compare JAR files: JAPICMP comparison failed for ch.qos.logback:logback-classic
[2025-09-10 12:16:47] ch.qos.logback:logback-classic:1.3.0 -> ch.qos.logback:logback-classic:1.5.0 : Failed to compare JAR files: JAPICMP comparison failed for ch.qos.logback:logback-classic
[2025-09-10 12:16:47] ch.qos.logback:logback-classic:1.3.0 -> ch.qos.logback:logback-classic:1.5.1 : Failed to compare JAR files: JAPICMP comparison failed for ch.qos.logback:logback-classic
[2025-09-10 12:16:48] ch.qos.logback:logback-classic:1.3.0 -> ch.qos.logback:logback-classic:1.5.2 : Failed to compare JAR files: JAPICMP comparison failed for ch.qos.logback:logback-classic
[2025-09-10 12:16:48] ch.qos.logback:logback-classic:1.3.0 -> ch.qos.logback:logback-classic:1.5.3 : Failed to compare JAR files: JAPICMP comparison failed for ch.qos.logback:logback-classic
[2025-09-10 12:16:48] ch.qos.logback:logback-classic:1.3.0 -> ch.qos.logback:logback-classic:1.5.4 : Failed to compare JAR files: JAPICMP comparison failed for ch.qos.logback:logback-classic
[2025-09-10 12:16:48] ch.qos.logback:logback-classic:1.3.0 -> ch.qos.logback:logback-classic:1.5.5 : Failed to compare JAR files: JAPICMP comparison failed for ch.qos.logback:logback-classic
[2025-09-10 12:16:48] ch.qos.logback:logback-classic:1.3.0 -> ch.qos.logback:logback-classic:1.5.6 : Failed to compare JAR files: JAPICMP comparison failed for ch.qos.logback:logback-classic
[2025-09-10 12:16:48] ch.qos.logback:logback-classic:1.3.0 -> ch.qos.logback:logback-classic:1.5.7 : Failed to compare JAR files: JAPICMP comparison failed for ch.qos.logback:logback-classic
[2025-09-10 12:16:48] ch.qos.logback:logback-classic:1.3.0 -> ch.qos.logback:logback-classic:1.5.8 : Failed to compare JAR files: JAPICMP comparison failed for ch.qos.logback:logback-classic
[2025-09-10 12:16:48] ch.qos.logback:logback-classic:1.3.0 -> ch.qos.logback:logback-classic:1.5.9 : Failed to compare JAR files: JAPICMP comparison failed for ch.qos.logback:logback-classic
[2025-09-10 12:16:49] ch.qos.logback:logback-classic:1.3.0 -> ch.qos.logback:logback-classic:1.5.10 : Failed to compare JAR files: JAPICMP comparison failed for ch.qos.logback:logback-classic
[2025-09-10 12:16:49] ch.qos.logback:logback-classic:1.3.0 -> ch.qos.logback:logback-classic:1.5.11 : Failed to compare JAR files: JAPICMP comparison failed for ch.qos.logback:logback-classic
[2025-09-10 12:16:49] ch.qos.logback:logback-classic:1.3.0 -> ch.qos.logback:logback-classic:1.5.12 : Failed to compare JAR files: JAPICMP comparison failed for ch.qos.logback:logback-classic
[2025-09-10 12:16:49] ch.qos.logback:logback-classic:1.3.0 -> ch.qos.logback:logback-classic:1.5.13 : Failed to compare JAR files: JAPICMP comparison failed for ch.qos.logback:logback-classic
[2025-09-10 12:16:49] ch.qos.logback:logback-classic:1.3.0 -> ch.qos.logback:logback-classic:1.5.14 : Failed to compare JAR files: JAPICMP comparison failed for ch.qos.logback:logback-classic
[2025-09-10 12:16:49] ch.qos.logback:logback-classic:1.3.0 -> ch.qos.logback:logback-classic:1.5.15 : Failed to compare JAR files: JAPICMP comparison failed for ch.qos.logback:logback-classic
[2025-09-10 12:16:49] ch.qos.logback:logback-classic:1.3.0 -> ch.qos.logback:logback-classic:1.5.16 : Failed to compare JAR files: JAPICMP comparison failed for ch.qos.logback:logback-classic
[2025-09-10 12:16:49] ch.qos.logback:logback-classic:1.3.0 -> ch.qos.logback:logback-classic:1.5.17 : Failed to compare JAR files: JAPICMP comparison failed for ch.qos.logback:logback-classic
[2025-09-10 12:16:50] ch.qos.logback:logback-classic:1.3.0 -> ch.qos.logback:logback-classic:1.5.18 : Failed to compare JAR files: JAPICMP comparison failed for ch.qos.logback:logback-classic

=== Summary ===
Total comparisons: 288
Failures: 86
Success rate: 70.14%
