=== Comparison Failure Log ===
[2025-09-13 02:20:36] org.redisson:redisson:3.23.3 -> org.redisson:redisson:3.23.4 : Failed to compare JAR files: JAPICMP comparison failed for org.redisson:redisson
[2025-09-13 02:20:38] org.redisson:redisson:3.23.3 -> org.redisson:redisson:3.23.5 : Failed to compare JAR files: JAPICMP comparison failed for org.redisson:redisson
[2025-09-13 02:20:39] org.redisson:redisson:3.23.3 -> org.redisson:redisson:3.24.0 : Failed to compare JAR files: JAPICMP comparison failed for org.redisson:redisson
[2025-09-13 02:20:40] org.redisson:redisson:3.23.3 -> org.redisson:redisson:3.24.1 : Failed to compare JAR files: JAPICMP comparison failed for org.redisson:redisson
[2025-09-13 02:20:41] org.redisson:redisson:3.23.3 -> org.redisson:redisson:3.24.2 : Failed to compare JAR files: JAPICMP comparison failed for org.redisson:redisson
[2025-09-13 02:20:42] org.redisson:redisson:3.23.3 -> org.redisson:redisson:3.24.3 : Failed to compare JAR files: JAPICMP comparison failed for org.redisson:redisson
[2025-09-13 02:20:44] org.redisson:redisson:3.23.3 -> org.redisson:redisson:3.25.0 : Failed to compare JAR files: JAPICMP comparison failed for org.redisson:redisson
[2025-09-13 02:20:45] org.redisson:redisson:3.23.3 -> org.redisson:redisson:3.25.1 : Failed to compare JAR files: JAPICMP comparison failed for org.redisson:redisson
[2025-09-13 02:20:46] org.redisson:redisson:3.23.3 -> org.redisson:redisson:3.25.2 : Failed to compare JAR files: JAPICMP comparison failed for org.redisson:redisson
[2025-09-13 02:20:48] org.redisson:redisson:3.23.3 -> org.redisson:redisson:3.26.0 : Failed to compare JAR files: JAPICMP comparison failed for org.redisson:redisson
[2025-09-13 02:20:50] org.redisson:redisson:3.23.3 -> org.redisson:redisson:3.26.1 : Failed to compare JAR files: JAPICMP comparison failed for org.redisson:redisson
[2025-09-13 02:20:52] org.redisson:redisson:3.23.3 -> org.redisson:redisson:3.27.0 : Failed to compare JAR files: JAPICMP comparison failed for org.redisson:redisson
[2025-09-13 02:20:53] org.redisson:redisson:3.23.3 -> org.redisson:redisson:3.27.1 : Failed to compare JAR files: JAPICMP comparison failed for org.redisson:redisson
[2025-09-13 02:20:54] org.redisson:redisson:3.23.3 -> org.redisson:redisson:3.27.2 : Failed to compare JAR files: JAPICMP comparison failed for org.redisson:redisson
[2025-09-13 02:20:56] org.redisson:redisson:3.23.3 -> org.redisson:redisson:3.28.0 : Failed to compare JAR files: JAPICMP comparison failed for org.redisson:redisson
[2025-09-13 02:20:58] org.redisson:redisson:3.23.3 -> org.redisson:redisson:3.29.0 : Failed to compare JAR files: JAPICMP comparison failed for org.redisson:redisson
[2025-09-13 02:20:59] org.redisson:redisson:3.23.3 -> org.redisson:redisson:3.30.0 : Failed to compare JAR files: JAPICMP comparison failed for org.redisson:redisson
[2025-09-13 02:21:00] org.redisson:redisson:3.23.3 -> org.redisson:redisson:3.31.0 : Failed to compare JAR files: JAPICMP comparison failed for org.redisson:redisson
[2025-09-13 02:21:01] org.redisson:redisson:3.23.3 -> org.redisson:redisson:3.32.0 : Failed to compare JAR files: JAPICMP comparison failed for org.redisson:redisson
[2025-09-13 02:21:03] org.redisson:redisson:3.23.3 -> org.redisson:redisson:3.33.0 : Failed to compare JAR files: JAPICMP comparison failed for org.redisson:redisson
[2025-09-13 02:21:05] org.redisson:redisson:3.23.3 -> org.redisson:redisson:3.34.0 : Failed to compare JAR files: JAPICMP comparison failed for org.redisson:redisson
[2025-09-13 02:21:06] org.redisson:redisson:3.23.3 -> org.redisson:redisson:3.34.1 : Failed to compare JAR files: JAPICMP comparison failed for org.redisson:redisson
[2025-09-13 02:21:07] org.redisson:redisson:3.23.3 -> org.redisson:redisson:3.35.0 : Failed to compare JAR files: JAPICMP comparison failed for org.redisson:redisson
[2025-09-13 02:21:08] org.redisson:redisson:3.23.3 -> org.redisson:redisson:3.36.0 : Failed to compare JAR files: JAPICMP comparison failed for org.redisson:redisson
[2025-09-13 02:21:09] org.redisson:redisson:3.23.3 -> org.redisson:redisson:3.37.0 : Failed to compare JAR files: JAPICMP comparison failed for org.redisson:redisson
[2025-09-13 02:21:11] org.redisson:redisson:3.23.3 -> org.redisson:redisson:3.38.0 : Failed to compare JAR files: JAPICMP comparison failed for org.redisson:redisson
[2025-09-13 02:21:12] org.redisson:redisson:3.23.3 -> org.redisson:redisson:3.38.1 : Failed to compare JAR files: JAPICMP comparison failed for org.redisson:redisson
[2025-09-13 02:21:14] org.redisson:redisson:3.23.3 -> org.redisson:redisson:3.39.0 : Failed to compare JAR files: JAPICMP comparison failed for org.redisson:redisson
[2025-09-13 02:21:15] org.redisson:redisson:3.23.3 -> org.redisson:redisson:3.40.0 : Failed to compare JAR files: JAPICMP comparison failed for org.redisson:redisson
[2025-09-13 02:21:16] org.redisson:redisson:3.23.3 -> org.redisson:redisson:3.40.1 : Failed to compare JAR files: JAPICMP comparison failed for org.redisson:redisson
[2025-09-13 02:21:17] org.redisson:redisson:3.23.3 -> org.redisson:redisson:3.40.2 : Failed to compare JAR files: JAPICMP comparison failed for org.redisson:redisson
[2025-09-13 02:21:19] org.redisson:redisson:3.23.3 -> org.redisson:redisson:3.41.0 : Failed to compare JAR files: JAPICMP comparison failed for org.redisson:redisson
[2025-09-13 02:21:20] org.redisson:redisson:3.23.3 -> org.redisson:redisson:3.42.0 : Failed to compare JAR files: JAPICMP comparison failed for org.redisson:redisson
[2025-09-13 02:21:21] org.redisson:redisson:3.23.3 -> org.redisson:redisson:3.43.0 : Failed to compare JAR files: JAPICMP comparison failed for org.redisson:redisson
[2025-09-13 02:21:22] org.redisson:redisson:3.23.3 -> org.redisson:redisson:3.44.0 : Failed to compare JAR files: JAPICMP comparison failed for org.redisson:redisson
[2025-09-13 02:21:23] org.redisson:redisson:3.23.3 -> org.redisson:redisson:3.45.0 : Failed to compare JAR files: JAPICMP comparison failed for org.redisson:redisson
[2025-09-13 02:21:24] org.redisson:redisson:3.23.3 -> org.redisson:redisson:3.45.1 : Failed to compare JAR files: JAPICMP comparison failed for org.redisson:redisson
[2025-09-13 02:21:25] org.redisson:redisson:3.23.3 -> org.redisson:redisson:3.46.0 : Failed to compare JAR files: JAPICMP comparison failed for org.redisson:redisson
[2025-09-13 02:21:27] org.redisson:redisson:3.23.3 -> org.redisson:redisson:3.47.0 : Failed to compare JAR files: JAPICMP comparison failed for org.redisson:redisson
[2025-09-13 02:21:27] org.redisson:redisson:3.23.3 -> org.redisson:redisson:3.48.0 : Failed to compare JAR files: JAPICMP comparison failed for org.redisson:redisson
[2025-09-13 02:21:31] org.redisson:redisson:3.23.3 -> org.redisson:redisson:3.49.0 : Failed to compare JAR files: JAPICMP comparison failed for org.redisson:redisson
[2025-09-13 02:21:32] org.redisson:redisson:3.23.3 -> org.redisson:redisson:3.50.0 : Failed to compare JAR files: JAPICMP comparison failed for org.redisson:redisson
[2025-09-13 02:21:34] org.redisson:redisson:3.23.3 -> org.redisson:redisson:3.51.0 : Failed to compare JAR files: JAPICMP comparison failed for org.redisson:redisson
[2025-09-13 02:21:37] org.projectlombok:lombok:1.18.30 -> org.projectlombok:lombok:1.18.32 : Failed to compare JAR files: JAPICMP comparison failed for org.projectlombok:lombok
[2025-09-13 02:21:37] org.projectlombok:lombok:1.18.30 -> org.projectlombok:lombok:1.18.34 : Failed to compare JAR files: JAPICMP comparison failed for org.projectlombok:lombok
[2025-09-13 02:21:37] org.projectlombok:lombok:1.18.30 -> org.projectlombok:lombok:1.18.36 : Failed to compare JAR files: JAPICMP comparison failed for org.projectlombok:lombok
[2025-09-13 02:21:37] org.projectlombok:lombok:1.18.30 -> org.projectlombok:lombok:1.18.38 : Failed to compare JAR files: JAPICMP comparison failed for org.projectlombok:lombok
[2025-09-13 02:21:37] org.projectlombok:lombok:1.18.30 -> org.projectlombok:lombok:1.18.40 : Failed to compare JAR files: JAPICMP comparison failed for org.projectlombok:lombok

=== Summary ===
Total comparisons: 215
Failures: 48
Success rate: 77.67%
