=== Comparison Failure Log ===
[2025-08-22 14:01:25] org.springframework.boot:spring-boot:2.5.14 -> org.springframework.boot:spring-boot:2.5.15 : Failed to compare JAR files: JAPICMP comparison failed for org.springframework.boot:spring-boot
[2025-08-22 14:01:28] org.springframework.boot:spring-boot:2.5.14 -> org.springframework.boot:spring-boot:2.6.0 : Failed to compare JAR files: JAPICMP comparison failed for org.springframework.boot:spring-boot
[2025-08-22 14:01:29] org.springframework.boot:spring-boot:2.5.14 -> org.springframework.boot:spring-boot:2.6.1 : Failed to compare JAR files: JAPICMP comparison failed for org.springframework.boot:spring-boot
[2025-08-22 14:01:31] org.springframework.boot:spring-boot:2.5.14 -> org.springframework.boot:spring-boot:2.6.2 : Failed to compare JAR files: JAPICMP comparison failed for org.springframework.boot:spring-boot
[2025-08-22 14:01:31] org.springframework.boot:spring-boot:2.5.14 -> org.springframework.boot:spring-boot:2.6.3 : Failed to compare JAR files: JAPICMP comparison failed for org.springframework.boot:spring-boot
[2025-08-22 14:01:34] org.springframework.boot:spring-boot:2.5.14 -> org.springframework.boot:spring-boot:2.6.4 : Failed to compare JAR files: JAPICMP comparison failed for org.springframework.boot:spring-boot
[2025-08-22 14:01:37] org.springframework.boot:spring-boot:2.5.14 -> org.springframework.boot:spring-boot:2.6.5 : Failed to compare JAR files: JAPICMP comparison failed for org.springframework.boot:spring-boot
[2025-08-22 14:01:39] org.springframework.boot:spring-boot:2.5.14 -> org.springframework.boot:spring-boot:2.6.6 : Failed to compare JAR files: JAPICMP comparison failed for org.springframework.boot:spring-boot
[2025-08-22 14:01:40] org.springframework.boot:spring-boot:2.5.14 -> org.springframework.boot:spring-boot:2.6.7 : Failed to compare JAR files: JAPICMP comparison failed for org.springframework.boot:spring-boot
[2025-08-22 14:01:40] org.springframework.boot:spring-boot:2.5.14 -> org.springframework.boot:spring-boot:2.6.8 : Failed to compare JAR files: JAPICMP comparison failed for org.springframework.boot:spring-boot
[2025-08-22 14:01:41] org.springframework.boot:spring-boot:2.5.14 -> org.springframework.boot:spring-boot:2.6.9 : Failed to compare JAR files: JAPICMP comparison failed for org.springframework.boot:spring-boot
[2025-08-22 14:01:41] org.springframework.boot:spring-boot:2.5.14 -> org.springframework.boot:spring-boot:2.6.10 : Failed to compare JAR files: JAPICMP comparison failed for org.springframework.boot:spring-boot
[2025-08-22 14:01:42] org.springframework.boot:spring-boot:2.5.14 -> org.springframework.boot:spring-boot:2.6.11 : Failed to compare JAR files: JAPICMP comparison failed for org.springframework.boot:spring-boot
[2025-08-22 14:01:43] org.springframework.boot:spring-boot:2.5.14 -> org.springframework.boot:spring-boot:2.6.12 : Failed to compare JAR files: JAPICMP comparison failed for org.springframework.boot:spring-boot
[2025-08-22 14:01:43] org.springframework.boot:spring-boot:2.5.14 -> org.springframework.boot:spring-boot:2.6.13 : Failed to compare JAR files: JAPICMP comparison failed for org.springframework.boot:spring-boot
[2025-08-22 14:01:43] org.springframework.boot:spring-boot:2.5.14 -> org.springframework.boot:spring-boot:2.6.14 : Failed to compare JAR files: JAPICMP comparison failed for org.springframework.boot:spring-boot
[2025-08-22 14:01:43] org.springframework.boot:spring-boot:2.5.14 -> org.springframework.boot:spring-boot:2.6.15 : Failed to compare JAR files: JAPICMP comparison failed for org.springframework.boot:spring-boot
[2025-08-22 14:01:44] org.springframework.boot:spring-boot:2.5.14 -> org.springframework.boot:spring-boot:2.7.0 : Failed to compare JAR files: JAPICMP comparison failed for org.springframework.boot:spring-boot
[2025-08-22 14:01:44] org.springframework.boot:spring-boot:2.5.14 -> org.springframework.boot:spring-boot:2.7.1 : Failed to compare JAR files: JAPICMP comparison failed for org.springframework.boot:spring-boot
[2025-08-22 14:01:44] org.springframework.boot:spring-boot:2.5.14 -> org.springframework.boot:spring-boot:2.7.2 : Failed to compare JAR files: JAPICMP comparison failed for org.springframework.boot:spring-boot
[2025-08-22 14:01:44] org.springframework.boot:spring-boot:2.5.14 -> org.springframework.boot:spring-boot:2.7.3 : Failed to compare JAR files: JAPICMP comparison failed for org.springframework.boot:spring-boot
[2025-08-22 14:01:45] org.springframework.boot:spring-boot:2.5.14 -> org.springframework.boot:spring-boot:2.7.4 : Failed to compare JAR files: JAPICMP comparison failed for org.springframework.boot:spring-boot
[2025-08-22 14:01:45] org.springframework.boot:spring-boot:2.5.14 -> org.springframework.boot:spring-boot:2.7.5 : Failed to compare JAR files: JAPICMP comparison failed for org.springframework.boot:spring-boot
[2025-08-22 14:01:45] org.springframework.boot:spring-boot:2.5.14 -> org.springframework.boot:spring-boot:2.7.6 : Failed to compare JAR files: JAPICMP comparison failed for org.springframework.boot:spring-boot
[2025-08-22 14:01:46] org.springframework.boot:spring-boot:2.5.14 -> org.springframework.boot:spring-boot:2.7.7 : Failed to compare JAR files: JAPICMP comparison failed for org.springframework.boot:spring-boot
[2025-08-22 14:01:47] org.springframework.boot:spring-boot:2.5.14 -> org.springframework.boot:spring-boot:2.7.8 : Failed to compare JAR files: JAPICMP comparison failed for org.springframework.boot:spring-boot
[2025-08-22 14:01:47] org.springframework.boot:spring-boot:2.5.14 -> org.springframework.boot:spring-boot:2.7.9 : Failed to compare JAR files: JAPICMP comparison failed for org.springframework.boot:spring-boot
[2025-08-22 14:01:47] org.springframework.boot:spring-boot:2.5.14 -> org.springframework.boot:spring-boot:2.7.10 : Failed to compare JAR files: JAPICMP comparison failed for org.springframework.boot:spring-boot
[2025-08-22 14:01:48] org.springframework.boot:spring-boot:2.5.14 -> org.springframework.boot:spring-boot:2.7.11 : Failed to compare JAR files: JAPICMP comparison failed for org.springframework.boot:spring-boot
[2025-08-22 14:01:48] org.springframework.boot:spring-boot:2.5.14 -> org.springframework.boot:spring-boot:2.7.12 : Failed to compare JAR files: JAPICMP comparison failed for org.springframework.boot:spring-boot
[2025-08-22 14:01:51] org.springframework.boot:spring-boot:2.5.14 -> org.springframework.boot:spring-boot:2.7.13 : Failed to compare JAR files: JAPICMP comparison failed for org.springframework.boot:spring-boot
[2025-08-22 14:01:51] org.springframework.boot:spring-boot:2.5.14 -> org.springframework.boot:spring-boot:2.7.14 : Failed to compare JAR files: JAPICMP comparison failed for org.springframework.boot:spring-boot
[2025-08-22 14:01:52] org.springframework.boot:spring-boot:2.5.14 -> org.springframework.boot:spring-boot:2.7.15 : Failed to compare JAR files: JAPICMP comparison failed for org.springframework.boot:spring-boot
[2025-08-22 14:01:52] org.springframework.boot:spring-boot:2.5.14 -> org.springframework.boot:spring-boot:2.7.16 : Failed to compare JAR files: JAPICMP comparison failed for org.springframework.boot:spring-boot
[2025-08-22 14:01:52] org.springframework.boot:spring-boot:2.5.14 -> org.springframework.boot:spring-boot:2.7.17 : Failed to compare JAR files: JAPICMP comparison failed for org.springframework.boot:spring-boot
[2025-08-22 14:01:52] org.springframework.boot:spring-boot:2.5.14 -> org.springframework.boot:spring-boot:2.7.18 : Failed to compare JAR files: JAPICMP comparison failed for org.springframework.boot:spring-boot
[2025-08-22 14:01:54] org.springframework.boot:spring-boot-autoconfigure:2.5.14 -> org.springframework.boot:spring-boot-autoconfigure:2.5.15 : Failed to compare JAR files: JAPICMP comparison failed for org.springframework.boot:spring-boot-autoconfigure
[2025-08-22 14:01:54] org.springframework.boot:spring-boot-autoconfigure:2.5.14 -> org.springframework.boot:spring-boot-autoconfigure:2.6.0 : Failed to compare JAR files: JAPICMP comparison failed for org.springframework.boot:spring-boot-autoconfigure
[2025-08-22 14:01:55] org.springframework.boot:spring-boot-autoconfigure:2.5.14 -> org.springframework.boot:spring-boot-autoconfigure:2.6.1 : Failed to compare JAR files: JAPICMP comparison failed for org.springframework.boot:spring-boot-autoconfigure
[2025-08-22 14:01:56] org.springframework.boot:spring-boot-autoconfigure:2.5.14 -> org.springframework.boot:spring-boot-autoconfigure:2.6.2 : Failed to compare JAR files: JAPICMP comparison failed for org.springframework.boot:spring-boot-autoconfigure
[2025-08-22 14:01:56] org.springframework.boot:spring-boot-autoconfigure:2.5.14 -> org.springframework.boot:spring-boot-autoconfigure:2.6.3 : Failed to compare JAR files: JAPICMP comparison failed for org.springframework.boot:spring-boot-autoconfigure
[2025-08-22 14:01:57] org.springframework.boot:spring-boot-autoconfigure:2.5.14 -> org.springframework.boot:spring-boot-autoconfigure:2.6.4 : Failed to compare JAR files: JAPICMP comparison failed for org.springframework.boot:spring-boot-autoconfigure
[2025-08-22 14:01:58] org.springframework.boot:spring-boot-autoconfigure:2.5.14 -> org.springframework.boot:spring-boot-autoconfigure:2.6.5 : Failed to compare JAR files: JAPICMP comparison failed for org.springframework.boot:spring-boot-autoconfigure
[2025-08-22 14:01:59] org.springframework.boot:spring-boot-autoconfigure:2.5.14 -> org.springframework.boot:spring-boot-autoconfigure:2.6.6 : Failed to compare JAR files: JAPICMP comparison failed for org.springframework.boot:spring-boot-autoconfigure
[2025-08-22 14:01:59] org.springframework.boot:spring-boot-autoconfigure:2.5.14 -> org.springframework.boot:spring-boot-autoconfigure:2.6.7 : Failed to compare JAR files: JAPICMP comparison failed for org.springframework.boot:spring-boot-autoconfigure
[2025-08-22 14:01:59] org.springframework.boot:spring-boot-autoconfigure:2.5.14 -> org.springframework.boot:spring-boot-autoconfigure:2.6.8 : Failed to compare JAR files: JAPICMP comparison failed for org.springframework.boot:spring-boot-autoconfigure
[2025-08-22 14:02:00] org.springframework.boot:spring-boot-autoconfigure:2.5.14 -> org.springframework.boot:spring-boot-autoconfigure:2.6.9 : Failed to compare JAR files: JAPICMP comparison failed for org.springframework.boot:spring-boot-autoconfigure
[2025-08-22 14:02:01] org.springframework.boot:spring-boot-autoconfigure:2.5.14 -> org.springframework.boot:spring-boot-autoconfigure:2.6.10 : Failed to compare JAR files: JAPICMP comparison failed for org.springframework.boot:spring-boot-autoconfigure
[2025-08-22 14:02:01] org.springframework.boot:spring-boot-autoconfigure:2.5.14 -> org.springframework.boot:spring-boot-autoconfigure:2.6.11 : Failed to compare JAR files: JAPICMP comparison failed for org.springframework.boot:spring-boot-autoconfigure
[2025-08-22 14:02:02] org.springframework.boot:spring-boot-autoconfigure:2.5.14 -> org.springframework.boot:spring-boot-autoconfigure:2.6.12 : Failed to compare JAR files: JAPICMP comparison failed for org.springframework.boot:spring-boot-autoconfigure
[2025-08-22 14:02:03] org.springframework.boot:spring-boot-autoconfigure:2.5.14 -> org.springframework.boot:spring-boot-autoconfigure:2.6.13 : Failed to compare JAR files: JAPICMP comparison failed for org.springframework.boot:spring-boot-autoconfigure
[2025-08-22 14:02:03] org.springframework.boot:spring-boot-autoconfigure:2.5.14 -> org.springframework.boot:spring-boot-autoconfigure:2.6.14 : Failed to compare JAR files: JAPICMP comparison failed for org.springframework.boot:spring-boot-autoconfigure
[2025-08-22 14:02:03] org.springframework.boot:spring-boot-autoconfigure:2.5.14 -> org.springframework.boot:spring-boot-autoconfigure:2.6.15 : Failed to compare JAR files: JAPICMP comparison failed for org.springframework.boot:spring-boot-autoconfigure
[2025-08-22 14:02:03] org.springframework.boot:spring-boot-autoconfigure:2.5.14 -> org.springframework.boot:spring-boot-autoconfigure:2.7.0 : Failed to compare JAR files: JAPICMP comparison failed for org.springframework.boot:spring-boot-autoconfigure
[2025-08-22 14:02:04] org.springframework.boot:spring-boot-autoconfigure:2.5.14 -> org.springframework.boot:spring-boot-autoconfigure:2.7.1 : Failed to compare JAR files: JAPICMP comparison failed for org.springframework.boot:spring-boot-autoconfigure
[2025-08-22 14:02:04] org.springframework.boot:spring-boot-autoconfigure:2.5.14 -> org.springframework.boot:spring-boot-autoconfigure:2.7.2 : Failed to compare JAR files: JAPICMP comparison failed for org.springframework.boot:spring-boot-autoconfigure
[2025-08-22 14:02:04] org.springframework.boot:spring-boot-autoconfigure:2.5.14 -> org.springframework.boot:spring-boot-autoconfigure:2.7.3 : Failed to compare JAR files: JAPICMP comparison failed for org.springframework.boot:spring-boot-autoconfigure
[2025-08-22 14:02:04] org.springframework.boot:spring-boot-autoconfigure:2.5.14 -> org.springframework.boot:spring-boot-autoconfigure:2.7.4 : Failed to compare JAR files: JAPICMP comparison failed for org.springframework.boot:spring-boot-autoconfigure
[2025-08-22 14:02:04] org.springframework.boot:spring-boot-autoconfigure:2.5.14 -> org.springframework.boot:spring-boot-autoconfigure:2.7.5 : Failed to compare JAR files: JAPICMP comparison failed for org.springframework.boot:spring-boot-autoconfigure
[2025-08-22 14:02:04] org.springframework.boot:spring-boot-autoconfigure:2.5.14 -> org.springframework.boot:spring-boot-autoconfigure:2.7.6 : Failed to compare JAR files: JAPICMP comparison failed for org.springframework.boot:spring-boot-autoconfigure
[2025-08-22 14:02:05] org.springframework.boot:spring-boot-autoconfigure:2.5.14 -> org.springframework.boot:spring-boot-autoconfigure:2.7.7 : Failed to compare JAR files: JAPICMP comparison failed for org.springframework.boot:spring-boot-autoconfigure
[2025-08-22 14:02:06] org.springframework.boot:spring-boot-autoconfigure:2.5.14 -> org.springframework.boot:spring-boot-autoconfigure:2.7.8 : Failed to compare JAR files: JAPICMP comparison failed for org.springframework.boot:spring-boot-autoconfigure
[2025-08-22 14:02:06] org.springframework.boot:spring-boot-autoconfigure:2.5.14 -> org.springframework.boot:spring-boot-autoconfigure:2.7.9 : Failed to compare JAR files: JAPICMP comparison failed for org.springframework.boot:spring-boot-autoconfigure
[2025-08-22 14:02:06] org.springframework.boot:spring-boot-autoconfigure:2.5.14 -> org.springframework.boot:spring-boot-autoconfigure:2.7.10 : Failed to compare JAR files: JAPICMP comparison failed for org.springframework.boot:spring-boot-autoconfigure
[2025-08-22 14:02:07] org.springframework.boot:spring-boot-autoconfigure:2.5.14 -> org.springframework.boot:spring-boot-autoconfigure:2.7.11 : Failed to compare JAR files: JAPICMP comparison failed for org.springframework.boot:spring-boot-autoconfigure
[2025-08-22 14:02:07] org.springframework.boot:spring-boot-autoconfigure:2.5.14 -> org.springframework.boot:spring-boot-autoconfigure:2.7.12 : Failed to compare JAR files: JAPICMP comparison failed for org.springframework.boot:spring-boot-autoconfigure
[2025-08-22 14:02:07] org.springframework.boot:spring-boot-autoconfigure:2.5.14 -> org.springframework.boot:spring-boot-autoconfigure:2.7.13 : Failed to compare JAR files: JAPICMP comparison failed for org.springframework.boot:spring-boot-autoconfigure
[2025-08-22 14:02:08] org.springframework.boot:spring-boot-autoconfigure:2.5.14 -> org.springframework.boot:spring-boot-autoconfigure:2.7.14 : Failed to compare JAR files: JAPICMP comparison failed for org.springframework.boot:spring-boot-autoconfigure
[2025-08-22 14:02:08] org.springframework.boot:spring-boot-autoconfigure:2.5.14 -> org.springframework.boot:spring-boot-autoconfigure:2.7.15 : Failed to compare JAR files: JAPICMP comparison failed for org.springframework.boot:spring-boot-autoconfigure
[2025-08-22 14:02:08] org.springframework.boot:spring-boot-autoconfigure:2.5.14 -> org.springframework.boot:spring-boot-autoconfigure:2.7.16 : Failed to compare JAR files: JAPICMP comparison failed for org.springframework.boot:spring-boot-autoconfigure
[2025-08-22 14:02:08] org.springframework.boot:spring-boot-autoconfigure:2.5.14 -> org.springframework.boot:spring-boot-autoconfigure:2.7.17 : Failed to compare JAR files: JAPICMP comparison failed for org.springframework.boot:spring-boot-autoconfigure
[2025-08-22 14:02:09] org.springframework.boot:spring-boot-autoconfigure:2.5.14 -> org.springframework.boot:spring-boot-autoconfigure:2.7.18 : Failed to compare JAR files: JAPICMP comparison failed for org.springframework.boot:spring-boot-autoconfigure

=== Summary ===
Total comparisons: 615
Failures: 72
Success rate: 88.29%
