=== Comparison Failure Log ===
[2025-09-08 14:41:47] javax.jcr:jcr:1.0 -> javax.jcr:jcr:1.0.1 : Failed to resolve any JAR files for new dependency: javax.jcr:jcr:1.0.1 (old version resolved 1 JARs)
[2025-09-08 14:41:58] org.apache.jackrabbit:jackrabbit-core:1.4 -> org.apache.jackrabbit:jackrabbit-core:1.4.1 : Failed to compare JAR files: JAPICMP comparison failed for org.apache.jackrabbit:jackrabbit-core
[2025-09-08 14:42:00] org.apache.jackrabbit:jackrabbit-core:1.4 -> org.apache.jackrabbit:jackrabbit-core:1.4.2 : Failed to compare JAR files: JAPICMP comparison failed for org.apache.jackrabbit:jackrabbit-core
[2025-09-08 14:42:02] org.apache.jackrabbit:jackrabbit-core:1.4 -> org.apache.jackrabbit:jackrabbit-core:1.4.3 : Failed to compare JAR files: JAPICMP comparison failed for org.apache.jackrabbit:jackrabbit-core
[2025-09-08 14:42:03] org.apache.jackrabbit:jackrabbit-core:1.4 -> org.apache.jackrabbit:jackrabbit-core:1.4.4 : Failed to compare JAR files: JAPICMP comparison failed for org.apache.jackrabbit:jackrabbit-core
[2025-09-08 14:42:05] org.apache.jackrabbit:jackrabbit-core:1.4 -> org.apache.jackrabbit:jackrabbit-core:1.4.5 : Failed to compare JAR files: JAPICMP comparison failed for org.apache.jackrabbit:jackrabbit-core
[2025-09-08 14:42:07] org.apache.jackrabbit:jackrabbit-core:1.4 -> org.apache.jackrabbit:jackrabbit-core:1.4.6 : Failed to compare JAR files: JAPICMP comparison failed for org.apache.jackrabbit:jackrabbit-core
[2025-09-08 14:42:09] org.apache.jackrabbit:jackrabbit-core:1.4 -> org.apache.jackrabbit:jackrabbit-core:1.4.7 : Failed to compare JAR files: JAPICMP comparison failed for org.apache.jackrabbit:jackrabbit-core
[2025-09-08 14:42:10] org.apache.jackrabbit:jackrabbit-core:1.4 -> org.apache.jackrabbit:jackrabbit-core:1.4.8 : Failed to compare JAR files: JAPICMP comparison failed for org.apache.jackrabbit:jackrabbit-core
[2025-09-08 14:42:12] org.apache.jackrabbit:jackrabbit-core:1.4 -> org.apache.jackrabbit:jackrabbit-core:1.4.9 : Failed to compare JAR files: JAPICMP comparison failed for org.apache.jackrabbit:jackrabbit-core
[2025-09-08 14:42:13] org.apache.jackrabbit:jackrabbit-core:1.4 -> org.apache.jackrabbit:jackrabbit-core:1.4.10 : Failed to compare JAR files: JAPICMP comparison failed for org.apache.jackrabbit:jackrabbit-core
[2025-09-08 14:42:15] org.apache.jackrabbit:jackrabbit-core:1.4 -> org.apache.jackrabbit:jackrabbit-core:1.4.11 : Failed to compare JAR files: JAPICMP comparison failed for org.apache.jackrabbit:jackrabbit-core
[2025-09-08 14:42:16] org.apache.jackrabbit:jackrabbit-core:1.4 -> org.apache.jackrabbit:jackrabbit-core:1.4.12 : Failed to compare JAR files: JAPICMP comparison failed for org.apache.jackrabbit:jackrabbit-core
[2025-09-08 14:42:24] org.apache.jackrabbit:jackrabbit-core:1.4 -> org.apache.jackrabbit:jackrabbit-core:1.5.0 : Failed to compare JAR files: JAPICMP comparison failed for org.apache.jackrabbit:jackrabbit-core
[2025-09-08 14:42:26] org.apache.jackrabbit:jackrabbit-core:1.4 -> org.apache.jackrabbit:jackrabbit-core:1.5.2 : Failed to compare JAR files: JAPICMP comparison failed for org.apache.jackrabbit:jackrabbit-core
[2025-09-08 14:42:27] org.apache.jackrabbit:jackrabbit-core:1.4 -> org.apache.jackrabbit:jackrabbit-core:1.5.3 : Failed to compare JAR files: JAPICMP comparison failed for org.apache.jackrabbit:jackrabbit-core
[2025-09-08 14:42:29] org.apache.jackrabbit:jackrabbit-core:1.4 -> org.apache.jackrabbit:jackrabbit-core:1.5.4 : Failed to compare JAR files: JAPICMP comparison failed for org.apache.jackrabbit:jackrabbit-core
[2025-09-08 14:42:32] org.apache.jackrabbit:jackrabbit-core:1.4 -> org.apache.jackrabbit:jackrabbit-core:1.5.5 : Failed to compare JAR files: JAPICMP comparison failed for org.apache.jackrabbit:jackrabbit-core
[2025-09-08 14:42:34] org.apache.jackrabbit:jackrabbit-core:1.4 -> org.apache.jackrabbit:jackrabbit-core:1.5.6 : Failed to compare JAR files: JAPICMP comparison failed for org.apache.jackrabbit:jackrabbit-core
[2025-09-08 14:42:35] org.apache.jackrabbit:jackrabbit-core:1.4 -> org.apache.jackrabbit:jackrabbit-core:1.5.7 : Failed to compare JAR files: JAPICMP comparison failed for org.apache.jackrabbit:jackrabbit-core
[2025-09-08 14:42:43] org.apache.jackrabbit:jackrabbit-core:1.4 -> org.apache.jackrabbit:jackrabbit-core:1.6.0 : Failed to compare JAR files: JAPICMP comparison failed for org.apache.jackrabbit:jackrabbit-core
[2025-09-08 14:42:49] org.apache.jackrabbit:jackrabbit-core:1.4 -> org.apache.jackrabbit:jackrabbit-core:1.6.1 : Failed to compare JAR files: JAPICMP comparison failed for org.apache.jackrabbit:jackrabbit-core
[2025-09-08 14:42:56] org.apache.jackrabbit:jackrabbit-core:1.4 -> org.apache.jackrabbit:jackrabbit-core:1.6.2 : Failed to compare JAR files: JAPICMP comparison failed for org.apache.jackrabbit:jackrabbit-core
[2025-09-08 14:43:03] org.apache.jackrabbit:jackrabbit-core:1.4 -> org.apache.jackrabbit:jackrabbit-core:1.6.4 : Failed to compare JAR files: JAPICMP comparison failed for org.apache.jackrabbit:jackrabbit-core
[2025-09-08 14:43:07] org.apache.jackrabbit:jackrabbit-core:1.4 -> org.apache.jackrabbit:jackrabbit-core:1.6.5 : Failed to compare JAR files: JAPICMP comparison failed for org.apache.jackrabbit:jackrabbit-core
[2025-09-08 14:43:09] org.testng:testng:5.8 -> org.testng:testng:5.9 : Failed to compare JAR files: JAPICMP comparison failed for org.testng:testng
[2025-09-08 14:43:10] org.testng:testng:5.8 -> org.testng:testng:5.10 : Failed to compare JAR files: JAPICMP comparison failed for org.testng:testng
[2025-09-08 14:43:11] org.testng:testng:5.8 -> org.testng:testng:5.11 : Failed to compare JAR files: JAPICMP comparison failed for org.testng:testng
[2025-09-08 14:43:12] org.testng:testng:5.8 -> org.testng:testng:5.12.1 : Failed to resolve any JAR files for new dependency: org.testng:testng:5.12.1 (old version resolved 3 JARs)
[2025-09-08 14:43:14] org.testng:testng:5.8 -> org.testng:testng:5.13 : Failed to resolve any JAR files for new dependency: org.testng:testng:5.13 (old version resolved 3 JARs)
[2025-09-08 14:43:15] org.testng:testng:5.8 -> org.testng:testng:5.13.1 : Failed to resolve any JAR files for new dependency: org.testng:testng:5.13.1 (old version resolved 3 JARs)
[2025-09-08 14:43:16] org.testng:testng:5.8 -> org.testng:testng:5.14 : Failed to resolve any JAR files for new dependency: org.testng:testng:5.14 (old version resolved 3 JARs)
[2025-09-08 14:43:18] org.testng:testng:5.8 -> org.testng:testng:5.14.1 : Failed to resolve any JAR files for new dependency: org.testng:testng:5.14.1 (old version resolved 3 JARs)
[2025-09-08 14:43:19] org.testng:testng:5.8 -> org.testng:testng:5.14.2 : Failed to resolve any JAR files for new dependency: org.testng:testng:5.14.2 (old version resolved 3 JARs)
[2025-09-08 14:43:20] org.testng:testng:5.8 -> org.testng:testng:5.14.3 : Failed to resolve any JAR files for new dependency: org.testng:testng:5.14.3 (old version resolved 3 JARs)
[2025-09-08 14:43:20] org.testng:testng:5.8 -> org.testng:testng:5.14.4 : Failed to resolve any JAR files for new dependency: org.testng:testng:5.14.4 (old version resolved 3 JARs)
[2025-09-08 14:43:21] org.testng:testng:5.8 -> org.testng:testng:5.14.5 : Failed to resolve any JAR files for new dependency: org.testng:testng:5.14.5 (old version resolved 3 JARs)
[2025-09-08 14:43:22] org.testng:testng:5.8 -> org.testng:testng:5.14.6 : Failed to resolve any JAR files for new dependency: org.testng:testng:5.14.6 (old version resolved 3 JARs)
[2025-09-08 14:43:23] org.testng:testng:5.8 -> org.testng:testng:5.14.7 : Failed to resolve any JAR files for new dependency: org.testng:testng:5.14.7 (old version resolved 3 JARs)
[2025-09-08 14:43:24] org.testng:testng:5.8 -> org.testng:testng:5.14.9 : Failed to resolve any JAR files for new dependency: org.testng:testng:5.14.9 (old version resolved 3 JARs)
[2025-09-08 14:43:25] org.testng:testng:5.8 -> org.testng:testng:5.14.10 : Failed to resolve any JAR files for new dependency: org.testng:testng:5.14.10 (old version resolved 3 JARs)

=== Summary ===
Total comparisons: 41
Failures: 41
Success rate: 0.00%
=== Comparison Failure Log ===
[2025-09-08 14:43:31] org.apache.jackrabbit:jackrabbit-core:1.6.2 -> org.apache.jackrabbit:jackrabbit-core:1.6.4 : Failed to compare JAR files: JAPICMP comparison failed for org.apache.jackrabbit:jackrabbit-core
[2025-09-08 14:43:31] org.apache.jackrabbit:jackrabbit-core:1.6.2 -> org.apache.jackrabbit:jackrabbit-core:1.6.5 : Failed to compare JAR files: JAPICMP comparison failed for org.apache.jackrabbit:jackrabbit-core
[2025-09-08 14:44:43] org.testng:testng:5.8 -> org.testng:testng:5.9 : Failed to compare JAR files: JAPICMP comparison failed for org.testng:testng
[2025-09-08 14:44:43] org.testng:testng:5.8 -> org.testng:testng:5.10 : Failed to compare JAR files: JAPICMP comparison failed for org.testng:testng
[2025-09-08 14:44:43] org.testng:testng:5.8 -> org.testng:testng:5.11 : Failed to compare JAR files: JAPICMP comparison failed for org.testng:testng
[2025-09-08 14:44:43] org.testng:testng:5.8 -> org.testng:testng:5.12.1 : Failed to resolve any JAR files for new dependency: org.testng:testng:5.12.1 (old version resolved 3 JARs)
[2025-09-08 14:44:44] org.testng:testng:5.8 -> org.testng:testng:5.13 : Failed to resolve any JAR files for new dependency: org.testng:testng:5.13 (old version resolved 3 JARs)
[2025-09-08 14:44:44] org.testng:testng:5.8 -> org.testng:testng:5.13.1 : Failed to resolve any JAR files for new dependency: org.testng:testng:5.13.1 (old version resolved 3 JARs)
[2025-09-08 14:44:44] org.testng:testng:5.8 -> org.testng:testng:5.14 : Failed to resolve any JAR files for new dependency: org.testng:testng:5.14 (old version resolved 3 JARs)
[2025-09-08 14:44:44] org.testng:testng:5.8 -> org.testng:testng:5.14.1 : Failed to resolve any JAR files for new dependency: org.testng:testng:5.14.1 (old version resolved 3 JARs)
[2025-09-08 14:44:44] org.testng:testng:5.8 -> org.testng:testng:5.14.2 : Failed to resolve any JAR files for new dependency: org.testng:testng:5.14.2 (old version resolved 3 JARs)
[2025-09-08 14:44:44] org.testng:testng:5.8 -> org.testng:testng:5.14.3 : Failed to resolve any JAR files for new dependency: org.testng:testng:5.14.3 (old version resolved 3 JARs)
[2025-09-08 14:44:44] org.testng:testng:5.8 -> org.testng:testng:5.14.4 : Failed to resolve any JAR files for new dependency: org.testng:testng:5.14.4 (old version resolved 3 JARs)
[2025-09-08 14:44:44] org.testng:testng:5.8 -> org.testng:testng:5.14.5 : Failed to resolve any JAR files for new dependency: org.testng:testng:5.14.5 (old version resolved 3 JARs)
[2025-09-08 14:44:44] org.testng:testng:5.8 -> org.testng:testng:5.14.6 : Failed to resolve any JAR files for new dependency: org.testng:testng:5.14.6 (old version resolved 3 JARs)
[2025-09-08 14:44:44] org.testng:testng:5.8 -> org.testng:testng:5.14.7 : Failed to resolve any JAR files for new dependency: org.testng:testng:5.14.7 (old version resolved 3 JARs)
[2025-09-08 14:44:44] org.testng:testng:5.8 -> org.testng:testng:5.14.9 : Failed to resolve any JAR files for new dependency: org.testng:testng:5.14.9 (old version resolved 3 JARs)
[2025-09-08 14:44:44] org.testng:testng:5.8 -> org.testng:testng:5.14.10 : Failed to resolve any JAR files for new dependency: org.testng:testng:5.14.10 (old version resolved 3 JARs)

=== Summary ===
Total comparisons: 155
Failures: 18
Success rate: 88.39%
