=== Comparison Failure Log ===
[2025-09-01 12:32:16] org.apache.flink:flink-kubernetes:1.20.1 -> org.apache.flink:flink-kubernetes:1.20.2 : Failed to compare JAR files: JAPICMP comparison failed for org.apache.flink:flink-kubernetes
[2025-09-01 12:32:24] org.junit.jupiter:junit-jupiter-api:5.9.3 -> org.junit.jupiter:junit-jupiter-api:5.10.0 : Failed to compare JAR files: JAPICMP comparison failed for org.junit.jupiter:junit-jupiter-api
[2025-09-01 12:32:24] org.junit.jupiter:junit-jupiter-api:5.9.3 -> org.junit.jupiter:junit-jupiter-api:5.10.1 : Failed to compare JAR files: JAPICMP comparison failed for org.junit.jupiter:junit-jupiter-api
[2025-09-01 12:32:24] org.junit.jupiter:junit-jupiter-api:5.9.3 -> org.junit.jupiter:junit-jupiter-api:5.10.2 : Failed to compare JAR files: JAPICMP comparison failed for org.junit.jupiter:junit-jupiter-api
[2025-09-01 12:32:24] org.junit.jupiter:junit-jupiter-api:5.9.3 -> org.junit.jupiter:junit-jupiter-api:5.10.3 : Failed to compare JAR files: JAPICMP comparison failed for org.junit.jupiter:junit-jupiter-api
[2025-09-01 12:32:24] org.junit.jupiter:junit-jupiter-api:5.9.3 -> org.junit.jupiter:junit-jupiter-api:5.10.4 : Failed to compare JAR files: JAPICMP comparison failed for org.junit.jupiter:junit-jupiter-api
[2025-09-01 12:32:24] org.junit.jupiter:junit-jupiter-api:5.9.3 -> org.junit.jupiter:junit-jupiter-api:5.10.5 : Failed to compare JAR files: JAPICMP comparison failed for org.junit.jupiter:junit-jupiter-api
[2025-09-01 12:32:24] org.junit.jupiter:junit-jupiter-api:5.9.3 -> org.junit.jupiter:junit-jupiter-api:5.11.0 : Failed to compare JAR files: JAPICMP comparison failed for org.junit.jupiter:junit-jupiter-api
[2025-09-01 12:32:24] org.junit.jupiter:junit-jupiter-api:5.9.3 -> org.junit.jupiter:junit-jupiter-api:5.11.1 : Failed to compare JAR files: JAPICMP comparison failed for org.junit.jupiter:junit-jupiter-api
[2025-09-01 12:32:24] org.junit.jupiter:junit-jupiter-api:5.9.3 -> org.junit.jupiter:junit-jupiter-api:5.11.2 : Failed to compare JAR files: JAPICMP comparison failed for org.junit.jupiter:junit-jupiter-api
[2025-09-01 12:32:24] org.junit.jupiter:junit-jupiter-api:5.9.3 -> org.junit.jupiter:junit-jupiter-api:5.11.3 : Failed to compare JAR files: JAPICMP comparison failed for org.junit.jupiter:junit-jupiter-api
[2025-09-01 12:32:24] org.junit.jupiter:junit-jupiter-api:5.9.3 -> org.junit.jupiter:junit-jupiter-api:5.11.4 : Failed to compare JAR files: JAPICMP comparison failed for org.junit.jupiter:junit-jupiter-api
[2025-09-01 12:32:24] org.junit.jupiter:junit-jupiter-api:5.9.3 -> org.junit.jupiter:junit-jupiter-api:5.12.0 : Failed to compare JAR files: JAPICMP comparison failed for org.junit.jupiter:junit-jupiter-api
[2025-09-01 12:32:24] org.junit.jupiter:junit-jupiter-api:5.9.3 -> org.junit.jupiter:junit-jupiter-api:5.12.1 : Failed to compare JAR files: JAPICMP comparison failed for org.junit.jupiter:junit-jupiter-api
[2025-09-01 12:32:24] org.junit.jupiter:junit-jupiter-api:5.9.3 -> org.junit.jupiter:junit-jupiter-api:5.12.2 : Failed to compare JAR files: JAPICMP comparison failed for org.junit.jupiter:junit-jupiter-api
[2025-09-01 12:32:24] org.junit.jupiter:junit-jupiter-api:5.9.3 -> org.junit.jupiter:junit-jupiter-api:5.13.0 : Failed to compare JAR files: JAPICMP comparison failed for org.junit.jupiter:junit-jupiter-api
[2025-09-01 12:32:24] org.junit.jupiter:junit-jupiter-api:5.9.3 -> org.junit.jupiter:junit-jupiter-api:5.13.1 : Failed to compare JAR files: JAPICMP comparison failed for org.junit.jupiter:junit-jupiter-api
[2025-09-01 12:32:24] org.junit.jupiter:junit-jupiter-api:5.9.3 -> org.junit.jupiter:junit-jupiter-api:5.13.2 : Failed to compare JAR files: JAPICMP comparison failed for org.junit.jupiter:junit-jupiter-api
[2025-09-01 12:32:24] org.junit.jupiter:junit-jupiter-api:5.9.3 -> org.junit.jupiter:junit-jupiter-api:5.13.3 : Failed to compare JAR files: JAPICMP comparison failed for org.junit.jupiter:junit-jupiter-api
[2025-09-01 12:32:24] org.junit.jupiter:junit-jupiter-api:5.9.3 -> org.junit.jupiter:junit-jupiter-api:5.13.4 : Failed to compare JAR files: JAPICMP comparison failed for org.junit.jupiter:junit-jupiter-api

=== Summary ===
Total comparisons: 55
Failures: 20
Success rate: 63.64%
