=== Comparison Failure Log ===
[2025-09-01 12:29:26] org.apache.logging.log4j:log4j-api:2.23.1 -> org.apache.logging.log4j:log4j-api:2.24.0 : Failed to compare JAR files: JAPICMP comparison failed for org.apache.logging.log4j:log4j-api
[2025-09-01 12:29:26] org.apache.logging.log4j:log4j-api:2.23.1 -> org.apache.logging.log4j:log4j-api:2.24.1 : Failed to compare JAR files: JAPICMP comparison failed for org.apache.logging.log4j:log4j-api
[2025-09-01 12:29:26] org.apache.logging.log4j:log4j-api:2.23.1 -> org.apache.logging.log4j:log4j-api:2.24.2 : Failed to compare JAR files: JAPICMP comparison failed for org.apache.logging.log4j:log4j-api
[2025-09-01 12:29:26] org.apache.logging.log4j:log4j-api:2.23.1 -> org.apache.logging.log4j:log4j-api:2.24.3 : Failed to compare JAR files: JAPICMP comparison failed for org.apache.logging.log4j:log4j-api
[2025-09-01 12:29:26] org.apache.logging.log4j:log4j-api:2.23.1 -> org.apache.logging.log4j:log4j-api:2.25.0 : Failed to compare JAR files: JAPICMP comparison failed for org.apache.logging.log4j:log4j-api
[2025-09-01 12:29:26] org.apache.logging.log4j:log4j-api:2.23.1 -> org.apache.logging.log4j:log4j-api:2.25.1 : Failed to compare JAR files: JAPICMP comparison failed for org.apache.logging.log4j:log4j-api
[2025-09-01 12:29:26] org.apache.logging.log4j:log4j-core:2.23.1 -> org.apache.logging.log4j:log4j-core:2.24.0 : Failed to compare JAR files: JAPICMP comparison failed for org.apache.logging.log4j:log4j-core
[2025-09-01 12:29:27] org.apache.logging.log4j:log4j-core:2.23.1 -> org.apache.logging.log4j:log4j-core:2.24.1 : Failed to compare JAR files: JAPICMP comparison failed for org.apache.logging.log4j:log4j-core
[2025-09-01 12:29:27] org.apache.logging.log4j:log4j-core:2.23.1 -> org.apache.logging.log4j:log4j-core:2.24.2 : Failed to compare JAR files: JAPICMP comparison failed for org.apache.logging.log4j:log4j-core
[2025-09-01 12:29:27] org.apache.logging.log4j:log4j-core:2.23.1 -> org.apache.logging.log4j:log4j-core:2.24.3 : Failed to compare JAR files: JAPICMP comparison failed for org.apache.logging.log4j:log4j-core
[2025-09-01 12:29:27] org.apache.logging.log4j:log4j-core:2.23.1 -> org.apache.logging.log4j:log4j-core:2.25.0 : Failed to compare JAR files: JAPICMP comparison failed for org.apache.logging.log4j:log4j-core
[2025-09-01 12:29:28] org.apache.logging.log4j:log4j-core:2.23.1 -> org.apache.logging.log4j:log4j-core:2.25.1 : Failed to compare JAR files: JAPICMP comparison failed for org.apache.logging.log4j:log4j-core
[2025-09-01 12:29:35] org.junit.jupiter:junit-jupiter-api:5.9.3 -> org.junit.jupiter:junit-jupiter-api:5.10.0 : Failed to compare JAR files: JAPICMP comparison failed for org.junit.jupiter:junit-jupiter-api
[2025-09-01 12:29:35] org.junit.jupiter:junit-jupiter-api:5.9.3 -> org.junit.jupiter:junit-jupiter-api:5.10.1 : Failed to compare JAR files: JAPICMP comparison failed for org.junit.jupiter:junit-jupiter-api
[2025-09-01 12:29:35] org.junit.jupiter:junit-jupiter-api:5.9.3 -> org.junit.jupiter:junit-jupiter-api:5.10.2 : Failed to compare JAR files: JAPICMP comparison failed for org.junit.jupiter:junit-jupiter-api
[2025-09-01 12:29:35] org.junit.jupiter:junit-jupiter-api:5.9.3 -> org.junit.jupiter:junit-jupiter-api:5.10.3 : Failed to compare JAR files: JAPICMP comparison failed for org.junit.jupiter:junit-jupiter-api
[2025-09-01 12:29:35] org.junit.jupiter:junit-jupiter-api:5.9.3 -> org.junit.jupiter:junit-jupiter-api:5.10.4 : Failed to compare JAR files: JAPICMP comparison failed for org.junit.jupiter:junit-jupiter-api
[2025-09-01 12:29:35] org.junit.jupiter:junit-jupiter-api:5.9.3 -> org.junit.jupiter:junit-jupiter-api:5.10.5 : Failed to compare JAR files: JAPICMP comparison failed for org.junit.jupiter:junit-jupiter-api
[2025-09-01 12:29:35] org.junit.jupiter:junit-jupiter-api:5.9.3 -> org.junit.jupiter:junit-jupiter-api:5.11.0 : Failed to compare JAR files: JAPICMP comparison failed for org.junit.jupiter:junit-jupiter-api
[2025-09-01 12:29:35] org.junit.jupiter:junit-jupiter-api:5.9.3 -> org.junit.jupiter:junit-jupiter-api:5.11.1 : Failed to compare JAR files: JAPICMP comparison failed for org.junit.jupiter:junit-jupiter-api
[2025-09-01 12:29:35] org.junit.jupiter:junit-jupiter-api:5.9.3 -> org.junit.jupiter:junit-jupiter-api:5.11.2 : Failed to compare JAR files: JAPICMP comparison failed for org.junit.jupiter:junit-jupiter-api
[2025-09-01 12:29:35] org.junit.jupiter:junit-jupiter-api:5.9.3 -> org.junit.jupiter:junit-jupiter-api:5.11.3 : Failed to compare JAR files: JAPICMP comparison failed for org.junit.jupiter:junit-jupiter-api
[2025-09-01 12:29:35] org.junit.jupiter:junit-jupiter-api:5.9.3 -> org.junit.jupiter:junit-jupiter-api:5.11.4 : Failed to compare JAR files: JAPICMP comparison failed for org.junit.jupiter:junit-jupiter-api
[2025-09-01 12:29:35] org.junit.jupiter:junit-jupiter-api:5.9.3 -> org.junit.jupiter:junit-jupiter-api:5.12.0 : Failed to compare JAR files: JAPICMP comparison failed for org.junit.jupiter:junit-jupiter-api
[2025-09-01 12:29:35] org.junit.jupiter:junit-jupiter-api:5.9.3 -> org.junit.jupiter:junit-jupiter-api:5.12.1 : Failed to compare JAR files: JAPICMP comparison failed for org.junit.jupiter:junit-jupiter-api
[2025-09-01 12:29:35] org.junit.jupiter:junit-jupiter-api:5.9.3 -> org.junit.jupiter:junit-jupiter-api:5.12.2 : Failed to compare JAR files: JAPICMP comparison failed for org.junit.jupiter:junit-jupiter-api
[2025-09-01 12:29:35] org.junit.jupiter:junit-jupiter-api:5.9.3 -> org.junit.jupiter:junit-jupiter-api:5.13.0 : Failed to compare JAR files: JAPICMP comparison failed for org.junit.jupiter:junit-jupiter-api
[2025-09-01 12:29:35] org.junit.jupiter:junit-jupiter-api:5.9.3 -> org.junit.jupiter:junit-jupiter-api:5.13.1 : Failed to compare JAR files: JAPICMP comparison failed for org.junit.jupiter:junit-jupiter-api
[2025-09-01 12:29:35] org.junit.jupiter:junit-jupiter-api:5.9.3 -> org.junit.jupiter:junit-jupiter-api:5.13.2 : Failed to compare JAR files: JAPICMP comparison failed for org.junit.jupiter:junit-jupiter-api
[2025-09-01 12:29:35] org.junit.jupiter:junit-jupiter-api:5.9.3 -> org.junit.jupiter:junit-jupiter-api:5.13.3 : Failed to compare JAR files: JAPICMP comparison failed for org.junit.jupiter:junit-jupiter-api
[2025-09-01 12:29:35] org.junit.jupiter:junit-jupiter-api:5.9.3 -> org.junit.jupiter:junit-jupiter-api:5.13.4 : Failed to compare JAR files: JAPICMP comparison failed for org.junit.jupiter:junit-jupiter-api
[2025-09-01 12:29:36] org.junit.jupiter:junit-jupiter-params:5.9.3 -> org.junit.jupiter:junit-jupiter-params:5.10.0 : Failed to compare JAR files: JAPICMP comparison failed for org.junit.jupiter:junit-jupiter-params
[2025-09-01 12:29:36] org.junit.jupiter:junit-jupiter-params:5.9.3 -> org.junit.jupiter:junit-jupiter-params:5.10.1 : Failed to compare JAR files: JAPICMP comparison failed for org.junit.jupiter:junit-jupiter-params
[2025-09-01 12:29:36] org.junit.jupiter:junit-jupiter-params:5.9.3 -> org.junit.jupiter:junit-jupiter-params:5.10.2 : Failed to compare JAR files: JAPICMP comparison failed for org.junit.jupiter:junit-jupiter-params
[2025-09-01 12:29:36] org.junit.jupiter:junit-jupiter-params:5.9.3 -> org.junit.jupiter:junit-jupiter-params:5.10.3 : Failed to compare JAR files: JAPICMP comparison failed for org.junit.jupiter:junit-jupiter-params
[2025-09-01 12:29:36] org.junit.jupiter:junit-jupiter-params:5.9.3 -> org.junit.jupiter:junit-jupiter-params:5.10.4 : Failed to compare JAR files: JAPICMP comparison failed for org.junit.jupiter:junit-jupiter-params
[2025-09-01 12:29:36] org.junit.jupiter:junit-jupiter-params:5.9.3 -> org.junit.jupiter:junit-jupiter-params:5.10.5 : Failed to compare JAR files: JAPICMP comparison failed for org.junit.jupiter:junit-jupiter-params
[2025-09-01 12:29:36] org.junit.jupiter:junit-jupiter-params:5.9.3 -> org.junit.jupiter:junit-jupiter-params:5.11.0 : Failed to compare JAR files: JAPICMP comparison failed for org.junit.jupiter:junit-jupiter-params
[2025-09-01 12:29:36] org.junit.jupiter:junit-jupiter-params:5.9.3 -> org.junit.jupiter:junit-jupiter-params:5.11.1 : Failed to compare JAR files: JAPICMP comparison failed for org.junit.jupiter:junit-jupiter-params
[2025-09-01 12:29:36] org.junit.jupiter:junit-jupiter-params:5.9.3 -> org.junit.jupiter:junit-jupiter-params:5.11.2 : Failed to compare JAR files: JAPICMP comparison failed for org.junit.jupiter:junit-jupiter-params
[2025-09-01 12:29:36] org.junit.jupiter:junit-jupiter-params:5.9.3 -> org.junit.jupiter:junit-jupiter-params:5.11.3 : Failed to compare JAR files: JAPICMP comparison failed for org.junit.jupiter:junit-jupiter-params
[2025-09-01 12:29:36] org.junit.jupiter:junit-jupiter-params:5.9.3 -> org.junit.jupiter:junit-jupiter-params:5.11.4 : Failed to compare JAR files: JAPICMP comparison failed for org.junit.jupiter:junit-jupiter-params
[2025-09-01 12:29:36] org.junit.jupiter:junit-jupiter-params:5.9.3 -> org.junit.jupiter:junit-jupiter-params:5.12.0 : Failed to compare JAR files: JAPICMP comparison failed for org.junit.jupiter:junit-jupiter-params
[2025-09-01 12:29:36] org.junit.jupiter:junit-jupiter-params:5.9.3 -> org.junit.jupiter:junit-jupiter-params:5.12.1 : Failed to compare JAR files: JAPICMP comparison failed for org.junit.jupiter:junit-jupiter-params
[2025-09-01 12:29:36] org.junit.jupiter:junit-jupiter-params:5.9.3 -> org.junit.jupiter:junit-jupiter-params:5.12.2 : Failed to compare JAR files: JAPICMP comparison failed for org.junit.jupiter:junit-jupiter-params
[2025-09-01 12:29:36] org.junit.jupiter:junit-jupiter-params:5.9.3 -> org.junit.jupiter:junit-jupiter-params:5.13.0 : Failed to compare JAR files: JAPICMP comparison failed for org.junit.jupiter:junit-jupiter-params
[2025-09-01 12:29:37] org.junit.jupiter:junit-jupiter-params:5.9.3 -> org.junit.jupiter:junit-jupiter-params:5.13.1 : Failed to compare JAR files: JAPICMP comparison failed for org.junit.jupiter:junit-jupiter-params
[2025-09-01 12:29:37] org.junit.jupiter:junit-jupiter-params:5.9.3 -> org.junit.jupiter:junit-jupiter-params:5.13.2 : Failed to compare JAR files: JAPICMP comparison failed for org.junit.jupiter:junit-jupiter-params
[2025-09-01 12:29:37] org.junit.jupiter:junit-jupiter-params:5.9.3 -> org.junit.jupiter:junit-jupiter-params:5.13.3 : Failed to compare JAR files: JAPICMP comparison failed for org.junit.jupiter:junit-jupiter-params
[2025-09-01 12:29:37] org.junit.jupiter:junit-jupiter-params:5.9.3 -> org.junit.jupiter:junit-jupiter-params:5.13.4 : Failed to compare JAR files: JAPICMP comparison failed for org.junit.jupiter:junit-jupiter-params
[2025-09-01 12:29:37] org.assertj:assertj-core:3.26.3 -> org.assertj:assertj-core:3.27.0 : Failed to compare JAR files: JAPICMP comparison failed for org.assertj:assertj-core
[2025-09-01 12:29:37] org.assertj:assertj-core:3.26.3 -> org.assertj:assertj-core:3.27.1 : Failed to compare JAR files: JAPICMP comparison failed for org.assertj:assertj-core
[2025-09-01 12:29:37] org.assertj:assertj-core:3.26.3 -> org.assertj:assertj-core:3.27.2 : Failed to compare JAR files: JAPICMP comparison failed for org.assertj:assertj-core
[2025-09-01 12:29:37] org.assertj:assertj-core:3.26.3 -> org.assertj:assertj-core:3.27.3 : Failed to compare JAR files: JAPICMP comparison failed for org.assertj:assertj-core
[2025-09-01 12:29:37] org.assertj:assertj-core:3.26.3 -> org.assertj:assertj-core:3.27.4 : Failed to compare JAR files: JAPICMP comparison failed for org.assertj:assertj-core
[2025-09-01 12:29:37] org.apache.derby:derby:10.15.2.0 -> org.apache.derby:derby:10.16.1.1 : Failed to compare JAR files: JAPICMP comparison failed for org.apache.derby:derby
[2025-09-01 12:29:37] org.apache.derby:derby:10.15.2.0 -> org.apache.derby:derby:10.17.1.0 : Failed to compare JAR files: JAPICMP comparison failed for org.apache.derby:derby

=== Summary ===
Total comparisons: 120
Failures: 57
Success rate: 52.50%
