=== Comparison Failure Log ===
[2025-09-01 14:00:00] org.junit.jupiter:junit-jupiter-api:5.12.2 -> org.junit.jupiter:junit-jupiter-api:5.13.0 : Failed to compare JAR files: JAPICMP comparison failed for org.junit.jupiter:junit-jupiter-api
[2025-09-01 14:00:00] org.junit.jupiter:junit-jupiter-api:5.12.2 -> org.junit.jupiter:junit-jupiter-api:5.13.1 : Failed to compare JAR files: JAPICMP comparison failed for org.junit.jupiter:junit-jupiter-api
[2025-09-01 14:00:00] org.junit.jupiter:junit-jupiter-api:5.12.2 -> org.junit.jupiter:junit-jupiter-api:5.13.2 : Failed to compare JAR files: JAPICMP comparison failed for org.junit.jupiter:junit-jupiter-api
[2025-09-01 14:00:00] org.junit.jupiter:junit-jupiter-api:5.12.2 -> org.junit.jupiter:junit-jupiter-api:5.13.3 : Failed to compare JAR files: JAPICMP comparison failed for org.junit.jupiter:junit-jupiter-api
[2025-09-01 14:00:00] org.junit.jupiter:junit-jupiter-api:5.12.2 -> org.junit.jupiter:junit-jupiter-api:5.13.4 : Failed to compare JAR files: JAPICMP comparison failed for org.junit.jupiter:junit-jupiter-api
[2025-09-01 14:00:01] org.junit.jupiter:junit-jupiter-params:5.12.2 -> org.junit.jupiter:junit-jupiter-params:5.13.0 : Failed to compare JAR files: JAPICMP comparison failed for org.junit.jupiter:junit-jupiter-params
[2025-09-01 14:00:01] org.junit.jupiter:junit-jupiter-params:5.12.2 -> org.junit.jupiter:junit-jupiter-params:5.13.1 : Failed to compare JAR files: JAPICMP comparison failed for org.junit.jupiter:junit-jupiter-params
[2025-09-01 14:00:01] org.junit.jupiter:junit-jupiter-params:5.12.2 -> org.junit.jupiter:junit-jupiter-params:5.13.2 : Failed to compare JAR files: JAPICMP comparison failed for org.junit.jupiter:junit-jupiter-params
[2025-09-01 14:00:01] org.junit.jupiter:junit-jupiter-params:5.12.2 -> org.junit.jupiter:junit-jupiter-params:5.13.3 : Failed to compare JAR files: JAPICMP comparison failed for org.junit.jupiter:junit-jupiter-params
[2025-09-01 14:00:01] org.junit.jupiter:junit-jupiter-params:5.12.2 -> org.junit.jupiter:junit-jupiter-params:5.13.4 : Failed to compare JAR files: JAPICMP comparison failed for org.junit.jupiter:junit-jupiter-params
[2025-09-01 14:00:01] org.testcontainers:junit-jupiter:1.21.0 -> org.testcontainers:junit-jupiter:1.21.1 : Failed to compare JAR files: JAPICMP comparison failed for org.testcontainers:junit-jupiter
[2025-09-01 14:00:01] org.testcontainers:junit-jupiter:1.21.0 -> org.testcontainers:junit-jupiter:1.21.2 : Failed to compare JAR files: JAPICMP comparison failed for org.testcontainers:junit-jupiter
[2025-09-01 14:00:02] org.testcontainers:junit-jupiter:1.21.0 -> org.testcontainers:junit-jupiter:1.21.3 : Failed to compare JAR files: JAPICMP comparison failed for org.testcontainers:junit-jupiter
[2025-09-01 14:00:02] org.testcontainers:postgresql:1.21.0 -> org.testcontainers:postgresql:1.21.1 : Failed to compare JAR files: JAPICMP comparison failed for org.testcontainers:postgresql
[2025-09-01 14:00:02] org.testcontainers:postgresql:1.21.0 -> org.testcontainers:postgresql:1.21.2 : Failed to compare JAR files: JAPICMP comparison failed for org.testcontainers:postgresql
[2025-09-01 14:00:02] org.testcontainers:postgresql:1.21.0 -> org.testcontainers:postgresql:1.21.3 : Failed to compare JAR files: JAPICMP comparison failed for org.testcontainers:postgresql
[2025-09-01 14:00:04] org.testcontainers:testcontainers:1.21.0 -> org.testcontainers:testcontainers:1.21.1 : Failed to compare JAR files: JAPICMP comparison failed for org.testcontainers:testcontainers
[2025-09-01 14:00:05] org.testcontainers:testcontainers:1.21.0 -> org.testcontainers:testcontainers:1.21.2 : Failed to compare JAR files: JAPICMP comparison failed for org.testcontainers:testcontainers
[2025-09-01 14:00:07] org.testcontainers:testcontainers:1.21.0 -> org.testcontainers:testcontainers:1.21.3 : Failed to compare JAR files: JAPICMP comparison failed for org.testcontainers:testcontainers

=== Summary ===
Total comparisons: 39
Failures: 19
Success rate: 51.28%
