=== Comparison Failure Log ===
[2025-09-13 00:36:46] org.springframework:spring-context:6.2.7 -> org.springframework:spring-context:6.2.8 : Failed to compare JAR files: JAPICMP comparison failed for org.springframework:spring-context
[2025-09-13 00:36:47] org.springframework:spring-context:6.2.7 -> org.springframework:spring-context:6.2.9 : Failed to compare JAR files: JAPICMP comparison failed for org.springframework:spring-context
[2025-09-13 00:36:47] org.springframework:spring-context:6.2.7 -> org.springframework:spring-context:6.2.10 : Failed to compare JAR files: JAPICMP comparison failed for org.springframework:spring-context
[2025-09-13 00:36:48] org.springframework:spring-context:6.2.7 -> org.springframework:spring-context:6.2.11 : Failed to compare JAR files: JAPICMP comparison failed for org.springframework:spring-context
[2025-09-13 00:36:48] org.springframework:spring-test:6.2.7 -> org.springframework:spring-test:6.2.8 : Failed to compare JAR files: JAPICMP comparison failed for org.springframework:spring-test
[2025-09-13 00:36:48] org.springframework:spring-test:6.2.7 -> org.springframework:spring-test:6.2.9 : Failed to compare JAR files: JAPICMP comparison failed for org.springframework:spring-test
[2025-09-13 00:36:48] org.springframework:spring-test:6.2.7 -> org.springframework:spring-test:6.2.10 : Failed to compare JAR files: JAPICMP comparison failed for org.springframework:spring-test
[2025-09-13 00:36:48] org.springframework:spring-test:6.2.7 -> org.springframework:spring-test:6.2.11 : Failed to compare JAR files: JAPICMP comparison failed for org.springframework:spring-test
[2025-09-13 00:36:48] org.springframework:spring-jdbc:6.2.7 -> org.springframework:spring-jdbc:6.2.8 : Failed to compare JAR files: JAPICMP comparison failed for org.springframework:spring-jdbc
[2025-09-13 00:36:48] org.springframework:spring-jdbc:6.2.7 -> org.springframework:spring-jdbc:6.2.9 : Failed to compare JAR files: JAPICMP comparison failed for org.springframework:spring-jdbc
[2025-09-13 00:36:49] org.springframework:spring-jdbc:6.2.7 -> org.springframework:spring-jdbc:6.2.10 : Failed to compare JAR files: JAPICMP comparison failed for org.springframework:spring-jdbc
[2025-09-13 00:36:51] org.springframework:spring-jdbc:6.2.7 -> org.springframework:spring-jdbc:6.2.11 : Failed to compare JAR files: JAPICMP comparison failed for org.springframework:spring-jdbc
[2025-09-13 00:36:51] com.zaxxer:HikariCP:6.3.0 -> com.zaxxer:HikariCP:6.3.1 : Failed to compare JAR files: JAPICMP comparison failed for com.zaxxer:HikariCP
[2025-09-13 00:36:52] com.zaxxer:HikariCP:6.3.0 -> com.zaxxer:HikariCP:6.3.2 : Failed to compare JAR files: JAPICMP comparison failed for com.zaxxer:HikariCP
[2025-09-13 00:36:57] org.mybatis:mybatis-spring:3.0.4 -> org.mybatis:mybatis-spring:3.0.5 : Failed to compare JAR files: JAPICMP comparison failed for org.mybatis:mybatis-spring
[2025-09-13 00:36:57] org.assertj:assertj-core:3.27.3 -> org.assertj:assertj-core:3.27.4 : Failed to compare JAR files: JAPICMP comparison failed for org.assertj:assertj-core
[2025-09-13 00:36:58] org.projectlombok:lombok:1.18.38 -> org.projectlombok:lombok:1.18.40 : Failed to compare JAR files: JAPICMP comparison failed for org.projectlombok:lombok

=== Summary ===
Total comparisons: 108
Failures: 17
Success rate: 84.26%
