=== Comparison Failure Log ===
[2025-08-22 14:40:36] com.squareup.retrofit2:retrofit:2.9.0 -> com.squareup.retrofit2:retrofit:2.10.0 : Failed to compare JAR files: JAPICMP comparison failed for com.squareup.retrofit2:retrofit
[2025-08-22 14:40:36] com.squareup.retrofit2:retrofit:2.9.0 -> com.squareup.retrofit2:retrofit:2.11.0 : Failed to compare JAR files: JAPICMP comparison failed for com.squareup.retrofit2:retrofit
[2025-08-22 14:40:36] com.squareup.retrofit2:retrofit:2.9.0 -> com.squareup.retrofit2:retrofit:2.12.0 : Failed to compare JAR files: JAPICMP comparison failed for com.squareup.retrofit2:retrofit
[2025-08-22 14:41:03] org.junit.jupiter:junit-jupiter-api:5.9.1 -> org.junit.jupiter:junit-jupiter-api:5.9.2 : Failed to compare JAR files: JAPICMP comparison failed for org.junit.jupiter:junit-jupiter-api
[2025-08-22 14:41:03] org.junit.jupiter:junit-jupiter-api:5.9.1 -> org.junit.jupiter:junit-jupiter-api:5.9.3 : Failed to compare JAR files: JAPICMP comparison failed for org.junit.jupiter:junit-jupiter-api
[2025-08-22 14:41:03] org.junit.jupiter:junit-jupiter-api:5.9.1 -> org.junit.jupiter:junit-jupiter-api:5.10.0 : Failed to compare JAR files: JAPICMP comparison failed for org.junit.jupiter:junit-jupiter-api
[2025-08-22 14:41:03] org.junit.jupiter:junit-jupiter-api:5.9.1 -> org.junit.jupiter:junit-jupiter-api:5.10.1 : Failed to compare JAR files: JAPICMP comparison failed for org.junit.jupiter:junit-jupiter-api
[2025-08-22 14:41:03] org.junit.jupiter:junit-jupiter-api:5.9.1 -> org.junit.jupiter:junit-jupiter-api:5.10.2 : Failed to compare JAR files: JAPICMP comparison failed for org.junit.jupiter:junit-jupiter-api
[2025-08-22 14:41:03] org.junit.jupiter:junit-jupiter-api:5.9.1 -> org.junit.jupiter:junit-jupiter-api:5.10.3 : Failed to compare JAR files: JAPICMP comparison failed for org.junit.jupiter:junit-jupiter-api
[2025-08-22 14:41:03] org.junit.jupiter:junit-jupiter-api:5.9.1 -> org.junit.jupiter:junit-jupiter-api:5.10.4 : Failed to compare JAR files: JAPICMP comparison failed for org.junit.jupiter:junit-jupiter-api
[2025-08-22 14:41:03] org.junit.jupiter:junit-jupiter-api:5.9.1 -> org.junit.jupiter:junit-jupiter-api:5.10.5 : Failed to compare JAR files: JAPICMP comparison failed for org.junit.jupiter:junit-jupiter-api
[2025-08-22 14:41:03] org.junit.jupiter:junit-jupiter-api:5.9.1 -> org.junit.jupiter:junit-jupiter-api:5.11.0 : Failed to compare JAR files: JAPICMP comparison failed for org.junit.jupiter:junit-jupiter-api
[2025-08-22 14:41:03] org.junit.jupiter:junit-jupiter-api:5.9.1 -> org.junit.jupiter:junit-jupiter-api:5.11.1 : Failed to compare JAR files: JAPICMP comparison failed for org.junit.jupiter:junit-jupiter-api
[2025-08-22 14:41:03] org.junit.jupiter:junit-jupiter-api:5.9.1 -> org.junit.jupiter:junit-jupiter-api:5.11.2 : Failed to compare JAR files: JAPICMP comparison failed for org.junit.jupiter:junit-jupiter-api
[2025-08-22 14:41:03] org.junit.jupiter:junit-jupiter-api:5.9.1 -> org.junit.jupiter:junit-jupiter-api:5.11.3 : Failed to compare JAR files: JAPICMP comparison failed for org.junit.jupiter:junit-jupiter-api
[2025-08-22 14:41:03] org.junit.jupiter:junit-jupiter-api:5.9.1 -> org.junit.jupiter:junit-jupiter-api:5.11.4 : Failed to compare JAR files: JAPICMP comparison failed for org.junit.jupiter:junit-jupiter-api
[2025-08-22 14:41:03] org.junit.jupiter:junit-jupiter-api:5.9.1 -> org.junit.jupiter:junit-jupiter-api:5.12.0 : Failed to compare JAR files: JAPICMP comparison failed for org.junit.jupiter:junit-jupiter-api
[2025-08-22 14:41:03] org.junit.jupiter:junit-jupiter-api:5.9.1 -> org.junit.jupiter:junit-jupiter-api:5.12.1 : Failed to compare JAR files: JAPICMP comparison failed for org.junit.jupiter:junit-jupiter-api
[2025-08-22 14:41:03] org.junit.jupiter:junit-jupiter-api:5.9.1 -> org.junit.jupiter:junit-jupiter-api:5.12.2 : Failed to compare JAR files: JAPICMP comparison failed for org.junit.jupiter:junit-jupiter-api
[2025-08-22 14:41:03] org.junit.jupiter:junit-jupiter-api:5.9.1 -> org.junit.jupiter:junit-jupiter-api:5.13.0 : Failed to compare JAR files: JAPICMP comparison failed for org.junit.jupiter:junit-jupiter-api
[2025-08-22 14:41:03] org.junit.jupiter:junit-jupiter-api:5.9.1 -> org.junit.jupiter:junit-jupiter-api:5.13.1 : Failed to compare JAR files: JAPICMP comparison failed for org.junit.jupiter:junit-jupiter-api
[2025-08-22 14:41:03] org.junit.jupiter:junit-jupiter-api:5.9.1 -> org.junit.jupiter:junit-jupiter-api:5.13.2 : Failed to compare JAR files: JAPICMP comparison failed for org.junit.jupiter:junit-jupiter-api
[2025-08-22 14:41:03] org.junit.jupiter:junit-jupiter-api:5.9.1 -> org.junit.jupiter:junit-jupiter-api:5.13.3 : Failed to compare JAR files: JAPICMP comparison failed for org.junit.jupiter:junit-jupiter-api
[2025-08-22 14:41:03] org.junit.jupiter:junit-jupiter-api:5.9.1 -> org.junit.jupiter:junit-jupiter-api:5.13.4 : Failed to compare JAR files: JAPICMP comparison failed for org.junit.jupiter:junit-jupiter-api
[2025-08-22 14:41:08] org.assertj:assertj-core:3.23.1 -> org.assertj:assertj-core:3.24.0 : Failed to compare JAR files: JAPICMP comparison failed for org.assertj:assertj-core
[2025-08-22 14:41:08] org.assertj:assertj-core:3.23.1 -> org.assertj:assertj-core:3.24.1 : Failed to compare JAR files: JAPICMP comparison failed for org.assertj:assertj-core
[2025-08-22 14:41:08] org.assertj:assertj-core:3.23.1 -> org.assertj:assertj-core:3.24.2 : Failed to compare JAR files: JAPICMP comparison failed for org.assertj:assertj-core
[2025-08-22 14:41:08] org.assertj:assertj-core:3.23.1 -> org.assertj:assertj-core:3.25.0 : Failed to compare JAR files: JAPICMP comparison failed for org.assertj:assertj-core
[2025-08-22 14:41:08] org.assertj:assertj-core:3.23.1 -> org.assertj:assertj-core:3.25.1 : Failed to compare JAR files: JAPICMP comparison failed for org.assertj:assertj-core
[2025-08-22 14:41:08] org.assertj:assertj-core:3.23.1 -> org.assertj:assertj-core:3.25.2 : Failed to compare JAR files: JAPICMP comparison failed for org.assertj:assertj-core
[2025-08-22 14:41:08] org.assertj:assertj-core:3.23.1 -> org.assertj:assertj-core:3.25.3 : Failed to compare JAR files: JAPICMP comparison failed for org.assertj:assertj-core
[2025-08-22 14:41:08] org.assertj:assertj-core:3.23.1 -> org.assertj:assertj-core:3.26.0 : Failed to compare JAR files: JAPICMP comparison failed for org.assertj:assertj-core
[2025-08-22 14:41:09] org.assertj:assertj-core:3.23.1 -> org.assertj:assertj-core:3.26.3 : Failed to compare JAR files: JAPICMP comparison failed for org.assertj:assertj-core
[2025-08-22 14:41:09] org.assertj:assertj-core:3.23.1 -> org.assertj:assertj-core:3.27.0 : Failed to compare JAR files: JAPICMP comparison failed for org.assertj:assertj-core
[2025-08-22 14:41:09] org.assertj:assertj-core:3.23.1 -> org.assertj:assertj-core:3.27.1 : Failed to compare JAR files: JAPICMP comparison failed for org.assertj:assertj-core
[2025-08-22 14:41:09] org.assertj:assertj-core:3.23.1 -> org.assertj:assertj-core:3.27.2 : Failed to compare JAR files: JAPICMP comparison failed for org.assertj:assertj-core
[2025-08-22 14:41:09] org.assertj:assertj-core:3.23.1 -> org.assertj:assertj-core:3.27.3 : Failed to compare JAR files: JAPICMP comparison failed for org.assertj:assertj-core
[2025-08-22 14:41:09] org.assertj:assertj-core:3.23.1 -> org.assertj:assertj-core:3.27.4 : Failed to compare JAR files: JAPICMP comparison failed for org.assertj:assertj-core
[2025-08-22 14:41:13] com.github.tomakehurst:wiremock-jre8:2.35.0 -> com.github.tomakehurst:wiremock-jre8:2.35.1 : Failed to compare JAR files: JAPICMP comparison failed for com.github.tomakehurst:wiremock-jre8
[2025-08-22 14:41:14] com.github.tomakehurst:wiremock-jre8:2.35.0 -> com.github.tomakehurst:wiremock-jre8:2.35.2 : Failed to compare JAR files: JAPICMP comparison failed for com.github.tomakehurst:wiremock-jre8

=== Summary ===
Total comparisons: 385
Failures: 40
Success rate: 89.61%
