=== Comparison Failure Log ===
[2025-09-01 13:59:46] com.zaxxer:HikariCP:6.3.0 -> com.zaxxer:HikariCP:6.3.1 : Failed to compare JAR files: JAPICMP comparison failed for com.zaxxer:HikariCP
[2025-09-01 13:59:47] com.zaxxer:HikariCP:6.3.0 -> com.zaxxer:HikariCP:6.3.2 : Failed to compare JAR files: JAPICMP comparison failed for com.zaxxer:HikariCP
[2025-09-01 13:59:52] org.junit.jupiter:junit-jupiter-api:5.12.2 -> org.junit.jupiter:junit-jupiter-api:5.13.0 : Failed to compare JAR files: JAPICMP comparison failed for org.junit.jupiter:junit-jupiter-api
[2025-09-01 13:59:52] org.junit.jupiter:junit-jupiter-api:5.12.2 -> org.junit.jupiter:junit-jupiter-api:5.13.1 : Failed to compare JAR files: JAPICMP comparison failed for org.junit.jupiter:junit-jupiter-api
[2025-09-01 13:59:52] org.junit.jupiter:junit-jupiter-api:5.12.2 -> org.junit.jupiter:junit-jupiter-api:5.13.2 : Failed to compare JAR files: JAPICMP comparison failed for org.junit.jupiter:junit-jupiter-api
[2025-09-01 13:59:52] org.junit.jupiter:junit-jupiter-api:5.12.2 -> org.junit.jupiter:junit-jupiter-api:5.13.3 : Failed to compare JAR files: JAPICMP comparison failed for org.junit.jupiter:junit-jupiter-api
[2025-09-01 13:59:52] org.junit.jupiter:junit-jupiter-api:5.12.2 -> org.junit.jupiter:junit-jupiter-api:5.13.4 : Failed to compare JAR files: JAPICMP comparison failed for org.junit.jupiter:junit-jupiter-api
[2025-09-01 13:59:53] org.junit.jupiter:junit-jupiter-params:5.12.2 -> org.junit.jupiter:junit-jupiter-params:5.13.0 : Failed to compare JAR files: JAPICMP comparison failed for org.junit.jupiter:junit-jupiter-params
[2025-09-01 13:59:53] org.junit.jupiter:junit-jupiter-params:5.12.2 -> org.junit.jupiter:junit-jupiter-params:5.13.1 : Failed to compare JAR files: JAPICMP comparison failed for org.junit.jupiter:junit-jupiter-params
[2025-09-01 13:59:53] org.junit.jupiter:junit-jupiter-params:5.12.2 -> org.junit.jupiter:junit-jupiter-params:5.13.2 : Failed to compare JAR files: JAPICMP comparison failed for org.junit.jupiter:junit-jupiter-params
[2025-09-01 13:59:53] org.junit.jupiter:junit-jupiter-params:5.12.2 -> org.junit.jupiter:junit-jupiter-params:5.13.3 : Failed to compare JAR files: JAPICMP comparison failed for org.junit.jupiter:junit-jupiter-params
[2025-09-01 13:59:53] org.junit.jupiter:junit-jupiter-params:5.12.2 -> org.junit.jupiter:junit-jupiter-params:5.13.4 : Failed to compare JAR files: JAPICMP comparison failed for org.junit.jupiter:junit-jupiter-params
[2025-09-01 13:59:53] org.testcontainers:junit-jupiter:1.21.0 -> org.testcontainers:junit-jupiter:1.21.1 : Failed to compare JAR files: JAPICMP comparison failed for org.testcontainers:junit-jupiter
[2025-09-01 13:59:53] org.testcontainers:junit-jupiter:1.21.0 -> org.testcontainers:junit-jupiter:1.21.2 : Failed to compare JAR files: JAPICMP comparison failed for org.testcontainers:junit-jupiter
[2025-09-01 13:59:53] org.testcontainers:junit-jupiter:1.21.0 -> org.testcontainers:junit-jupiter:1.21.3 : Failed to compare JAR files: JAPICMP comparison failed for org.testcontainers:junit-jupiter
[2025-09-01 13:59:54] org.testcontainers:postgresql:1.21.0 -> org.testcontainers:postgresql:1.21.1 : Failed to compare JAR files: JAPICMP comparison failed for org.testcontainers:postgresql
[2025-09-01 13:59:54] org.testcontainers:postgresql:1.21.0 -> org.testcontainers:postgresql:1.21.2 : Failed to compare JAR files: JAPICMP comparison failed for org.testcontainers:postgresql
[2025-09-01 13:59:54] org.testcontainers:postgresql:1.21.0 -> org.testcontainers:postgresql:1.21.3 : Failed to compare JAR files: JAPICMP comparison failed for org.testcontainers:postgresql
[2025-09-01 13:59:55] org.testcontainers:testcontainers:1.21.0 -> org.testcontainers:testcontainers:1.21.1 : Failed to compare JAR files: JAPICMP comparison failed for org.testcontainers:testcontainers
[2025-09-01 13:59:57] org.testcontainers:testcontainers:1.21.0 -> org.testcontainers:testcontainers:1.21.2 : Failed to compare JAR files: JAPICMP comparison failed for org.testcontainers:testcontainers
[2025-09-01 13:59:59] org.testcontainers:testcontainers:1.21.0 -> org.testcontainers:testcontainers:1.21.3 : Failed to compare JAR files: JAPICMP comparison failed for org.testcontainers:testcontainers

=== Summary ===
Total comparisons: 60
Failures: 21
Success rate: 65.00%
