=== Comparison Failure Log ===
[2025-08-25 15:23:15] org.springframework.boot:spring-boot-autoconfigure:2.7.0 -> org.springframework.boot:spring-boot-autoconfigure:2.7.1 : Failed to compare JAR files: JAPICMP comparison failed for org.springframework.boot:spring-boot-autoconfigure
[2025-08-25 15:23:15] org.springframework.boot:spring-boot-autoconfigure:2.7.0 -> org.springframework.boot:spring-boot-autoconfigure:2.7.2 : Failed to compare JAR files: JAPICMP comparison failed for org.springframework.boot:spring-boot-autoconfigure
[2025-08-25 15:23:15] org.springframework.boot:spring-boot-autoconfigure:2.7.0 -> org.springframework.boot:spring-boot-autoconfigure:2.7.3 : Failed to compare JAR files: JAPICMP comparison failed for org.springframework.boot:spring-boot-autoconfigure
[2025-08-25 15:23:16] org.springframework.boot:spring-boot-autoconfigure:2.7.0 -> org.springframework.boot:spring-boot-autoconfigure:2.7.4 : Failed to compare JAR files: JAPICMP comparison failed for org.springframework.boot:spring-boot-autoconfigure
[2025-08-25 15:23:16] org.springframework.boot:spring-boot-autoconfigure:2.7.0 -> org.springframework.boot:spring-boot-autoconfigure:2.7.5 : Failed to compare JAR files: JAPICMP comparison failed for org.springframework.boot:spring-boot-autoconfigure
[2025-08-25 15:23:16] org.springframework.boot:spring-boot-autoconfigure:2.7.0 -> org.springframework.boot:spring-boot-autoconfigure:2.7.6 : Failed to compare JAR files: JAPICMP comparison failed for org.springframework.boot:spring-boot-autoconfigure
[2025-08-25 15:23:16] org.springframework.boot:spring-boot-autoconfigure:2.7.0 -> org.springframework.boot:spring-boot-autoconfigure:2.7.7 : Failed to compare JAR files: JAPICMP comparison failed for org.springframework.boot:spring-boot-autoconfigure
[2025-08-25 15:23:17] org.springframework.boot:spring-boot-autoconfigure:2.7.0 -> org.springframework.boot:spring-boot-autoconfigure:2.7.8 : Failed to compare JAR files: JAPICMP comparison failed for org.springframework.boot:spring-boot-autoconfigure
[2025-08-25 15:23:17] org.springframework.boot:spring-boot-autoconfigure:2.7.0 -> org.springframework.boot:spring-boot-autoconfigure:2.7.9 : Failed to compare JAR files: JAPICMP comparison failed for org.springframework.boot:spring-boot-autoconfigure
[2025-08-25 15:23:17] org.springframework.boot:spring-boot-autoconfigure:2.7.0 -> org.springframework.boot:spring-boot-autoconfigure:2.7.10 : Failed to compare JAR files: JAPICMP comparison failed for org.springframework.boot:spring-boot-autoconfigure
[2025-08-25 15:23:17] org.springframework.boot:spring-boot-autoconfigure:2.7.0 -> org.springframework.boot:spring-boot-autoconfigure:2.7.11 : Failed to compare JAR files: JAPICMP comparison failed for org.springframework.boot:spring-boot-autoconfigure
[2025-08-25 15:23:17] org.springframework.boot:spring-boot-autoconfigure:2.7.0 -> org.springframework.boot:spring-boot-autoconfigure:2.7.12 : Failed to compare JAR files: JAPICMP comparison failed for org.springframework.boot:spring-boot-autoconfigure
[2025-08-25 15:23:17] org.springframework.boot:spring-boot-autoconfigure:2.7.0 -> org.springframework.boot:spring-boot-autoconfigure:2.7.13 : Failed to compare JAR files: JAPICMP comparison failed for org.springframework.boot:spring-boot-autoconfigure
[2025-08-25 15:23:17] org.springframework.boot:spring-boot-autoconfigure:2.7.0 -> org.springframework.boot:spring-boot-autoconfigure:2.7.14 : Failed to compare JAR files: JAPICMP comparison failed for org.springframework.boot:spring-boot-autoconfigure
[2025-08-25 15:23:17] org.springframework.boot:spring-boot-autoconfigure:2.7.0 -> org.springframework.boot:spring-boot-autoconfigure:2.7.15 : Failed to compare JAR files: JAPICMP comparison failed for org.springframework.boot:spring-boot-autoconfigure
[2025-08-25 15:23:18] org.springframework.boot:spring-boot-autoconfigure:2.7.0 -> org.springframework.boot:spring-boot-autoconfigure:2.7.16 : Failed to compare JAR files: JAPICMP comparison failed for org.springframework.boot:spring-boot-autoconfigure
[2025-08-25 15:23:18] org.springframework.boot:spring-boot-autoconfigure:2.7.0 -> org.springframework.boot:spring-boot-autoconfigure:2.7.17 : Failed to compare JAR files: JAPICMP comparison failed for org.springframework.boot:spring-boot-autoconfigure
[2025-08-25 15:23:18] org.springframework.boot:spring-boot-autoconfigure:2.7.0 -> org.springframework.boot:spring-boot-autoconfigure:2.7.18 : Failed to compare JAR files: JAPICMP comparison failed for org.springframework.boot:spring-boot-autoconfigure
[2025-08-25 15:24:21] org.springframework:spring-jdbc:5.3.20 -> org.springframework:spring-jdbc:5.3.21 : Failed to compare JAR files: JAPICMP comparison failed for org.springframework:spring-jdbc
[2025-08-25 15:24:22] org.springframework:spring-jdbc:5.3.20 -> org.springframework:spring-jdbc:5.3.22 : Failed to compare JAR files: JAPICMP comparison failed for org.springframework:spring-jdbc
[2025-08-25 15:24:22] org.springframework:spring-jdbc:5.3.20 -> org.springframework:spring-jdbc:5.3.23 : Failed to compare JAR files: JAPICMP comparison failed for org.springframework:spring-jdbc
[2025-08-25 15:24:22] org.springframework:spring-jdbc:5.3.20 -> org.springframework:spring-jdbc:5.3.24 : Failed to compare JAR files: JAPICMP comparison failed for org.springframework:spring-jdbc
[2025-08-25 15:24:22] org.springframework:spring-jdbc:5.3.20 -> org.springframework:spring-jdbc:5.3.25 : Failed to compare JAR files: JAPICMP comparison failed for org.springframework:spring-jdbc
[2025-08-25 15:24:22] org.springframework:spring-jdbc:5.3.20 -> org.springframework:spring-jdbc:5.3.26 : Failed to compare JAR files: JAPICMP comparison failed for org.springframework:spring-jdbc
[2025-08-25 15:24:22] org.springframework:spring-jdbc:5.3.20 -> org.springframework:spring-jdbc:5.3.27 : Failed to compare JAR files: JAPICMP comparison failed for org.springframework:spring-jdbc
[2025-08-25 15:24:22] org.springframework:spring-jdbc:5.3.20 -> org.springframework:spring-jdbc:5.3.28 : Failed to compare JAR files: JAPICMP comparison failed for org.springframework:spring-jdbc
[2025-08-25 15:24:22] org.springframework:spring-jdbc:5.3.20 -> org.springframework:spring-jdbc:5.3.29 : Failed to compare JAR files: JAPICMP comparison failed for org.springframework:spring-jdbc
[2025-08-25 15:24:22] org.springframework:spring-jdbc:5.3.20 -> org.springframework:spring-jdbc:5.3.30 : Failed to compare JAR files: JAPICMP comparison failed for org.springframework:spring-jdbc
[2025-08-25 15:24:22] org.springframework:spring-jdbc:5.3.20 -> org.springframework:spring-jdbc:5.3.31 : Failed to compare JAR files: JAPICMP comparison failed for org.springframework:spring-jdbc
[2025-08-25 15:24:23] org.springframework:spring-jdbc:5.3.20 -> org.springframework:spring-jdbc:5.3.32 : Failed to compare JAR files: JAPICMP comparison failed for org.springframework:spring-jdbc
[2025-08-25 15:24:24] org.springframework:spring-jdbc:5.3.20 -> org.springframework:spring-jdbc:5.3.33 : Failed to compare JAR files: JAPICMP comparison failed for org.springframework:spring-jdbc
[2025-08-25 15:24:25] org.springframework:spring-jdbc:5.3.20 -> org.springframework:spring-jdbc:5.3.34 : Failed to compare JAR files: JAPICMP comparison failed for org.springframework:spring-jdbc
[2025-08-25 15:24:25] org.springframework:spring-jdbc:5.3.20 -> org.springframework:spring-jdbc:5.3.35 : Failed to compare JAR files: JAPICMP comparison failed for org.springframework:spring-jdbc
[2025-08-25 15:24:26] org.springframework:spring-jdbc:5.3.20 -> org.springframework:spring-jdbc:5.3.36 : Failed to compare JAR files: JAPICMP comparison failed for org.springframework:spring-jdbc
[2025-08-25 15:24:27] org.springframework:spring-jdbc:5.3.20 -> org.springframework:spring-jdbc:5.3.37 : Failed to compare JAR files: JAPICMP comparison failed for org.springframework:spring-jdbc
[2025-08-25 15:24:28] org.springframework:spring-jdbc:5.3.20 -> org.springframework:spring-jdbc:5.3.38 : Failed to compare JAR files: JAPICMP comparison failed for org.springframework:spring-jdbc
[2025-08-25 15:24:28] org.springframework:spring-jdbc:5.3.20 -> org.springframework:spring-jdbc:5.3.39 : Failed to compare JAR files: JAPICMP comparison failed for org.springframework:spring-jdbc
[2025-08-25 15:24:28] mysql:mysql-connector-java:8.0.32 -> mysql:mysql-connector-java:8.0.33 : Failed to compare JAR files: JAPICMP comparison failed for mysql:mysql-connector-java
[2025-08-25 15:24:28] org.projectlombok:lombok:1.18.30 -> org.projectlombok:lombok:1.18.32 : Failed to compare JAR files: JAPICMP comparison failed for org.projectlombok:lombok
[2025-08-25 15:24:28] org.projectlombok:lombok:1.18.30 -> org.projectlombok:lombok:1.18.34 : Failed to compare JAR files: JAPICMP comparison failed for org.projectlombok:lombok
[2025-08-25 15:24:28] org.projectlombok:lombok:1.18.30 -> org.projectlombok:lombok:1.18.36 : Failed to compare JAR files: JAPICMP comparison failed for org.projectlombok:lombok
[2025-08-25 15:24:28] org.projectlombok:lombok:1.18.30 -> org.projectlombok:lombok:1.18.38 : Failed to compare JAR files: JAPICMP comparison failed for org.projectlombok:lombok

=== Summary ===
Total comparisons: 768
Failures: 42
Success rate: 94.53%
