=== Comparison Failure Log ===
[2025-09-10 12:23:26] org.apache.spark:spark-core_2.12:3.5.0 -> org.apache.spark:spark-core_2.12:3.5.1 : Failed to compare JAR files: JAPICMP comparison failed for org.apache.spark:spark-core_2.12
[2025-09-10 12:23:37] org.apache.spark:spark-core_2.12:3.5.0 -> org.apache.spark:spark-core_2.12:3.5.2 : Failed to compare JAR files: JAPICMP comparison failed for org.apache.spark:spark-core_2.12
[2025-09-10 12:23:49] org.apache.spark:spark-core_2.12:3.5.0 -> org.apache.spark:spark-core_2.12:3.5.3 : Failed to compare JAR files: JAPICMP comparison failed for org.apache.spark:spark-core_2.12
[2025-09-10 12:24:00] org.apache.spark:spark-core_2.12:3.5.0 -> org.apache.spark:spark-core_2.12:3.5.4 : Failed to compare JAR files: JAPICMP comparison failed for org.apache.spark:spark-core_2.12
[2025-09-10 12:24:10] org.apache.spark:spark-core_2.12:3.5.0 -> org.apache.spark:spark-core_2.12:3.5.5 : Failed to compare JAR files: JAPICMP comparison failed for org.apache.spark:spark-core_2.12
[2025-09-10 12:24:21] org.apache.spark:spark-core_2.12:3.5.0 -> org.apache.spark:spark-core_2.12:3.5.6 : Failed to compare JAR files: JAPICMP comparison failed for org.apache.spark:spark-core_2.12
[2025-09-10 12:38:51] org.apache.hadoop:hadoop-common:3.4.0 -> org.apache.hadoop:hadoop-common:3.4.1 : Failed to compare JAR files: JAPICMP comparison failed for org.apache.hadoop:hadoop-common
[2025-09-10 12:38:58] org.apache.hadoop:hadoop-common:3.4.0 -> org.apache.hadoop:hadoop-common:3.4.2 : Failed to compare JAR files: JAPICMP comparison failed for org.apache.hadoop:hadoop-common
[2025-09-10 12:40:30] org.apache.hadoop:hadoop-hdfs:3.3.6 -> org.apache.hadoop:hadoop-hdfs:3.4.0 : Failed to compare JAR files: JAPICMP comparison failed for org.apache.hadoop:hadoop-hdfs
[2025-09-10 12:40:33] org.apache.hadoop:hadoop-hdfs:3.3.6 -> org.apache.hadoop:hadoop-hdfs:3.4.1 : Failed to compare JAR files: JAPICMP comparison failed for org.apache.hadoop:hadoop-hdfs
[2025-09-10 12:40:44] org.apache.hadoop:hadoop-hdfs:3.3.6 -> org.apache.hadoop:hadoop-hdfs:3.4.2 : Failed to compare JAR files: JAPICMP comparison failed for org.apache.hadoop:hadoop-hdfs
[2025-09-10 12:44:04] commons-logging:commons-logging:1.1.3 -> commons-logging:commons-logging:1.2 : Failed to compare JAR files: JAPICMP comparison failed for commons-logging:commons-logging
[2025-09-10 12:44:04] commons-logging:commons-logging:1.1.3 -> commons-logging:commons-logging:1.3.0 : Failed to compare JAR files: JAPICMP comparison failed for commons-logging:commons-logging
[2025-09-10 12:44:05] commons-logging:commons-logging:1.1.3 -> commons-logging:commons-logging:1.3.1 : Failed to compare JAR files: JAPICMP comparison failed for commons-logging:commons-logging
[2025-09-10 12:44:05] commons-logging:commons-logging:1.1.3 -> commons-logging:commons-logging:1.3.2 : Failed to compare JAR files: JAPICMP comparison failed for commons-logging:commons-logging
[2025-09-10 12:44:06] commons-logging:commons-logging:1.1.3 -> commons-logging:commons-logging:1.3.3 : Failed to compare JAR files: JAPICMP comparison failed for commons-logging:commons-logging
[2025-09-10 12:44:06] commons-logging:commons-logging:1.1.3 -> commons-logging:commons-logging:1.3.4 : Failed to compare JAR files: JAPICMP comparison failed for commons-logging:commons-logging
[2025-09-10 12:44:06] commons-logging:commons-logging:1.1.3 -> commons-logging:commons-logging:1.3.5 : Failed to compare JAR files: JAPICMP comparison failed for commons-logging:commons-logging
[2025-09-10 12:46:29] org.mockito:mockito-core:5.1.0 -> org.mockito:mockito-core:5.1.1 : Failed to compare JAR files: JAPICMP comparison failed for org.mockito:mockito-core
[2025-09-10 12:46:29] org.mockito:mockito-core:5.1.0 -> org.mockito:mockito-core:5.2.0 : Failed to compare JAR files: JAPICMP comparison failed for org.mockito:mockito-core
[2025-09-10 12:46:31] org.mockito:mockito-core:5.1.0 -> org.mockito:mockito-core:5.3.0 : Failed to compare JAR files: JAPICMP comparison failed for org.mockito:mockito-core
[2025-09-10 12:46:31] org.mockito:mockito-core:5.1.0 -> org.mockito:mockito-core:5.3.1 : Failed to compare JAR files: JAPICMP comparison failed for org.mockito:mockito-core
[2025-09-10 12:46:32] org.mockito:mockito-core:5.1.0 -> org.mockito:mockito-core:5.4.0 : Failed to compare JAR files: JAPICMP comparison failed for org.mockito:mockito-core
[2025-09-10 12:46:32] org.mockito:mockito-core:5.1.0 -> org.mockito:mockito-core:5.5.0 : Failed to compare JAR files: JAPICMP comparison failed for org.mockito:mockito-core
[2025-09-10 12:46:33] org.mockito:mockito-core:5.1.0 -> org.mockito:mockito-core:5.6.0 : Failed to compare JAR files: JAPICMP comparison failed for org.mockito:mockito-core
[2025-09-10 12:46:33] org.mockito:mockito-core:5.1.0 -> org.mockito:mockito-core:5.7.0 : Failed to compare JAR files: JAPICMP comparison failed for org.mockito:mockito-core
[2025-09-10 12:46:34] org.mockito:mockito-core:5.1.0 -> org.mockito:mockito-core:5.8.0 : Failed to compare JAR files: JAPICMP comparison failed for org.mockito:mockito-core
[2025-09-10 12:46:34] org.mockito:mockito-core:5.1.0 -> org.mockito:mockito-core:5.9.0 : Failed to compare JAR files: JAPICMP comparison failed for org.mockito:mockito-core
[2025-09-10 12:46:34] org.mockito:mockito-core:5.1.0 -> org.mockito:mockito-core:5.10.0 : Failed to compare JAR files: JAPICMP comparison failed for org.mockito:mockito-core
[2025-09-10 12:46:35] org.mockito:mockito-core:5.1.0 -> org.mockito:mockito-core:5.11.0 : Failed to compare JAR files: JAPICMP comparison failed for org.mockito:mockito-core
[2025-09-10 12:46:35] org.mockito:mockito-core:5.1.0 -> org.mockito:mockito-core:5.12.0 : Failed to compare JAR files: JAPICMP comparison failed for org.mockito:mockito-core
[2025-09-10 12:46:36] org.mockito:mockito-core:5.1.0 -> org.mockito:mockito-core:5.13.0 : Failed to compare JAR files: JAPICMP comparison failed for org.mockito:mockito-core
[2025-09-10 12:46:37] org.mockito:mockito-core:5.1.0 -> org.mockito:mockito-core:5.14.0 : Failed to compare JAR files: JAPICMP comparison failed for org.mockito:mockito-core
[2025-09-10 12:46:37] org.mockito:mockito-core:5.1.0 -> org.mockito:mockito-core:5.14.1 : Failed to compare JAR files: JAPICMP comparison failed for org.mockito:mockito-core
[2025-09-10 12:46:38] org.mockito:mockito-core:5.1.0 -> org.mockito:mockito-core:5.14.2 : Failed to compare JAR files: JAPICMP comparison failed for org.mockito:mockito-core
[2025-09-10 12:46:38] org.mockito:mockito-core:5.1.0 -> org.mockito:mockito-core:5.15.2 : Failed to compare JAR files: JAPICMP comparison failed for org.mockito:mockito-core
[2025-09-10 12:46:39] org.mockito:mockito-core:5.1.0 -> org.mockito:mockito-core:5.16.0 : Failed to compare JAR files: JAPICMP comparison failed for org.mockito:mockito-core
[2025-09-10 12:46:39] org.mockito:mockito-core:5.1.0 -> org.mockito:mockito-core:5.16.1 : Failed to compare JAR files: JAPICMP comparison failed for org.mockito:mockito-core
[2025-09-10 12:46:40] org.mockito:mockito-core:5.1.0 -> org.mockito:mockito-core:5.17.0 : Failed to compare JAR files: JAPICMP comparison failed for org.mockito:mockito-core
[2025-09-10 12:46:40] org.mockito:mockito-core:5.1.0 -> org.mockito:mockito-core:5.18.0 : Failed to compare JAR files: JAPICMP comparison failed for org.mockito:mockito-core
[2025-09-10 12:46:40] org.mockito:mockito-core:5.1.0 -> org.mockito:mockito-core:5.19.0 : Failed to compare JAR files: JAPICMP comparison failed for org.mockito:mockito-core
[2025-09-10 12:46:41] org.codehaus.janino:janino:3.1.9 -> org.codehaus.janino:janino:3.1.10 : Failed to compare JAR files: JAPICMP comparison failed for org.codehaus.janino:janino
[2025-09-10 12:46:43] org.codehaus.janino:janino:3.1.9 -> org.codehaus.janino:janino:3.1.11 : Failed to compare JAR files: JAPICMP comparison failed for org.codehaus.janino:janino
[2025-09-10 12:46:44] org.codehaus.janino:janino:3.1.9 -> org.codehaus.janino:janino:3.1.12 : Failed to compare JAR files: JAPICMP comparison failed for org.codehaus.janino:janino
[2025-09-10 12:47:07] org.apache.derby:derby:10.14.2.0 -> org.apache.derby:derby:10.15.1.3 : Failed to compare JAR files: JAPICMP comparison failed for org.apache.derby:derby
[2025-09-10 12:47:08] org.apache.derby:derby:10.14.2.0 -> org.apache.derby:derby:10.15.2.0 : Failed to compare JAR files: JAPICMP comparison failed for org.apache.derby:derby
[2025-09-10 12:47:09] org.apache.derby:derby:10.14.2.0 -> org.apache.derby:derby:10.16.1.1 : Failed to compare JAR files: JAPICMP comparison failed for org.apache.derby:derby
[2025-09-10 12:47:10] org.apache.derby:derby:10.14.2.0 -> org.apache.derby:derby:10.17.1.0 : Failed to compare JAR files: JAPICMP comparison failed for org.apache.derby:derby
[2025-09-10 13:00:01] org.apache.logging.log4j:log4j-api:2.22.1 -> org.apache.logging.log4j:log4j-api:2.23.0 : Failed to compare JAR files: JAPICMP comparison failed for org.apache.logging.log4j:log4j-api
[2025-09-10 13:00:01] org.apache.logging.log4j:log4j-api:2.22.1 -> org.apache.logging.log4j:log4j-api:2.23.1 : Failed to compare JAR files: JAPICMP comparison failed for org.apache.logging.log4j:log4j-api
[2025-09-10 13:00:02] org.apache.logging.log4j:log4j-api:2.22.1 -> org.apache.logging.log4j:log4j-api:2.24.0 : Failed to compare JAR files: JAPICMP comparison failed for org.apache.logging.log4j:log4j-api
[2025-09-10 13:00:02] org.apache.logging.log4j:log4j-api:2.22.1 -> org.apache.logging.log4j:log4j-api:2.24.1 : Failed to compare JAR files: JAPICMP comparison failed for org.apache.logging.log4j:log4j-api
[2025-09-10 13:00:03] org.apache.logging.log4j:log4j-api:2.22.1 -> org.apache.logging.log4j:log4j-api:2.24.2 : Failed to compare JAR files: JAPICMP comparison failed for org.apache.logging.log4j:log4j-api
[2025-09-10 13:00:04] org.apache.logging.log4j:log4j-api:2.22.1 -> org.apache.logging.log4j:log4j-api:2.24.3 : Failed to compare JAR files: JAPICMP comparison failed for org.apache.logging.log4j:log4j-api
[2025-09-10 13:00:04] org.apache.logging.log4j:log4j-api:2.22.1 -> org.apache.logging.log4j:log4j-api:2.25.0 : Failed to compare JAR files: JAPICMP comparison failed for org.apache.logging.log4j:log4j-api
[2025-09-10 13:00:05] org.apache.logging.log4j:log4j-api:2.22.1 -> org.apache.logging.log4j:log4j-api:2.25.1 : Failed to compare JAR files: JAPICMP comparison failed for org.apache.logging.log4j:log4j-api
[2025-09-10 13:00:08] org.apache.logging.log4j:log4j-core:2.22.1 -> org.apache.logging.log4j:log4j-core:2.23.0 : Failed to compare JAR files: JAPICMP comparison failed for org.apache.logging.log4j:log4j-core
[2025-09-10 13:00:09] org.apache.logging.log4j:log4j-core:2.22.1 -> org.apache.logging.log4j:log4j-core:2.23.1 : Failed to compare JAR files: JAPICMP comparison failed for org.apache.logging.log4j:log4j-core
[2025-09-10 13:00:12] org.apache.logging.log4j:log4j-core:2.22.1 -> org.apache.logging.log4j:log4j-core:2.24.0 : Failed to compare JAR files: JAPICMP comparison failed for org.apache.logging.log4j:log4j-core
[2025-09-10 13:00:14] org.apache.logging.log4j:log4j-core:2.22.1 -> org.apache.logging.log4j:log4j-core:2.24.1 : Failed to compare JAR files: JAPICMP comparison failed for org.apache.logging.log4j:log4j-core
[2025-09-10 13:00:15] org.apache.logging.log4j:log4j-core:2.22.1 -> org.apache.logging.log4j:log4j-core:2.24.2 : Failed to compare JAR files: JAPICMP comparison failed for org.apache.logging.log4j:log4j-core
[2025-09-10 13:00:15] org.apache.logging.log4j:log4j-core:2.22.1 -> org.apache.logging.log4j:log4j-core:2.24.3 : Failed to compare JAR files: JAPICMP comparison failed for org.apache.logging.log4j:log4j-core
[2025-09-10 13:00:18] org.apache.logging.log4j:log4j-core:2.22.1 -> org.apache.logging.log4j:log4j-core:2.25.0 : Failed to compare JAR files: JAPICMP comparison failed for org.apache.logging.log4j:log4j-core
[2025-09-10 13:00:20] org.apache.logging.log4j:log4j-core:2.22.1 -> org.apache.logging.log4j:log4j-core:2.25.1 : Failed to compare JAR files: JAPICMP comparison failed for org.apache.logging.log4j:log4j-core

=== Summary ===
Total comparisons: 1867
Failures: 64
Success rate: 96.57%
