=== Comparison Failure Log ===
[2025-09-01 12:22:40] org.apache.zookeeper:zookeeper:3.9.3 -> org.apache.zookeeper:zookeeper:3.9.4 : Failed to compare JAR files: JAPICMP comparison failed for org.apache.zookeeper:zookeeper
[2025-09-01 12:22:43] org.junit.jupiter:junit-jupiter-api:5.6.2 -> org.junit.jupiter:junit-jupiter-api:5.6.3 : Failed to compare JAR files: JAPICMP comparison failed for org.junit.jupiter:junit-jupiter-api
[2025-09-01 12:22:44] org.junit.jupiter:junit-jupiter-api:5.6.2 -> org.junit.jupiter:junit-jupiter-api:5.7.0 : Failed to compare JAR files: JAPICMP comparison failed for org.junit.jupiter:junit-jupiter-api
[2025-09-01 12:22:44] org.junit.jupiter:junit-jupiter-api:5.6.2 -> org.junit.jupiter:junit-jupiter-api:5.7.1 : Failed to compare JAR files: JAPICMP comparison failed for org.junit.jupiter:junit-jupiter-api
[2025-09-01 12:22:45] org.junit.jupiter:junit-jupiter-api:5.6.2 -> org.junit.jupiter:junit-jupiter-api:5.7.2 : Failed to compare JAR files: JAPICMP comparison failed for org.junit.jupiter:junit-jupiter-api
[2025-09-01 12:22:46] org.junit.jupiter:junit-jupiter-api:5.6.2 -> org.junit.jupiter:junit-jupiter-api:5.8.0 : Failed to compare JAR files: JAPICMP comparison failed for org.junit.jupiter:junit-jupiter-api
[2025-09-01 12:22:46] org.junit.jupiter:junit-jupiter-api:5.6.2 -> org.junit.jupiter:junit-jupiter-api:5.8.1 : Failed to compare JAR files: JAPICMP comparison failed for org.junit.jupiter:junit-jupiter-api
[2025-09-01 12:22:46] org.junit.jupiter:junit-jupiter-api:5.6.2 -> org.junit.jupiter:junit-jupiter-api:5.8.2 : Failed to compare JAR files: JAPICMP comparison failed for org.junit.jupiter:junit-jupiter-api
[2025-09-01 12:22:46] org.junit.jupiter:junit-jupiter-api:5.6.2 -> org.junit.jupiter:junit-jupiter-api:5.9.0 : Failed to compare JAR files: JAPICMP comparison failed for org.junit.jupiter:junit-jupiter-api
[2025-09-01 12:22:46] org.junit.jupiter:junit-jupiter-api:5.6.2 -> org.junit.jupiter:junit-jupiter-api:5.9.1 : Failed to compare JAR files: JAPICMP comparison failed for org.junit.jupiter:junit-jupiter-api
[2025-09-01 12:22:47] org.junit.jupiter:junit-jupiter-api:5.6.2 -> org.junit.jupiter:junit-jupiter-api:5.9.2 : Failed to compare JAR files: JAPICMP comparison failed for org.junit.jupiter:junit-jupiter-api
[2025-09-01 12:22:47] org.junit.jupiter:junit-jupiter-api:5.6.2 -> org.junit.jupiter:junit-jupiter-api:5.9.3 : Failed to compare JAR files: JAPICMP comparison failed for org.junit.jupiter:junit-jupiter-api
[2025-09-01 12:22:47] org.junit.jupiter:junit-jupiter-api:5.6.2 -> org.junit.jupiter:junit-jupiter-api:5.10.0 : Failed to compare JAR files: JAPICMP comparison failed for org.junit.jupiter:junit-jupiter-api
[2025-09-01 12:22:47] org.junit.jupiter:junit-jupiter-api:5.6.2 -> org.junit.jupiter:junit-jupiter-api:5.10.1 : Failed to compare JAR files: JAPICMP comparison failed for org.junit.jupiter:junit-jupiter-api
[2025-09-01 12:22:47] org.junit.jupiter:junit-jupiter-api:5.6.2 -> org.junit.jupiter:junit-jupiter-api:5.10.2 : Failed to compare JAR files: JAPICMP comparison failed for org.junit.jupiter:junit-jupiter-api
[2025-09-01 12:22:48] org.junit.jupiter:junit-jupiter-api:5.6.2 -> org.junit.jupiter:junit-jupiter-api:5.10.3 : Failed to compare JAR files: JAPICMP comparison failed for org.junit.jupiter:junit-jupiter-api
[2025-09-01 12:22:49] org.junit.jupiter:junit-jupiter-api:5.6.2 -> org.junit.jupiter:junit-jupiter-api:5.10.4 : Failed to compare JAR files: JAPICMP comparison failed for org.junit.jupiter:junit-jupiter-api
[2025-09-01 12:22:50] org.junit.jupiter:junit-jupiter-api:5.6.2 -> org.junit.jupiter:junit-jupiter-api:5.10.5 : Failed to compare JAR files: JAPICMP comparison failed for org.junit.jupiter:junit-jupiter-api
[2025-09-01 12:22:50] org.junit.jupiter:junit-jupiter-api:5.6.2 -> org.junit.jupiter:junit-jupiter-api:5.11.0 : Failed to compare JAR files: JAPICMP comparison failed for org.junit.jupiter:junit-jupiter-api
[2025-09-01 12:22:50] org.junit.jupiter:junit-jupiter-api:5.6.2 -> org.junit.jupiter:junit-jupiter-api:5.11.1 : Failed to compare JAR files: JAPICMP comparison failed for org.junit.jupiter:junit-jupiter-api
[2025-09-01 12:22:51] org.junit.jupiter:junit-jupiter-api:5.6.2 -> org.junit.jupiter:junit-jupiter-api:5.11.2 : Failed to compare JAR files: JAPICMP comparison failed for org.junit.jupiter:junit-jupiter-api
[2025-09-01 12:22:52] org.junit.jupiter:junit-jupiter-api:5.6.2 -> org.junit.jupiter:junit-jupiter-api:5.11.3 : Failed to compare JAR files: JAPICMP comparison failed for org.junit.jupiter:junit-jupiter-api
[2025-09-01 12:22:52] org.junit.jupiter:junit-jupiter-api:5.6.2 -> org.junit.jupiter:junit-jupiter-api:5.11.4 : Failed to compare JAR files: JAPICMP comparison failed for org.junit.jupiter:junit-jupiter-api
[2025-09-01 12:22:52] org.junit.jupiter:junit-jupiter-api:5.6.2 -> org.junit.jupiter:junit-jupiter-api:5.12.0 : Failed to compare JAR files: JAPICMP comparison failed for org.junit.jupiter:junit-jupiter-api
[2025-09-01 12:22:52] org.junit.jupiter:junit-jupiter-api:5.6.2 -> org.junit.jupiter:junit-jupiter-api:5.12.1 : Failed to compare JAR files: JAPICMP comparison failed for org.junit.jupiter:junit-jupiter-api
[2025-09-01 12:22:53] org.junit.jupiter:junit-jupiter-api:5.6.2 -> org.junit.jupiter:junit-jupiter-api:5.12.2 : Failed to compare JAR files: JAPICMP comparison failed for org.junit.jupiter:junit-jupiter-api
[2025-09-01 12:22:53] org.junit.jupiter:junit-jupiter-api:5.6.2 -> org.junit.jupiter:junit-jupiter-api:5.13.0 : Failed to compare JAR files: JAPICMP comparison failed for org.junit.jupiter:junit-jupiter-api
[2025-09-01 12:22:53] org.junit.jupiter:junit-jupiter-api:5.6.2 -> org.junit.jupiter:junit-jupiter-api:5.13.1 : Failed to compare JAR files: JAPICMP comparison failed for org.junit.jupiter:junit-jupiter-api
[2025-09-01 12:22:53] org.junit.jupiter:junit-jupiter-api:5.6.2 -> org.junit.jupiter:junit-jupiter-api:5.13.2 : Failed to compare JAR files: JAPICMP comparison failed for org.junit.jupiter:junit-jupiter-api
[2025-09-01 12:22:53] org.junit.jupiter:junit-jupiter-api:5.6.2 -> org.junit.jupiter:junit-jupiter-api:5.13.3 : Failed to compare JAR files: JAPICMP comparison failed for org.junit.jupiter:junit-jupiter-api
[2025-09-01 12:22:53] org.junit.jupiter:junit-jupiter-api:5.6.2 -> org.junit.jupiter:junit-jupiter-api:5.13.4 : Failed to compare JAR files: JAPICMP comparison failed for org.junit.jupiter:junit-jupiter-api
[2025-09-01 12:23:00] org.assertj:assertj-core:3.23.1 -> org.assertj:assertj-core:3.24.0 : Failed to compare JAR files: JAPICMP comparison failed for org.assertj:assertj-core
[2025-09-01 12:23:02] org.assertj:assertj-core:3.23.1 -> org.assertj:assertj-core:3.24.1 : Failed to compare JAR files: JAPICMP comparison failed for org.assertj:assertj-core
[2025-09-01 12:23:02] org.assertj:assertj-core:3.23.1 -> org.assertj:assertj-core:3.24.2 : Failed to compare JAR files: JAPICMP comparison failed for org.assertj:assertj-core
[2025-09-01 12:23:03] org.assertj:assertj-core:3.23.1 -> org.assertj:assertj-core:3.25.0 : Failed to compare JAR files: JAPICMP comparison failed for org.assertj:assertj-core
[2025-09-01 12:23:04] org.assertj:assertj-core:3.23.1 -> org.assertj:assertj-core:3.25.1 : Failed to compare JAR files: JAPICMP comparison failed for org.assertj:assertj-core
[2025-09-01 12:23:04] org.assertj:assertj-core:3.23.1 -> org.assertj:assertj-core:3.25.2 : Failed to compare JAR files: JAPICMP comparison failed for org.assertj:assertj-core
[2025-09-01 12:23:05] org.assertj:assertj-core:3.23.1 -> org.assertj:assertj-core:3.25.3 : Failed to compare JAR files: JAPICMP comparison failed for org.assertj:assertj-core
[2025-09-01 12:23:06] org.assertj:assertj-core:3.23.1 -> org.assertj:assertj-core:3.26.0 : Failed to compare JAR files: JAPICMP comparison failed for org.assertj:assertj-core
[2025-09-01 12:23:06] org.assertj:assertj-core:3.23.1 -> org.assertj:assertj-core:3.26.3 : Failed to compare JAR files: JAPICMP comparison failed for org.assertj:assertj-core
[2025-09-01 12:23:07] org.assertj:assertj-core:3.23.1 -> org.assertj:assertj-core:3.27.0 : Failed to compare JAR files: JAPICMP comparison failed for org.assertj:assertj-core
[2025-09-01 12:23:08] org.assertj:assertj-core:3.23.1 -> org.assertj:assertj-core:3.27.1 : Failed to compare JAR files: JAPICMP comparison failed for org.assertj:assertj-core
[2025-09-01 12:23:08] org.assertj:assertj-core:3.23.1 -> org.assertj:assertj-core:3.27.2 : Failed to compare JAR files: JAPICMP comparison failed for org.assertj:assertj-core
[2025-09-01 12:23:08] org.assertj:assertj-core:3.23.1 -> org.assertj:assertj-core:3.27.3 : Failed to compare JAR files: JAPICMP comparison failed for org.assertj:assertj-core
[2025-09-01 12:23:09] org.assertj:assertj-core:3.23.1 -> org.assertj:assertj-core:3.27.4 : Failed to compare JAR files: JAPICMP comparison failed for org.assertj:assertj-core

=== Summary ===
Total comparisons: 83
Failures: 45
Success rate: 45.78%
