=== Comparison Failure Log ===
[2025-09-08 14:28:11] org.apache.tika:tika-core:2.4.1 -> org.apache.tika:tika-core:2.5.0 : Failed to compare JAR files: JAPICMP comparison failed for org.apache.tika:tika-core
[2025-09-08 14:28:12] org.apache.tika:tika-core:2.4.1 -> org.apache.tika:tika-core:2.6.0 : Failed to compare JAR files: JAPICMP comparison failed for org.apache.tika:tika-core
[2025-09-08 14:28:14] org.apache.tika:tika-core:2.4.1 -> org.apache.tika:tika-core:2.7.0 : Failed to compare JAR files: JAPICMP comparison failed for org.apache.tika:tika-core
[2025-09-08 14:28:15] org.apache.tika:tika-core:2.4.1 -> org.apache.tika:tika-core:2.8.0 : Failed to compare JAR files: JAPICMP comparison failed for org.apache.tika:tika-core
[2025-09-08 14:28:17] org.apache.tika:tika-core:2.4.1 -> org.apache.tika:tika-core:2.9.0 : Failed to compare JAR files: JAPICMP comparison failed for org.apache.tika:tika-core
[2025-09-08 14:28:17] org.apache.tika:tika-core:2.4.1 -> org.apache.tika:tika-core:2.9.1 : Failed to compare JAR files: JAPICMP comparison failed for org.apache.tika:tika-core
[2025-09-08 14:28:19] org.apache.tika:tika-core:2.4.1 -> org.apache.tika:tika-core:2.9.2 : Failed to compare JAR files: JAPICMP comparison failed for org.apache.tika:tika-core
[2025-09-08 14:28:23] org.apache.tika:tika-core:2.4.1 -> org.apache.tika:tika-core:2.9.3 : Failed to compare JAR files: JAPICMP comparison failed for org.apache.tika:tika-core
[2025-09-08 14:28:25] org.apache.tika:tika-core:2.4.1 -> org.apache.tika:tika-core:2.9.4 : Failed to compare JAR files: JAPICMP comparison failed for org.apache.tika:tika-core
[2025-09-08 14:28:27] org.apache.derby:derby:10.15.2.0 -> org.apache.derby:derby:10.16.1.1 : Failed to compare JAR files: JAPICMP comparison failed for org.apache.derby:derby
[2025-09-08 14:28:28] org.apache.derby:derby:10.15.2.0 -> org.apache.derby:derby:10.17.1.0 : Failed to compare JAR files: JAPICMP comparison failed for org.apache.derby:derby
[2025-09-08 14:28:29] org.apache.derby:derbytools:10.15.2.0 -> org.apache.derby:derbytools:10.16.1.1 : Failed to compare JAR files: JAPICMP comparison failed for org.apache.derby:derbytools
[2025-09-08 14:28:30] org.apache.derby:derbytools:10.15.2.0 -> org.apache.derby:derbytools:10.17.1.0 : Failed to compare JAR files: JAPICMP comparison failed for org.apache.derby:derbytools
[2025-09-08 14:28:54] org.apache.tika:tika-parsers-standard-package:2.4.1 -> org.apache.tika:tika-parsers-standard-package:2.5.0 : Failed to compare JAR files: JAPICMP comparison failed for org.apache.tika:tika-parsers-standard-package
[2025-09-08 14:29:17] org.apache.tika:tika-parsers-standard-package:2.4.1 -> org.apache.tika:tika-parsers-standard-package:2.6.0 : Failed to compare JAR files: JAPICMP comparison failed for org.apache.tika:tika-parsers-standard-package
[2025-09-08 14:29:40] org.apache.tika:tika-parsers-standard-package:2.4.1 -> org.apache.tika:tika-parsers-standard-package:2.7.0 : Failed to compare JAR files: JAPICMP comparison failed for org.apache.tika:tika-parsers-standard-package
[2025-09-08 14:30:02] org.apache.tika:tika-parsers-standard-package:2.4.1 -> org.apache.tika:tika-parsers-standard-package:2.8.0 : Failed to compare JAR files: JAPICMP comparison failed for org.apache.tika:tika-parsers-standard-package
[2025-09-08 14:30:18] org.apache.tika:tika-parsers-standard-package:2.4.1 -> org.apache.tika:tika-parsers-standard-package:2.9.0 : Failed to compare JAR files: JAPICMP comparison failed for org.apache.tika:tika-parsers-standard-package
[2025-09-08 14:30:28] org.apache.tika:tika-parsers-standard-package:2.4.1 -> org.apache.tika:tika-parsers-standard-package:2.9.1 : Failed to compare JAR files: JAPICMP comparison failed for org.apache.tika:tika-parsers-standard-package
[2025-09-08 14:30:48] org.apache.tika:tika-parsers-standard-package:2.4.1 -> org.apache.tika:tika-parsers-standard-package:2.9.2 : Failed to compare JAR files: JAPICMP comparison failed for org.apache.tika:tika-parsers-standard-package
[2025-09-08 14:31:14] org.apache.tika:tika-parsers-standard-package:2.4.1 -> org.apache.tika:tika-parsers-standard-package:2.9.3 : Failed to compare JAR files: JAPICMP comparison failed for org.apache.tika:tika-parsers-standard-package
[2025-09-08 14:31:27] org.apache.tika:tika-parsers-standard-package:2.4.1 -> org.apache.tika:tika-parsers-standard-package:2.9.4 : Failed to compare JAR files: JAPICMP comparison failed for org.apache.tika:tika-parsers-standard-package
[2025-09-08 14:31:38] ch.qos.logback:logback-classic:1.3.0 -> ch.qos.logback:logback-classic:1.3.1 : Failed to compare JAR files: JAPICMP comparison failed for ch.qos.logback:logback-classic
[2025-09-08 14:31:40] ch.qos.logback:logback-classic:1.3.0 -> ch.qos.logback:logback-classic:1.3.2 : Failed to compare JAR files: JAPICMP comparison failed for ch.qos.logback:logback-classic
[2025-09-08 14:31:42] ch.qos.logback:logback-classic:1.3.0 -> ch.qos.logback:logback-classic:1.3.3 : Failed to compare JAR files: JAPICMP comparison failed for ch.qos.logback:logback-classic
[2025-09-08 14:31:44] ch.qos.logback:logback-classic:1.3.0 -> ch.qos.logback:logback-classic:1.3.4 : Failed to compare JAR files: JAPICMP comparison failed for ch.qos.logback:logback-classic
[2025-09-08 14:31:45] ch.qos.logback:logback-classic:1.3.0 -> ch.qos.logback:logback-classic:1.3.5 : Failed to compare JAR files: JAPICMP comparison failed for ch.qos.logback:logback-classic
[2025-09-08 14:31:47] ch.qos.logback:logback-classic:1.3.0 -> ch.qos.logback:logback-classic:1.3.6 : Failed to compare JAR files: JAPICMP comparison failed for ch.qos.logback:logback-classic
[2025-09-08 14:31:49] ch.qos.logback:logback-classic:1.3.0 -> ch.qos.logback:logback-classic:1.3.7 : Failed to compare JAR files: JAPICMP comparison failed for ch.qos.logback:logback-classic
[2025-09-08 14:31:51] ch.qos.logback:logback-classic:1.3.0 -> ch.qos.logback:logback-classic:1.3.8 : Failed to compare JAR files: JAPICMP comparison failed for ch.qos.logback:logback-classic
[2025-09-08 14:31:53] ch.qos.logback:logback-classic:1.3.0 -> ch.qos.logback:logback-classic:1.3.9 : Failed to compare JAR files: JAPICMP comparison failed for ch.qos.logback:logback-classic
[2025-09-08 14:31:54] ch.qos.logback:logback-classic:1.3.0 -> ch.qos.logback:logback-classic:1.3.10 : Failed to compare JAR files: JAPICMP comparison failed for ch.qos.logback:logback-classic
[2025-09-08 14:31:56] ch.qos.logback:logback-classic:1.3.0 -> ch.qos.logback:logback-classic:1.3.11 : Failed to compare JAR files: JAPICMP comparison failed for ch.qos.logback:logback-classic
[2025-09-08 14:31:57] ch.qos.logback:logback-classic:1.3.0 -> ch.qos.logback:logback-classic:1.3.12 : Failed to compare JAR files: JAPICMP comparison failed for ch.qos.logback:logback-classic
[2025-09-08 14:32:00] ch.qos.logback:logback-classic:1.3.0 -> ch.qos.logback:logback-classic:1.3.13 : Failed to compare JAR files: JAPICMP comparison failed for ch.qos.logback:logback-classic
[2025-09-08 14:32:01] ch.qos.logback:logback-classic:1.3.0 -> ch.qos.logback:logback-classic:1.3.14 : Failed to compare JAR files: JAPICMP comparison failed for ch.qos.logback:logback-classic
[2025-09-08 14:32:01] ch.qos.logback:logback-classic:1.3.0 -> ch.qos.logback:logback-classic:1.3.15 : Failed to compare JAR files: JAPICMP comparison failed for ch.qos.logback:logback-classic
[2025-09-08 14:32:02] ch.qos.logback:logback-classic:1.3.0 -> ch.qos.logback:logback-classic:1.4.0 : Failed to compare JAR files: JAPICMP comparison failed for ch.qos.logback:logback-classic
[2025-09-08 14:32:03] ch.qos.logback:logback-classic:1.3.0 -> ch.qos.logback:logback-classic:1.4.1 : Failed to compare JAR files: JAPICMP comparison failed for ch.qos.logback:logback-classic
[2025-09-08 14:32:03] ch.qos.logback:logback-classic:1.3.0 -> ch.qos.logback:logback-classic:1.4.2 : Failed to compare JAR files: JAPICMP comparison failed for ch.qos.logback:logback-classic
[2025-09-08 14:32:04] ch.qos.logback:logback-classic:1.3.0 -> ch.qos.logback:logback-classic:1.4.3 : Failed to compare JAR files: JAPICMP comparison failed for ch.qos.logback:logback-classic
[2025-09-08 14:32:04] ch.qos.logback:logback-classic:1.3.0 -> ch.qos.logback:logback-classic:1.4.4 : Failed to compare JAR files: JAPICMP comparison failed for ch.qos.logback:logback-classic
[2025-09-08 14:32:05] ch.qos.logback:logback-classic:1.3.0 -> ch.qos.logback:logback-classic:1.4.5 : Failed to compare JAR files: JAPICMP comparison failed for ch.qos.logback:logback-classic
[2025-09-08 14:32:05] ch.qos.logback:logback-classic:1.3.0 -> ch.qos.logback:logback-classic:1.4.6 : Failed to compare JAR files: JAPICMP comparison failed for ch.qos.logback:logback-classic
[2025-09-08 14:32:05] ch.qos.logback:logback-classic:1.3.0 -> ch.qos.logback:logback-classic:1.4.7 : Failed to compare JAR files: JAPICMP comparison failed for ch.qos.logback:logback-classic
[2025-09-08 14:32:06] ch.qos.logback:logback-classic:1.3.0 -> ch.qos.logback:logback-classic:1.4.8 : Failed to compare JAR files: JAPICMP comparison failed for ch.qos.logback:logback-classic
[2025-09-08 14:32:06] ch.qos.logback:logback-classic:1.3.0 -> ch.qos.logback:logback-classic:1.4.9 : Failed to compare JAR files: JAPICMP comparison failed for ch.qos.logback:logback-classic
[2025-09-08 14:32:06] ch.qos.logback:logback-classic:1.3.0 -> ch.qos.logback:logback-classic:1.4.10 : Failed to compare JAR files: JAPICMP comparison failed for ch.qos.logback:logback-classic
[2025-09-08 14:32:07] ch.qos.logback:logback-classic:1.3.0 -> ch.qos.logback:logback-classic:1.4.11 : Failed to compare JAR files: JAPICMP comparison failed for ch.qos.logback:logback-classic
[2025-09-08 14:32:07] ch.qos.logback:logback-classic:1.3.0 -> ch.qos.logback:logback-classic:1.4.12 : Failed to compare JAR files: JAPICMP comparison failed for ch.qos.logback:logback-classic
[2025-09-08 14:32:08] ch.qos.logback:logback-classic:1.3.0 -> ch.qos.logback:logback-classic:1.4.13 : Failed to compare JAR files: JAPICMP comparison failed for ch.qos.logback:logback-classic
[2025-09-08 14:32:08] ch.qos.logback:logback-classic:1.3.0 -> ch.qos.logback:logback-classic:1.4.14 : Failed to compare JAR files: JAPICMP comparison failed for ch.qos.logback:logback-classic
[2025-09-08 14:32:09] ch.qos.logback:logback-classic:1.3.0 -> ch.qos.logback:logback-classic:1.5.0 : Failed to compare JAR files: JAPICMP comparison failed for ch.qos.logback:logback-classic
[2025-09-08 14:32:10] ch.qos.logback:logback-classic:1.3.0 -> ch.qos.logback:logback-classic:1.5.1 : Failed to compare JAR files: JAPICMP comparison failed for ch.qos.logback:logback-classic
[2025-09-08 14:32:10] ch.qos.logback:logback-classic:1.3.0 -> ch.qos.logback:logback-classic:1.5.2 : Failed to compare JAR files: JAPICMP comparison failed for ch.qos.logback:logback-classic
[2025-09-08 14:32:10] ch.qos.logback:logback-classic:1.3.0 -> ch.qos.logback:logback-classic:1.5.3 : Failed to compare JAR files: JAPICMP comparison failed for ch.qos.logback:logback-classic
[2025-09-08 14:32:11] ch.qos.logback:logback-classic:1.3.0 -> ch.qos.logback:logback-classic:1.5.4 : Failed to compare JAR files: JAPICMP comparison failed for ch.qos.logback:logback-classic
[2025-09-08 14:32:11] ch.qos.logback:logback-classic:1.3.0 -> ch.qos.logback:logback-classic:1.5.5 : Failed to compare JAR files: JAPICMP comparison failed for ch.qos.logback:logback-classic
[2025-09-08 14:32:12] ch.qos.logback:logback-classic:1.3.0 -> ch.qos.logback:logback-classic:1.5.6 : Failed to compare JAR files: JAPICMP comparison failed for ch.qos.logback:logback-classic
[2025-09-08 14:32:13] ch.qos.logback:logback-classic:1.3.0 -> ch.qos.logback:logback-classic:1.5.7 : Failed to compare JAR files: JAPICMP comparison failed for ch.qos.logback:logback-classic
[2025-09-08 14:32:13] ch.qos.logback:logback-classic:1.3.0 -> ch.qos.logback:logback-classic:1.5.8 : Failed to compare JAR files: JAPICMP comparison failed for ch.qos.logback:logback-classic
[2025-09-08 14:32:13] ch.qos.logback:logback-classic:1.3.0 -> ch.qos.logback:logback-classic:1.5.9 : Failed to compare JAR files: JAPICMP comparison failed for ch.qos.logback:logback-classic
[2025-09-08 14:32:14] ch.qos.logback:logback-classic:1.3.0 -> ch.qos.logback:logback-classic:1.5.10 : Failed to compare JAR files: JAPICMP comparison failed for ch.qos.logback:logback-classic
[2025-09-08 14:32:14] ch.qos.logback:logback-classic:1.3.0 -> ch.qos.logback:logback-classic:1.5.11 : Failed to compare JAR files: JAPICMP comparison failed for ch.qos.logback:logback-classic
[2025-09-08 14:32:15] ch.qos.logback:logback-classic:1.3.0 -> ch.qos.logback:logback-classic:1.5.12 : Failed to compare JAR files: JAPICMP comparison failed for ch.qos.logback:logback-classic
[2025-09-08 14:32:15] ch.qos.logback:logback-classic:1.3.0 -> ch.qos.logback:logback-classic:1.5.13 : Failed to compare JAR files: JAPICMP comparison failed for ch.qos.logback:logback-classic
[2025-09-08 14:32:15] ch.qos.logback:logback-classic:1.3.0 -> ch.qos.logback:logback-classic:1.5.14 : Failed to compare JAR files: JAPICMP comparison failed for ch.qos.logback:logback-classic
[2025-09-08 14:32:16] ch.qos.logback:logback-classic:1.3.0 -> ch.qos.logback:logback-classic:1.5.15 : Failed to compare JAR files: JAPICMP comparison failed for ch.qos.logback:logback-classic
[2025-09-08 14:32:16] ch.qos.logback:logback-classic:1.3.0 -> ch.qos.logback:logback-classic:1.5.16 : Failed to compare JAR files: JAPICMP comparison failed for ch.qos.logback:logback-classic
[2025-09-08 14:32:17] ch.qos.logback:logback-classic:1.3.0 -> ch.qos.logback:logback-classic:1.5.17 : Failed to compare JAR files: JAPICMP comparison failed for ch.qos.logback:logback-classic
[2025-09-08 14:32:17] ch.qos.logback:logback-classic:1.3.0 -> ch.qos.logback:logback-classic:1.5.18 : Failed to compare JAR files: JAPICMP comparison failed for ch.qos.logback:logback-classic
[2025-09-08 14:33:10] com.h2database:h2:2.2.224 -> com.h2database:h2:2.3.230 : Failed to compare JAR files: JAPICMP comparison failed for com.h2database:h2
[2025-09-08 14:33:10] com.h2database:h2:2.2.224 -> com.h2database:h2:2.3.232 : Failed to compare JAR files: JAPICMP comparison failed for com.h2database:h2
[2025-09-08 14:33:11] org.mockito:mockito-core:5.18.0 -> org.mockito:mockito-core:5.19.0 : Failed to compare JAR files: JAPICMP comparison failed for org.mockito:mockito-core

=== Summary ===
Total comparisons: 79
Failures: 74
Success rate: 6.33%
