=== Comparison Failure Log ===
[2025-09-13 02:41:54] org.redisson:redisson:3.23.3 -> org.redisson:redisson:3.23.4 : Failed to compare JAR files: JAPICMP comparison failed for org.redisson:redisson
[2025-09-13 02:41:55] org.redisson:redisson:3.23.3 -> org.redisson:redisson:3.23.5 : Failed to compare JAR files: JAPICMP comparison failed for org.redisson:redisson
[2025-09-13 02:41:56] org.redisson:redisson:3.23.3 -> org.redisson:redisson:3.24.0 : Failed to compare JAR files: JAPICMP comparison failed for org.redisson:redisson
[2025-09-13 02:41:57] org.redisson:redisson:3.23.3 -> org.redisson:redisson:3.24.1 : Failed to compare JAR files: JAPICMP comparison failed for org.redisson:redisson
[2025-09-13 02:41:58] org.redisson:redisson:3.23.3 -> org.redisson:redisson:3.24.2 : Failed to compare JAR files: JAPICMP comparison failed for org.redisson:redisson
[2025-09-13 02:41:59] org.redisson:redisson:3.23.3 -> org.redisson:redisson:3.24.3 : Failed to compare JAR files: JAPICMP comparison failed for org.redisson:redisson
[2025-09-13 02:41:59] org.redisson:redisson:3.23.3 -> org.redisson:redisson:3.25.0 : Failed to compare JAR files: JAPICMP comparison failed for org.redisson:redisson
[2025-09-13 02:42:00] org.redisson:redisson:3.23.3 -> org.redisson:redisson:3.25.1 : Failed to compare JAR files: JAPICMP comparison failed for org.redisson:redisson
[2025-09-13 02:42:01] org.redisson:redisson:3.23.3 -> org.redisson:redisson:3.25.2 : Failed to compare JAR files: JAPICMP comparison failed for org.redisson:redisson
[2025-09-13 02:42:02] org.redisson:redisson:3.23.3 -> org.redisson:redisson:3.26.0 : Failed to compare JAR files: JAPICMP comparison failed for org.redisson:redisson
[2025-09-13 02:42:03] org.redisson:redisson:3.23.3 -> org.redisson:redisson:3.26.1 : Failed to compare JAR files: JAPICMP comparison failed for org.redisson:redisson
[2025-09-13 02:42:04] org.redisson:redisson:3.23.3 -> org.redisson:redisson:3.27.0 : Failed to compare JAR files: JAPICMP comparison failed for org.redisson:redisson
[2025-09-13 02:42:05] org.redisson:redisson:3.23.3 -> org.redisson:redisson:3.27.1 : Failed to compare JAR files: JAPICMP comparison failed for org.redisson:redisson
[2025-09-13 02:42:06] org.redisson:redisson:3.23.3 -> org.redisson:redisson:3.27.2 : Failed to compare JAR files: JAPICMP comparison failed for org.redisson:redisson
[2025-09-13 02:42:10] org.redisson:redisson:3.23.3 -> org.redisson:redisson:3.28.0 : Failed to compare JAR files: JAPICMP comparison failed for org.redisson:redisson
[2025-09-13 02:42:10] org.redisson:redisson:3.23.3 -> org.redisson:redisson:3.29.0 : Failed to compare JAR files: JAPICMP comparison failed for org.redisson:redisson
[2025-09-13 02:42:11] org.redisson:redisson:3.23.3 -> org.redisson:redisson:3.30.0 : Failed to compare JAR files: JAPICMP comparison failed for org.redisson:redisson
[2025-09-13 02:42:12] org.redisson:redisson:3.23.3 -> org.redisson:redisson:3.31.0 : Failed to compare JAR files: JAPICMP comparison failed for org.redisson:redisson
[2025-09-13 02:42:13] org.redisson:redisson:3.23.3 -> org.redisson:redisson:3.32.0 : Failed to compare JAR files: JAPICMP comparison failed for org.redisson:redisson
[2025-09-13 02:42:14] org.redisson:redisson:3.23.3 -> org.redisson:redisson:3.33.0 : Failed to compare JAR files: JAPICMP comparison failed for org.redisson:redisson
[2025-09-13 02:42:15] org.redisson:redisson:3.23.3 -> org.redisson:redisson:3.34.0 : Failed to compare JAR files: JAPICMP comparison failed for org.redisson:redisson
[2025-09-13 02:42:16] org.redisson:redisson:3.23.3 -> org.redisson:redisson:3.34.1 : Failed to compare JAR files: JAPICMP comparison failed for org.redisson:redisson
[2025-09-13 02:42:17] org.redisson:redisson:3.23.3 -> org.redisson:redisson:3.35.0 : Failed to compare JAR files: JAPICMP comparison failed for org.redisson:redisson
[2025-09-13 02:42:17] org.redisson:redisson:3.23.3 -> org.redisson:redisson:3.36.0 : Failed to compare JAR files: JAPICMP comparison failed for org.redisson:redisson
[2025-09-13 02:42:18] org.redisson:redisson:3.23.3 -> org.redisson:redisson:3.37.0 : Failed to compare JAR files: JAPICMP comparison failed for org.redisson:redisson
[2025-09-13 02:42:19] org.redisson:redisson:3.23.3 -> org.redisson:redisson:3.38.0 : Failed to compare JAR files: JAPICMP comparison failed for org.redisson:redisson
[2025-09-13 02:42:20] org.redisson:redisson:3.23.3 -> org.redisson:redisson:3.38.1 : Failed to compare JAR files: JAPICMP comparison failed for org.redisson:redisson
[2025-09-13 02:42:21] org.redisson:redisson:3.23.3 -> org.redisson:redisson:3.39.0 : Failed to compare JAR files: JAPICMP comparison failed for org.redisson:redisson
[2025-09-13 02:42:22] org.redisson:redisson:3.23.3 -> org.redisson:redisson:3.40.0 : Failed to compare JAR files: JAPICMP comparison failed for org.redisson:redisson
[2025-09-13 02:42:23] org.redisson:redisson:3.23.3 -> org.redisson:redisson:3.40.1 : Failed to compare JAR files: JAPICMP comparison failed for org.redisson:redisson
[2025-09-13 02:42:23] org.redisson:redisson:3.23.3 -> org.redisson:redisson:3.40.2 : Failed to compare JAR files: JAPICMP comparison failed for org.redisson:redisson
[2025-09-13 02:42:24] org.redisson:redisson:3.23.3 -> org.redisson:redisson:3.41.0 : Failed to compare JAR files: JAPICMP comparison failed for org.redisson:redisson
[2025-09-13 02:42:25] org.redisson:redisson:3.23.3 -> org.redisson:redisson:3.42.0 : Failed to compare JAR files: JAPICMP comparison failed for org.redisson:redisson
[2025-09-13 02:42:26] org.redisson:redisson:3.23.3 -> org.redisson:redisson:3.43.0 : Failed to compare JAR files: JAPICMP comparison failed for org.redisson:redisson
[2025-09-13 02:42:27] org.redisson:redisson:3.23.3 -> org.redisson:redisson:3.44.0 : Failed to compare JAR files: JAPICMP comparison failed for org.redisson:redisson
[2025-09-13 02:42:28] org.redisson:redisson:3.23.3 -> org.redisson:redisson:3.45.0 : Failed to compare JAR files: JAPICMP comparison failed for org.redisson:redisson
[2025-09-13 02:42:29] org.redisson:redisson:3.23.3 -> org.redisson:redisson:3.45.1 : Failed to compare JAR files: JAPICMP comparison failed for org.redisson:redisson
[2025-09-13 02:42:30] org.redisson:redisson:3.23.3 -> org.redisson:redisson:3.46.0 : Failed to compare JAR files: JAPICMP comparison failed for org.redisson:redisson
[2025-09-13 02:42:30] org.redisson:redisson:3.23.3 -> org.redisson:redisson:3.47.0 : Failed to compare JAR files: JAPICMP comparison failed for org.redisson:redisson
[2025-09-13 02:42:31] org.redisson:redisson:3.23.3 -> org.redisson:redisson:3.48.0 : Failed to compare JAR files: JAPICMP comparison failed for org.redisson:redisson
[2025-09-13 02:42:32] org.redisson:redisson:3.23.3 -> org.redisson:redisson:3.49.0 : Failed to compare JAR files: JAPICMP comparison failed for org.redisson:redisson
[2025-09-13 02:42:33] org.redisson:redisson:3.23.3 -> org.redisson:redisson:3.50.0 : Failed to compare JAR files: JAPICMP comparison failed for org.redisson:redisson
[2025-09-13 02:42:34] org.redisson:redisson:3.23.3 -> org.redisson:redisson:3.51.0 : Failed to compare JAR files: JAPICMP comparison failed for org.redisson:redisson
[2025-09-13 02:42:35] org.springframework.data:spring-data-redis:2.3.3.RELEASE -> org.springframework.data:spring-data-redis:2.3.4.RELEASE : Failed to compare JAR files: JAPICMP comparison failed for org.springframework.data:spring-data-redis
[2025-09-13 02:42:36] org.springframework.data:spring-data-redis:2.3.3.RELEASE -> org.springframework.data:spring-data-redis:2.3.5.RELEASE : Failed to compare JAR files: JAPICMP comparison failed for org.springframework.data:spring-data-redis
[2025-09-13 02:42:37] org.springframework.data:spring-data-redis:2.3.3.RELEASE -> org.springframework.data:spring-data-redis:2.3.6.RELEASE : Failed to compare JAR files: JAPICMP comparison failed for org.springframework.data:spring-data-redis
[2025-09-13 02:42:38] org.springframework.data:spring-data-redis:2.3.3.RELEASE -> org.springframework.data:spring-data-redis:2.3.7.RELEASE : Failed to compare JAR files: JAPICMP comparison failed for org.springframework.data:spring-data-redis
[2025-09-13 02:42:40] org.springframework.data:spring-data-redis:2.3.3.RELEASE -> org.springframework.data:spring-data-redis:2.3.8.RELEASE : Failed to compare JAR files: JAPICMP comparison failed for org.springframework.data:spring-data-redis
[2025-09-13 02:42:41] org.springframework.data:spring-data-redis:2.3.3.RELEASE -> org.springframework.data:spring-data-redis:2.3.9.RELEASE : Failed to compare JAR files: JAPICMP comparison failed for org.springframework.data:spring-data-redis
[2025-09-13 02:42:42] org.springframework.data:spring-data-redis:2.3.3.RELEASE -> org.springframework.data:spring-data-redis:2.4.0 : Failed to compare JAR files: JAPICMP comparison failed for org.springframework.data:spring-data-redis
[2025-09-13 02:42:43] org.springframework.data:spring-data-redis:2.3.3.RELEASE -> org.springframework.data:spring-data-redis:2.4.1 : Failed to compare JAR files: JAPICMP comparison failed for org.springframework.data:spring-data-redis
[2025-09-13 02:42:44] org.springframework.data:spring-data-redis:2.3.3.RELEASE -> org.springframework.data:spring-data-redis:2.4.2 : Failed to compare JAR files: JAPICMP comparison failed for org.springframework.data:spring-data-redis
[2025-09-13 02:42:45] org.springframework.data:spring-data-redis:2.3.3.RELEASE -> org.springframework.data:spring-data-redis:2.4.3 : Failed to compare JAR files: JAPICMP comparison failed for org.springframework.data:spring-data-redis
[2025-09-13 02:42:46] org.springframework.data:spring-data-redis:2.3.3.RELEASE -> org.springframework.data:spring-data-redis:2.4.4 : Failed to compare JAR files: JAPICMP comparison failed for org.springframework.data:spring-data-redis
[2025-09-13 02:42:47] org.springframework.data:spring-data-redis:2.3.3.RELEASE -> org.springframework.data:spring-data-redis:2.4.5 : Failed to compare JAR files: JAPICMP comparison failed for org.springframework.data:spring-data-redis
[2025-09-13 02:42:48] org.springframework.data:spring-data-redis:2.3.3.RELEASE -> org.springframework.data:spring-data-redis:2.4.6 : Failed to compare JAR files: JAPICMP comparison failed for org.springframework.data:spring-data-redis
[2025-09-13 02:42:52] org.springframework.data:spring-data-redis:2.3.3.RELEASE -> org.springframework.data:spring-data-redis:2.4.7 : Failed to compare JAR files: JAPICMP comparison failed for org.springframework.data:spring-data-redis
[2025-09-13 02:42:53] org.springframework.data:spring-data-redis:2.3.3.RELEASE -> org.springframework.data:spring-data-redis:2.4.8 : Failed to compare JAR files: JAPICMP comparison failed for org.springframework.data:spring-data-redis
[2025-09-13 02:42:54] org.springframework.data:spring-data-redis:2.3.3.RELEASE -> org.springframework.data:spring-data-redis:2.4.9 : Failed to compare JAR files: JAPICMP comparison failed for org.springframework.data:spring-data-redis
[2025-09-13 02:42:55] org.springframework.data:spring-data-redis:2.3.3.RELEASE -> org.springframework.data:spring-data-redis:2.4.10 : Failed to compare JAR files: JAPICMP comparison failed for org.springframework.data:spring-data-redis
[2025-09-13 02:42:56] org.springframework.data:spring-data-redis:2.3.3.RELEASE -> org.springframework.data:spring-data-redis:2.4.11 : Failed to compare JAR files: JAPICMP comparison failed for org.springframework.data:spring-data-redis
[2025-09-13 02:42:57] org.springframework.data:spring-data-redis:2.3.3.RELEASE -> org.springframework.data:spring-data-redis:2.4.12 : Failed to compare JAR files: JAPICMP comparison failed for org.springframework.data:spring-data-redis
[2025-09-13 02:42:59] org.springframework.data:spring-data-redis:2.3.3.RELEASE -> org.springframework.data:spring-data-redis:2.4.13 : Failed to compare JAR files: JAPICMP comparison failed for org.springframework.data:spring-data-redis
[2025-09-13 02:43:00] org.springframework.data:spring-data-redis:2.3.3.RELEASE -> org.springframework.data:spring-data-redis:2.4.14 : Failed to compare JAR files: JAPICMP comparison failed for org.springframework.data:spring-data-redis
[2025-09-13 02:43:01] org.springframework.data:spring-data-redis:2.3.3.RELEASE -> org.springframework.data:spring-data-redis:2.4.15 : Failed to compare JAR files: JAPICMP comparison failed for org.springframework.data:spring-data-redis
[2025-09-13 02:43:02] org.springframework.data:spring-data-redis:2.3.3.RELEASE -> org.springframework.data:spring-data-redis:2.5.0 : Failed to compare JAR files: JAPICMP comparison failed for org.springframework.data:spring-data-redis
[2025-09-13 02:43:03] org.springframework.data:spring-data-redis:2.3.3.RELEASE -> org.springframework.data:spring-data-redis:2.5.1 : Failed to compare JAR files: JAPICMP comparison failed for org.springframework.data:spring-data-redis
[2025-09-13 02:43:04] org.springframework.data:spring-data-redis:2.3.3.RELEASE -> org.springframework.data:spring-data-redis:2.5.2 : Failed to compare JAR files: JAPICMP comparison failed for org.springframework.data:spring-data-redis
[2025-09-13 02:43:05] org.springframework.data:spring-data-redis:2.3.3.RELEASE -> org.springframework.data:spring-data-redis:2.5.3 : Failed to compare JAR files: JAPICMP comparison failed for org.springframework.data:spring-data-redis
[2025-09-13 02:43:06] org.springframework.data:spring-data-redis:2.3.3.RELEASE -> org.springframework.data:spring-data-redis:2.5.4 : Failed to compare JAR files: JAPICMP comparison failed for org.springframework.data:spring-data-redis
[2025-09-13 02:43:07] org.springframework.data:spring-data-redis:2.3.3.RELEASE -> org.springframework.data:spring-data-redis:2.5.5 : Failed to compare JAR files: JAPICMP comparison failed for org.springframework.data:spring-data-redis
[2025-09-13 02:43:08] org.springframework.data:spring-data-redis:2.3.3.RELEASE -> org.springframework.data:spring-data-redis:2.5.6 : Failed to compare JAR files: JAPICMP comparison failed for org.springframework.data:spring-data-redis
[2025-09-13 02:43:09] org.springframework.data:spring-data-redis:2.3.3.RELEASE -> org.springframework.data:spring-data-redis:2.5.7 : Failed to compare JAR files: JAPICMP comparison failed for org.springframework.data:spring-data-redis
[2025-09-13 02:43:10] org.springframework.data:spring-data-redis:2.3.3.RELEASE -> org.springframework.data:spring-data-redis:2.5.8 : Failed to compare JAR files: JAPICMP comparison failed for org.springframework.data:spring-data-redis
[2025-09-13 02:43:12] org.springframework.data:spring-data-redis:2.3.3.RELEASE -> org.springframework.data:spring-data-redis:2.5.9 : Failed to compare JAR files: JAPICMP comparison failed for org.springframework.data:spring-data-redis
[2025-09-13 02:43:13] org.springframework.data:spring-data-redis:2.3.3.RELEASE -> org.springframework.data:spring-data-redis:2.5.10 : Failed to compare JAR files: JAPICMP comparison failed for org.springframework.data:spring-data-redis
[2025-09-13 02:43:14] org.springframework.data:spring-data-redis:2.3.3.RELEASE -> org.springframework.data:spring-data-redis:2.5.11 : Failed to compare JAR files: JAPICMP comparison failed for org.springframework.data:spring-data-redis
[2025-09-13 02:43:15] org.springframework.data:spring-data-redis:2.3.3.RELEASE -> org.springframework.data:spring-data-redis:2.5.12 : Failed to compare JAR files: JAPICMP comparison failed for org.springframework.data:spring-data-redis
[2025-09-13 02:43:16] org.springframework.data:spring-data-redis:2.3.3.RELEASE -> org.springframework.data:spring-data-redis:2.6.0 : Failed to compare JAR files: JAPICMP comparison failed for org.springframework.data:spring-data-redis
[2025-09-13 02:43:17] org.springframework.data:spring-data-redis:2.3.3.RELEASE -> org.springframework.data:spring-data-redis:2.6.1 : Failed to compare JAR files: JAPICMP comparison failed for org.springframework.data:spring-data-redis
[2025-09-13 02:43:18] org.springframework.data:spring-data-redis:2.3.3.RELEASE -> org.springframework.data:spring-data-redis:2.6.2 : Failed to compare JAR files: JAPICMP comparison failed for org.springframework.data:spring-data-redis
[2025-09-13 02:43:19] org.springframework.data:spring-data-redis:2.3.3.RELEASE -> org.springframework.data:spring-data-redis:2.6.3 : Failed to compare JAR files: JAPICMP comparison failed for org.springframework.data:spring-data-redis
[2025-09-13 02:43:20] org.springframework.data:spring-data-redis:2.3.3.RELEASE -> org.springframework.data:spring-data-redis:2.6.4 : Failed to compare JAR files: JAPICMP comparison failed for org.springframework.data:spring-data-redis
[2025-09-13 02:43:21] org.springframework.data:spring-data-redis:2.3.3.RELEASE -> org.springframework.data:spring-data-redis:2.6.5 : Failed to compare JAR files: JAPICMP comparison failed for org.springframework.data:spring-data-redis
[2025-09-13 02:43:23] org.springframework.data:spring-data-redis:2.3.3.RELEASE -> org.springframework.data:spring-data-redis:2.6.6 : Failed to compare JAR files: JAPICMP comparison failed for org.springframework.data:spring-data-redis
[2025-09-13 02:43:24] org.springframework.data:spring-data-redis:2.3.3.RELEASE -> org.springframework.data:spring-data-redis:2.6.7 : Failed to compare JAR files: JAPICMP comparison failed for org.springframework.data:spring-data-redis
[2025-09-13 02:43:28] org.springframework.data:spring-data-redis:2.3.3.RELEASE -> org.springframework.data:spring-data-redis:2.6.8 : Failed to compare JAR files: JAPICMP comparison failed for org.springframework.data:spring-data-redis
[2025-09-13 02:43:29] org.springframework.data:spring-data-redis:2.3.3.RELEASE -> org.springframework.data:spring-data-redis:2.6.9 : Failed to compare JAR files: JAPICMP comparison failed for org.springframework.data:spring-data-redis
[2025-09-13 02:43:30] org.springframework.data:spring-data-redis:2.3.3.RELEASE -> org.springframework.data:spring-data-redis:2.6.10 : Failed to compare JAR files: JAPICMP comparison failed for org.springframework.data:spring-data-redis
[2025-09-13 02:43:31] org.springframework.data:spring-data-redis:2.3.3.RELEASE -> org.springframework.data:spring-data-redis:2.7.0 : Failed to compare JAR files: JAPICMP comparison failed for org.springframework.data:spring-data-redis
[2025-09-13 02:43:32] org.springframework.data:spring-data-redis:2.3.3.RELEASE -> org.springframework.data:spring-data-redis:2.7.1 : Failed to compare JAR files: JAPICMP comparison failed for org.springframework.data:spring-data-redis
[2025-09-13 02:43:33] org.springframework.data:spring-data-redis:2.3.3.RELEASE -> org.springframework.data:spring-data-redis:2.7.2 : Failed to compare JAR files: JAPICMP comparison failed for org.springframework.data:spring-data-redis
[2025-09-13 02:43:34] org.springframework.data:spring-data-redis:2.3.3.RELEASE -> org.springframework.data:spring-data-redis:2.7.3 : Failed to compare JAR files: JAPICMP comparison failed for org.springframework.data:spring-data-redis
[2025-09-13 02:43:36] org.springframework.data:spring-data-redis:2.3.3.RELEASE -> org.springframework.data:spring-data-redis:2.7.4 : Failed to compare JAR files: JAPICMP comparison failed for org.springframework.data:spring-data-redis
[2025-09-13 02:43:37] org.springframework.data:spring-data-redis:2.3.3.RELEASE -> org.springframework.data:spring-data-redis:2.7.5 : Failed to compare JAR files: JAPICMP comparison failed for org.springframework.data:spring-data-redis
[2025-09-13 02:43:38] org.springframework.data:spring-data-redis:2.3.3.RELEASE -> org.springframework.data:spring-data-redis:2.7.6 : Failed to compare JAR files: JAPICMP comparison failed for org.springframework.data:spring-data-redis
[2025-09-13 02:43:39] org.springframework.data:spring-data-redis:2.3.3.RELEASE -> org.springframework.data:spring-data-redis:2.7.7 : Failed to compare JAR files: JAPICMP comparison failed for org.springframework.data:spring-data-redis
[2025-09-13 02:43:40] org.springframework.data:spring-data-redis:2.3.3.RELEASE -> org.springframework.data:spring-data-redis:2.7.8 : Failed to compare JAR files: JAPICMP comparison failed for org.springframework.data:spring-data-redis
[2025-09-13 02:43:41] org.springframework.data:spring-data-redis:2.3.3.RELEASE -> org.springframework.data:spring-data-redis:2.7.9 : Failed to compare JAR files: JAPICMP comparison failed for org.springframework.data:spring-data-redis
[2025-09-13 02:43:42] org.springframework.data:spring-data-redis:2.3.3.RELEASE -> org.springframework.data:spring-data-redis:2.7.10 : Failed to compare JAR files: JAPICMP comparison failed for org.springframework.data:spring-data-redis
[2025-09-13 02:43:43] org.springframework.data:spring-data-redis:2.3.3.RELEASE -> org.springframework.data:spring-data-redis:2.7.11 : Failed to compare JAR files: JAPICMP comparison failed for org.springframework.data:spring-data-redis
[2025-09-13 02:43:45] org.springframework.data:spring-data-redis:2.3.3.RELEASE -> org.springframework.data:spring-data-redis:2.7.12 : Failed to compare JAR files: JAPICMP comparison failed for org.springframework.data:spring-data-redis
[2025-09-13 02:43:46] org.springframework.data:spring-data-redis:2.3.3.RELEASE -> org.springframework.data:spring-data-redis:2.7.13 : Failed to compare JAR files: JAPICMP comparison failed for org.springframework.data:spring-data-redis
[2025-09-13 02:43:47] org.springframework.data:spring-data-redis:2.3.3.RELEASE -> org.springframework.data:spring-data-redis:2.7.14 : Failed to compare JAR files: JAPICMP comparison failed for org.springframework.data:spring-data-redis
[2025-09-13 02:43:48] org.springframework.data:spring-data-redis:2.3.3.RELEASE -> org.springframework.data:spring-data-redis:2.7.15 : Failed to compare JAR files: JAPICMP comparison failed for org.springframework.data:spring-data-redis
[2025-09-13 02:43:49] org.springframework.data:spring-data-redis:2.3.3.RELEASE -> org.springframework.data:spring-data-redis:2.7.16 : Failed to compare JAR files: JAPICMP comparison failed for org.springframework.data:spring-data-redis
[2025-09-13 02:43:50] org.springframework.data:spring-data-redis:2.3.3.RELEASE -> org.springframework.data:spring-data-redis:2.7.17 : Failed to compare JAR files: JAPICMP comparison failed for org.springframework.data:spring-data-redis
[2025-09-13 02:43:51] org.springframework.data:spring-data-redis:2.3.3.RELEASE -> org.springframework.data:spring-data-redis:2.7.18 : Failed to compare JAR files: JAPICMP comparison failed for org.springframework.data:spring-data-redis
[2025-09-13 02:43:52] org.springframework.boot:spring-boot-autoconfigure:2.5.15 -> org.springframework.boot:spring-boot-autoconfigure:2.6.0 : Failed to compare JAR files: JAPICMP comparison failed for org.springframework.boot:spring-boot-autoconfigure
[2025-09-13 02:43:52] org.springframework.boot:spring-boot-autoconfigure:2.5.15 -> org.springframework.boot:spring-boot-autoconfigure:2.6.1 : Failed to compare JAR files: JAPICMP comparison failed for org.springframework.boot:spring-boot-autoconfigure
[2025-09-13 02:43:52] org.springframework.boot:spring-boot-autoconfigure:2.5.15 -> org.springframework.boot:spring-boot-autoconfigure:2.6.2 : Failed to compare JAR files: JAPICMP comparison failed for org.springframework.boot:spring-boot-autoconfigure
[2025-09-13 02:43:52] org.springframework.boot:spring-boot-autoconfigure:2.5.15 -> org.springframework.boot:spring-boot-autoconfigure:2.6.3 : Failed to compare JAR files: JAPICMP comparison failed for org.springframework.boot:spring-boot-autoconfigure
[2025-09-13 02:43:52] org.springframework.boot:spring-boot-autoconfigure:2.5.15 -> org.springframework.boot:spring-boot-autoconfigure:2.6.4 : Failed to compare JAR files: JAPICMP comparison failed for org.springframework.boot:spring-boot-autoconfigure
[2025-09-13 02:43:53] org.springframework.boot:spring-boot-autoconfigure:2.5.15 -> org.springframework.boot:spring-boot-autoconfigure:2.6.5 : Failed to compare JAR files: JAPICMP comparison failed for org.springframework.boot:spring-boot-autoconfigure
[2025-09-13 02:43:53] org.springframework.boot:spring-boot-autoconfigure:2.5.15 -> org.springframework.boot:spring-boot-autoconfigure:2.6.6 : Failed to compare JAR files: JAPICMP comparison failed for org.springframework.boot:spring-boot-autoconfigure
[2025-09-13 02:43:53] org.springframework.boot:spring-boot-autoconfigure:2.5.15 -> org.springframework.boot:spring-boot-autoconfigure:2.6.7 : Failed to compare JAR files: JAPICMP comparison failed for org.springframework.boot:spring-boot-autoconfigure
[2025-09-13 02:43:53] org.springframework.boot:spring-boot-autoconfigure:2.5.15 -> org.springframework.boot:spring-boot-autoconfigure:2.6.8 : Failed to compare JAR files: JAPICMP comparison failed for org.springframework.boot:spring-boot-autoconfigure
[2025-09-13 02:43:54] org.springframework.boot:spring-boot-autoconfigure:2.5.15 -> org.springframework.boot:spring-boot-autoconfigure:2.6.9 : Failed to compare JAR files: JAPICMP comparison failed for org.springframework.boot:spring-boot-autoconfigure
[2025-09-13 02:43:54] org.springframework.boot:spring-boot-autoconfigure:2.5.15 -> org.springframework.boot:spring-boot-autoconfigure:2.6.10 : Failed to compare JAR files: JAPICMP comparison failed for org.springframework.boot:spring-boot-autoconfigure
[2025-09-13 02:43:54] org.springframework.boot:spring-boot-autoconfigure:2.5.15 -> org.springframework.boot:spring-boot-autoconfigure:2.6.11 : Failed to compare JAR files: JAPICMP comparison failed for org.springframework.boot:spring-boot-autoconfigure
[2025-09-13 02:43:54] org.springframework.boot:spring-boot-autoconfigure:2.5.15 -> org.springframework.boot:spring-boot-autoconfigure:2.6.12 : Failed to compare JAR files: JAPICMP comparison failed for org.springframework.boot:spring-boot-autoconfigure
[2025-09-13 02:43:54] org.springframework.boot:spring-boot-autoconfigure:2.5.15 -> org.springframework.boot:spring-boot-autoconfigure:2.6.13 : Failed to compare JAR files: JAPICMP comparison failed for org.springframework.boot:spring-boot-autoconfigure
[2025-09-13 02:43:55] org.springframework.boot:spring-boot-autoconfigure:2.5.15 -> org.springframework.boot:spring-boot-autoconfigure:2.6.14 : Failed to compare JAR files: JAPICMP comparison failed for org.springframework.boot:spring-boot-autoconfigure
[2025-09-13 02:43:55] org.springframework.boot:spring-boot-autoconfigure:2.5.15 -> org.springframework.boot:spring-boot-autoconfigure:2.6.15 : Failed to compare JAR files: JAPICMP comparison failed for org.springframework.boot:spring-boot-autoconfigure
[2025-09-13 02:43:55] org.springframework.boot:spring-boot-autoconfigure:2.5.15 -> org.springframework.boot:spring-boot-autoconfigure:2.7.0 : Failed to compare JAR files: JAPICMP comparison failed for org.springframework.boot:spring-boot-autoconfigure
[2025-09-13 02:43:55] org.springframework.boot:spring-boot-autoconfigure:2.5.15 -> org.springframework.boot:spring-boot-autoconfigure:2.7.1 : Failed to compare JAR files: JAPICMP comparison failed for org.springframework.boot:spring-boot-autoconfigure
[2025-09-13 02:43:56] org.springframework.boot:spring-boot-autoconfigure:2.5.15 -> org.springframework.boot:spring-boot-autoconfigure:2.7.2 : Failed to compare JAR files: JAPICMP comparison failed for org.springframework.boot:spring-boot-autoconfigure
[2025-09-13 02:43:56] org.springframework.boot:spring-boot-autoconfigure:2.5.15 -> org.springframework.boot:spring-boot-autoconfigure:2.7.3 : Failed to compare JAR files: JAPICMP comparison failed for org.springframework.boot:spring-boot-autoconfigure
[2025-09-13 02:43:56] org.springframework.boot:spring-boot-autoconfigure:2.5.15 -> org.springframework.boot:spring-boot-autoconfigure:2.7.4 : Failed to compare JAR files: JAPICMP comparison failed for org.springframework.boot:spring-boot-autoconfigure
[2025-09-13 02:43:56] org.springframework.boot:spring-boot-autoconfigure:2.5.15 -> org.springframework.boot:spring-boot-autoconfigure:2.7.5 : Failed to compare JAR files: JAPICMP comparison failed for org.springframework.boot:spring-boot-autoconfigure
[2025-09-13 02:43:57] org.springframework.boot:spring-boot-autoconfigure:2.5.15 -> org.springframework.boot:spring-boot-autoconfigure:2.7.6 : Failed to compare JAR files: JAPICMP comparison failed for org.springframework.boot:spring-boot-autoconfigure
[2025-09-13 02:43:57] org.springframework.boot:spring-boot-autoconfigure:2.5.15 -> org.springframework.boot:spring-boot-autoconfigure:2.7.7 : Failed to compare JAR files: JAPICMP comparison failed for org.springframework.boot:spring-boot-autoconfigure
[2025-09-13 02:43:57] org.springframework.boot:spring-boot-autoconfigure:2.5.15 -> org.springframework.boot:spring-boot-autoconfigure:2.7.8 : Failed to compare JAR files: JAPICMP comparison failed for org.springframework.boot:spring-boot-autoconfigure
[2025-09-13 02:43:57] org.springframework.boot:spring-boot-autoconfigure:2.5.15 -> org.springframework.boot:spring-boot-autoconfigure:2.7.9 : Failed to compare JAR files: JAPICMP comparison failed for org.springframework.boot:spring-boot-autoconfigure
[2025-09-13 02:43:57] org.springframework.boot:spring-boot-autoconfigure:2.5.15 -> org.springframework.boot:spring-boot-autoconfigure:2.7.10 : Failed to compare JAR files: JAPICMP comparison failed for org.springframework.boot:spring-boot-autoconfigure
[2025-09-13 02:43:58] org.springframework.boot:spring-boot-autoconfigure:2.5.15 -> org.springframework.boot:spring-boot-autoconfigure:2.7.11 : Failed to compare JAR files: JAPICMP comparison failed for org.springframework.boot:spring-boot-autoconfigure
[2025-09-13 02:43:58] org.springframework.boot:spring-boot-autoconfigure:2.5.15 -> org.springframework.boot:spring-boot-autoconfigure:2.7.12 : Failed to compare JAR files: JAPICMP comparison failed for org.springframework.boot:spring-boot-autoconfigure
[2025-09-13 02:43:58] org.springframework.boot:spring-boot-autoconfigure:2.5.15 -> org.springframework.boot:spring-boot-autoconfigure:2.7.13 : Failed to compare JAR files: JAPICMP comparison failed for org.springframework.boot:spring-boot-autoconfigure
[2025-09-13 02:43:58] org.springframework.boot:spring-boot-autoconfigure:2.5.15 -> org.springframework.boot:spring-boot-autoconfigure:2.7.14 : Failed to compare JAR files: JAPICMP comparison failed for org.springframework.boot:spring-boot-autoconfigure
[2025-09-13 02:43:59] org.springframework.boot:spring-boot-autoconfigure:2.5.15 -> org.springframework.boot:spring-boot-autoconfigure:2.7.15 : Failed to compare JAR files: JAPICMP comparison failed for org.springframework.boot:spring-boot-autoconfigure
[2025-09-13 02:44:02] org.springframework.boot:spring-boot-autoconfigure:2.5.15 -> org.springframework.boot:spring-boot-autoconfigure:2.7.16 : Failed to compare JAR files: JAPICMP comparison failed for org.springframework.boot:spring-boot-autoconfigure
[2025-09-13 02:44:02] org.springframework.boot:spring-boot-autoconfigure:2.5.15 -> org.springframework.boot:spring-boot-autoconfigure:2.7.17 : Failed to compare JAR files: JAPICMP comparison failed for org.springframework.boot:spring-boot-autoconfigure
[2025-09-13 02:44:02] org.springframework.boot:spring-boot-autoconfigure:2.5.15 -> org.springframework.boot:spring-boot-autoconfigure:2.7.18 : Failed to compare JAR files: JAPICMP comparison failed for org.springframework.boot:spring-boot-autoconfigure
[2025-09-13 02:44:04] org.projectlombok:lombok:1.18.30 -> org.projectlombok:lombok:1.18.32 : Failed to compare JAR files: JAPICMP comparison failed for org.projectlombok:lombok
[2025-09-13 02:44:04] org.projectlombok:lombok:1.18.30 -> org.projectlombok:lombok:1.18.34 : Failed to compare JAR files: JAPICMP comparison failed for org.projectlombok:lombok
[2025-09-13 02:44:04] org.projectlombok:lombok:1.18.30 -> org.projectlombok:lombok:1.18.36 : Failed to compare JAR files: JAPICMP comparison failed for org.projectlombok:lombok
[2025-09-13 02:44:04] org.projectlombok:lombok:1.18.30 -> org.projectlombok:lombok:1.18.38 : Failed to compare JAR files: JAPICMP comparison failed for org.projectlombok:lombok
[2025-09-13 02:44:04] org.projectlombok:lombok:1.18.30 -> org.projectlombok:lombok:1.18.40 : Failed to compare JAR files: JAPICMP comparison failed for org.projectlombok:lombok

=== Summary ===
Total comparisons: 200
Failures: 148
Success rate: 26.00%
