=== Comparison Failure Log ===
[2025-08-25 14:33:16] com.alibaba:fastjson:2.0.32 -> com.alibaba:fastjson:2.0.33 : Failed to compare JAR files: JAPICMP comparison failed for com.alibaba:fastjson
[2025-08-25 14:33:18] com.alibaba:fastjson:2.0.32 -> com.alibaba:fastjson:2.0.34 : Failed to compare JAR files: JAPICMP comparison failed for com.alibaba:fastjson
[2025-08-25 14:33:20] com.alibaba:fastjson:2.0.32 -> com.alibaba:fastjson:2.0.35 : Failed to compare JAR files: JAPICMP comparison failed for com.alibaba:fastjson
[2025-08-25 14:33:23] com.alibaba:fastjson:2.0.32 -> com.alibaba:fastjson:2.0.36 : Failed to compare JAR files: JAPICMP comparison failed for com.alibaba:fastjson
[2025-08-25 14:33:25] com.alibaba:fastjson:2.0.32 -> com.alibaba:fastjson:2.0.37 : Failed to compare JAR files: JAPICMP comparison failed for com.alibaba:fastjson
[2025-08-25 14:33:26] com.alibaba:fastjson:2.0.32 -> com.alibaba:fastjson:2.0.38 : Failed to compare JAR files: JAPICMP comparison failed for com.alibaba:fastjson
[2025-08-25 14:33:28] com.alibaba:fastjson:2.0.32 -> com.alibaba:fastjson:2.0.39 : Failed to compare JAR files: JAPICMP comparison failed for com.alibaba:fastjson
[2025-08-25 14:33:29] com.alibaba:fastjson:2.0.32 -> com.alibaba:fastjson:2.0.40 : Failed to compare JAR files: JAPICMP comparison failed for com.alibaba:fastjson
[2025-08-25 14:33:31] com.alibaba:fastjson:2.0.32 -> com.alibaba:fastjson:2.0.41 : Failed to compare JAR files: JAPICMP comparison failed for com.alibaba:fastjson
[2025-08-25 14:33:33] com.alibaba:fastjson:2.0.32 -> com.alibaba:fastjson:2.0.42 : Failed to compare JAR files: JAPICMP comparison failed for com.alibaba:fastjson
[2025-08-25 14:33:35] com.alibaba:fastjson:2.0.32 -> com.alibaba:fastjson:2.0.43 : Failed to compare JAR files: JAPICMP comparison failed for com.alibaba:fastjson
[2025-08-25 14:33:36] com.alibaba:fastjson:2.0.32 -> com.alibaba:fastjson:2.0.44 : Failed to compare JAR files: JAPICMP comparison failed for com.alibaba:fastjson
[2025-08-25 14:33:37] com.alibaba:fastjson:2.0.32 -> com.alibaba:fastjson:2.0.45 : Failed to compare JAR files: JAPICMP comparison failed for com.alibaba:fastjson
[2025-08-25 14:33:39] com.alibaba:fastjson:2.0.32 -> com.alibaba:fastjson:2.0.46 : Failed to compare JAR files: JAPICMP comparison failed for com.alibaba:fastjson
[2025-08-25 14:33:41] com.alibaba:fastjson:2.0.32 -> com.alibaba:fastjson:2.0.47 : Failed to compare JAR files: JAPICMP comparison failed for com.alibaba:fastjson
[2025-08-25 14:33:43] com.alibaba:fastjson:2.0.32 -> com.alibaba:fastjson:2.0.48 : Failed to compare JAR files: JAPICMP comparison failed for com.alibaba:fastjson
[2025-08-25 14:33:44] com.alibaba:fastjson:2.0.32 -> com.alibaba:fastjson:2.0.49 : Failed to compare JAR files: JAPICMP comparison failed for com.alibaba:fastjson
[2025-08-25 14:33:44] com.alibaba:fastjson:2.0.32 -> com.alibaba:fastjson:2.0.50 : Failed to compare JAR files: JAPICMP comparison failed for com.alibaba:fastjson
[2025-08-25 14:33:46] com.alibaba:fastjson:2.0.32 -> com.alibaba:fastjson:2.0.51 : Failed to compare JAR files: JAPICMP comparison failed for com.alibaba:fastjson
[2025-08-25 14:33:47] com.alibaba:fastjson:2.0.32 -> com.alibaba:fastjson:2.0.52 : Failed to compare JAR files: JAPICMP comparison failed for com.alibaba:fastjson
[2025-08-25 14:33:47] com.alibaba:fastjson:2.0.32 -> com.alibaba:fastjson:2.0.53 : Failed to compare JAR files: JAPICMP comparison failed for com.alibaba:fastjson
[2025-08-25 14:33:49] com.alibaba:fastjson:2.0.32 -> com.alibaba:fastjson:2.0.54 : Failed to compare JAR files: JAPICMP comparison failed for com.alibaba:fastjson
[2025-08-25 14:33:50] com.alibaba:fastjson:2.0.32 -> com.alibaba:fastjson:2.0.55 : Failed to compare JAR files: JAPICMP comparison failed for com.alibaba:fastjson
[2025-08-25 14:33:52] com.alibaba:fastjson:2.0.32 -> com.alibaba:fastjson:2.0.56 : Failed to compare JAR files: JAPICMP comparison failed for com.alibaba:fastjson
[2025-08-25 14:33:53] com.alibaba:fastjson:2.0.32 -> com.alibaba:fastjson:2.0.57 : Failed to compare JAR files: JAPICMP comparison failed for com.alibaba:fastjson
[2025-08-25 14:33:54] com.alibaba:fastjson:2.0.32 -> com.alibaba:fastjson:2.0.58 : Failed to compare JAR files: JAPICMP comparison failed for com.alibaba:fastjson

=== Summary ===
Total comparisons: 54
Failures: 26
Success rate: 51.85%
