=== Comparison Failure Log ===
[2025-09-13 03:33:47] com.bucket4j:bucket4j_jdk17-hazelcast:8.14.0 -> com.bucket4j:bucket4j_jdk17-hazelcast:8.15.0 : Failed to compare JAR files: JAPICMP comparison failed for com.bucket4j:bucket4j_jdk17-hazelcast
[2025-09-13 03:33:49] com.zaxxer:HikariCP-java6:2.3.8 -> com.zaxxer:HikariCP-java6:2.3.9 : Failed to compare JAR files: JAPICMP comparison failed for com.zaxxer:HikariCP-java6
[2025-09-13 03:33:49] com.zaxxer:HikariCP-java6:2.3.8 -> com.zaxxer:HikariCP-java6:2.3.10 : Failed to compare JAR files: JAPICMP comparison failed for com.zaxxer:HikariCP-java6
[2025-09-13 03:33:49] com.zaxxer:HikariCP-java6:2.3.8 -> com.zaxxer:HikariCP-java6:2.3.11 : Failed to compare JAR files: JAPICMP comparison failed for com.zaxxer:HikariCP-java6
[2025-09-13 03:33:50] com.zaxxer:HikariCP-java6:2.3.8 -> com.zaxxer:HikariCP-java6:2.3.12 : Failed to compare JAR files: JAPICMP comparison failed for com.zaxxer:HikariCP-java6
[2025-09-13 03:33:50] com.zaxxer:HikariCP-java6:2.3.8 -> com.zaxxer:HikariCP-java6:2.3.13 : Failed to compare JAR files: JAPICMP comparison failed for com.zaxxer:HikariCP-java6
[2025-09-13 03:33:50] org.postgresql:postgresql:42.7.2 -> org.postgresql:postgresql:42.7.3 : Failed to compare JAR files: JAPICMP comparison failed for org.postgresql:postgresql
[2025-09-13 03:33:50] org.postgresql:postgresql:42.7.2 -> org.postgresql:postgresql:42.7.4 : Failed to compare JAR files: JAPICMP comparison failed for org.postgresql:postgresql
[2025-09-13 03:33:51] org.postgresql:postgresql:42.7.2 -> org.postgresql:postgresql:42.7.5 : Failed to compare JAR files: JAPICMP comparison failed for org.postgresql:postgresql
[2025-09-13 03:33:51] org.postgresql:postgresql:42.7.2 -> org.postgresql:postgresql:42.7.6 : Failed to compare JAR files: JAPICMP comparison failed for org.postgresql:postgresql
[2025-09-13 03:33:51] org.postgresql:postgresql:42.7.2 -> org.postgresql:postgresql:42.7.7 : Failed to compare JAR files: JAPICMP comparison failed for org.postgresql:postgresql
[2025-09-13 03:33:52] javax.cache:cache-api:1.0.0 -> javax.cache:cache-api:1.1.0 : Failed to compare JAR files: JAPICMP comparison failed for javax.cache:cache-api
[2025-09-13 03:33:52] javax.cache:cache-api:1.0.0 -> javax.cache:cache-api:1.1.1 : Failed to compare JAR files: JAPICMP comparison failed for javax.cache:cache-api
[2025-09-13 03:33:58] com.hazelcast:hazelcast:5.3.6 -> com.hazelcast:hazelcast:5.3.7 : Failed to compare JAR files: JAPICMP comparison failed for com.hazelcast:hazelcast
[2025-09-13 03:34:00] com.hazelcast:hazelcast:5.3.6 -> com.hazelcast:hazelcast:5.3.8 : Failed to compare JAR files: JAPICMP comparison failed for com.hazelcast:hazelcast
[2025-09-13 03:34:06] com.hazelcast:hazelcast:5.3.6 -> com.hazelcast:hazelcast:5.4.0 : Failed to compare JAR files: JAPICMP comparison failed for com.hazelcast:hazelcast
[2025-09-13 03:35:04] com.hazelcast:hazelcast:5.3.6 -> com.hazelcast:hazelcast:5.5.0 : Failed to compare JAR files: JAPICMP comparison failed for com.hazelcast:hazelcast
[2025-09-13 03:35:04] ch.qos.logback:logback-classic:1.3.12 -> ch.qos.logback:logback-classic:1.3.13 : Failed to compare JAR files: JAPICMP comparison failed for ch.qos.logback:logback-classic
[2025-09-13 03:35:04] ch.qos.logback:logback-classic:1.3.12 -> ch.qos.logback:logback-classic:1.3.14 : Failed to compare JAR files: JAPICMP comparison failed for ch.qos.logback:logback-classic
[2025-09-13 03:35:04] ch.qos.logback:logback-classic:1.3.12 -> ch.qos.logback:logback-classic:1.3.15 : Failed to compare JAR files: JAPICMP comparison failed for ch.qos.logback:logback-classic
[2025-09-13 03:35:04] ch.qos.logback:logback-classic:1.3.12 -> ch.qos.logback:logback-classic:1.4.0 : Failed to compare JAR files: JAPICMP comparison failed for ch.qos.logback:logback-classic
[2025-09-13 03:35:04] ch.qos.logback:logback-classic:1.3.12 -> ch.qos.logback:logback-classic:1.4.1 : Failed to compare JAR files: JAPICMP comparison failed for ch.qos.logback:logback-classic
[2025-09-13 03:35:05] ch.qos.logback:logback-classic:1.3.12 -> ch.qos.logback:logback-classic:1.4.2 : Failed to compare JAR files: JAPICMP comparison failed for ch.qos.logback:logback-classic
[2025-09-13 03:35:05] ch.qos.logback:logback-classic:1.3.12 -> ch.qos.logback:logback-classic:1.4.3 : Failed to compare JAR files: JAPICMP comparison failed for ch.qos.logback:logback-classic
[2025-09-13 03:35:05] ch.qos.logback:logback-classic:1.3.12 -> ch.qos.logback:logback-classic:1.4.4 : Failed to compare JAR files: JAPICMP comparison failed for ch.qos.logback:logback-classic
[2025-09-13 03:35:05] ch.qos.logback:logback-classic:1.3.12 -> ch.qos.logback:logback-classic:1.4.5 : Failed to compare JAR files: JAPICMP comparison failed for ch.qos.logback:logback-classic
[2025-09-13 03:35:05] ch.qos.logback:logback-classic:1.3.12 -> ch.qos.logback:logback-classic:1.4.6 : Failed to compare JAR files: JAPICMP comparison failed for ch.qos.logback:logback-classic
[2025-09-13 03:35:05] ch.qos.logback:logback-classic:1.3.12 -> ch.qos.logback:logback-classic:1.4.7 : Failed to compare JAR files: JAPICMP comparison failed for ch.qos.logback:logback-classic
[2025-09-13 03:35:05] ch.qos.logback:logback-classic:1.3.12 -> ch.qos.logback:logback-classic:1.4.8 : Failed to compare JAR files: JAPICMP comparison failed for ch.qos.logback:logback-classic
[2025-09-13 03:35:06] ch.qos.logback:logback-classic:1.3.12 -> ch.qos.logback:logback-classic:1.4.9 : Failed to compare JAR files: JAPICMP comparison failed for ch.qos.logback:logback-classic
[2025-09-13 03:35:06] ch.qos.logback:logback-classic:1.3.12 -> ch.qos.logback:logback-classic:1.4.10 : Failed to compare JAR files: JAPICMP comparison failed for ch.qos.logback:logback-classic
[2025-09-13 03:35:06] ch.qos.logback:logback-classic:1.3.12 -> ch.qos.logback:logback-classic:1.4.11 : Failed to compare JAR files: JAPICMP comparison failed for ch.qos.logback:logback-classic
[2025-09-13 03:35:06] ch.qos.logback:logback-classic:1.3.12 -> ch.qos.logback:logback-classic:1.4.12 : Failed to compare JAR files: JAPICMP comparison failed for ch.qos.logback:logback-classic
[2025-09-13 03:35:06] ch.qos.logback:logback-classic:1.3.12 -> ch.qos.logback:logback-classic:1.4.13 : Failed to compare JAR files: JAPICMP comparison failed for ch.qos.logback:logback-classic
[2025-09-13 03:35:06] ch.qos.logback:logback-classic:1.3.12 -> ch.qos.logback:logback-classic:1.4.14 : Failed to compare JAR files: JAPICMP comparison failed for ch.qos.logback:logback-classic
[2025-09-13 03:35:06] ch.qos.logback:logback-classic:1.3.12 -> ch.qos.logback:logback-classic:1.5.0 : Failed to compare JAR files: JAPICMP comparison failed for ch.qos.logback:logback-classic
[2025-09-13 03:35:07] ch.qos.logback:logback-classic:1.3.12 -> ch.qos.logback:logback-classic:1.5.1 : Failed to compare JAR files: JAPICMP comparison failed for ch.qos.logback:logback-classic
[2025-09-13 03:35:07] ch.qos.logback:logback-classic:1.3.12 -> ch.qos.logback:logback-classic:1.5.2 : Failed to compare JAR files: JAPICMP comparison failed for ch.qos.logback:logback-classic
[2025-09-13 03:35:07] ch.qos.logback:logback-classic:1.3.12 -> ch.qos.logback:logback-classic:1.5.3 : Failed to compare JAR files: JAPICMP comparison failed for ch.qos.logback:logback-classic
[2025-09-13 03:35:07] ch.qos.logback:logback-classic:1.3.12 -> ch.qos.logback:logback-classic:1.5.4 : Failed to compare JAR files: JAPICMP comparison failed for ch.qos.logback:logback-classic
[2025-09-13 03:35:07] ch.qos.logback:logback-classic:1.3.12 -> ch.qos.logback:logback-classic:1.5.5 : Failed to compare JAR files: JAPICMP comparison failed for ch.qos.logback:logback-classic
[2025-09-13 03:35:07] ch.qos.logback:logback-classic:1.3.12 -> ch.qos.logback:logback-classic:1.5.6 : Failed to compare JAR files: JAPICMP comparison failed for ch.qos.logback:logback-classic
[2025-09-13 03:35:07] ch.qos.logback:logback-classic:1.3.12 -> ch.qos.logback:logback-classic:1.5.7 : Failed to compare JAR files: JAPICMP comparison failed for ch.qos.logback:logback-classic
[2025-09-13 03:35:08] ch.qos.logback:logback-classic:1.3.12 -> ch.qos.logback:logback-classic:1.5.8 : Failed to compare JAR files: JAPICMP comparison failed for ch.qos.logback:logback-classic
[2025-09-13 03:35:08] ch.qos.logback:logback-classic:1.3.12 -> ch.qos.logback:logback-classic:1.5.9 : Failed to compare JAR files: JAPICMP comparison failed for ch.qos.logback:logback-classic
[2025-09-13 03:35:08] ch.qos.logback:logback-classic:1.3.12 -> ch.qos.logback:logback-classic:1.5.10 : Failed to compare JAR files: JAPICMP comparison failed for ch.qos.logback:logback-classic
[2025-09-13 03:35:08] ch.qos.logback:logback-classic:1.3.12 -> ch.qos.logback:logback-classic:1.5.11 : Failed to compare JAR files: JAPICMP comparison failed for ch.qos.logback:logback-classic
[2025-09-13 03:35:08] ch.qos.logback:logback-classic:1.3.12 -> ch.qos.logback:logback-classic:1.5.12 : Failed to compare JAR files: JAPICMP comparison failed for ch.qos.logback:logback-classic
[2025-09-13 03:35:08] ch.qos.logback:logback-classic:1.3.12 -> ch.qos.logback:logback-classic:1.5.13 : Failed to compare JAR files: JAPICMP comparison failed for ch.qos.logback:logback-classic
[2025-09-13 03:35:08] ch.qos.logback:logback-classic:1.3.12 -> ch.qos.logback:logback-classic:1.5.14 : Failed to compare JAR files: JAPICMP comparison failed for ch.qos.logback:logback-classic
[2025-09-13 03:35:09] ch.qos.logback:logback-classic:1.3.12 -> ch.qos.logback:logback-classic:1.5.15 : Failed to compare JAR files: JAPICMP comparison failed for ch.qos.logback:logback-classic
[2025-09-13 03:35:09] ch.qos.logback:logback-classic:1.3.12 -> ch.qos.logback:logback-classic:1.5.16 : Failed to compare JAR files: JAPICMP comparison failed for ch.qos.logback:logback-classic
[2025-09-13 03:35:09] ch.qos.logback:logback-classic:1.3.12 -> ch.qos.logback:logback-classic:1.5.17 : Failed to compare JAR files: JAPICMP comparison failed for ch.qos.logback:logback-classic
[2025-09-13 03:35:09] ch.qos.logback:logback-classic:1.3.12 -> ch.qos.logback:logback-classic:1.5.18 : Failed to compare JAR files: JAPICMP comparison failed for ch.qos.logback:logback-classic
[2025-09-13 03:35:09] org.junit.jupiter:junit-jupiter-api:5.10.2 -> org.junit.jupiter:junit-jupiter-api:5.10.3 : Failed to compare JAR files: JAPICMP comparison failed for org.junit.jupiter:junit-jupiter-api
[2025-09-13 03:35:09] org.junit.jupiter:junit-jupiter-api:5.10.2 -> org.junit.jupiter:junit-jupiter-api:5.10.4 : Failed to compare JAR files: JAPICMP comparison failed for org.junit.jupiter:junit-jupiter-api
[2025-09-13 03:35:09] org.junit.jupiter:junit-jupiter-api:5.10.2 -> org.junit.jupiter:junit-jupiter-api:5.10.5 : Failed to compare JAR files: JAPICMP comparison failed for org.junit.jupiter:junit-jupiter-api
[2025-09-13 03:35:09] org.junit.jupiter:junit-jupiter-api:5.10.2 -> org.junit.jupiter:junit-jupiter-api:5.11.0 : Failed to compare JAR files: JAPICMP comparison failed for org.junit.jupiter:junit-jupiter-api
[2025-09-13 03:35:09] org.junit.jupiter:junit-jupiter-api:5.10.2 -> org.junit.jupiter:junit-jupiter-api:5.11.1 : Failed to compare JAR files: JAPICMP comparison failed for org.junit.jupiter:junit-jupiter-api
[2025-09-13 03:35:09] org.junit.jupiter:junit-jupiter-api:5.10.2 -> org.junit.jupiter:junit-jupiter-api:5.11.2 : Failed to compare JAR files: JAPICMP comparison failed for org.junit.jupiter:junit-jupiter-api
[2025-09-13 03:35:10] org.junit.jupiter:junit-jupiter-api:5.10.2 -> org.junit.jupiter:junit-jupiter-api:5.11.3 : Failed to compare JAR files: JAPICMP comparison failed for org.junit.jupiter:junit-jupiter-api
[2025-09-13 03:35:10] org.junit.jupiter:junit-jupiter-api:5.10.2 -> org.junit.jupiter:junit-jupiter-api:5.11.4 : Failed to compare JAR files: JAPICMP comparison failed for org.junit.jupiter:junit-jupiter-api
[2025-09-13 03:35:10] org.junit.jupiter:junit-jupiter-api:5.10.2 -> org.junit.jupiter:junit-jupiter-api:5.12.0 : Failed to compare JAR files: JAPICMP comparison failed for org.junit.jupiter:junit-jupiter-api
[2025-09-13 03:35:10] org.junit.jupiter:junit-jupiter-api:5.10.2 -> org.junit.jupiter:junit-jupiter-api:5.12.1 : Failed to compare JAR files: JAPICMP comparison failed for org.junit.jupiter:junit-jupiter-api
[2025-09-13 03:35:10] org.junit.jupiter:junit-jupiter-api:5.10.2 -> org.junit.jupiter:junit-jupiter-api:5.12.2 : Failed to compare JAR files: JAPICMP comparison failed for org.junit.jupiter:junit-jupiter-api
[2025-09-13 03:35:10] org.junit.jupiter:junit-jupiter-api:5.10.2 -> org.junit.jupiter:junit-jupiter-api:5.13.0 : Failed to compare JAR files: JAPICMP comparison failed for org.junit.jupiter:junit-jupiter-api
[2025-09-13 03:35:10] org.junit.jupiter:junit-jupiter-api:5.10.2 -> org.junit.jupiter:junit-jupiter-api:5.13.1 : Failed to compare JAR files: JAPICMP comparison failed for org.junit.jupiter:junit-jupiter-api
[2025-09-13 03:35:10] org.junit.jupiter:junit-jupiter-api:5.10.2 -> org.junit.jupiter:junit-jupiter-api:5.13.2 : Failed to compare JAR files: JAPICMP comparison failed for org.junit.jupiter:junit-jupiter-api
[2025-09-13 03:35:10] org.junit.jupiter:junit-jupiter-api:5.10.2 -> org.junit.jupiter:junit-jupiter-api:5.13.3 : Failed to compare JAR files: JAPICMP comparison failed for org.junit.jupiter:junit-jupiter-api
[2025-09-13 03:35:10] org.junit.jupiter:junit-jupiter-api:5.10.2 -> org.junit.jupiter:junit-jupiter-api:5.13.4 : Failed to compare JAR files: JAPICMP comparison failed for org.junit.jupiter:junit-jupiter-api
[2025-09-13 03:35:10] org.junit.jupiter:junit-jupiter-params:5.10.2 -> org.junit.jupiter:junit-jupiter-params:5.10.3 : Failed to compare JAR files: JAPICMP comparison failed for org.junit.jupiter:junit-jupiter-params
[2025-09-13 03:35:11] org.junit.jupiter:junit-jupiter-params:5.10.2 -> org.junit.jupiter:junit-jupiter-params:5.10.4 : Failed to compare JAR files: JAPICMP comparison failed for org.junit.jupiter:junit-jupiter-params
[2025-09-13 03:35:11] org.junit.jupiter:junit-jupiter-params:5.10.2 -> org.junit.jupiter:junit-jupiter-params:5.10.5 : Failed to compare JAR files: JAPICMP comparison failed for org.junit.jupiter:junit-jupiter-params
[2025-09-13 03:35:11] org.junit.jupiter:junit-jupiter-params:5.10.2 -> org.junit.jupiter:junit-jupiter-params:5.11.0 : Failed to compare JAR files: JAPICMP comparison failed for org.junit.jupiter:junit-jupiter-params
[2025-09-13 03:35:11] org.junit.jupiter:junit-jupiter-params:5.10.2 -> org.junit.jupiter:junit-jupiter-params:5.11.1 : Failed to compare JAR files: JAPICMP comparison failed for org.junit.jupiter:junit-jupiter-params
[2025-09-13 03:35:11] org.junit.jupiter:junit-jupiter-params:5.10.2 -> org.junit.jupiter:junit-jupiter-params:5.11.2 : Failed to compare JAR files: JAPICMP comparison failed for org.junit.jupiter:junit-jupiter-params
[2025-09-13 03:35:11] org.junit.jupiter:junit-jupiter-params:5.10.2 -> org.junit.jupiter:junit-jupiter-params:5.11.3 : Failed to compare JAR files: JAPICMP comparison failed for org.junit.jupiter:junit-jupiter-params
[2025-09-13 03:35:12] org.junit.jupiter:junit-jupiter-params:5.10.2 -> org.junit.jupiter:junit-jupiter-params:5.11.4 : Failed to compare JAR files: JAPICMP comparison failed for org.junit.jupiter:junit-jupiter-params
[2025-09-13 03:35:12] org.junit.jupiter:junit-jupiter-params:5.10.2 -> org.junit.jupiter:junit-jupiter-params:5.12.0 : Failed to compare JAR files: JAPICMP comparison failed for org.junit.jupiter:junit-jupiter-params
[2025-09-13 03:35:12] org.junit.jupiter:junit-jupiter-params:5.10.2 -> org.junit.jupiter:junit-jupiter-params:5.12.1 : Failed to compare JAR files: JAPICMP comparison failed for org.junit.jupiter:junit-jupiter-params
[2025-09-13 03:35:12] org.junit.jupiter:junit-jupiter-params:5.10.2 -> org.junit.jupiter:junit-jupiter-params:5.12.2 : Failed to compare JAR files: JAPICMP comparison failed for org.junit.jupiter:junit-jupiter-params
[2025-09-13 03:35:12] org.junit.jupiter:junit-jupiter-params:5.10.2 -> org.junit.jupiter:junit-jupiter-params:5.13.0 : Failed to compare JAR files: JAPICMP comparison failed for org.junit.jupiter:junit-jupiter-params
[2025-09-13 03:35:12] org.junit.jupiter:junit-jupiter-params:5.10.2 -> org.junit.jupiter:junit-jupiter-params:5.13.1 : Failed to compare JAR files: JAPICMP comparison failed for org.junit.jupiter:junit-jupiter-params
[2025-09-13 03:35:13] org.junit.jupiter:junit-jupiter-params:5.10.2 -> org.junit.jupiter:junit-jupiter-params:5.13.2 : Failed to compare JAR files: JAPICMP comparison failed for org.junit.jupiter:junit-jupiter-params
[2025-09-13 03:35:13] org.junit.jupiter:junit-jupiter-params:5.10.2 -> org.junit.jupiter:junit-jupiter-params:5.13.3 : Failed to compare JAR files: JAPICMP comparison failed for org.junit.jupiter:junit-jupiter-params
[2025-09-13 03:35:13] org.junit.jupiter:junit-jupiter-params:5.10.2 -> org.junit.jupiter:junit-jupiter-params:5.13.4 : Failed to compare JAR files: JAPICMP comparison failed for org.junit.jupiter:junit-jupiter-params
[2025-09-13 03:35:24] org.codehaus.groovy:groovy:3.0.21 -> org.codehaus.groovy:groovy:3.0.22 : Failed to compare JAR files: JAPICMP comparison failed for org.codehaus.groovy:groovy
[2025-09-13 03:35:26] org.codehaus.groovy:groovy:3.0.21 -> org.codehaus.groovy:groovy:3.0.23 : Failed to compare JAR files: JAPICMP comparison failed for org.codehaus.groovy:groovy
[2025-09-13 03:35:27] org.codehaus.groovy:groovy:3.0.21 -> org.codehaus.groovy:groovy:3.0.24 : Failed to compare JAR files: JAPICMP comparison failed for org.codehaus.groovy:groovy
[2025-09-13 03:35:31] org.codehaus.groovy:groovy:3.0.21 -> org.codehaus.groovy:groovy:3.0.25 : Failed to compare JAR files: JAPICMP comparison failed for org.codehaus.groovy:groovy

=== Summary ===
Total comparisons: 270
Failures: 90
Success rate: 66.67%
