=== Comparison Failure Log ===
[2025-09-01 12:23:58] org.junit.jupiter:junit-jupiter-api:5.6.2 -> org.junit.jupiter:junit-jupiter-api:5.6.3 : Failed to compare JAR files: JAPICMP comparison failed for org.junit.jupiter:junit-jupiter-api
[2025-09-01 12:23:58] org.junit.jupiter:junit-jupiter-api:5.6.2 -> org.junit.jupiter:junit-jupiter-api:5.7.0 : Failed to compare JAR files: JAPICMP comparison failed for org.junit.jupiter:junit-jupiter-api
[2025-09-01 12:23:58] org.junit.jupiter:junit-jupiter-api:5.6.2 -> org.junit.jupiter:junit-jupiter-api:5.7.1 : Failed to compare JAR files: JAPICMP comparison failed for org.junit.jupiter:junit-jupiter-api
[2025-09-01 12:23:58] org.junit.jupiter:junit-jupiter-api:5.6.2 -> org.junit.jupiter:junit-jupiter-api:5.7.2 : Failed to compare JAR files: JAPICMP comparison failed for org.junit.jupiter:junit-jupiter-api
[2025-09-01 12:23:58] org.junit.jupiter:junit-jupiter-api:5.6.2 -> org.junit.jupiter:junit-jupiter-api:5.8.0 : Failed to compare JAR files: JAPICMP comparison failed for org.junit.jupiter:junit-jupiter-api
[2025-09-01 12:23:58] org.junit.jupiter:junit-jupiter-api:5.6.2 -> org.junit.jupiter:junit-jupiter-api:5.8.1 : Failed to compare JAR files: JAPICMP comparison failed for org.junit.jupiter:junit-jupiter-api
[2025-09-01 12:23:58] org.junit.jupiter:junit-jupiter-api:5.6.2 -> org.junit.jupiter:junit-jupiter-api:5.8.2 : Failed to compare JAR files: JAPICMP comparison failed for org.junit.jupiter:junit-jupiter-api
[2025-09-01 12:23:58] org.junit.jupiter:junit-jupiter-api:5.6.2 -> org.junit.jupiter:junit-jupiter-api:5.9.0 : Failed to compare JAR files: JAPICMP comparison failed for org.junit.jupiter:junit-jupiter-api
[2025-09-01 12:23:58] org.junit.jupiter:junit-jupiter-api:5.6.2 -> org.junit.jupiter:junit-jupiter-api:5.9.1 : Failed to compare JAR files: JAPICMP comparison failed for org.junit.jupiter:junit-jupiter-api
[2025-09-01 12:23:58] org.junit.jupiter:junit-jupiter-api:5.6.2 -> org.junit.jupiter:junit-jupiter-api:5.9.2 : Failed to compare JAR files: JAPICMP comparison failed for org.junit.jupiter:junit-jupiter-api
[2025-09-01 12:23:58] org.junit.jupiter:junit-jupiter-api:5.6.2 -> org.junit.jupiter:junit-jupiter-api:5.9.3 : Failed to compare JAR files: JAPICMP comparison failed for org.junit.jupiter:junit-jupiter-api
[2025-09-01 12:23:58] org.junit.jupiter:junit-jupiter-api:5.6.2 -> org.junit.jupiter:junit-jupiter-api:5.10.0 : Failed to compare JAR files: JAPICMP comparison failed for org.junit.jupiter:junit-jupiter-api
[2025-09-01 12:23:58] org.junit.jupiter:junit-jupiter-api:5.6.2 -> org.junit.jupiter:junit-jupiter-api:5.10.1 : Failed to compare JAR files: JAPICMP comparison failed for org.junit.jupiter:junit-jupiter-api
[2025-09-01 12:23:58] org.junit.jupiter:junit-jupiter-api:5.6.2 -> org.junit.jupiter:junit-jupiter-api:5.10.2 : Failed to compare JAR files: JAPICMP comparison failed for org.junit.jupiter:junit-jupiter-api
[2025-09-01 12:23:58] org.junit.jupiter:junit-jupiter-api:5.6.2 -> org.junit.jupiter:junit-jupiter-api:5.10.3 : Failed to compare JAR files: JAPICMP comparison failed for org.junit.jupiter:junit-jupiter-api
[2025-09-01 12:23:58] org.junit.jupiter:junit-jupiter-api:5.6.2 -> org.junit.jupiter:junit-jupiter-api:5.10.4 : Failed to compare JAR files: JAPICMP comparison failed for org.junit.jupiter:junit-jupiter-api
[2025-09-01 12:23:58] org.junit.jupiter:junit-jupiter-api:5.6.2 -> org.junit.jupiter:junit-jupiter-api:5.10.5 : Failed to compare JAR files: JAPICMP comparison failed for org.junit.jupiter:junit-jupiter-api
[2025-09-01 12:23:58] org.junit.jupiter:junit-jupiter-api:5.6.2 -> org.junit.jupiter:junit-jupiter-api:5.11.0 : Failed to compare JAR files: JAPICMP comparison failed for org.junit.jupiter:junit-jupiter-api
[2025-09-01 12:23:58] org.junit.jupiter:junit-jupiter-api:5.6.2 -> org.junit.jupiter:junit-jupiter-api:5.11.1 : Failed to compare JAR files: JAPICMP comparison failed for org.junit.jupiter:junit-jupiter-api
[2025-09-01 12:23:58] org.junit.jupiter:junit-jupiter-api:5.6.2 -> org.junit.jupiter:junit-jupiter-api:5.11.2 : Failed to compare JAR files: JAPICMP comparison failed for org.junit.jupiter:junit-jupiter-api
[2025-09-01 12:23:58] org.junit.jupiter:junit-jupiter-api:5.6.2 -> org.junit.jupiter:junit-jupiter-api:5.11.3 : Failed to compare JAR files: JAPICMP comparison failed for org.junit.jupiter:junit-jupiter-api
[2025-09-01 12:23:58] org.junit.jupiter:junit-jupiter-api:5.6.2 -> org.junit.jupiter:junit-jupiter-api:5.11.4 : Failed to compare JAR files: JAPICMP comparison failed for org.junit.jupiter:junit-jupiter-api
[2025-09-01 12:23:58] org.junit.jupiter:junit-jupiter-api:5.6.2 -> org.junit.jupiter:junit-jupiter-api:5.12.0 : Failed to compare JAR files: JAPICMP comparison failed for org.junit.jupiter:junit-jupiter-api
[2025-09-01 12:23:58] org.junit.jupiter:junit-jupiter-api:5.6.2 -> org.junit.jupiter:junit-jupiter-api:5.12.1 : Failed to compare JAR files: JAPICMP comparison failed for org.junit.jupiter:junit-jupiter-api
[2025-09-01 12:23:58] org.junit.jupiter:junit-jupiter-api:5.6.2 -> org.junit.jupiter:junit-jupiter-api:5.12.2 : Failed to compare JAR files: JAPICMP comparison failed for org.junit.jupiter:junit-jupiter-api
[2025-09-01 12:23:58] org.junit.jupiter:junit-jupiter-api:5.6.2 -> org.junit.jupiter:junit-jupiter-api:5.13.0 : Failed to compare JAR files: JAPICMP comparison failed for org.junit.jupiter:junit-jupiter-api
[2025-09-01 12:23:58] org.junit.jupiter:junit-jupiter-api:5.6.2 -> org.junit.jupiter:junit-jupiter-api:5.13.1 : Failed to compare JAR files: JAPICMP comparison failed for org.junit.jupiter:junit-jupiter-api
[2025-09-01 12:23:58] org.junit.jupiter:junit-jupiter-api:5.6.2 -> org.junit.jupiter:junit-jupiter-api:5.13.2 : Failed to compare JAR files: JAPICMP comparison failed for org.junit.jupiter:junit-jupiter-api
[2025-09-01 12:23:58] org.junit.jupiter:junit-jupiter-api:5.6.2 -> org.junit.jupiter:junit-jupiter-api:5.13.3 : Failed to compare JAR files: JAPICMP comparison failed for org.junit.jupiter:junit-jupiter-api
[2025-09-01 12:23:58] org.junit.jupiter:junit-jupiter-api:5.6.2 -> org.junit.jupiter:junit-jupiter-api:5.13.4 : Failed to compare JAR files: JAPICMP comparison failed for org.junit.jupiter:junit-jupiter-api
[2025-09-01 12:24:15] org.jboss.resteasy:resteasy-jaxrs:2.3.5.Final -> org.jboss.resteasy:resteasy-jaxrs:2.3.6.Final : Failed to compare JAR files: JAPICMP comparison failed for org.jboss.resteasy:resteasy-jaxrs
[2025-09-01 12:24:18] org.jboss.resteasy:resteasy-jaxrs:2.3.5.Final -> org.jboss.resteasy:resteasy-jaxrs:2.3.7.Final : Failed to compare JAR files: JAPICMP comparison failed for org.jboss.resteasy:resteasy-jaxrs
[2025-09-01 12:24:20] org.jboss.resteasy:resteasy-jaxrs:2.3.5.Final -> org.jboss.resteasy:resteasy-jaxrs:2.3.10.Final : Failed to compare JAR files: JAPICMP comparison failed for org.jboss.resteasy:resteasy-jaxrs

=== Summary ===
Total comparisons: 101
Failures: 33
Success rate: 67.33%
