=== Comparison Failure Log ===
[2025-08-25 16:19:10] org.springframework.security:spring-security-test:6.4.4 -> org.springframework.security:spring-security-test:6.4.5 : Failed to compare JAR files: JAPICMP comparison failed for org.springframework.security:spring-security-test
[2025-08-25 16:19:11] org.springframework.security:spring-security-test:6.4.4 -> org.springframework.security:spring-security-test:6.4.6 : Failed to compare JAR files: JAPICMP comparison failed for org.springframework.security:spring-security-test
[2025-08-25 16:19:12] org.springframework.security:spring-security-test:6.4.4 -> org.springframework.security:spring-security-test:6.4.7 : Failed to compare JAR files: JAPICMP comparison failed for org.springframework.security:spring-security-test
[2025-08-25 16:19:12] org.springframework.security:spring-security-test:6.4.4 -> org.springframework.security:spring-security-test:6.4.8 : Failed to compare JAR files: JAPICMP comparison failed for org.springframework.security:spring-security-test
[2025-08-25 16:19:13] org.springframework.security:spring-security-test:6.4.4 -> org.springframework.security:spring-security-test:6.4.9 : Failed to compare JAR files: JAPICMP comparison failed for org.springframework.security:spring-security-test
[2025-08-25 16:19:14] org.springframework.security:spring-security-test:6.4.4 -> org.springframework.security:spring-security-test:6.5.0 : Failed to compare JAR files: JAPICMP comparison failed for org.springframework.security:spring-security-test
[2025-08-25 16:19:14] org.springframework.security:spring-security-test:6.4.4 -> org.springframework.security:spring-security-test:6.5.1 : Failed to compare JAR files: JAPICMP comparison failed for org.springframework.security:spring-security-test
[2025-08-25 16:19:15] org.springframework.security:spring-security-test:6.4.4 -> org.springframework.security:spring-security-test:6.5.2 : Failed to compare JAR files: JAPICMP comparison failed for org.springframework.security:spring-security-test
[2025-08-25 16:19:15] org.springframework.security:spring-security-test:6.4.4 -> org.springframework.security:spring-security-test:6.5.3 : Failed to compare JAR files: JAPICMP comparison failed for org.springframework.security:spring-security-test
[2025-08-25 16:19:43] org.springframework:spring-webmvc:6.2.5 -> org.springframework:spring-webmvc:6.2.6 : Failed to compare JAR files: JAPICMP comparison failed for org.springframework:spring-webmvc
[2025-08-25 16:19:43] org.springframework:spring-webmvc:6.2.5 -> org.springframework:spring-webmvc:6.2.7 : Failed to compare JAR files: JAPICMP comparison failed for org.springframework:spring-webmvc
[2025-08-25 16:19:43] org.springframework:spring-webmvc:6.2.5 -> org.springframework:spring-webmvc:6.2.8 : Failed to compare JAR files: JAPICMP comparison failed for org.springframework:spring-webmvc
[2025-08-25 16:19:43] org.springframework:spring-webmvc:6.2.5 -> org.springframework:spring-webmvc:6.2.9 : Failed to compare JAR files: JAPICMP comparison failed for org.springframework:spring-webmvc
[2025-08-25 16:19:43] org.springframework:spring-webmvc:6.2.5 -> org.springframework:spring-webmvc:6.2.10 : Failed to compare JAR files: JAPICMP comparison failed for org.springframework:spring-webmvc
[2025-08-25 16:19:43] org.springframework.security:spring-security-oauth2-client:6.4.4 -> org.springframework.security:spring-security-oauth2-client:6.4.5 : Failed to compare JAR files: JAPICMP comparison failed for org.springframework.security:spring-security-oauth2-client
[2025-08-25 16:19:45] org.springframework.security:spring-security-oauth2-client:6.4.4 -> org.springframework.security:spring-security-oauth2-client:6.4.6 : Failed to compare JAR files: JAPICMP comparison failed for org.springframework.security:spring-security-oauth2-client
[2025-08-25 16:19:45] org.springframework.security:spring-security-oauth2-client:6.4.4 -> org.springframework.security:spring-security-oauth2-client:6.4.7 : Failed to compare JAR files: JAPICMP comparison failed for org.springframework.security:spring-security-oauth2-client
[2025-08-25 16:19:46] org.springframework.security:spring-security-oauth2-client:6.4.4 -> org.springframework.security:spring-security-oauth2-client:6.4.8 : Failed to compare JAR files: JAPICMP comparison failed for org.springframework.security:spring-security-oauth2-client
[2025-08-25 16:19:48] org.springframework.security:spring-security-oauth2-client:6.4.4 -> org.springframework.security:spring-security-oauth2-client:6.4.9 : Failed to compare JAR files: JAPICMP comparison failed for org.springframework.security:spring-security-oauth2-client
[2025-08-25 16:19:48] org.springframework.security:spring-security-oauth2-client:6.4.4 -> org.springframework.security:spring-security-oauth2-client:6.5.0 : Failed to compare JAR files: JAPICMP comparison failed for org.springframework.security:spring-security-oauth2-client
[2025-08-25 16:19:49] org.springframework.security:spring-security-oauth2-client:6.4.4 -> org.springframework.security:spring-security-oauth2-client:6.5.1 : Failed to compare JAR files: JAPICMP comparison failed for org.springframework.security:spring-security-oauth2-client
[2025-08-25 16:19:49] org.springframework.security:spring-security-oauth2-client:6.4.4 -> org.springframework.security:spring-security-oauth2-client:6.5.2 : Failed to compare JAR files: JAPICMP comparison failed for org.springframework.security:spring-security-oauth2-client
[2025-08-25 16:19:49] org.springframework.security:spring-security-oauth2-client:6.4.4 -> org.springframework.security:spring-security-oauth2-client:6.5.3 : Failed to compare JAR files: JAPICMP comparison failed for org.springframework.security:spring-security-oauth2-client
[2025-08-25 16:20:13] org.mariadb.jdbc:mariadb-java-client:3.5.2 -> org.mariadb.jdbc:mariadb-java-client:3.5.3 : Failed to compare JAR files: JAPICMP comparison failed for org.mariadb.jdbc:mariadb-java-client
[2025-08-25 16:20:13] org.mariadb.jdbc:mariadb-java-client:3.5.2 -> org.mariadb.jdbc:mariadb-java-client:3.5.4 : Failed to compare JAR files: JAPICMP comparison failed for org.mariadb.jdbc:mariadb-java-client
[2025-08-25 16:20:14] org.mariadb.jdbc:mariadb-java-client:3.5.2 -> org.mariadb.jdbc:mariadb-java-client:3.5.5 : Failed to compare JAR files: JAPICMP comparison failed for org.mariadb.jdbc:mariadb-java-client
[2025-08-25 16:20:17] org.projectlombok:lombok:1.18.36 -> org.projectlombok:lombok:1.18.38 : Failed to compare JAR files: JAPICMP comparison failed for org.projectlombok:lombok
[2025-08-25 16:20:37] org.ehcache:ehcache:3.10.8 -> org.ehcache:ehcache:3.11.0 : Failed to compare JAR files: JAPICMP comparison failed for org.ehcache:ehcache
[2025-08-25 16:20:46] com.giffing.bucket4j.spring.boot.starter:bucket4j-spring-boot-starter:0.12.5 -> com.giffing.bucket4j.spring.boot.starter:bucket4j-spring-boot-starter:0.12.6 : Failed to compare JAR files: JAPICMP comparison failed for com.giffing.bucket4j.spring.boot.starter:bucket4j-spring-boot-starter
[2025-08-25 16:20:49] com.giffing.bucket4j.spring.boot.starter:bucket4j-spring-boot-starter:0.12.5 -> com.giffing.bucket4j.spring.boot.starter:bucket4j-spring-boot-starter:0.12.7 : Failed to compare JAR files: JAPICMP comparison failed for com.giffing.bucket4j.spring.boot.starter:bucket4j-spring-boot-starter
[2025-08-25 16:20:52] com.giffing.bucket4j.spring.boot.starter:bucket4j-spring-boot-starter:0.12.5 -> com.giffing.bucket4j.spring.boot.starter:bucket4j-spring-boot-starter:0.12.8 : Failed to compare JAR files: JAPICMP comparison failed for com.giffing.bucket4j.spring.boot.starter:bucket4j-spring-boot-starter
[2025-08-25 16:20:55] com.giffing.bucket4j.spring.boot.starter:bucket4j-spring-boot-starter:0.12.5 -> com.giffing.bucket4j.spring.boot.starter:bucket4j-spring-boot-starter:0.12.9 : Failed to compare JAR files: JAPICMP comparison failed for com.giffing.bucket4j.spring.boot.starter:bucket4j-spring-boot-starter
[2025-08-25 16:20:57] com.giffing.bucket4j.spring.boot.starter:bucket4j-spring-boot-starter:0.12.5 -> com.giffing.bucket4j.spring.boot.starter:bucket4j-spring-boot-starter:0.12.10 : Failed to compare JAR files: JAPICMP comparison failed for com.giffing.bucket4j.spring.boot.starter:bucket4j-spring-boot-starter
[2025-08-25 16:20:59] com.giffing.bucket4j.spring.boot.starter:bucket4j-spring-boot-starter:0.12.5 -> com.giffing.bucket4j.spring.boot.starter:bucket4j-spring-boot-starter:0.13.0 : Failed to compare JAR files: JAPICMP comparison failed for com.giffing.bucket4j.spring.boot.starter:bucket4j-spring-boot-starter

=== Summary ===
Total comparisons: 1753
Failures: 34
Success rate: 98.06%
