=== Comparison Failure Log ===
[2025-09-10 11:45:46] org.apache.curator:curator-test:5.7.1 -> org.apache.curator:curator-test:5.8.0 : Failed to compare JAR files: JAPICMP comparison failed for org.apache.curator:curator-test
[2025-09-10 11:45:55] org.apache.curator:curator-test:5.7.1 -> org.apache.curator:curator-test:5.9.0 : Failed to compare JAR files: JAPICMP comparison failed for org.apache.curator:curator-test
[2025-09-10 11:45:55] org.projectlombok:lombok:1.18.30 -> org.projectlombok:lombok:1.18.32 : Failed to compare JAR files: JAPICMP comparison failed for org.projectlombok:lombok
[2025-09-10 11:45:55] org.projectlombok:lombok:1.18.30 -> org.projectlombok:lombok:1.18.34 : Failed to compare JAR files: JAPICMP comparison failed for org.projectlombok:lombok
[2025-09-10 11:45:55] org.projectlombok:lombok:1.18.30 -> org.projectlombok:lombok:1.18.36 : Failed to compare JAR files: JAPICMP comparison failed for org.projectlombok:lombok
[2025-09-10 11:45:55] org.projectlombok:lombok:1.18.30 -> org.projectlombok:lombok:1.18.38 : Failed to compare JAR files: JAPICMP comparison failed for org.projectlombok:lombok
[2025-09-10 11:45:55] org.projectlombok:lombok:1.18.30 -> org.projectlombok:lombok:1.18.40 : Failed to compare JAR files: JAPICMP comparison failed for org.projectlombok:lombok
[2025-09-10 11:46:06] ch.qos.logback:logback-classic:1.3.0 -> ch.qos.logback:logback-classic:1.3.1 : Failed to compare JAR files: JAPICMP comparison failed for ch.qos.logback:logback-classic
[2025-09-10 11:46:06] ch.qos.logback:logback-classic:1.3.0 -> ch.qos.logback:logback-classic:1.3.2 : Failed to compare JAR files: JAPICMP comparison failed for ch.qos.logback:logback-classic
[2025-09-10 11:46:06] ch.qos.logback:logback-classic:1.3.0 -> ch.qos.logback:logback-classic:1.3.3 : Failed to compare JAR files: JAPICMP comparison failed for ch.qos.logback:logback-classic
[2025-09-10 11:46:06] ch.qos.logback:logback-classic:1.3.0 -> ch.qos.logback:logback-classic:1.3.4 : Failed to compare JAR files: JAPICMP comparison failed for ch.qos.logback:logback-classic
[2025-09-10 11:46:07] ch.qos.logback:logback-classic:1.3.0 -> ch.qos.logback:logback-classic:1.3.5 : Failed to compare JAR files: JAPICMP comparison failed for ch.qos.logback:logback-classic
[2025-09-10 11:46:07] ch.qos.logback:logback-classic:1.3.0 -> ch.qos.logback:logback-classic:1.3.6 : Failed to compare JAR files: JAPICMP comparison failed for ch.qos.logback:logback-classic
[2025-09-10 11:46:07] ch.qos.logback:logback-classic:1.3.0 -> ch.qos.logback:logback-classic:1.3.7 : Failed to compare JAR files: JAPICMP comparison failed for ch.qos.logback:logback-classic
[2025-09-10 11:46:07] ch.qos.logback:logback-classic:1.3.0 -> ch.qos.logback:logback-classic:1.3.8 : Failed to compare JAR files: JAPICMP comparison failed for ch.qos.logback:logback-classic
[2025-09-10 11:46:07] ch.qos.logback:logback-classic:1.3.0 -> ch.qos.logback:logback-classic:1.3.9 : Failed to compare JAR files: JAPICMP comparison failed for ch.qos.logback:logback-classic
[2025-09-10 11:46:07] ch.qos.logback:logback-classic:1.3.0 -> ch.qos.logback:logback-classic:1.3.10 : Failed to compare JAR files: JAPICMP comparison failed for ch.qos.logback:logback-classic
[2025-09-10 11:46:07] ch.qos.logback:logback-classic:1.3.0 -> ch.qos.logback:logback-classic:1.3.11 : Failed to compare JAR files: JAPICMP comparison failed for ch.qos.logback:logback-classic
[2025-09-10 11:46:07] ch.qos.logback:logback-classic:1.3.0 -> ch.qos.logback:logback-classic:1.3.12 : Failed to compare JAR files: JAPICMP comparison failed for ch.qos.logback:logback-classic
[2025-09-10 11:46:08] ch.qos.logback:logback-classic:1.3.0 -> ch.qos.logback:logback-classic:1.3.13 : Failed to compare JAR files: JAPICMP comparison failed for ch.qos.logback:logback-classic
[2025-09-10 11:46:08] ch.qos.logback:logback-classic:1.3.0 -> ch.qos.logback:logback-classic:1.3.14 : Failed to compare JAR files: JAPICMP comparison failed for ch.qos.logback:logback-classic
[2025-09-10 11:46:08] ch.qos.logback:logback-classic:1.3.0 -> ch.qos.logback:logback-classic:1.3.15 : Failed to compare JAR files: JAPICMP comparison failed for ch.qos.logback:logback-classic
[2025-09-10 11:46:08] ch.qos.logback:logback-classic:1.3.0 -> ch.qos.logback:logback-classic:1.4.0 : Failed to compare JAR files: JAPICMP comparison failed for ch.qos.logback:logback-classic
[2025-09-10 11:46:08] ch.qos.logback:logback-classic:1.3.0 -> ch.qos.logback:logback-classic:1.4.1 : Failed to compare JAR files: JAPICMP comparison failed for ch.qos.logback:logback-classic
[2025-09-10 11:46:08] ch.qos.logback:logback-classic:1.3.0 -> ch.qos.logback:logback-classic:1.4.2 : Failed to compare JAR files: JAPICMP comparison failed for ch.qos.logback:logback-classic
[2025-09-10 11:46:08] ch.qos.logback:logback-classic:1.3.0 -> ch.qos.logback:logback-classic:1.4.3 : Failed to compare JAR files: JAPICMP comparison failed for ch.qos.logback:logback-classic
[2025-09-10 11:46:09] ch.qos.logback:logback-classic:1.3.0 -> ch.qos.logback:logback-classic:1.4.4 : Failed to compare JAR files: JAPICMP comparison failed for ch.qos.logback:logback-classic
[2025-09-10 11:46:09] ch.qos.logback:logback-classic:1.3.0 -> ch.qos.logback:logback-classic:1.4.5 : Failed to compare JAR files: JAPICMP comparison failed for ch.qos.logback:logback-classic
[2025-09-10 11:46:09] ch.qos.logback:logback-classic:1.3.0 -> ch.qos.logback:logback-classic:1.4.6 : Failed to compare JAR files: JAPICMP comparison failed for ch.qos.logback:logback-classic
[2025-09-10 11:46:09] ch.qos.logback:logback-classic:1.3.0 -> ch.qos.logback:logback-classic:1.4.7 : Failed to compare JAR files: JAPICMP comparison failed for ch.qos.logback:logback-classic
[2025-09-10 11:46:09] ch.qos.logback:logback-classic:1.3.0 -> ch.qos.logback:logback-classic:1.4.8 : Failed to compare JAR files: JAPICMP comparison failed for ch.qos.logback:logback-classic
[2025-09-10 11:46:09] ch.qos.logback:logback-classic:1.3.0 -> ch.qos.logback:logback-classic:1.4.9 : Failed to compare JAR files: JAPICMP comparison failed for ch.qos.logback:logback-classic
[2025-09-10 11:46:09] ch.qos.logback:logback-classic:1.3.0 -> ch.qos.logback:logback-classic:1.4.10 : Failed to compare JAR files: JAPICMP comparison failed for ch.qos.logback:logback-classic
[2025-09-10 11:46:09] ch.qos.logback:logback-classic:1.3.0 -> ch.qos.logback:logback-classic:1.4.11 : Failed to compare JAR files: JAPICMP comparison failed for ch.qos.logback:logback-classic
[2025-09-10 11:46:10] ch.qos.logback:logback-classic:1.3.0 -> ch.qos.logback:logback-classic:1.4.12 : Failed to compare JAR files: JAPICMP comparison failed for ch.qos.logback:logback-classic
[2025-09-10 11:46:10] ch.qos.logback:logback-classic:1.3.0 -> ch.qos.logback:logback-classic:1.4.13 : Failed to compare JAR files: JAPICMP comparison failed for ch.qos.logback:logback-classic
[2025-09-10 11:46:10] ch.qos.logback:logback-classic:1.3.0 -> ch.qos.logback:logback-classic:1.4.14 : Failed to compare JAR files: JAPICMP comparison failed for ch.qos.logback:logback-classic
[2025-09-10 11:46:10] ch.qos.logback:logback-classic:1.3.0 -> ch.qos.logback:logback-classic:1.5.0 : Failed to compare JAR files: JAPICMP comparison failed for ch.qos.logback:logback-classic
[2025-09-10 11:46:10] ch.qos.logback:logback-classic:1.3.0 -> ch.qos.logback:logback-classic:1.5.1 : Failed to compare JAR files: JAPICMP comparison failed for ch.qos.logback:logback-classic
[2025-09-10 11:46:10] ch.qos.logback:logback-classic:1.3.0 -> ch.qos.logback:logback-classic:1.5.2 : Failed to compare JAR files: JAPICMP comparison failed for ch.qos.logback:logback-classic
[2025-09-10 11:46:10] ch.qos.logback:logback-classic:1.3.0 -> ch.qos.logback:logback-classic:1.5.3 : Failed to compare JAR files: JAPICMP comparison failed for ch.qos.logback:logback-classic
[2025-09-10 11:46:11] ch.qos.logback:logback-classic:1.3.0 -> ch.qos.logback:logback-classic:1.5.4 : Failed to compare JAR files: JAPICMP comparison failed for ch.qos.logback:logback-classic
[2025-09-10 11:46:11] ch.qos.logback:logback-classic:1.3.0 -> ch.qos.logback:logback-classic:1.5.5 : Failed to compare JAR files: JAPICMP comparison failed for ch.qos.logback:logback-classic
[2025-09-10 11:46:11] ch.qos.logback:logback-classic:1.3.0 -> ch.qos.logback:logback-classic:1.5.6 : Failed to compare JAR files: JAPICMP comparison failed for ch.qos.logback:logback-classic
[2025-09-10 11:46:11] ch.qos.logback:logback-classic:1.3.0 -> ch.qos.logback:logback-classic:1.5.7 : Failed to compare JAR files: JAPICMP comparison failed for ch.qos.logback:logback-classic
[2025-09-10 11:46:11] ch.qos.logback:logback-classic:1.3.0 -> ch.qos.logback:logback-classic:1.5.8 : Failed to compare JAR files: JAPICMP comparison failed for ch.qos.logback:logback-classic
[2025-09-10 11:46:11] ch.qos.logback:logback-classic:1.3.0 -> ch.qos.logback:logback-classic:1.5.9 : Failed to compare JAR files: JAPICMP comparison failed for ch.qos.logback:logback-classic
[2025-09-10 11:46:11] ch.qos.logback:logback-classic:1.3.0 -> ch.qos.logback:logback-classic:1.5.10 : Failed to compare JAR files: JAPICMP comparison failed for ch.qos.logback:logback-classic
[2025-09-10 11:46:12] ch.qos.logback:logback-classic:1.3.0 -> ch.qos.logback:logback-classic:1.5.11 : Failed to compare JAR files: JAPICMP comparison failed for ch.qos.logback:logback-classic
[2025-09-10 11:46:12] ch.qos.logback:logback-classic:1.3.0 -> ch.qos.logback:logback-classic:1.5.12 : Failed to compare JAR files: JAPICMP comparison failed for ch.qos.logback:logback-classic
[2025-09-10 11:46:12] ch.qos.logback:logback-classic:1.3.0 -> ch.qos.logback:logback-classic:1.5.13 : Failed to compare JAR files: JAPICMP comparison failed for ch.qos.logback:logback-classic
[2025-09-10 11:46:12] ch.qos.logback:logback-classic:1.3.0 -> ch.qos.logback:logback-classic:1.5.14 : Failed to compare JAR files: JAPICMP comparison failed for ch.qos.logback:logback-classic
[2025-09-10 11:46:12] ch.qos.logback:logback-classic:1.3.0 -> ch.qos.logback:logback-classic:1.5.15 : Failed to compare JAR files: JAPICMP comparison failed for ch.qos.logback:logback-classic
[2025-09-10 11:46:12] ch.qos.logback:logback-classic:1.3.0 -> ch.qos.logback:logback-classic:1.5.16 : Failed to compare JAR files: JAPICMP comparison failed for ch.qos.logback:logback-classic
[2025-09-10 11:46:12] ch.qos.logback:logback-classic:1.3.0 -> ch.qos.logback:logback-classic:1.5.17 : Failed to compare JAR files: JAPICMP comparison failed for ch.qos.logback:logback-classic
[2025-09-10 11:46:12] ch.qos.logback:logback-classic:1.3.0 -> ch.qos.logback:logback-classic:1.5.18 : Failed to compare JAR files: JAPICMP comparison failed for ch.qos.logback:logback-classic

=== Summary ===
Total comparisons: 151
Failures: 56
Success rate: 62.91%
