=== Comparison Failure Log ===
[2025-09-07 03:51:09] ch.qos.logback:logback-classic:1.3.15 -> ch.qos.logback:logback-classic:1.4.0 : Failed to compare JAR files: JAPICMP comparison failed for ch.qos.logback:logback-classic
[2025-09-07 03:51:11] ch.qos.logback:logback-classic:1.3.15 -> ch.qos.logback:logback-classic:1.4.1 : Failed to compare JAR files: JAPICMP comparison failed for ch.qos.logback:logback-classic
[2025-09-07 03:51:13] ch.qos.logback:logback-classic:1.3.15 -> ch.qos.logback:logback-classic:1.4.2 : Failed to compare JAR files: JAPICMP comparison failed for ch.qos.logback:logback-classic
[2025-09-07 03:51:15] ch.qos.logback:logback-classic:1.3.15 -> ch.qos.logback:logback-classic:1.4.3 : Failed to compare JAR files: JAPICMP comparison failed for ch.qos.logback:logback-classic
[2025-09-07 03:51:17] ch.qos.logback:logback-classic:1.3.15 -> ch.qos.logback:logback-classic:1.4.4 : Failed to compare JAR files: JAPICMP comparison failed for ch.qos.logback:logback-classic
[2025-09-07 03:51:18] ch.qos.logback:logback-classic:1.3.15 -> ch.qos.logback:logback-classic:1.4.5 : Failed to compare JAR files: JAPICMP comparison failed for ch.qos.logback:logback-classic
[2025-09-07 03:51:19] ch.qos.logback:logback-classic:1.3.15 -> ch.qos.logback:logback-classic:1.4.6 : Failed to compare JAR files: JAPICMP comparison failed for ch.qos.logback:logback-classic
[2025-09-07 03:51:20] ch.qos.logback:logback-classic:1.3.15 -> ch.qos.logback:logback-classic:1.4.7 : Failed to compare JAR files: JAPICMP comparison failed for ch.qos.logback:logback-classic
[2025-09-07 03:51:21] ch.qos.logback:logback-classic:1.3.15 -> ch.qos.logback:logback-classic:1.4.8 : Failed to compare JAR files: JAPICMP comparison failed for ch.qos.logback:logback-classic
[2025-09-07 03:51:23] ch.qos.logback:logback-classic:1.3.15 -> ch.qos.logback:logback-classic:1.4.9 : Failed to compare JAR files: JAPICMP comparison failed for ch.qos.logback:logback-classic
[2025-09-07 03:51:24] ch.qos.logback:logback-classic:1.3.15 -> ch.qos.logback:logback-classic:1.4.10 : Failed to compare JAR files: JAPICMP comparison failed for ch.qos.logback:logback-classic
[2025-09-07 03:51:25] ch.qos.logback:logback-classic:1.3.15 -> ch.qos.logback:logback-classic:1.4.11 : Failed to compare JAR files: JAPICMP comparison failed for ch.qos.logback:logback-classic
[2025-09-07 03:51:26] ch.qos.logback:logback-classic:1.3.15 -> ch.qos.logback:logback-classic:1.4.12 : Failed to compare JAR files: JAPICMP comparison failed for ch.qos.logback:logback-classic
[2025-09-07 03:51:28] ch.qos.logback:logback-classic:1.3.15 -> ch.qos.logback:logback-classic:1.4.13 : Failed to compare JAR files: JAPICMP comparison failed for ch.qos.logback:logback-classic
[2025-09-07 03:51:29] ch.qos.logback:logback-classic:1.3.15 -> ch.qos.logback:logback-classic:1.4.14 : Failed to compare JAR files: JAPICMP comparison failed for ch.qos.logback:logback-classic
[2025-09-07 03:51:30] ch.qos.logback:logback-classic:1.3.15 -> ch.qos.logback:logback-classic:1.5.0 : Failed to compare JAR files: JAPICMP comparison failed for ch.qos.logback:logback-classic
[2025-09-07 03:51:32] ch.qos.logback:logback-classic:1.3.15 -> ch.qos.logback:logback-classic:1.5.1 : Failed to compare JAR files: JAPICMP comparison failed for ch.qos.logback:logback-classic
[2025-09-07 03:51:33] ch.qos.logback:logback-classic:1.3.15 -> ch.qos.logback:logback-classic:1.5.2 : Failed to compare JAR files: JAPICMP comparison failed for ch.qos.logback:logback-classic
[2025-09-07 03:51:35] ch.qos.logback:logback-classic:1.3.15 -> ch.qos.logback:logback-classic:1.5.3 : Failed to compare JAR files: JAPICMP comparison failed for ch.qos.logback:logback-classic
[2025-09-07 03:51:37] ch.qos.logback:logback-classic:1.3.15 -> ch.qos.logback:logback-classic:1.5.4 : Failed to compare JAR files: JAPICMP comparison failed for ch.qos.logback:logback-classic
[2025-09-07 03:51:39] ch.qos.logback:logback-classic:1.3.15 -> ch.qos.logback:logback-classic:1.5.5 : Failed to compare JAR files: JAPICMP comparison failed for ch.qos.logback:logback-classic
[2025-09-07 03:51:39] ch.qos.logback:logback-classic:1.3.15 -> ch.qos.logback:logback-classic:1.5.6 : Failed to compare JAR files: JAPICMP comparison failed for ch.qos.logback:logback-classic
[2025-09-07 03:51:40] ch.qos.logback:logback-classic:1.3.15 -> ch.qos.logback:logback-classic:1.5.7 : Failed to compare JAR files: JAPICMP comparison failed for ch.qos.logback:logback-classic
[2025-09-07 03:51:41] ch.qos.logback:logback-classic:1.3.15 -> ch.qos.logback:logback-classic:1.5.8 : Failed to compare JAR files: JAPICMP comparison failed for ch.qos.logback:logback-classic
[2025-09-07 03:51:43] ch.qos.logback:logback-classic:1.3.15 -> ch.qos.logback:logback-classic:1.5.9 : Failed to compare JAR files: JAPICMP comparison failed for ch.qos.logback:logback-classic
[2025-09-07 03:51:44] ch.qos.logback:logback-classic:1.3.15 -> ch.qos.logback:logback-classic:1.5.10 : Failed to compare JAR files: JAPICMP comparison failed for ch.qos.logback:logback-classic
[2025-09-07 03:51:45] ch.qos.logback:logback-classic:1.3.15 -> ch.qos.logback:logback-classic:1.5.11 : Failed to compare JAR files: JAPICMP comparison failed for ch.qos.logback:logback-classic
[2025-09-07 03:51:46] ch.qos.logback:logback-classic:1.3.15 -> ch.qos.logback:logback-classic:1.5.12 : Failed to compare JAR files: JAPICMP comparison failed for ch.qos.logback:logback-classic
[2025-09-07 03:51:47] ch.qos.logback:logback-classic:1.3.15 -> ch.qos.logback:logback-classic:1.5.13 : Failed to compare JAR files: JAPICMP comparison failed for ch.qos.logback:logback-classic
[2025-09-07 03:51:49] ch.qos.logback:logback-classic:1.3.15 -> ch.qos.logback:logback-classic:1.5.14 : Failed to compare JAR files: JAPICMP comparison failed for ch.qos.logback:logback-classic
[2025-09-07 03:51:51] ch.qos.logback:logback-classic:1.3.15 -> ch.qos.logback:logback-classic:1.5.15 : Failed to compare JAR files: JAPICMP comparison failed for ch.qos.logback:logback-classic
[2025-09-07 03:51:51] ch.qos.logback:logback-classic:1.3.15 -> ch.qos.logback:logback-classic:1.5.16 : Failed to compare JAR files: JAPICMP comparison failed for ch.qos.logback:logback-classic
[2025-09-07 03:51:51] ch.qos.logback:logback-classic:1.3.15 -> ch.qos.logback:logback-classic:1.5.17 : Failed to compare JAR files: JAPICMP comparison failed for ch.qos.logback:logback-classic
[2025-09-07 03:51:51] ch.qos.logback:logback-classic:1.3.15 -> ch.qos.logback:logback-classic:1.5.18 : Failed to compare JAR files: JAPICMP comparison failed for ch.qos.logback:logback-classic

=== Summary ===
Total comparisons: 34
Failures: 34
Success rate: 0.00%
