=== Comparison Failure Log ===
[2025-08-25 15:10:30] org.junit.jupiter:junit-jupiter-api:5.8.2 -> org.junit.jupiter:junit-jupiter-api:5.9.0 : Failed to compare JAR files: JAPICMP comparison failed for org.junit.jupiter:junit-jupiter-api
[2025-08-25 15:10:30] org.junit.jupiter:junit-jupiter-api:5.8.2 -> org.junit.jupiter:junit-jupiter-api:5.9.1 : Failed to compare JAR files: JAPICMP comparison failed for org.junit.jupiter:junit-jupiter-api
[2025-08-25 15:10:30] org.junit.jupiter:junit-jupiter-api:5.8.2 -> org.junit.jupiter:junit-jupiter-api:5.9.2 : Failed to compare JAR files: JAPICMP comparison failed for org.junit.jupiter:junit-jupiter-api
[2025-08-25 15:10:30] org.junit.jupiter:junit-jupiter-api:5.8.2 -> org.junit.jupiter:junit-jupiter-api:5.9.3 : Failed to compare JAR files: JAPICMP comparison failed for org.junit.jupiter:junit-jupiter-api
[2025-08-25 15:10:30] org.junit.jupiter:junit-jupiter-api:5.8.2 -> org.junit.jupiter:junit-jupiter-api:5.10.0 : Failed to compare JAR files: JAPICMP comparison failed for org.junit.jupiter:junit-jupiter-api
[2025-08-25 15:10:31] org.junit.jupiter:junit-jupiter-api:5.8.2 -> org.junit.jupiter:junit-jupiter-api:5.10.1 : Failed to compare JAR files: JAPICMP comparison failed for org.junit.jupiter:junit-jupiter-api
[2025-08-25 15:10:31] org.junit.jupiter:junit-jupiter-api:5.8.2 -> org.junit.jupiter:junit-jupiter-api:5.10.2 : Failed to compare JAR files: JAPICMP comparison failed for org.junit.jupiter:junit-jupiter-api
[2025-08-25 15:10:31] org.junit.jupiter:junit-jupiter-api:5.8.2 -> org.junit.jupiter:junit-jupiter-api:5.10.3 : Failed to compare JAR files: JAPICMP comparison failed for org.junit.jupiter:junit-jupiter-api
[2025-08-25 15:10:31] org.junit.jupiter:junit-jupiter-api:5.8.2 -> org.junit.jupiter:junit-jupiter-api:5.10.4 : Failed to compare JAR files: JAPICMP comparison failed for org.junit.jupiter:junit-jupiter-api
[2025-08-25 15:10:31] org.junit.jupiter:junit-jupiter-api:5.8.2 -> org.junit.jupiter:junit-jupiter-api:5.10.5 : Failed to compare JAR files: JAPICMP comparison failed for org.junit.jupiter:junit-jupiter-api
[2025-08-25 15:10:31] org.junit.jupiter:junit-jupiter-api:5.8.2 -> org.junit.jupiter:junit-jupiter-api:5.11.0 : Failed to compare JAR files: JAPICMP comparison failed for org.junit.jupiter:junit-jupiter-api
[2025-08-25 15:10:31] org.junit.jupiter:junit-jupiter-api:5.8.2 -> org.junit.jupiter:junit-jupiter-api:5.11.1 : Failed to compare JAR files: JAPICMP comparison failed for org.junit.jupiter:junit-jupiter-api
[2025-08-25 15:10:31] org.junit.jupiter:junit-jupiter-api:5.8.2 -> org.junit.jupiter:junit-jupiter-api:5.11.2 : Failed to compare JAR files: JAPICMP comparison failed for org.junit.jupiter:junit-jupiter-api
[2025-08-25 15:10:31] org.junit.jupiter:junit-jupiter-api:5.8.2 -> org.junit.jupiter:junit-jupiter-api:5.11.3 : Failed to compare JAR files: JAPICMP comparison failed for org.junit.jupiter:junit-jupiter-api
[2025-08-25 15:10:31] org.junit.jupiter:junit-jupiter-api:5.8.2 -> org.junit.jupiter:junit-jupiter-api:5.11.4 : Failed to compare JAR files: JAPICMP comparison failed for org.junit.jupiter:junit-jupiter-api
[2025-08-25 15:10:31] org.junit.jupiter:junit-jupiter-api:5.8.2 -> org.junit.jupiter:junit-jupiter-api:5.12.0 : Failed to compare JAR files: JAPICMP comparison failed for org.junit.jupiter:junit-jupiter-api
[2025-08-25 15:10:31] org.junit.jupiter:junit-jupiter-api:5.8.2 -> org.junit.jupiter:junit-jupiter-api:5.12.1 : Failed to compare JAR files: JAPICMP comparison failed for org.junit.jupiter:junit-jupiter-api
[2025-08-25 15:10:31] org.junit.jupiter:junit-jupiter-api:5.8.2 -> org.junit.jupiter:junit-jupiter-api:5.12.2 : Failed to compare JAR files: JAPICMP comparison failed for org.junit.jupiter:junit-jupiter-api
[2025-08-25 15:10:31] org.junit.jupiter:junit-jupiter-api:5.8.2 -> org.junit.jupiter:junit-jupiter-api:5.13.0 : Failed to compare JAR files: JAPICMP comparison failed for org.junit.jupiter:junit-jupiter-api
[2025-08-25 15:10:31] org.junit.jupiter:junit-jupiter-api:5.8.2 -> org.junit.jupiter:junit-jupiter-api:5.13.1 : Failed to compare JAR files: JAPICMP comparison failed for org.junit.jupiter:junit-jupiter-api
[2025-08-25 15:10:31] org.junit.jupiter:junit-jupiter-api:5.8.2 -> org.junit.jupiter:junit-jupiter-api:5.13.2 : Failed to compare JAR files: JAPICMP comparison failed for org.junit.jupiter:junit-jupiter-api
[2025-08-25 15:10:31] org.junit.jupiter:junit-jupiter-api:5.8.2 -> org.junit.jupiter:junit-jupiter-api:5.13.3 : Failed to compare JAR files: JAPICMP comparison failed for org.junit.jupiter:junit-jupiter-api
[2025-08-25 15:10:31] org.junit.jupiter:junit-jupiter-api:5.8.2 -> org.junit.jupiter:junit-jupiter-api:5.13.4 : Failed to compare JAR files: JAPICMP comparison failed for org.junit.jupiter:junit-jupiter-api
[2025-08-25 15:10:34] org.junit.jupiter:junit-jupiter-params:5.8.2 -> org.junit.jupiter:junit-jupiter-params:5.9.0 : Failed to compare JAR files: JAPICMP comparison failed for org.junit.jupiter:junit-jupiter-params
[2025-08-25 15:10:34] org.junit.jupiter:junit-jupiter-params:5.8.2 -> org.junit.jupiter:junit-jupiter-params:5.9.1 : Failed to compare JAR files: JAPICMP comparison failed for org.junit.jupiter:junit-jupiter-params
[2025-08-25 15:10:34] org.junit.jupiter:junit-jupiter-params:5.8.2 -> org.junit.jupiter:junit-jupiter-params:5.9.2 : Failed to compare JAR files: JAPICMP comparison failed for org.junit.jupiter:junit-jupiter-params
[2025-08-25 15:10:34] org.junit.jupiter:junit-jupiter-params:5.8.2 -> org.junit.jupiter:junit-jupiter-params:5.9.3 : Failed to compare JAR files: JAPICMP comparison failed for org.junit.jupiter:junit-jupiter-params
[2025-08-25 15:10:35] org.junit.jupiter:junit-jupiter-params:5.8.2 -> org.junit.jupiter:junit-jupiter-params:5.10.0 : Failed to compare JAR files: JAPICMP comparison failed for org.junit.jupiter:junit-jupiter-params
[2025-08-25 15:10:35] org.junit.jupiter:junit-jupiter-params:5.8.2 -> org.junit.jupiter:junit-jupiter-params:5.10.1 : Failed to compare JAR files: JAPICMP comparison failed for org.junit.jupiter:junit-jupiter-params
[2025-08-25 15:10:35] org.junit.jupiter:junit-jupiter-params:5.8.2 -> org.junit.jupiter:junit-jupiter-params:5.10.2 : Failed to compare JAR files: JAPICMP comparison failed for org.junit.jupiter:junit-jupiter-params
[2025-08-25 15:10:35] org.junit.jupiter:junit-jupiter-params:5.8.2 -> org.junit.jupiter:junit-jupiter-params:5.10.3 : Failed to compare JAR files: JAPICMP comparison failed for org.junit.jupiter:junit-jupiter-params
[2025-08-25 15:10:35] org.junit.jupiter:junit-jupiter-params:5.8.2 -> org.junit.jupiter:junit-jupiter-params:5.10.4 : Failed to compare JAR files: JAPICMP comparison failed for org.junit.jupiter:junit-jupiter-params
[2025-08-25 15:10:35] org.junit.jupiter:junit-jupiter-params:5.8.2 -> org.junit.jupiter:junit-jupiter-params:5.10.5 : Failed to compare JAR files: JAPICMP comparison failed for org.junit.jupiter:junit-jupiter-params
[2025-08-25 15:10:35] org.junit.jupiter:junit-jupiter-params:5.8.2 -> org.junit.jupiter:junit-jupiter-params:5.11.0 : Failed to compare JAR files: JAPICMP comparison failed for org.junit.jupiter:junit-jupiter-params
[2025-08-25 15:10:35] org.junit.jupiter:junit-jupiter-params:5.8.2 -> org.junit.jupiter:junit-jupiter-params:5.11.1 : Failed to compare JAR files: JAPICMP comparison failed for org.junit.jupiter:junit-jupiter-params
[2025-08-25 15:10:35] org.junit.jupiter:junit-jupiter-params:5.8.2 -> org.junit.jupiter:junit-jupiter-params:5.11.2 : Failed to compare JAR files: JAPICMP comparison failed for org.junit.jupiter:junit-jupiter-params
[2025-08-25 15:10:35] org.junit.jupiter:junit-jupiter-params:5.8.2 -> org.junit.jupiter:junit-jupiter-params:5.11.3 : Failed to compare JAR files: JAPICMP comparison failed for org.junit.jupiter:junit-jupiter-params
[2025-08-25 15:10:35] org.junit.jupiter:junit-jupiter-params:5.8.2 -> org.junit.jupiter:junit-jupiter-params:5.11.4 : Failed to compare JAR files: JAPICMP comparison failed for org.junit.jupiter:junit-jupiter-params
[2025-08-25 15:10:35] org.junit.jupiter:junit-jupiter-params:5.8.2 -> org.junit.jupiter:junit-jupiter-params:5.12.0 : Failed to compare JAR files: JAPICMP comparison failed for org.junit.jupiter:junit-jupiter-params
[2025-08-25 15:10:35] org.junit.jupiter:junit-jupiter-params:5.8.2 -> org.junit.jupiter:junit-jupiter-params:5.12.1 : Failed to compare JAR files: JAPICMP comparison failed for org.junit.jupiter:junit-jupiter-params
[2025-08-25 15:10:35] org.junit.jupiter:junit-jupiter-params:5.8.2 -> org.junit.jupiter:junit-jupiter-params:5.12.2 : Failed to compare JAR files: JAPICMP comparison failed for org.junit.jupiter:junit-jupiter-params
[2025-08-25 15:10:35] org.junit.jupiter:junit-jupiter-params:5.8.2 -> org.junit.jupiter:junit-jupiter-params:5.13.0 : Failed to compare JAR files: JAPICMP comparison failed for org.junit.jupiter:junit-jupiter-params
[2025-08-25 15:10:35] org.junit.jupiter:junit-jupiter-params:5.8.2 -> org.junit.jupiter:junit-jupiter-params:5.13.1 : Failed to compare JAR files: JAPICMP comparison failed for org.junit.jupiter:junit-jupiter-params
[2025-08-25 15:10:35] org.junit.jupiter:junit-jupiter-params:5.8.2 -> org.junit.jupiter:junit-jupiter-params:5.13.2 : Failed to compare JAR files: JAPICMP comparison failed for org.junit.jupiter:junit-jupiter-params
[2025-08-25 15:10:36] org.junit.jupiter:junit-jupiter-params:5.8.2 -> org.junit.jupiter:junit-jupiter-params:5.13.3 : Failed to compare JAR files: JAPICMP comparison failed for org.junit.jupiter:junit-jupiter-params
[2025-08-25 15:10:36] org.junit.jupiter:junit-jupiter-params:5.8.2 -> org.junit.jupiter:junit-jupiter-params:5.13.4 : Failed to compare JAR files: JAPICMP comparison failed for org.junit.jupiter:junit-jupiter-params
[2025-08-25 15:10:36] org.mockito:mockito-core:4.1.0 -> org.mockito:mockito-core:4.2.0 : Failed to compare JAR files: JAPICMP comparison failed for org.mockito:mockito-core
[2025-08-25 15:10:36] org.mockito:mockito-core:4.1.0 -> org.mockito:mockito-core:4.3.0 : Failed to compare JAR files: JAPICMP comparison failed for org.mockito:mockito-core
[2025-08-25 15:10:36] org.mockito:mockito-core:4.1.0 -> org.mockito:mockito-core:4.3.1 : Failed to compare JAR files: JAPICMP comparison failed for org.mockito:mockito-core
[2025-08-25 15:10:36] org.mockito:mockito-core:4.1.0 -> org.mockito:mockito-core:4.4.0 : Failed to compare JAR files: JAPICMP comparison failed for org.mockito:mockito-core
[2025-08-25 15:10:36] org.mockito:mockito-core:4.1.0 -> org.mockito:mockito-core:4.5.0 : Failed to compare JAR files: JAPICMP comparison failed for org.mockito:mockito-core
[2025-08-25 15:10:36] org.mockito:mockito-core:4.1.0 -> org.mockito:mockito-core:4.5.1 : Failed to compare JAR files: JAPICMP comparison failed for org.mockito:mockito-core
[2025-08-25 15:10:36] org.mockito:mockito-core:4.1.0 -> org.mockito:mockito-core:4.6.0 : Failed to compare JAR files: JAPICMP comparison failed for org.mockito:mockito-core
[2025-08-25 15:10:36] org.mockito:mockito-core:4.1.0 -> org.mockito:mockito-core:4.6.1 : Failed to compare JAR files: JAPICMP comparison failed for org.mockito:mockito-core
[2025-08-25 15:10:36] org.mockito:mockito-core:4.1.0 -> org.mockito:mockito-core:4.7.0 : Failed to compare JAR files: JAPICMP comparison failed for org.mockito:mockito-core
[2025-08-25 15:10:36] org.mockito:mockito-core:4.1.0 -> org.mockito:mockito-core:4.8.0 : Failed to compare JAR files: JAPICMP comparison failed for org.mockito:mockito-core
[2025-08-25 15:10:36] org.mockito:mockito-core:4.1.0 -> org.mockito:mockito-core:4.8.1 : Failed to compare JAR files: JAPICMP comparison failed for org.mockito:mockito-core
[2025-08-25 15:10:36] org.mockito:mockito-core:4.1.0 -> org.mockito:mockito-core:4.9.0 : Failed to compare JAR files: JAPICMP comparison failed for org.mockito:mockito-core
[2025-08-25 15:10:36] org.mockito:mockito-core:4.1.0 -> org.mockito:mockito-core:4.10.0 : Failed to compare JAR files: JAPICMP comparison failed for org.mockito:mockito-core
[2025-08-25 15:10:36] org.mockito:mockito-core:4.1.0 -> org.mockito:mockito-core:4.11.0 : Failed to compare JAR files: JAPICMP comparison failed for org.mockito:mockito-core

=== Summary ===
Total comparisons: 207
Failures: 60
Success rate: 71.01%
