=== Comparison Failure Log ===
[2025-09-13 05:31:45] org.testcontainers:oracle-xe:1.20.1 -> org.testcontainers:oracle-xe:1.20.2 : Failed to compare JAR files: JAPICMP comparison failed for org.testcontainers:oracle-xe
[2025-09-13 05:31:46] org.testcontainers:oracle-xe:1.20.1 -> org.testcontainers:oracle-xe:1.20.3 : Failed to compare JAR files: JAPICMP comparison failed for org.testcontainers:oracle-xe
[2025-09-13 05:31:47] org.testcontainers:oracle-xe:1.20.1 -> org.testcontainers:oracle-xe:1.20.4 : Failed to compare JAR files: JAPICMP comparison failed for org.testcontainers:oracle-xe
[2025-09-13 05:31:49] org.testcontainers:oracle-xe:1.20.1 -> org.testcontainers:oracle-xe:1.20.5 : Failed to compare JAR files: JAPICMP comparison failed for org.testcontainers:oracle-xe
[2025-09-13 05:31:50] org.testcontainers:oracle-xe:1.20.1 -> org.testcontainers:oracle-xe:1.20.6 : Failed to compare JAR files: JAPICMP comparison failed for org.testcontainers:oracle-xe
[2025-09-13 05:31:51] org.testcontainers:oracle-xe:1.20.1 -> org.testcontainers:oracle-xe:1.21.0 : Failed to compare JAR files: JAPICMP comparison failed for org.testcontainers:oracle-xe
[2025-09-13 05:31:52] org.testcontainers:oracle-xe:1.20.1 -> org.testcontainers:oracle-xe:1.21.1 : Failed to compare JAR files: JAPICMP comparison failed for org.testcontainers:oracle-xe
[2025-09-13 05:31:53] org.testcontainers:oracle-xe:1.20.1 -> org.testcontainers:oracle-xe:1.21.2 : Failed to compare JAR files: JAPICMP comparison failed for org.testcontainers:oracle-xe
[2025-09-13 05:31:54] org.testcontainers:oracle-xe:1.20.1 -> org.testcontainers:oracle-xe:1.21.3 : Failed to compare JAR files: JAPICMP comparison failed for org.testcontainers:oracle-xe
[2025-09-13 05:31:57] com.oracle.database.jdbc:ojdbc8:23.2.0.0 -> com.oracle.database.jdbc:ojdbc8:23.3.0.23.09 : Failed to compare JAR files: JAPICMP comparison failed for com.oracle.database.jdbc:ojdbc8
[2025-09-13 05:31:59] com.oracle.database.jdbc:ojdbc8:23.2.0.0 -> com.oracle.database.jdbc:ojdbc8:23.4.0.24.05 : Failed to compare JAR files: JAPICMP comparison failed for com.oracle.database.jdbc:ojdbc8
[2025-09-13 05:32:05] com.oracle.database.jdbc:ojdbc8:23.2.0.0 -> com.oracle.database.jdbc:ojdbc8:23.5.0.24.07 : Failed to compare JAR files: JAPICMP comparison failed for com.oracle.database.jdbc:ojdbc8
[2025-09-13 05:32:07] com.oracle.database.jdbc:ojdbc8:23.2.0.0 -> com.oracle.database.jdbc:ojdbc8:23.6.0.24.10 : Failed to compare JAR files: JAPICMP comparison failed for com.oracle.database.jdbc:ojdbc8
[2025-09-13 05:32:09] com.oracle.database.jdbc:ojdbc8:23.2.0.0 -> com.oracle.database.jdbc:ojdbc8:23.7.0.25.01 : Failed to compare JAR files: JAPICMP comparison failed for com.oracle.database.jdbc:ojdbc8
[2025-09-13 05:32:11] com.oracle.database.jdbc:ojdbc8:23.2.0.0 -> com.oracle.database.jdbc:ojdbc8:23.8.0.25.04 : Failed to compare JAR files: JAPICMP comparison failed for com.oracle.database.jdbc:ojdbc8
[2025-09-13 05:32:12] com.oracle.database.jdbc:ojdbc8:23.2.0.0 -> com.oracle.database.jdbc:ojdbc8:23.9.0.25.07 : Failed to compare JAR files: JAPICMP comparison failed for com.oracle.database.jdbc:ojdbc8
[2025-09-13 05:32:12] com.zaxxer:HikariCP-java6:2.3.8 -> com.zaxxer:HikariCP-java6:2.3.9 : Failed to compare JAR files: JAPICMP comparison failed for com.zaxxer:HikariCP-java6
[2025-09-13 05:32:12] com.zaxxer:HikariCP-java6:2.3.8 -> com.zaxxer:HikariCP-java6:2.3.10 : Failed to compare JAR files: JAPICMP comparison failed for com.zaxxer:HikariCP-java6
[2025-09-13 05:32:12] com.zaxxer:HikariCP-java6:2.3.8 -> com.zaxxer:HikariCP-java6:2.3.11 : Failed to compare JAR files: JAPICMP comparison failed for com.zaxxer:HikariCP-java6
[2025-09-13 05:32:13] com.zaxxer:HikariCP-java6:2.3.8 -> com.zaxxer:HikariCP-java6:2.3.12 : Failed to compare JAR files: JAPICMP comparison failed for com.zaxxer:HikariCP-java6
[2025-09-13 05:32:13] com.zaxxer:HikariCP-java6:2.3.8 -> com.zaxxer:HikariCP-java6:2.3.13 : Failed to compare JAR files: JAPICMP comparison failed for com.zaxxer:HikariCP-java6
[2025-09-13 05:32:13] org.junit.jupiter:junit-jupiter-api:5.10.2 -> org.junit.jupiter:junit-jupiter-api:5.10.3 : Failed to compare JAR files: JAPICMP comparison failed for org.junit.jupiter:junit-jupiter-api
[2025-09-13 05:32:13] org.junit.jupiter:junit-jupiter-api:5.10.2 -> org.junit.jupiter:junit-jupiter-api:5.10.4 : Failed to compare JAR files: JAPICMP comparison failed for org.junit.jupiter:junit-jupiter-api
[2025-09-13 05:32:13] org.junit.jupiter:junit-jupiter-api:5.10.2 -> org.junit.jupiter:junit-jupiter-api:5.10.5 : Failed to compare JAR files: JAPICMP comparison failed for org.junit.jupiter:junit-jupiter-api
[2025-09-13 05:32:13] org.junit.jupiter:junit-jupiter-api:5.10.2 -> org.junit.jupiter:junit-jupiter-api:5.11.0 : Failed to compare JAR files: JAPICMP comparison failed for org.junit.jupiter:junit-jupiter-api
[2025-09-13 05:32:13] org.junit.jupiter:junit-jupiter-api:5.10.2 -> org.junit.jupiter:junit-jupiter-api:5.11.1 : Failed to compare JAR files: JAPICMP comparison failed for org.junit.jupiter:junit-jupiter-api
[2025-09-13 05:32:13] org.junit.jupiter:junit-jupiter-api:5.10.2 -> org.junit.jupiter:junit-jupiter-api:5.11.2 : Failed to compare JAR files: JAPICMP comparison failed for org.junit.jupiter:junit-jupiter-api
[2025-09-13 05:32:13] org.junit.jupiter:junit-jupiter-api:5.10.2 -> org.junit.jupiter:junit-jupiter-api:5.11.3 : Failed to compare JAR files: JAPICMP comparison failed for org.junit.jupiter:junit-jupiter-api
[2025-09-13 05:32:13] org.junit.jupiter:junit-jupiter-api:5.10.2 -> org.junit.jupiter:junit-jupiter-api:5.11.4 : Failed to compare JAR files: JAPICMP comparison failed for org.junit.jupiter:junit-jupiter-api
[2025-09-13 05:32:13] org.junit.jupiter:junit-jupiter-api:5.10.2 -> org.junit.jupiter:junit-jupiter-api:5.12.0 : Failed to compare JAR files: JAPICMP comparison failed for org.junit.jupiter:junit-jupiter-api
[2025-09-13 05:32:13] org.junit.jupiter:junit-jupiter-api:5.10.2 -> org.junit.jupiter:junit-jupiter-api:5.12.1 : Failed to compare JAR files: JAPICMP comparison failed for org.junit.jupiter:junit-jupiter-api
[2025-09-13 05:32:13] org.junit.jupiter:junit-jupiter-api:5.10.2 -> org.junit.jupiter:junit-jupiter-api:5.12.2 : Failed to compare JAR files: JAPICMP comparison failed for org.junit.jupiter:junit-jupiter-api
[2025-09-13 05:32:14] org.junit.jupiter:junit-jupiter-api:5.10.2 -> org.junit.jupiter:junit-jupiter-api:5.13.0 : Failed to compare JAR files: JAPICMP comparison failed for org.junit.jupiter:junit-jupiter-api
[2025-09-13 05:32:14] org.junit.jupiter:junit-jupiter-api:5.10.2 -> org.junit.jupiter:junit-jupiter-api:5.13.1 : Failed to compare JAR files: JAPICMP comparison failed for org.junit.jupiter:junit-jupiter-api
[2025-09-13 05:32:14] org.junit.jupiter:junit-jupiter-api:5.10.2 -> org.junit.jupiter:junit-jupiter-api:5.13.2 : Failed to compare JAR files: JAPICMP comparison failed for org.junit.jupiter:junit-jupiter-api
[2025-09-13 05:32:14] org.junit.jupiter:junit-jupiter-api:5.10.2 -> org.junit.jupiter:junit-jupiter-api:5.13.3 : Failed to compare JAR files: JAPICMP comparison failed for org.junit.jupiter:junit-jupiter-api
[2025-09-13 05:32:14] org.junit.jupiter:junit-jupiter-api:5.10.2 -> org.junit.jupiter:junit-jupiter-api:5.13.4 : Failed to compare JAR files: JAPICMP comparison failed for org.junit.jupiter:junit-jupiter-api
[2025-09-13 05:32:14] org.junit.jupiter:junit-jupiter-params:5.10.2 -> org.junit.jupiter:junit-jupiter-params:5.10.3 : Failed to compare JAR files: JAPICMP comparison failed for org.junit.jupiter:junit-jupiter-params
[2025-09-13 05:32:14] org.junit.jupiter:junit-jupiter-params:5.10.2 -> org.junit.jupiter:junit-jupiter-params:5.10.4 : Failed to compare JAR files: JAPICMP comparison failed for org.junit.jupiter:junit-jupiter-params
[2025-09-13 05:32:14] org.junit.jupiter:junit-jupiter-params:5.10.2 -> org.junit.jupiter:junit-jupiter-params:5.10.5 : Failed to compare JAR files: JAPICMP comparison failed for org.junit.jupiter:junit-jupiter-params
[2025-09-13 05:32:15] org.junit.jupiter:junit-jupiter-params:5.10.2 -> org.junit.jupiter:junit-jupiter-params:5.11.0 : Failed to compare JAR files: JAPICMP comparison failed for org.junit.jupiter:junit-jupiter-params
[2025-09-13 05:32:15] org.junit.jupiter:junit-jupiter-params:5.10.2 -> org.junit.jupiter:junit-jupiter-params:5.11.1 : Failed to compare JAR files: JAPICMP comparison failed for org.junit.jupiter:junit-jupiter-params
[2025-09-13 05:32:15] org.junit.jupiter:junit-jupiter-params:5.10.2 -> org.junit.jupiter:junit-jupiter-params:5.11.2 : Failed to compare JAR files: JAPICMP comparison failed for org.junit.jupiter:junit-jupiter-params
[2025-09-13 05:32:15] org.junit.jupiter:junit-jupiter-params:5.10.2 -> org.junit.jupiter:junit-jupiter-params:5.11.3 : Failed to compare JAR files: JAPICMP comparison failed for org.junit.jupiter:junit-jupiter-params
[2025-09-13 05:32:17] org.junit.jupiter:junit-jupiter-params:5.10.2 -> org.junit.jupiter:junit-jupiter-params:5.11.4 : Failed to compare JAR files: JAPICMP comparison failed for org.junit.jupiter:junit-jupiter-params
[2025-09-13 05:32:19] org.junit.jupiter:junit-jupiter-params:5.10.2 -> org.junit.jupiter:junit-jupiter-params:5.12.0 : Failed to compare JAR files: JAPICMP comparison failed for org.junit.jupiter:junit-jupiter-params
[2025-09-13 05:32:20] org.junit.jupiter:junit-jupiter-params:5.10.2 -> org.junit.jupiter:junit-jupiter-params:5.12.1 : Failed to compare JAR files: JAPICMP comparison failed for org.junit.jupiter:junit-jupiter-params
[2025-09-13 05:32:20] org.junit.jupiter:junit-jupiter-params:5.10.2 -> org.junit.jupiter:junit-jupiter-params:5.12.2 : Failed to compare JAR files: JAPICMP comparison failed for org.junit.jupiter:junit-jupiter-params
[2025-09-13 05:32:20] org.junit.jupiter:junit-jupiter-params:5.10.2 -> org.junit.jupiter:junit-jupiter-params:5.13.0 : Failed to compare JAR files: JAPICMP comparison failed for org.junit.jupiter:junit-jupiter-params
[2025-09-13 05:32:20] org.junit.jupiter:junit-jupiter-params:5.10.2 -> org.junit.jupiter:junit-jupiter-params:5.13.1 : Failed to compare JAR files: JAPICMP comparison failed for org.junit.jupiter:junit-jupiter-params
[2025-09-13 05:32:20] org.junit.jupiter:junit-jupiter-params:5.10.2 -> org.junit.jupiter:junit-jupiter-params:5.13.2 : Failed to compare JAR files: JAPICMP comparison failed for org.junit.jupiter:junit-jupiter-params
[2025-09-13 05:32:21] org.junit.jupiter:junit-jupiter-params:5.10.2 -> org.junit.jupiter:junit-jupiter-params:5.13.3 : Failed to compare JAR files: JAPICMP comparison failed for org.junit.jupiter:junit-jupiter-params
[2025-09-13 05:32:21] org.junit.jupiter:junit-jupiter-params:5.10.2 -> org.junit.jupiter:junit-jupiter-params:5.13.4 : Failed to compare JAR files: JAPICMP comparison failed for org.junit.jupiter:junit-jupiter-params
[2025-09-13 05:32:34] org.codehaus.groovy:groovy:3.0.21 -> org.codehaus.groovy:groovy:3.0.22 : Failed to compare JAR files: JAPICMP comparison failed for org.codehaus.groovy:groovy
[2025-09-13 05:32:34] org.codehaus.groovy:groovy:3.0.21 -> org.codehaus.groovy:groovy:3.0.23 : Failed to compare JAR files: JAPICMP comparison failed for org.codehaus.groovy:groovy
[2025-09-13 05:32:35] org.codehaus.groovy:groovy:3.0.21 -> org.codehaus.groovy:groovy:3.0.24 : Failed to compare JAR files: JAPICMP comparison failed for org.codehaus.groovy:groovy
[2025-09-13 05:32:40] org.codehaus.groovy:groovy:3.0.21 -> org.codehaus.groovy:groovy:3.0.25 : Failed to compare JAR files: JAPICMP comparison failed for org.codehaus.groovy:groovy
[2025-09-13 05:32:48] ch.qos.logback:logback-classic:1.3.12 -> ch.qos.logback:logback-classic:1.3.13 : Failed to compare JAR files: JAPICMP comparison failed for ch.qos.logback:logback-classic
[2025-09-13 05:32:48] ch.qos.logback:logback-classic:1.3.12 -> ch.qos.logback:logback-classic:1.3.14 : Failed to compare JAR files: JAPICMP comparison failed for ch.qos.logback:logback-classic
[2025-09-13 05:32:48] ch.qos.logback:logback-classic:1.3.12 -> ch.qos.logback:logback-classic:1.3.15 : Failed to compare JAR files: JAPICMP comparison failed for ch.qos.logback:logback-classic
[2025-09-13 05:32:48] ch.qos.logback:logback-classic:1.3.12 -> ch.qos.logback:logback-classic:1.4.0 : Failed to compare JAR files: JAPICMP comparison failed for ch.qos.logback:logback-classic
[2025-09-13 05:32:48] ch.qos.logback:logback-classic:1.3.12 -> ch.qos.logback:logback-classic:1.4.1 : Failed to compare JAR files: JAPICMP comparison failed for ch.qos.logback:logback-classic
[2025-09-13 05:32:48] ch.qos.logback:logback-classic:1.3.12 -> ch.qos.logback:logback-classic:1.4.2 : Failed to compare JAR files: JAPICMP comparison failed for ch.qos.logback:logback-classic
[2025-09-13 05:32:48] ch.qos.logback:logback-classic:1.3.12 -> ch.qos.logback:logback-classic:1.4.3 : Failed to compare JAR files: JAPICMP comparison failed for ch.qos.logback:logback-classic
[2025-09-13 05:32:49] ch.qos.logback:logback-classic:1.3.12 -> ch.qos.logback:logback-classic:1.4.4 : Failed to compare JAR files: JAPICMP comparison failed for ch.qos.logback:logback-classic
[2025-09-13 05:32:49] ch.qos.logback:logback-classic:1.3.12 -> ch.qos.logback:logback-classic:1.4.5 : Failed to compare JAR files: JAPICMP comparison failed for ch.qos.logback:logback-classic
[2025-09-13 05:32:49] ch.qos.logback:logback-classic:1.3.12 -> ch.qos.logback:logback-classic:1.4.6 : Failed to compare JAR files: JAPICMP comparison failed for ch.qos.logback:logback-classic
[2025-09-13 05:32:49] ch.qos.logback:logback-classic:1.3.12 -> ch.qos.logback:logback-classic:1.4.7 : Failed to compare JAR files: JAPICMP comparison failed for ch.qos.logback:logback-classic
[2025-09-13 05:32:49] ch.qos.logback:logback-classic:1.3.12 -> ch.qos.logback:logback-classic:1.4.8 : Failed to compare JAR files: JAPICMP comparison failed for ch.qos.logback:logback-classic
[2025-09-13 05:32:49] ch.qos.logback:logback-classic:1.3.12 -> ch.qos.logback:logback-classic:1.4.9 : Failed to compare JAR files: JAPICMP comparison failed for ch.qos.logback:logback-classic
[2025-09-13 05:32:49] ch.qos.logback:logback-classic:1.3.12 -> ch.qos.logback:logback-classic:1.4.10 : Failed to compare JAR files: JAPICMP comparison failed for ch.qos.logback:logback-classic
[2025-09-13 05:32:50] ch.qos.logback:logback-classic:1.3.12 -> ch.qos.logback:logback-classic:1.4.11 : Failed to compare JAR files: JAPICMP comparison failed for ch.qos.logback:logback-classic
[2025-09-13 05:32:50] ch.qos.logback:logback-classic:1.3.12 -> ch.qos.logback:logback-classic:1.4.12 : Failed to compare JAR files: JAPICMP comparison failed for ch.qos.logback:logback-classic
[2025-09-13 05:32:50] ch.qos.logback:logback-classic:1.3.12 -> ch.qos.logback:logback-classic:1.4.13 : Failed to compare JAR files: JAPICMP comparison failed for ch.qos.logback:logback-classic
[2025-09-13 05:32:50] ch.qos.logback:logback-classic:1.3.12 -> ch.qos.logback:logback-classic:1.4.14 : Failed to compare JAR files: JAPICMP comparison failed for ch.qos.logback:logback-classic
[2025-09-13 05:32:50] ch.qos.logback:logback-classic:1.3.12 -> ch.qos.logback:logback-classic:1.5.0 : Failed to compare JAR files: JAPICMP comparison failed for ch.qos.logback:logback-classic
[2025-09-13 05:32:50] ch.qos.logback:logback-classic:1.3.12 -> ch.qos.logback:logback-classic:1.5.1 : Failed to compare JAR files: JAPICMP comparison failed for ch.qos.logback:logback-classic
[2025-09-13 05:32:50] ch.qos.logback:logback-classic:1.3.12 -> ch.qos.logback:logback-classic:1.5.2 : Failed to compare JAR files: JAPICMP comparison failed for ch.qos.logback:logback-classic
[2025-09-13 05:32:50] ch.qos.logback:logback-classic:1.3.12 -> ch.qos.logback:logback-classic:1.5.3 : Failed to compare JAR files: JAPICMP comparison failed for ch.qos.logback:logback-classic
[2025-09-13 05:32:51] ch.qos.logback:logback-classic:1.3.12 -> ch.qos.logback:logback-classic:1.5.4 : Failed to compare JAR files: JAPICMP comparison failed for ch.qos.logback:logback-classic
[2025-09-13 05:32:51] ch.qos.logback:logback-classic:1.3.12 -> ch.qos.logback:logback-classic:1.5.5 : Failed to compare JAR files: JAPICMP comparison failed for ch.qos.logback:logback-classic
[2025-09-13 05:32:51] ch.qos.logback:logback-classic:1.3.12 -> ch.qos.logback:logback-classic:1.5.6 : Failed to compare JAR files: JAPICMP comparison failed for ch.qos.logback:logback-classic
[2025-09-13 05:32:51] ch.qos.logback:logback-classic:1.3.12 -> ch.qos.logback:logback-classic:1.5.7 : Failed to compare JAR files: JAPICMP comparison failed for ch.qos.logback:logback-classic
[2025-09-13 05:32:51] ch.qos.logback:logback-classic:1.3.12 -> ch.qos.logback:logback-classic:1.5.8 : Failed to compare JAR files: JAPICMP comparison failed for ch.qos.logback:logback-classic
[2025-09-13 05:32:51] ch.qos.logback:logback-classic:1.3.12 -> ch.qos.logback:logback-classic:1.5.9 : Failed to compare JAR files: JAPICMP comparison failed for ch.qos.logback:logback-classic
[2025-09-13 05:32:51] ch.qos.logback:logback-classic:1.3.12 -> ch.qos.logback:logback-classic:1.5.10 : Failed to compare JAR files: JAPICMP comparison failed for ch.qos.logback:logback-classic
[2025-09-13 05:32:52] ch.qos.logback:logback-classic:1.3.12 -> ch.qos.logback:logback-classic:1.5.11 : Failed to compare JAR files: JAPICMP comparison failed for ch.qos.logback:logback-classic
[2025-09-13 05:32:52] ch.qos.logback:logback-classic:1.3.12 -> ch.qos.logback:logback-classic:1.5.12 : Failed to compare JAR files: JAPICMP comparison failed for ch.qos.logback:logback-classic
[2025-09-13 05:32:52] ch.qos.logback:logback-classic:1.3.12 -> ch.qos.logback:logback-classic:1.5.13 : Failed to compare JAR files: JAPICMP comparison failed for ch.qos.logback:logback-classic
[2025-09-13 05:32:52] ch.qos.logback:logback-classic:1.3.12 -> ch.qos.logback:logback-classic:1.5.14 : Failed to compare JAR files: JAPICMP comparison failed for ch.qos.logback:logback-classic
[2025-09-13 05:32:52] ch.qos.logback:logback-classic:1.3.12 -> ch.qos.logback:logback-classic:1.5.15 : Failed to compare JAR files: JAPICMP comparison failed for ch.qos.logback:logback-classic
[2025-09-13 05:32:52] ch.qos.logback:logback-classic:1.3.12 -> ch.qos.logback:logback-classic:1.5.16 : Failed to compare JAR files: JAPICMP comparison failed for ch.qos.logback:logback-classic
[2025-09-13 05:32:52] ch.qos.logback:logback-classic:1.3.12 -> ch.qos.logback:logback-classic:1.5.17 : Failed to compare JAR files: JAPICMP comparison failed for ch.qos.logback:logback-classic
[2025-09-13 05:32:53] ch.qos.logback:logback-classic:1.3.12 -> ch.qos.logback:logback-classic:1.5.18 : Failed to compare JAR files: JAPICMP comparison failed for ch.qos.logback:logback-classic

=== Summary ===
Total comparisons: 273
Failures: 94
Success rate: 65.57%
