=== Comparison Failure Log ===
[2025-09-13 02:22:16] org.redisson:redisson:3.23.3 -> org.redisson:redisson:3.23.4 : Failed to compare JAR files: JAPICMP comparison failed for org.redisson:redisson
[2025-09-13 02:22:17] org.redisson:redisson:3.23.3 -> org.redisson:redisson:3.23.5 : Failed to compare JAR files: JAPICMP comparison failed for org.redisson:redisson
[2025-09-13 02:22:18] org.redisson:redisson:3.23.3 -> org.redisson:redisson:3.24.0 : Failed to compare JAR files: JAPICMP comparison failed for org.redisson:redisson
[2025-09-13 02:22:19] org.redisson:redisson:3.23.3 -> org.redisson:redisson:3.24.1 : Failed to compare JAR files: JAPICMP comparison failed for org.redisson:redisson
[2025-09-13 02:22:22] org.redisson:redisson:3.23.3 -> org.redisson:redisson:3.24.2 : Failed to compare JAR files: JAPICMP comparison failed for org.redisson:redisson
[2025-09-13 02:22:23] org.redisson:redisson:3.23.3 -> org.redisson:redisson:3.24.3 : Failed to compare JAR files: JAPICMP comparison failed for org.redisson:redisson
[2025-09-13 02:22:24] org.redisson:redisson:3.23.3 -> org.redisson:redisson:3.25.0 : Failed to compare JAR files: JAPICMP comparison failed for org.redisson:redisson
[2025-09-13 02:22:25] org.redisson:redisson:3.23.3 -> org.redisson:redisson:3.25.1 : Failed to compare JAR files: JAPICMP comparison failed for org.redisson:redisson
[2025-09-13 02:22:26] org.redisson:redisson:3.23.3 -> org.redisson:redisson:3.25.2 : Failed to compare JAR files: JAPICMP comparison failed for org.redisson:redisson
[2025-09-13 02:22:27] org.redisson:redisson:3.23.3 -> org.redisson:redisson:3.26.0 : Failed to compare JAR files: JAPICMP comparison failed for org.redisson:redisson
[2025-09-13 02:22:28] org.redisson:redisson:3.23.3 -> org.redisson:redisson:3.26.1 : Failed to compare JAR files: JAPICMP comparison failed for org.redisson:redisson
[2025-09-13 02:22:29] org.redisson:redisson:3.23.3 -> org.redisson:redisson:3.27.0 : Failed to compare JAR files: JAPICMP comparison failed for org.redisson:redisson
[2025-09-13 02:22:29] org.redisson:redisson:3.23.3 -> org.redisson:redisson:3.27.1 : Failed to compare JAR files: JAPICMP comparison failed for org.redisson:redisson
[2025-09-13 02:22:30] org.redisson:redisson:3.23.3 -> org.redisson:redisson:3.27.2 : Failed to compare JAR files: JAPICMP comparison failed for org.redisson:redisson
[2025-09-13 02:22:31] org.redisson:redisson:3.23.3 -> org.redisson:redisson:3.28.0 : Failed to compare JAR files: JAPICMP comparison failed for org.redisson:redisson
[2025-09-13 02:22:32] org.redisson:redisson:3.23.3 -> org.redisson:redisson:3.29.0 : Failed to compare JAR files: JAPICMP comparison failed for org.redisson:redisson
[2025-09-13 02:22:33] org.redisson:redisson:3.23.3 -> org.redisson:redisson:3.30.0 : Failed to compare JAR files: JAPICMP comparison failed for org.redisson:redisson
[2025-09-13 02:22:34] org.redisson:redisson:3.23.3 -> org.redisson:redisson:3.31.0 : Failed to compare JAR files: JAPICMP comparison failed for org.redisson:redisson
[2025-09-13 02:22:35] org.redisson:redisson:3.23.3 -> org.redisson:redisson:3.32.0 : Failed to compare JAR files: JAPICMP comparison failed for org.redisson:redisson
[2025-09-13 02:22:35] org.redisson:redisson:3.23.3 -> org.redisson:redisson:3.33.0 : Failed to compare JAR files: JAPICMP comparison failed for org.redisson:redisson
[2025-09-13 02:22:36] org.redisson:redisson:3.23.3 -> org.redisson:redisson:3.34.0 : Failed to compare JAR files: JAPICMP comparison failed for org.redisson:redisson
[2025-09-13 02:22:37] org.redisson:redisson:3.23.3 -> org.redisson:redisson:3.34.1 : Failed to compare JAR files: JAPICMP comparison failed for org.redisson:redisson
[2025-09-13 02:22:38] org.redisson:redisson:3.23.3 -> org.redisson:redisson:3.35.0 : Failed to compare JAR files: JAPICMP comparison failed for org.redisson:redisson
[2025-09-13 02:22:39] org.redisson:redisson:3.23.3 -> org.redisson:redisson:3.36.0 : Failed to compare JAR files: JAPICMP comparison failed for org.redisson:redisson
[2025-09-13 02:22:40] org.redisson:redisson:3.23.3 -> org.redisson:redisson:3.37.0 : Failed to compare JAR files: JAPICMP comparison failed for org.redisson:redisson
[2025-09-13 02:22:41] org.redisson:redisson:3.23.3 -> org.redisson:redisson:3.38.0 : Failed to compare JAR files: JAPICMP comparison failed for org.redisson:redisson
[2025-09-13 02:22:42] org.redisson:redisson:3.23.3 -> org.redisson:redisson:3.38.1 : Failed to compare JAR files: JAPICMP comparison failed for org.redisson:redisson
[2025-09-13 02:22:42] org.redisson:redisson:3.23.3 -> org.redisson:redisson:3.39.0 : Failed to compare JAR files: JAPICMP comparison failed for org.redisson:redisson
[2025-09-13 02:22:43] org.redisson:redisson:3.23.3 -> org.redisson:redisson:3.40.0 : Failed to compare JAR files: JAPICMP comparison failed for org.redisson:redisson
[2025-09-13 02:22:44] org.redisson:redisson:3.23.3 -> org.redisson:redisson:3.40.1 : Failed to compare JAR files: JAPICMP comparison failed for org.redisson:redisson
[2025-09-13 02:22:45] org.redisson:redisson:3.23.3 -> org.redisson:redisson:3.40.2 : Failed to compare JAR files: JAPICMP comparison failed for org.redisson:redisson
[2025-09-13 02:22:46] org.redisson:redisson:3.23.3 -> org.redisson:redisson:3.41.0 : Failed to compare JAR files: JAPICMP comparison failed for org.redisson:redisson
[2025-09-13 02:22:47] org.redisson:redisson:3.23.3 -> org.redisson:redisson:3.42.0 : Failed to compare JAR files: JAPICMP comparison failed for org.redisson:redisson
[2025-09-13 02:22:48] org.redisson:redisson:3.23.3 -> org.redisson:redisson:3.43.0 : Failed to compare JAR files: JAPICMP comparison failed for org.redisson:redisson
[2025-09-13 02:22:49] org.redisson:redisson:3.23.3 -> org.redisson:redisson:3.44.0 : Failed to compare JAR files: JAPICMP comparison failed for org.redisson:redisson
[2025-09-13 02:22:50] org.redisson:redisson:3.23.3 -> org.redisson:redisson:3.45.0 : Failed to compare JAR files: JAPICMP comparison failed for org.redisson:redisson
[2025-09-13 02:22:50] org.redisson:redisson:3.23.3 -> org.redisson:redisson:3.45.1 : Failed to compare JAR files: JAPICMP comparison failed for org.redisson:redisson
[2025-09-13 02:22:51] org.redisson:redisson:3.23.3 -> org.redisson:redisson:3.46.0 : Failed to compare JAR files: JAPICMP comparison failed for org.redisson:redisson
[2025-09-13 02:22:52] org.redisson:redisson:3.23.3 -> org.redisson:redisson:3.47.0 : Failed to compare JAR files: JAPICMP comparison failed for org.redisson:redisson
[2025-09-13 02:22:53] org.redisson:redisson:3.23.3 -> org.redisson:redisson:3.48.0 : Failed to compare JAR files: JAPICMP comparison failed for org.redisson:redisson
[2025-09-13 02:22:54] org.redisson:redisson:3.23.3 -> org.redisson:redisson:3.49.0 : Failed to compare JAR files: JAPICMP comparison failed for org.redisson:redisson
[2025-09-13 02:22:55] org.redisson:redisson:3.23.3 -> org.redisson:redisson:3.50.0 : Failed to compare JAR files: JAPICMP comparison failed for org.redisson:redisson
[2025-09-13 02:22:56] org.redisson:redisson:3.23.3 -> org.redisson:redisson:3.51.0 : Failed to compare JAR files: JAPICMP comparison failed for org.redisson:redisson
[2025-09-13 02:22:58] org.projectlombok:lombok:1.18.30 -> org.projectlombok:lombok:1.18.32 : Failed to compare JAR files: JAPICMP comparison failed for org.projectlombok:lombok
[2025-09-13 02:22:58] org.projectlombok:lombok:1.18.30 -> org.projectlombok:lombok:1.18.34 : Failed to compare JAR files: JAPICMP comparison failed for org.projectlombok:lombok
[2025-09-13 02:22:58] org.projectlombok:lombok:1.18.30 -> org.projectlombok:lombok:1.18.36 : Failed to compare JAR files: JAPICMP comparison failed for org.projectlombok:lombok
[2025-09-13 02:22:58] org.projectlombok:lombok:1.18.30 -> org.projectlombok:lombok:1.18.38 : Failed to compare JAR files: JAPICMP comparison failed for org.projectlombok:lombok
[2025-09-13 02:22:58] org.projectlombok:lombok:1.18.30 -> org.projectlombok:lombok:1.18.40 : Failed to compare JAR files: JAPICMP comparison failed for org.projectlombok:lombok

=== Summary ===
Total comparisons: 215
Failures: 48
Success rate: 77.67%
