=== Comparison Failure Log ===

=== Summary ===
Total comparisons: 0
Failures: 0
Success rate: 100.00%
=== Comparison Failure Log ===

=== Summary ===
Total comparisons: 0
Failures: 0
Success rate: 100.00%
=== Comparison Failure Log ===

=== Summary ===
Total comparisons: 0
Failures: 0
Success rate: 100.00%
=== Comparison Failure Log ===
[2025-09-22 15:13:01] org.assertj:assertj-core:3.27.4 -> org.assertj:assertj-core:3.27.5 : Failed to compare JAR files: JAPICMP comparison failed for org.assertj:assertj-core

=== Summary ===
Total comparisons: 1
Failures: 1
Success rate: 0.00%
