=== Comparison Failure Log ===
[2025-08-25 15:52:17] org.springframework:spring-test:5.3.30 -> org.springframework:spring-test:5.3.31 : Failed to compare JAR files: JAPICMP comparison failed for org.springframework:spring-test
[2025-08-25 15:52:18] org.springframework:spring-test:5.3.30 -> org.springframework:spring-test:5.3.32 : Failed to compare JAR files: JAPICMP comparison failed for org.springframework:spring-test
[2025-08-25 15:52:19] org.springframework:spring-test:5.3.30 -> org.springframework:spring-test:5.3.33 : Failed to compare JAR files: JAPICMP comparison failed for org.springframework:spring-test
[2025-08-25 15:52:20] org.springframework:spring-test:5.3.30 -> org.springframework:spring-test:5.3.34 : Failed to compare JAR files: JAPICMP comparison failed for org.springframework:spring-test
[2025-08-25 15:52:21] org.springframework:spring-test:5.3.30 -> org.springframework:spring-test:5.3.35 : Failed to compare JAR files: JAPICMP comparison failed for org.springframework:spring-test
[2025-08-25 15:52:22] org.springframework:spring-test:5.3.30 -> org.springframework:spring-test:5.3.36 : Failed to compare JAR files: JAPICMP comparison failed for org.springframework:spring-test
[2025-08-25 15:52:23] org.springframework:spring-test:5.3.30 -> org.springframework:spring-test:5.3.37 : Failed to compare JAR files: JAPICMP comparison failed for org.springframework:spring-test
[2025-08-25 15:52:24] org.springframework:spring-test:5.3.30 -> org.springframework:spring-test:5.3.38 : Failed to compare JAR files: JAPICMP comparison failed for org.springframework:spring-test
[2025-08-25 15:52:25] org.springframework:spring-test:5.3.30 -> org.springframework:spring-test:5.3.39 : Failed to compare JAR files: JAPICMP comparison failed for org.springframework:spring-test
[2025-08-25 15:52:25] org.springframework:spring-context:5.3.30 -> org.springframework:spring-context:5.3.31 : Failed to compare JAR files: JAPICMP comparison failed for org.springframework:spring-context
[2025-08-25 15:52:26] org.springframework:spring-context:5.3.30 -> org.springframework:spring-context:5.3.32 : Failed to compare JAR files: JAPICMP comparison failed for org.springframework:spring-context
[2025-08-25 15:52:27] org.springframework:spring-context:5.3.30 -> org.springframework:spring-context:5.3.33 : Failed to compare JAR files: JAPICMP comparison failed for org.springframework:spring-context
[2025-08-25 15:52:28] org.springframework:spring-context:5.3.30 -> org.springframework:spring-context:5.3.34 : Failed to compare JAR files: JAPICMP comparison failed for org.springframework:spring-context
[2025-08-25 15:52:28] org.springframework:spring-context:5.3.30 -> org.springframework:spring-context:5.3.35 : Failed to compare JAR files: JAPICMP comparison failed for org.springframework:spring-context
[2025-08-25 15:52:29] org.springframework:spring-context:5.3.30 -> org.springframework:spring-context:5.3.36 : Failed to compare JAR files: JAPICMP comparison failed for org.springframework:spring-context
[2025-08-25 15:52:29] org.springframework:spring-context:5.3.30 -> org.springframework:spring-context:5.3.37 : Failed to compare JAR files: JAPICMP comparison failed for org.springframework:spring-context
[2025-08-25 15:52:29] org.springframework:spring-context:5.3.30 -> org.springframework:spring-context:5.3.38 : Failed to compare JAR files: JAPICMP comparison failed for org.springframework:spring-context
[2025-08-25 15:52:30] org.springframework:spring-context:5.3.30 -> org.springframework:spring-context:5.3.39 : Failed to compare JAR files: JAPICMP comparison failed for org.springframework:spring-context

=== Summary ===
Total comparisons: 140
Failures: 18
Success rate: 87.14%
