=== Comparison Failure Log ===
[2025-09-13 01:05:53] io.github.bes2008.solution.easyjson:easyjson-gson:4.1.5 -> io.github.bes2008.solution.easyjson:easyjson-gson:4.1.7 : Failed to compare JAR files: JAPICMP comparison failed for io.github.bes2008.solution.easyjson:easyjson-gson
[2025-09-13 01:06:01] com.h2database:h2:1.4.199 -> com.h2database:h2:1.4.200 : Failed to compare JAR files: JAPICMP comparison failed for com.h2database:h2
[2025-09-13 01:06:03] org.codehaus.janino:janino:3.0.6 -> org.codehaus.janino:janino:3.0.7 : Failed to compare JAR files: JAPICMP comparison failed for org.codehaus.janino:janino
[2025-09-13 01:06:05] org.codehaus.janino:janino:3.0.6 -> org.codehaus.janino:janino:3.0.8 : Failed to compare JAR files: JAPICMP comparison failed for org.codehaus.janino:janino
[2025-09-13 01:06:07] org.codehaus.janino:janino:3.0.6 -> org.codehaus.janino:janino:3.0.9 : Failed to compare JAR files: JAPICMP comparison failed for org.codehaus.janino:janino
[2025-09-13 01:06:09] org.codehaus.janino:janino:3.0.6 -> org.codehaus.janino:janino:3.0.10 : Failed to compare JAR files: JAPICMP comparison failed for org.codehaus.janino:janino
[2025-09-13 01:06:11] org.codehaus.janino:janino:3.0.6 -> org.codehaus.janino:janino:3.0.11 : Failed to compare JAR files: JAPICMP comparison failed for org.codehaus.janino:janino
[2025-09-13 01:06:14] org.codehaus.janino:janino:3.0.6 -> org.codehaus.janino:janino:3.0.12 : Failed to compare JAR files: JAPICMP comparison failed for org.codehaus.janino:janino
[2025-09-13 01:06:16] org.codehaus.janino:janino:3.0.6 -> org.codehaus.janino:janino:3.0.13 : Failed to compare JAR files: JAPICMP comparison failed for org.codehaus.janino:janino
[2025-09-13 01:06:18] org.codehaus.janino:janino:3.0.6 -> org.codehaus.janino:janino:3.0.14 : Failed to compare JAR files: JAPICMP comparison failed for org.codehaus.janino:janino
[2025-09-13 01:06:20] org.codehaus.janino:janino:3.0.6 -> org.codehaus.janino:janino:3.0.15 : Failed to compare JAR files: JAPICMP comparison failed for org.codehaus.janino:janino
[2025-09-13 01:06:21] org.codehaus.janino:janino:3.0.6 -> org.codehaus.janino:janino:3.0.16 : Failed to compare JAR files: JAPICMP comparison failed for org.codehaus.janino:janino
[2025-09-13 01:06:23] org.codehaus.janino:janino:3.0.6 -> org.codehaus.janino:janino:3.1.0 : Failed to compare JAR files: JAPICMP comparison failed for org.codehaus.janino:janino
[2025-09-13 01:06:26] org.codehaus.janino:janino:3.0.6 -> org.codehaus.janino:janino:3.1.1 : Failed to compare JAR files: JAPICMP comparison failed for org.codehaus.janino:janino
[2025-09-13 01:06:27] org.codehaus.janino:janino:3.0.6 -> org.codehaus.janino:janino:3.1.2 : Failed to compare JAR files: JAPICMP comparison failed for org.codehaus.janino:janino
[2025-09-13 01:06:29] org.codehaus.janino:janino:3.0.6 -> org.codehaus.janino:janino:3.1.3 : Failed to compare JAR files: JAPICMP comparison failed for org.codehaus.janino:janino
[2025-09-13 01:06:31] org.codehaus.janino:janino:3.0.6 -> org.codehaus.janino:janino:3.1.4 : Failed to compare JAR files: JAPICMP comparison failed for org.codehaus.janino:janino
[2025-09-13 01:06:32] org.codehaus.janino:janino:3.0.6 -> org.codehaus.janino:janino:3.1.6 : Failed to compare JAR files: JAPICMP comparison failed for org.codehaus.janino:janino
[2025-09-13 01:06:33] org.codehaus.janino:janino:3.0.6 -> org.codehaus.janino:janino:3.1.7 : Failed to compare JAR files: JAPICMP comparison failed for org.codehaus.janino:janino
[2025-09-13 01:06:33] org.codehaus.janino:janino:3.0.6 -> org.codehaus.janino:janino:3.1.8 : Failed to compare JAR files: JAPICMP comparison failed for org.codehaus.janino:janino
[2025-09-13 01:06:34] org.codehaus.janino:janino:3.0.6 -> org.codehaus.janino:janino:3.1.9 : Failed to compare JAR files: JAPICMP comparison failed for org.codehaus.janino:janino
[2025-09-13 01:06:34] org.codehaus.janino:janino:3.0.6 -> org.codehaus.janino:janino:3.1.10 : Failed to compare JAR files: JAPICMP comparison failed for org.codehaus.janino:janino
[2025-09-13 01:06:34] org.codehaus.janino:janino:3.0.6 -> org.codehaus.janino:janino:3.1.11 : Failed to compare JAR files: JAPICMP comparison failed for org.codehaus.janino:janino
[2025-09-13 01:06:34] org.codehaus.janino:janino:3.0.6 -> org.codehaus.janino:janino:3.1.12 : Failed to compare JAR files: JAPICMP comparison failed for org.codehaus.janino:janino
[2025-09-13 01:07:49] ch.qos.logback:logback-classic:1.3.0 -> ch.qos.logback:logback-classic:1.3.1 : Failed to compare JAR files: JAPICMP comparison failed for ch.qos.logback:logback-classic
[2025-09-13 01:07:50] ch.qos.logback:logback-classic:1.3.0 -> ch.qos.logback:logback-classic:1.3.2 : Failed to compare JAR files: JAPICMP comparison failed for ch.qos.logback:logback-classic
[2025-09-13 01:07:51] ch.qos.logback:logback-classic:1.3.0 -> ch.qos.logback:logback-classic:1.3.3 : Failed to compare JAR files: JAPICMP comparison failed for ch.qos.logback:logback-classic
[2025-09-13 01:07:51] ch.qos.logback:logback-classic:1.3.0 -> ch.qos.logback:logback-classic:1.3.4 : Failed to compare JAR files: JAPICMP comparison failed for ch.qos.logback:logback-classic
[2025-09-13 01:07:52] ch.qos.logback:logback-classic:1.3.0 -> ch.qos.logback:logback-classic:1.3.5 : Failed to compare JAR files: JAPICMP comparison failed for ch.qos.logback:logback-classic
[2025-09-13 01:07:53] ch.qos.logback:logback-classic:1.3.0 -> ch.qos.logback:logback-classic:1.3.6 : Failed to compare JAR files: JAPICMP comparison failed for ch.qos.logback:logback-classic
[2025-09-13 01:07:53] ch.qos.logback:logback-classic:1.3.0 -> ch.qos.logback:logback-classic:1.3.7 : Failed to compare JAR files: JAPICMP comparison failed for ch.qos.logback:logback-classic
[2025-09-13 01:07:54] ch.qos.logback:logback-classic:1.3.0 -> ch.qos.logback:logback-classic:1.3.8 : Failed to compare JAR files: JAPICMP comparison failed for ch.qos.logback:logback-classic
[2025-09-13 01:07:54] ch.qos.logback:logback-classic:1.3.0 -> ch.qos.logback:logback-classic:1.3.9 : Failed to compare JAR files: JAPICMP comparison failed for ch.qos.logback:logback-classic
[2025-09-13 01:07:54] ch.qos.logback:logback-classic:1.3.0 -> ch.qos.logback:logback-classic:1.3.10 : Failed to compare JAR files: JAPICMP comparison failed for ch.qos.logback:logback-classic
[2025-09-13 01:07:55] ch.qos.logback:logback-classic:1.3.0 -> ch.qos.logback:logback-classic:1.3.11 : Failed to compare JAR files: JAPICMP comparison failed for ch.qos.logback:logback-classic
[2025-09-13 01:07:55] ch.qos.logback:logback-classic:1.3.0 -> ch.qos.logback:logback-classic:1.3.12 : Failed to compare JAR files: JAPICMP comparison failed for ch.qos.logback:logback-classic
[2025-09-13 01:07:56] ch.qos.logback:logback-classic:1.3.0 -> ch.qos.logback:logback-classic:1.3.13 : Failed to compare JAR files: JAPICMP comparison failed for ch.qos.logback:logback-classic
[2025-09-13 01:07:56] ch.qos.logback:logback-classic:1.3.0 -> ch.qos.logback:logback-classic:1.3.14 : Failed to compare JAR files: JAPICMP comparison failed for ch.qos.logback:logback-classic
[2025-09-13 01:07:57] ch.qos.logback:logback-classic:1.3.0 -> ch.qos.logback:logback-classic:1.3.15 : Failed to compare JAR files: JAPICMP comparison failed for ch.qos.logback:logback-classic
[2025-09-13 01:07:58] ch.qos.logback:logback-classic:1.3.0 -> ch.qos.logback:logback-classic:1.4.0 : Failed to compare JAR files: JAPICMP comparison failed for ch.qos.logback:logback-classic
[2025-09-13 01:07:59] ch.qos.logback:logback-classic:1.3.0 -> ch.qos.logback:logback-classic:1.4.1 : Failed to compare JAR files: JAPICMP comparison failed for ch.qos.logback:logback-classic
[2025-09-13 01:07:59] ch.qos.logback:logback-classic:1.3.0 -> ch.qos.logback:logback-classic:1.4.2 : Failed to compare JAR files: JAPICMP comparison failed for ch.qos.logback:logback-classic
[2025-09-13 01:08:00] ch.qos.logback:logback-classic:1.3.0 -> ch.qos.logback:logback-classic:1.4.3 : Failed to compare JAR files: JAPICMP comparison failed for ch.qos.logback:logback-classic
[2025-09-13 01:08:00] ch.qos.logback:logback-classic:1.3.0 -> ch.qos.logback:logback-classic:1.4.4 : Failed to compare JAR files: JAPICMP comparison failed for ch.qos.logback:logback-classic
[2025-09-13 01:08:01] ch.qos.logback:logback-classic:1.3.0 -> ch.qos.logback:logback-classic:1.4.5 : Failed to compare JAR files: JAPICMP comparison failed for ch.qos.logback:logback-classic
[2025-09-13 01:08:01] ch.qos.logback:logback-classic:1.3.0 -> ch.qos.logback:logback-classic:1.4.6 : Failed to compare JAR files: JAPICMP comparison failed for ch.qos.logback:logback-classic
[2025-09-13 01:08:01] ch.qos.logback:logback-classic:1.3.0 -> ch.qos.logback:logback-classic:1.4.7 : Failed to compare JAR files: JAPICMP comparison failed for ch.qos.logback:logback-classic
[2025-09-13 01:08:02] ch.qos.logback:logback-classic:1.3.0 -> ch.qos.logback:logback-classic:1.4.8 : Failed to compare JAR files: JAPICMP comparison failed for ch.qos.logback:logback-classic
[2025-09-13 01:08:02] ch.qos.logback:logback-classic:1.3.0 -> ch.qos.logback:logback-classic:1.4.9 : Failed to compare JAR files: JAPICMP comparison failed for ch.qos.logback:logback-classic
[2025-09-13 01:08:03] ch.qos.logback:logback-classic:1.3.0 -> ch.qos.logback:logback-classic:1.4.10 : Failed to compare JAR files: JAPICMP comparison failed for ch.qos.logback:logback-classic
[2025-09-13 01:08:03] ch.qos.logback:logback-classic:1.3.0 -> ch.qos.logback:logback-classic:1.4.11 : Failed to compare JAR files: JAPICMP comparison failed for ch.qos.logback:logback-classic
[2025-09-13 01:08:04] ch.qos.logback:logback-classic:1.3.0 -> ch.qos.logback:logback-classic:1.4.12 : Failed to compare JAR files: JAPICMP comparison failed for ch.qos.logback:logback-classic
[2025-09-13 01:08:04] ch.qos.logback:logback-classic:1.3.0 -> ch.qos.logback:logback-classic:1.4.13 : Failed to compare JAR files: JAPICMP comparison failed for ch.qos.logback:logback-classic
[2025-09-13 01:08:05] ch.qos.logback:logback-classic:1.3.0 -> ch.qos.logback:logback-classic:1.4.14 : Failed to compare JAR files: JAPICMP comparison failed for ch.qos.logback:logback-classic
[2025-09-13 01:08:05] ch.qos.logback:logback-classic:1.3.0 -> ch.qos.logback:logback-classic:1.5.0 : Failed to compare JAR files: JAPICMP comparison failed for ch.qos.logback:logback-classic
[2025-09-13 01:08:06] ch.qos.logback:logback-classic:1.3.0 -> ch.qos.logback:logback-classic:1.5.1 : Failed to compare JAR files: JAPICMP comparison failed for ch.qos.logback:logback-classic
[2025-09-13 01:08:07] ch.qos.logback:logback-classic:1.3.0 -> ch.qos.logback:logback-classic:1.5.2 : Failed to compare JAR files: JAPICMP comparison failed for ch.qos.logback:logback-classic
[2025-09-13 01:08:07] ch.qos.logback:logback-classic:1.3.0 -> ch.qos.logback:logback-classic:1.5.3 : Failed to compare JAR files: JAPICMP comparison failed for ch.qos.logback:logback-classic
[2025-09-13 01:08:07] ch.qos.logback:logback-classic:1.3.0 -> ch.qos.logback:logback-classic:1.5.4 : Failed to compare JAR files: JAPICMP comparison failed for ch.qos.logback:logback-classic
[2025-09-13 01:08:08] ch.qos.logback:logback-classic:1.3.0 -> ch.qos.logback:logback-classic:1.5.5 : Failed to compare JAR files: JAPICMP comparison failed for ch.qos.logback:logback-classic
[2025-09-13 01:08:08] ch.qos.logback:logback-classic:1.3.0 -> ch.qos.logback:logback-classic:1.5.6 : Failed to compare JAR files: JAPICMP comparison failed for ch.qos.logback:logback-classic
[2025-09-13 01:08:09] ch.qos.logback:logback-classic:1.3.0 -> ch.qos.logback:logback-classic:1.5.7 : Failed to compare JAR files: JAPICMP comparison failed for ch.qos.logback:logback-classic
[2025-09-13 01:08:09] ch.qos.logback:logback-classic:1.3.0 -> ch.qos.logback:logback-classic:1.5.8 : Failed to compare JAR files: JAPICMP comparison failed for ch.qos.logback:logback-classic
[2025-09-13 01:08:10] ch.qos.logback:logback-classic:1.3.0 -> ch.qos.logback:logback-classic:1.5.9 : Failed to compare JAR files: JAPICMP comparison failed for ch.qos.logback:logback-classic
[2025-09-13 01:08:10] ch.qos.logback:logback-classic:1.3.0 -> ch.qos.logback:logback-classic:1.5.10 : Failed to compare JAR files: JAPICMP comparison failed for ch.qos.logback:logback-classic
[2025-09-13 01:08:11] ch.qos.logback:logback-classic:1.3.0 -> ch.qos.logback:logback-classic:1.5.11 : Failed to compare JAR files: JAPICMP comparison failed for ch.qos.logback:logback-classic
[2025-09-13 01:08:11] ch.qos.logback:logback-classic:1.3.0 -> ch.qos.logback:logback-classic:1.5.12 : Failed to compare JAR files: JAPICMP comparison failed for ch.qos.logback:logback-classic
[2025-09-13 01:08:12] ch.qos.logback:logback-classic:1.3.0 -> ch.qos.logback:logback-classic:1.5.13 : Failed to compare JAR files: JAPICMP comparison failed for ch.qos.logback:logback-classic
[2025-09-13 01:08:12] ch.qos.logback:logback-classic:1.3.0 -> ch.qos.logback:logback-classic:1.5.14 : Failed to compare JAR files: JAPICMP comparison failed for ch.qos.logback:logback-classic
[2025-09-13 01:08:13] ch.qos.logback:logback-classic:1.3.0 -> ch.qos.logback:logback-classic:1.5.15 : Failed to compare JAR files: JAPICMP comparison failed for ch.qos.logback:logback-classic
[2025-09-13 01:08:13] ch.qos.logback:logback-classic:1.3.0 -> ch.qos.logback:logback-classic:1.5.16 : Failed to compare JAR files: JAPICMP comparison failed for ch.qos.logback:logback-classic
[2025-09-13 01:08:14] ch.qos.logback:logback-classic:1.3.0 -> ch.qos.logback:logback-classic:1.5.17 : Failed to compare JAR files: JAPICMP comparison failed for ch.qos.logback:logback-classic
[2025-09-13 01:08:14] ch.qos.logback:logback-classic:1.3.0 -> ch.qos.logback:logback-classic:1.5.18 : Failed to compare JAR files: JAPICMP comparison failed for ch.qos.logback:logback-classic

=== Summary ===
Total comparisons: 882
Failures: 73
Success rate: 91.72%
