=== Comparison Failure Log ===
[2025-09-10 11:52:02] org.springframework:spring-context:5.2.22.RELEASE -> org.springframework:spring-context:5.2.23.RELEASE : Failed to compare JAR files: JAPICMP comparison failed for org.springframework:spring-context
[2025-09-10 11:52:02] org.springframework:spring-context:5.2.22.RELEASE -> org.springframework:spring-context:5.2.24.RELEASE : Failed to compare JAR files: JAPICMP comparison failed for org.springframework:spring-context
[2025-09-10 11:52:03] org.springframework:spring-context:5.2.22.RELEASE -> org.springframework:spring-context:5.2.25.RELEASE : Failed to compare JAR files: JAPICMP comparison failed for org.springframework:spring-context
[2025-09-10 11:52:03] org.springframework:spring-context:5.2.22.RELEASE -> org.springframework:spring-context:5.3.0 : Failed to compare JAR files: JAPICMP comparison failed for org.springframework:spring-context
[2025-09-10 11:52:03] org.springframework:spring-context:5.2.22.RELEASE -> org.springframework:spring-context:5.3.1 : Failed to compare JAR files: JAPICMP comparison failed for org.springframework:spring-context
[2025-09-10 11:52:03] org.springframework:spring-context:5.2.22.RELEASE -> org.springframework:spring-context:5.3.2 : Failed to compare JAR files: JAPICMP comparison failed for org.springframework:spring-context
[2025-09-10 11:52:03] org.springframework:spring-context:5.2.22.RELEASE -> org.springframework:spring-context:5.3.3 : Failed to compare JAR files: JAPICMP comparison failed for org.springframework:spring-context
[2025-09-10 11:52:04] org.springframework:spring-context:5.2.22.RELEASE -> org.springframework:spring-context:5.3.4 : Failed to compare JAR files: JAPICMP comparison failed for org.springframework:spring-context
[2025-09-10 11:52:04] org.springframework:spring-context:5.2.22.RELEASE -> org.springframework:spring-context:5.3.5 : Failed to compare JAR files: JAPICMP comparison failed for org.springframework:spring-context
[2025-09-10 11:52:04] org.springframework:spring-context:5.2.22.RELEASE -> org.springframework:spring-context:5.3.6 : Failed to compare JAR files: JAPICMP comparison failed for org.springframework:spring-context
[2025-09-10 11:52:04] org.springframework:spring-context:5.2.22.RELEASE -> org.springframework:spring-context:5.3.7 : Failed to compare JAR files: JAPICMP comparison failed for org.springframework:spring-context
[2025-09-10 11:52:05] org.springframework:spring-context:5.2.22.RELEASE -> org.springframework:spring-context:5.3.8 : Failed to compare JAR files: JAPICMP comparison failed for org.springframework:spring-context
[2025-09-10 11:52:05] org.springframework:spring-context:5.2.22.RELEASE -> org.springframework:spring-context:5.3.9 : Failed to compare JAR files: JAPICMP comparison failed for org.springframework:spring-context
[2025-09-10 11:52:05] org.springframework:spring-context:5.2.22.RELEASE -> org.springframework:spring-context:5.3.10 : Failed to compare JAR files: JAPICMP comparison failed for org.springframework:spring-context
[2025-09-10 11:52:05] org.springframework:spring-context:5.2.22.RELEASE -> org.springframework:spring-context:5.3.11 : Failed to compare JAR files: JAPICMP comparison failed for org.springframework:spring-context
[2025-09-10 11:52:06] org.springframework:spring-context:5.2.22.RELEASE -> org.springframework:spring-context:5.3.12 : Failed to compare JAR files: JAPICMP comparison failed for org.springframework:spring-context
[2025-09-10 11:52:06] org.springframework:spring-context:5.2.22.RELEASE -> org.springframework:spring-context:5.3.13 : Failed to compare JAR files: JAPICMP comparison failed for org.springframework:spring-context
[2025-09-10 11:52:06] org.springframework:spring-context:5.2.22.RELEASE -> org.springframework:spring-context:5.3.14 : Failed to compare JAR files: JAPICMP comparison failed for org.springframework:spring-context
[2025-09-10 11:52:06] org.springframework:spring-context:5.2.22.RELEASE -> org.springframework:spring-context:5.3.15 : Failed to compare JAR files: JAPICMP comparison failed for org.springframework:spring-context
[2025-09-10 11:52:06] org.springframework:spring-context:5.2.22.RELEASE -> org.springframework:spring-context:5.3.16 : Failed to compare JAR files: JAPICMP comparison failed for org.springframework:spring-context
[2025-09-10 11:52:07] org.springframework:spring-context:5.2.22.RELEASE -> org.springframework:spring-context:5.3.17 : Failed to compare JAR files: JAPICMP comparison failed for org.springframework:spring-context
[2025-09-10 11:52:07] org.springframework:spring-context:5.2.22.RELEASE -> org.springframework:spring-context:5.3.18 : Failed to compare JAR files: JAPICMP comparison failed for org.springframework:spring-context
[2025-09-10 11:52:07] org.springframework:spring-context:5.2.22.RELEASE -> org.springframework:spring-context:5.3.19 : Failed to compare JAR files: JAPICMP comparison failed for org.springframework:spring-context
[2025-09-10 11:52:07] org.springframework:spring-context:5.2.22.RELEASE -> org.springframework:spring-context:5.3.20 : Failed to compare JAR files: JAPICMP comparison failed for org.springframework:spring-context
[2025-09-10 11:52:07] org.springframework:spring-context:5.2.22.RELEASE -> org.springframework:spring-context:5.3.21 : Failed to compare JAR files: JAPICMP comparison failed for org.springframework:spring-context
[2025-09-10 11:52:08] org.springframework:spring-context:5.2.22.RELEASE -> org.springframework:spring-context:5.3.22 : Failed to compare JAR files: JAPICMP comparison failed for org.springframework:spring-context
[2025-09-10 11:52:08] org.springframework:spring-context:5.2.22.RELEASE -> org.springframework:spring-context:5.3.23 : Failed to compare JAR files: JAPICMP comparison failed for org.springframework:spring-context
[2025-09-10 11:52:08] org.springframework:spring-context:5.2.22.RELEASE -> org.springframework:spring-context:5.3.24 : Failed to compare JAR files: JAPICMP comparison failed for org.springframework:spring-context
[2025-09-10 11:52:08] org.springframework:spring-context:5.2.22.RELEASE -> org.springframework:spring-context:5.3.25 : Failed to compare JAR files: JAPICMP comparison failed for org.springframework:spring-context
[2025-09-10 11:52:08] org.springframework:spring-context:5.2.22.RELEASE -> org.springframework:spring-context:5.3.26 : Failed to compare JAR files: JAPICMP comparison failed for org.springframework:spring-context
[2025-09-10 11:52:09] org.springframework:spring-context:5.2.22.RELEASE -> org.springframework:spring-context:5.3.27 : Failed to compare JAR files: JAPICMP comparison failed for org.springframework:spring-context
[2025-09-10 11:52:09] org.springframework:spring-context:5.2.22.RELEASE -> org.springframework:spring-context:5.3.28 : Failed to compare JAR files: JAPICMP comparison failed for org.springframework:spring-context
[2025-09-10 11:52:09] org.springframework:spring-context:5.2.22.RELEASE -> org.springframework:spring-context:5.3.29 : Failed to compare JAR files: JAPICMP comparison failed for org.springframework:spring-context
[2025-09-10 11:52:09] org.springframework:spring-context:5.2.22.RELEASE -> org.springframework:spring-context:5.3.30 : Failed to compare JAR files: JAPICMP comparison failed for org.springframework:spring-context
[2025-09-10 11:52:09] org.springframework:spring-context:5.2.22.RELEASE -> org.springframework:spring-context:5.3.31 : Failed to compare JAR files: JAPICMP comparison failed for org.springframework:spring-context
[2025-09-10 11:52:10] org.springframework:spring-context:5.2.22.RELEASE -> org.springframework:spring-context:5.3.32 : Failed to compare JAR files: JAPICMP comparison failed for org.springframework:spring-context
[2025-09-10 11:52:10] org.springframework:spring-context:5.2.22.RELEASE -> org.springframework:spring-context:5.3.33 : Failed to compare JAR files: JAPICMP comparison failed for org.springframework:spring-context
[2025-09-10 11:52:10] org.springframework:spring-context:5.2.22.RELEASE -> org.springframework:spring-context:5.3.34 : Failed to compare JAR files: JAPICMP comparison failed for org.springframework:spring-context
[2025-09-10 11:52:10] org.springframework:spring-context:5.2.22.RELEASE -> org.springframework:spring-context:5.3.35 : Failed to compare JAR files: JAPICMP comparison failed for org.springframework:spring-context
[2025-09-10 11:52:10] org.springframework:spring-context:5.2.22.RELEASE -> org.springframework:spring-context:5.3.36 : Failed to compare JAR files: JAPICMP comparison failed for org.springframework:spring-context
[2025-09-10 11:52:11] org.springframework:spring-context:5.2.22.RELEASE -> org.springframework:spring-context:5.3.37 : Failed to compare JAR files: JAPICMP comparison failed for org.springframework:spring-context
[2025-09-10 11:52:11] org.springframework:spring-context:5.2.22.RELEASE -> org.springframework:spring-context:5.3.38 : Failed to compare JAR files: JAPICMP comparison failed for org.springframework:spring-context
[2025-09-10 11:52:11] org.springframework:spring-context:5.2.22.RELEASE -> org.springframework:spring-context:5.3.39 : Failed to compare JAR files: JAPICMP comparison failed for org.springframework:spring-context
[2025-09-10 11:52:12] ch.qos.logback:logback-classic:1.3.0 -> ch.qos.logback:logback-classic:1.3.1 : Failed to compare JAR files: JAPICMP comparison failed for ch.qos.logback:logback-classic
[2025-09-10 11:52:12] ch.qos.logback:logback-classic:1.3.0 -> ch.qos.logback:logback-classic:1.3.2 : Failed to compare JAR files: JAPICMP comparison failed for ch.qos.logback:logback-classic
[2025-09-10 11:52:12] ch.qos.logback:logback-classic:1.3.0 -> ch.qos.logback:logback-classic:1.3.3 : Failed to compare JAR files: JAPICMP comparison failed for ch.qos.logback:logback-classic
[2025-09-10 11:52:12] ch.qos.logback:logback-classic:1.3.0 -> ch.qos.logback:logback-classic:1.3.4 : Failed to compare JAR files: JAPICMP comparison failed for ch.qos.logback:logback-classic
[2025-09-10 11:52:12] ch.qos.logback:logback-classic:1.3.0 -> ch.qos.logback:logback-classic:1.3.5 : Failed to compare JAR files: JAPICMP comparison failed for ch.qos.logback:logback-classic
[2025-09-10 11:52:12] ch.qos.logback:logback-classic:1.3.0 -> ch.qos.logback:logback-classic:1.3.6 : Failed to compare JAR files: JAPICMP comparison failed for ch.qos.logback:logback-classic
[2025-09-10 11:52:13] ch.qos.logback:logback-classic:1.3.0 -> ch.qos.logback:logback-classic:1.3.7 : Failed to compare JAR files: JAPICMP comparison failed for ch.qos.logback:logback-classic
[2025-09-10 11:52:13] ch.qos.logback:logback-classic:1.3.0 -> ch.qos.logback:logback-classic:1.3.8 : Failed to compare JAR files: JAPICMP comparison failed for ch.qos.logback:logback-classic
[2025-09-10 11:52:13] ch.qos.logback:logback-classic:1.3.0 -> ch.qos.logback:logback-classic:1.3.9 : Failed to compare JAR files: JAPICMP comparison failed for ch.qos.logback:logback-classic
[2025-09-10 11:52:13] ch.qos.logback:logback-classic:1.3.0 -> ch.qos.logback:logback-classic:1.3.10 : Failed to compare JAR files: JAPICMP comparison failed for ch.qos.logback:logback-classic
[2025-09-10 11:52:13] ch.qos.logback:logback-classic:1.3.0 -> ch.qos.logback:logback-classic:1.3.11 : Failed to compare JAR files: JAPICMP comparison failed for ch.qos.logback:logback-classic
[2025-09-10 11:52:13] ch.qos.logback:logback-classic:1.3.0 -> ch.qos.logback:logback-classic:1.3.12 : Failed to compare JAR files: JAPICMP comparison failed for ch.qos.logback:logback-classic
[2025-09-10 11:52:13] ch.qos.logback:logback-classic:1.3.0 -> ch.qos.logback:logback-classic:1.3.13 : Failed to compare JAR files: JAPICMP comparison failed for ch.qos.logback:logback-classic
[2025-09-10 11:52:13] ch.qos.logback:logback-classic:1.3.0 -> ch.qos.logback:logback-classic:1.3.14 : Failed to compare JAR files: JAPICMP comparison failed for ch.qos.logback:logback-classic
[2025-09-10 11:52:14] ch.qos.logback:logback-classic:1.3.0 -> ch.qos.logback:logback-classic:1.3.15 : Failed to compare JAR files: JAPICMP comparison failed for ch.qos.logback:logback-classic
[2025-09-10 11:52:14] ch.qos.logback:logback-classic:1.3.0 -> ch.qos.logback:logback-classic:1.4.0 : Failed to compare JAR files: JAPICMP comparison failed for ch.qos.logback:logback-classic
[2025-09-10 11:52:14] ch.qos.logback:logback-classic:1.3.0 -> ch.qos.logback:logback-classic:1.4.1 : Failed to compare JAR files: JAPICMP comparison failed for ch.qos.logback:logback-classic
[2025-09-10 11:52:14] ch.qos.logback:logback-classic:1.3.0 -> ch.qos.logback:logback-classic:1.4.2 : Failed to compare JAR files: JAPICMP comparison failed for ch.qos.logback:logback-classic
[2025-09-10 11:52:14] ch.qos.logback:logback-classic:1.3.0 -> ch.qos.logback:logback-classic:1.4.3 : Failed to compare JAR files: JAPICMP comparison failed for ch.qos.logback:logback-classic
[2025-09-10 11:52:14] ch.qos.logback:logback-classic:1.3.0 -> ch.qos.logback:logback-classic:1.4.4 : Failed to compare JAR files: JAPICMP comparison failed for ch.qos.logback:logback-classic
[2025-09-10 11:52:14] ch.qos.logback:logback-classic:1.3.0 -> ch.qos.logback:logback-classic:1.4.5 : Failed to compare JAR files: JAPICMP comparison failed for ch.qos.logback:logback-classic
[2025-09-10 11:52:14] ch.qos.logback:logback-classic:1.3.0 -> ch.qos.logback:logback-classic:1.4.6 : Failed to compare JAR files: JAPICMP comparison failed for ch.qos.logback:logback-classic
[2025-09-10 11:52:15] ch.qos.logback:logback-classic:1.3.0 -> ch.qos.logback:logback-classic:1.4.7 : Failed to compare JAR files: JAPICMP comparison failed for ch.qos.logback:logback-classic
[2025-09-10 11:52:15] ch.qos.logback:logback-classic:1.3.0 -> ch.qos.logback:logback-classic:1.4.8 : Failed to compare JAR files: JAPICMP comparison failed for ch.qos.logback:logback-classic
[2025-09-10 11:52:15] ch.qos.logback:logback-classic:1.3.0 -> ch.qos.logback:logback-classic:1.4.9 : Failed to compare JAR files: JAPICMP comparison failed for ch.qos.logback:logback-classic
[2025-09-10 11:52:15] ch.qos.logback:logback-classic:1.3.0 -> ch.qos.logback:logback-classic:1.4.10 : Failed to compare JAR files: JAPICMP comparison failed for ch.qos.logback:logback-classic
[2025-09-10 11:52:15] ch.qos.logback:logback-classic:1.3.0 -> ch.qos.logback:logback-classic:1.4.11 : Failed to compare JAR files: JAPICMP comparison failed for ch.qos.logback:logback-classic
[2025-09-10 11:52:15] ch.qos.logback:logback-classic:1.3.0 -> ch.qos.logback:logback-classic:1.4.12 : Failed to compare JAR files: JAPICMP comparison failed for ch.qos.logback:logback-classic
[2025-09-10 11:52:15] ch.qos.logback:logback-classic:1.3.0 -> ch.qos.logback:logback-classic:1.4.13 : Failed to compare JAR files: JAPICMP comparison failed for ch.qos.logback:logback-classic
[2025-09-10 11:52:15] ch.qos.logback:logback-classic:1.3.0 -> ch.qos.logback:logback-classic:1.4.14 : Failed to compare JAR files: JAPICMP comparison failed for ch.qos.logback:logback-classic
[2025-09-10 11:52:15] ch.qos.logback:logback-classic:1.3.0 -> ch.qos.logback:logback-classic:1.5.0 : Failed to compare JAR files: JAPICMP comparison failed for ch.qos.logback:logback-classic
[2025-09-10 11:52:16] ch.qos.logback:logback-classic:1.3.0 -> ch.qos.logback:logback-classic:1.5.1 : Failed to compare JAR files: JAPICMP comparison failed for ch.qos.logback:logback-classic
[2025-09-10 11:52:16] ch.qos.logback:logback-classic:1.3.0 -> ch.qos.logback:logback-classic:1.5.2 : Failed to compare JAR files: JAPICMP comparison failed for ch.qos.logback:logback-classic
[2025-09-10 11:52:16] ch.qos.logback:logback-classic:1.3.0 -> ch.qos.logback:logback-classic:1.5.3 : Failed to compare JAR files: JAPICMP comparison failed for ch.qos.logback:logback-classic
[2025-09-10 11:52:16] ch.qos.logback:logback-classic:1.3.0 -> ch.qos.logback:logback-classic:1.5.4 : Failed to compare JAR files: JAPICMP comparison failed for ch.qos.logback:logback-classic
[2025-09-10 11:52:16] ch.qos.logback:logback-classic:1.3.0 -> ch.qos.logback:logback-classic:1.5.5 : Failed to compare JAR files: JAPICMP comparison failed for ch.qos.logback:logback-classic
[2025-09-10 11:52:16] ch.qos.logback:logback-classic:1.3.0 -> ch.qos.logback:logback-classic:1.5.6 : Failed to compare JAR files: JAPICMP comparison failed for ch.qos.logback:logback-classic
[2025-09-10 11:52:16] ch.qos.logback:logback-classic:1.3.0 -> ch.qos.logback:logback-classic:1.5.7 : Failed to compare JAR files: JAPICMP comparison failed for ch.qos.logback:logback-classic
[2025-09-10 11:52:17] ch.qos.logback:logback-classic:1.3.0 -> ch.qos.logback:logback-classic:1.5.8 : Failed to compare JAR files: JAPICMP comparison failed for ch.qos.logback:logback-classic
[2025-09-10 11:52:17] ch.qos.logback:logback-classic:1.3.0 -> ch.qos.logback:logback-classic:1.5.9 : Failed to compare JAR files: JAPICMP comparison failed for ch.qos.logback:logback-classic
[2025-09-10 11:52:17] ch.qos.logback:logback-classic:1.3.0 -> ch.qos.logback:logback-classic:1.5.10 : Failed to compare JAR files: JAPICMP comparison failed for ch.qos.logback:logback-classic
[2025-09-10 11:52:17] ch.qos.logback:logback-classic:1.3.0 -> ch.qos.logback:logback-classic:1.5.11 : Failed to compare JAR files: JAPICMP comparison failed for ch.qos.logback:logback-classic
[2025-09-10 11:52:17] ch.qos.logback:logback-classic:1.3.0 -> ch.qos.logback:logback-classic:1.5.12 : Failed to compare JAR files: JAPICMP comparison failed for ch.qos.logback:logback-classic
[2025-09-10 11:52:17] ch.qos.logback:logback-classic:1.3.0 -> ch.qos.logback:logback-classic:1.5.13 : Failed to compare JAR files: JAPICMP comparison failed for ch.qos.logback:logback-classic
[2025-09-10 11:52:17] ch.qos.logback:logback-classic:1.3.0 -> ch.qos.logback:logback-classic:1.5.14 : Failed to compare JAR files: JAPICMP comparison failed for ch.qos.logback:logback-classic
[2025-09-10 11:52:17] ch.qos.logback:logback-classic:1.3.0 -> ch.qos.logback:logback-classic:1.5.15 : Failed to compare JAR files: JAPICMP comparison failed for ch.qos.logback:logback-classic
[2025-09-10 11:52:18] ch.qos.logback:logback-classic:1.3.0 -> ch.qos.logback:logback-classic:1.5.16 : Failed to compare JAR files: JAPICMP comparison failed for ch.qos.logback:logback-classic
[2025-09-10 11:52:18] ch.qos.logback:logback-classic:1.3.0 -> ch.qos.logback:logback-classic:1.5.17 : Failed to compare JAR files: JAPICMP comparison failed for ch.qos.logback:logback-classic
[2025-09-10 11:52:18] ch.qos.logback:logback-classic:1.3.0 -> ch.qos.logback:logback-classic:1.5.18 : Failed to compare JAR files: JAPICMP comparison failed for ch.qos.logback:logback-classic
[2025-09-10 11:52:19] com.h2database:h2:2.2.224 -> com.h2database:h2:2.3.230 : Failed to compare JAR files: JAPICMP comparison failed for com.h2database:h2
[2025-09-10 11:52:19] com.h2database:h2:2.2.224 -> com.h2database:h2:2.3.232 : Failed to compare JAR files: JAPICMP comparison failed for com.h2database:h2
[2025-09-10 11:52:20] com.mysql:mysql-connector-j:8.2.0 -> com.mysql:mysql-connector-j:8.3.0 : Failed to compare JAR files: JAPICMP comparison failed for com.mysql:mysql-connector-j
[2025-09-10 11:52:20] com.mysql:mysql-connector-j:8.2.0 -> com.mysql:mysql-connector-j:8.4.0 : Failed to compare JAR files: JAPICMP comparison failed for com.mysql:mysql-connector-j

=== Summary ===
Total comparisons: 101
Failures: 96
Success rate: 4.95%
