=== Comparison Failure Log ===
[2025-09-13 06:04:36] com.alibaba:fastjson:1.2.47 -> com.alibaba:fastjson:1.2.48 : Failed to compare JAR files: JAPICMP comparison failed for com.alibaba:fastjson
[2025-09-13 06:04:37] com.alibaba:fastjson:1.2.47 -> com.alibaba:fastjson:1.2.48_noneautotype : Failed to compare JAR files: JAPICMP comparison failed for com.alibaba:fastjson
[2025-09-13 06:04:38] com.alibaba:fastjson:1.2.47 -> com.alibaba:fastjson:1.2.48.sec06 : Failed to compare JAR files: JAPICMP comparison failed for com.alibaba:fastjson
[2025-09-13 06:04:39] com.alibaba:fastjson:1.2.47 -> com.alibaba:fastjson:1.2.48.sec09 : Failed to compare JAR files: JAPICMP comparison failed for com.alibaba:fastjson
[2025-09-13 06:04:40] com.alibaba:fastjson:1.2.47 -> com.alibaba:fastjson:1.2.48.sec09_noneautotype : Failed to compare JAR files: JAPICMP comparison failed for com.alibaba:fastjson
[2025-09-13 06:04:41] com.alibaba:fastjson:1.2.47 -> com.alibaba:fastjson:1.2.48.sec10 : Failed to compare JAR files: JAPICMP comparison failed for com.alibaba:fastjson
[2025-09-13 06:04:41] com.alibaba:fastjson:1.2.47 -> com.alibaba:fastjson:1.2.49 : Failed to compare JAR files: JAPICMP comparison failed for com.alibaba:fastjson
[2025-09-13 06:04:42] com.alibaba:fastjson:1.2.47 -> com.alibaba:fastjson:1.2.50 : Failed to compare JAR files: JAPICMP comparison failed for com.alibaba:fastjson
[2025-09-13 06:04:42] com.alibaba:fastjson:1.2.47 -> com.alibaba:fastjson:1.2.50_noneautotype : Failed to compare JAR files: JAPICMP comparison failed for com.alibaba:fastjson
[2025-09-13 06:04:42] com.alibaba:fastjson:1.2.47 -> com.alibaba:fastjson:1.2.50.sec10 : Failed to compare JAR files: JAPICMP comparison failed for com.alibaba:fastjson
[2025-09-13 06:04:42] com.alibaba:fastjson:1.2.47 -> com.alibaba:fastjson:1.2.51 : Failed to compare JAR files: JAPICMP comparison failed for com.alibaba:fastjson
[2025-09-13 06:04:42] com.alibaba:fastjson:1.2.47 -> com.alibaba:fastjson:1.2.51.sec06 : Failed to compare JAR files: JAPICMP comparison failed for com.alibaba:fastjson
[2025-09-13 06:04:42] com.alibaba:fastjson:1.2.47 -> com.alibaba:fastjson:1.2.51.sec10 : Failed to compare JAR files: JAPICMP comparison failed for com.alibaba:fastjson
[2025-09-13 06:04:42] com.alibaba:fastjson:1.2.47 -> com.alibaba:fastjson:1.2.52 : Failed to compare JAR files: JAPICMP comparison failed for com.alibaba:fastjson
[2025-09-13 06:04:42] com.alibaba:fastjson:1.2.47 -> com.alibaba:fastjson:1.2.52.sec06 : Failed to compare JAR files: JAPICMP comparison failed for com.alibaba:fastjson
[2025-09-13 06:04:43] com.alibaba:fastjson:1.2.47 -> com.alibaba:fastjson:1.2.52.sec09_noneautotype : Failed to compare JAR files: JAPICMP comparison failed for com.alibaba:fastjson
[2025-09-13 06:04:43] com.alibaba:fastjson:1.2.47 -> com.alibaba:fastjson:1.2.52.sec10 : Failed to compare JAR files: JAPICMP comparison failed for com.alibaba:fastjson
[2025-09-13 06:04:43] com.alibaba:fastjson:1.2.47 -> com.alibaba:fastjson:1.2.53 : Failed to compare JAR files: JAPICMP comparison failed for com.alibaba:fastjson
[2025-09-13 06:04:43] com.alibaba:fastjson:1.2.47 -> com.alibaba:fastjson:1.2.54 : Failed to compare JAR files: JAPICMP comparison failed for com.alibaba:fastjson
[2025-09-13 06:04:43] com.alibaba:fastjson:1.2.47 -> com.alibaba:fastjson:1.2.54_noneautotype : Failed to compare JAR files: JAPICMP comparison failed for com.alibaba:fastjson
[2025-09-13 06:04:43] com.alibaba:fastjson:1.2.47 -> com.alibaba:fastjson:1.2.54.sec06 : Failed to compare JAR files: JAPICMP comparison failed for com.alibaba:fastjson
[2025-09-13 06:04:43] com.alibaba:fastjson:1.2.47 -> com.alibaba:fastjson:1.2.54.sec10 : Failed to compare JAR files: JAPICMP comparison failed for com.alibaba:fastjson
[2025-09-13 06:04:43] com.alibaba:fastjson:1.2.47 -> com.alibaba:fastjson:1.2.55 : Failed to compare JAR files: JAPICMP comparison failed for com.alibaba:fastjson
[2025-09-13 06:04:44] com.alibaba:fastjson:1.2.47 -> com.alibaba:fastjson:1.2.55.sec10 : Failed to compare JAR files: JAPICMP comparison failed for com.alibaba:fastjson
[2025-09-13 06:04:44] com.alibaba:fastjson:1.2.47 -> com.alibaba:fastjson:1.2.56 : Failed to compare JAR files: JAPICMP comparison failed for com.alibaba:fastjson
[2025-09-13 06:04:44] com.alibaba:fastjson:1.2.47 -> com.alibaba:fastjson:1.2.56.sec06 : Failed to compare JAR files: JAPICMP comparison failed for com.alibaba:fastjson
[2025-09-13 06:04:44] com.alibaba:fastjson:1.2.47 -> com.alibaba:fastjson:1.2.57 : Failed to compare JAR files: JAPICMP comparison failed for com.alibaba:fastjson
[2025-09-13 06:04:44] com.alibaba:fastjson:1.2.47 -> com.alibaba:fastjson:1.2.57_noneautotype : Failed to compare JAR files: JAPICMP comparison failed for com.alibaba:fastjson
[2025-09-13 06:04:44] com.alibaba:fastjson:1.2.47 -> com.alibaba:fastjson:1.2.57.sec06 : Failed to compare JAR files: JAPICMP comparison failed for com.alibaba:fastjson
[2025-09-13 06:04:44] com.alibaba:fastjson:1.2.47 -> com.alibaba:fastjson:1.2.57.sec10 : Failed to compare JAR files: JAPICMP comparison failed for com.alibaba:fastjson
[2025-09-13 06:04:45] com.alibaba:fastjson:1.2.47 -> com.alibaba:fastjson:1.2.58 : Failed to compare JAR files: JAPICMP comparison failed for com.alibaba:fastjson
[2025-09-13 06:04:45] com.alibaba:fastjson:1.2.47 -> com.alibaba:fastjson:1.2.58.sec06 : Failed to compare JAR files: JAPICMP comparison failed for com.alibaba:fastjson
[2025-09-13 06:04:45] com.alibaba:fastjson:1.2.47 -> com.alibaba:fastjson:1.2.58.sec09 : Failed to compare JAR files: JAPICMP comparison failed for com.alibaba:fastjson
[2025-09-13 06:04:45] com.alibaba:fastjson:1.2.47 -> com.alibaba:fastjson:1.2.58.sec10 : Failed to compare JAR files: JAPICMP comparison failed for com.alibaba:fastjson
[2025-09-13 06:04:45] com.alibaba:fastjson:1.2.47 -> com.alibaba:fastjson:1.2.59 : Failed to compare JAR files: JAPICMP comparison failed for com.alibaba:fastjson
[2025-09-13 06:04:45] com.alibaba:fastjson:1.2.47 -> com.alibaba:fastjson:1.2.60 : Failed to compare JAR files: JAPICMP comparison failed for com.alibaba:fastjson
[2025-09-13 06:04:45] com.alibaba:fastjson:1.2.47 -> com.alibaba:fastjson:1.2.60_noneautotype : Failed to compare JAR files: JAPICMP comparison failed for com.alibaba:fastjson
[2025-09-13 06:04:45] com.alibaba:fastjson:1.2.47 -> com.alibaba:fastjson:1.2.60.sec09 : Failed to compare JAR files: JAPICMP comparison failed for com.alibaba:fastjson
[2025-09-13 06:04:46] com.alibaba:fastjson:1.2.47 -> com.alibaba:fastjson:1.2.60.sec09_noneautotype : Failed to compare JAR files: JAPICMP comparison failed for com.alibaba:fastjson
[2025-09-13 06:04:46] com.alibaba:fastjson:1.2.47 -> com.alibaba:fastjson:1.2.60.sec10 : Failed to compare JAR files: JAPICMP comparison failed for com.alibaba:fastjson
[2025-09-13 06:04:46] com.alibaba:fastjson:1.2.47 -> com.alibaba:fastjson:1.2.61 : Failed to compare JAR files: JAPICMP comparison failed for com.alibaba:fastjson
[2025-09-13 06:04:46] com.alibaba:fastjson:1.2.47 -> com.alibaba:fastjson:1.2.61.sec10 : Failed to compare JAR files: JAPICMP comparison failed for com.alibaba:fastjson
[2025-09-13 06:04:46] com.alibaba:fastjson:1.2.47 -> com.alibaba:fastjson:1.2.62 : Failed to compare JAR files: JAPICMP comparison failed for com.alibaba:fastjson
[2025-09-13 06:04:46] com.alibaba:fastjson:1.2.47 -> com.alibaba:fastjson:1.2.62_noneautotype : Failed to compare JAR files: JAPICMP comparison failed for com.alibaba:fastjson
[2025-09-13 06:04:46] com.alibaba:fastjson:1.2.47 -> com.alibaba:fastjson:1.2.63_noneautotype : Failed to compare JAR files: JAPICMP comparison failed for com.alibaba:fastjson
[2025-09-13 06:04:46] com.alibaba:fastjson:1.2.47 -> com.alibaba:fastjson:1.2.66 : Failed to compare JAR files: JAPICMP comparison failed for com.alibaba:fastjson
[2025-09-13 06:04:46] com.alibaba:fastjson:1.2.47 -> com.alibaba:fastjson:1.2.67 : Failed to compare JAR files: JAPICMP comparison failed for com.alibaba:fastjson
[2025-09-13 06:04:46] com.alibaba:fastjson:1.2.47 -> com.alibaba:fastjson:1.2.67_noneautotype : Failed to compare JAR files: JAPICMP comparison failed for com.alibaba:fastjson
[2025-09-13 06:04:47] com.alibaba:fastjson:1.2.47 -> com.alibaba:fastjson:1.2.67_noneautotype2 : Failed to compare JAR files: JAPICMP comparison failed for com.alibaba:fastjson
[2025-09-13 06:04:47] com.alibaba:fastjson:1.2.47 -> com.alibaba:fastjson:1.2.67.sec10 : Failed to compare JAR files: JAPICMP comparison failed for com.alibaba:fastjson
[2025-09-13 06:04:47] com.alibaba:fastjson:1.2.47 -> com.alibaba:fastjson:1.2.68 : Failed to compare JAR files: JAPICMP comparison failed for com.alibaba:fastjson
[2025-09-13 06:04:47] com.alibaba:fastjson:1.2.47 -> com.alibaba:fastjson:1.2.68.sec10 : Failed to compare JAR files: JAPICMP comparison failed for com.alibaba:fastjson
[2025-09-13 06:04:47] com.alibaba:fastjson:1.2.47 -> com.alibaba:fastjson:1.2.69 : Failed to compare JAR files: JAPICMP comparison failed for com.alibaba:fastjson
[2025-09-13 06:04:47] com.alibaba:fastjson:1.2.47 -> com.alibaba:fastjson:1.2.69_noneautotype : Failed to compare JAR files: JAPICMP comparison failed for com.alibaba:fastjson
[2025-09-13 06:04:47] com.alibaba:fastjson:1.2.47 -> com.alibaba:fastjson:1.2.69_sec11 : Failed to compare JAR files: JAPICMP comparison failed for com.alibaba:fastjson
[2025-09-13 06:04:52] com.alibaba:fastjson:1.2.47 -> com.alibaba:fastjson:1.2.69_sec12 : Failed to compare JAR files: JAPICMP comparison failed for com.alibaba:fastjson
[2025-09-13 06:04:52] com.alibaba:fastjson:1.2.47 -> com.alibaba:fastjson:1.2.70 : Failed to compare JAR files: JAPICMP comparison failed for com.alibaba:fastjson
[2025-09-13 06:04:52] com.alibaba:fastjson:1.2.47 -> com.alibaba:fastjson:1.2.71 : Failed to compare JAR files: JAPICMP comparison failed for com.alibaba:fastjson
[2025-09-13 06:04:52] com.alibaba:fastjson:1.2.47 -> com.alibaba:fastjson:1.2.71_noneautotype : Failed to compare JAR files: JAPICMP comparison failed for com.alibaba:fastjson
[2025-09-13 06:04:52] com.alibaba:fastjson:1.2.47 -> com.alibaba:fastjson:1.2.72 : Failed to compare JAR files: JAPICMP comparison failed for com.alibaba:fastjson
[2025-09-13 06:04:52] com.alibaba:fastjson:1.2.47 -> com.alibaba:fastjson:1.2.72_noneautotype : Failed to compare JAR files: JAPICMP comparison failed for com.alibaba:fastjson
[2025-09-13 06:04:52] com.alibaba:fastjson:1.2.47 -> com.alibaba:fastjson:1.2.73 : Failed to compare JAR files: JAPICMP comparison failed for com.alibaba:fastjson
[2025-09-13 06:04:52] com.alibaba:fastjson:1.2.47 -> com.alibaba:fastjson:1.2.74 : Failed to compare JAR files: JAPICMP comparison failed for com.alibaba:fastjson
[2025-09-13 06:04:52] com.alibaba:fastjson:1.2.47 -> com.alibaba:fastjson:1.2.75 : Failed to compare JAR files: JAPICMP comparison failed for com.alibaba:fastjson
[2025-09-13 06:04:52] com.alibaba:fastjson:1.2.47 -> com.alibaba:fastjson:1.2.75_noneautotype : Failed to compare JAR files: JAPICMP comparison failed for com.alibaba:fastjson
[2025-09-13 06:04:53] com.alibaba:fastjson:1.2.47 -> com.alibaba:fastjson:1.2.76 : Failed to compare JAR files: JAPICMP comparison failed for com.alibaba:fastjson
[2025-09-13 06:04:53] com.alibaba:fastjson:1.2.47 -> com.alibaba:fastjson:1.2.77 : Failed to compare JAR files: JAPICMP comparison failed for com.alibaba:fastjson
[2025-09-13 06:04:53] com.alibaba:fastjson:1.2.47 -> com.alibaba:fastjson:1.2.78 : Failed to compare JAR files: JAPICMP comparison failed for com.alibaba:fastjson
[2025-09-13 06:04:53] com.alibaba:fastjson:1.2.47 -> com.alibaba:fastjson:1.2.79 : Failed to compare JAR files: JAPICMP comparison failed for com.alibaba:fastjson
[2025-09-13 06:04:53] com.alibaba:fastjson:1.2.47 -> com.alibaba:fastjson:1.2.80 : Failed to compare JAR files: JAPICMP comparison failed for com.alibaba:fastjson
[2025-09-13 06:04:53] com.alibaba:fastjson:1.2.47 -> com.alibaba:fastjson:1.2.83 : Failed to compare JAR files: JAPICMP comparison failed for com.alibaba:fastjson
[2025-09-13 06:04:53] com.alibaba:fastjson:1.2.47 -> com.alibaba:fastjson:1.2.83_noneautotype : Failed to compare JAR files: JAPICMP comparison failed for com.alibaba:fastjson

=== Summary ===
Total comparisons: 318
Failures: 72
Success rate: 77.36%
