=== Comparison Failure Log ===
[2025-09-13 03:16:33] org.springframework:spring-webmvc:6.0.23 -> org.springframework:spring-webmvc:6.1.0 : Failed to compare JAR files: JAPICMP comparison failed for org.springframework:spring-webmvc
[2025-09-13 03:16:33] org.springframework:spring-webmvc:6.0.23 -> org.springframework:spring-webmvc:6.1.1 : Failed to compare JAR files: JAPICMP comparison failed for org.springframework:spring-webmvc
[2025-09-13 03:16:35] org.springframework:spring-webmvc:6.0.23 -> org.springframework:spring-webmvc:6.1.2 : Failed to compare JAR files: JAPICMP comparison failed for org.springframework:spring-webmvc
[2025-09-13 03:16:36] org.springframework:spring-webmvc:6.0.23 -> org.springframework:spring-webmvc:6.1.3 : Failed to compare JAR files: JAPICMP comparison failed for org.springframework:spring-webmvc
[2025-09-13 03:16:38] org.springframework:spring-webmvc:6.0.23 -> org.springframework:spring-webmvc:6.1.4 : Failed to compare JAR files: JAPICMP comparison failed for org.springframework:spring-webmvc
[2025-09-13 03:16:41] org.springframework:spring-webmvc:6.0.23 -> org.springframework:spring-webmvc:6.1.5 : Failed to compare JAR files: JAPICMP comparison failed for org.springframework:spring-webmvc
[2025-09-13 03:16:42] org.springframework:spring-webmvc:6.0.23 -> org.springframework:spring-webmvc:6.1.6 : Failed to compare JAR files: JAPICMP comparison failed for org.springframework:spring-webmvc
[2025-09-13 03:16:43] org.springframework:spring-webmvc:6.0.23 -> org.springframework:spring-webmvc:6.1.7 : Failed to compare JAR files: JAPICMP comparison failed for org.springframework:spring-webmvc
[2025-09-13 03:16:45] org.springframework:spring-webmvc:6.0.23 -> org.springframework:spring-webmvc:6.1.8 : Failed to compare JAR files: JAPICMP comparison failed for org.springframework:spring-webmvc
[2025-09-13 03:16:45] org.springframework:spring-webmvc:6.0.23 -> org.springframework:spring-webmvc:6.1.9 : Failed to compare JAR files: JAPICMP comparison failed for org.springframework:spring-webmvc
[2025-09-13 03:16:47] org.springframework:spring-webmvc:6.0.23 -> org.springframework:spring-webmvc:6.1.10 : Failed to compare JAR files: JAPICMP comparison failed for org.springframework:spring-webmvc
[2025-09-13 03:16:49] org.springframework:spring-webmvc:6.0.23 -> org.springframework:spring-webmvc:6.1.11 : Failed to compare JAR files: JAPICMP comparison failed for org.springframework:spring-webmvc
[2025-09-13 03:16:51] org.springframework:spring-webmvc:6.0.23 -> org.springframework:spring-webmvc:6.1.12 : Failed to compare JAR files: JAPICMP comparison failed for org.springframework:spring-webmvc
[2025-09-13 03:16:52] org.springframework:spring-webmvc:6.0.23 -> org.springframework:spring-webmvc:6.1.13 : Failed to compare JAR files: JAPICMP comparison failed for org.springframework:spring-webmvc
[2025-09-13 03:16:53] org.springframework:spring-webmvc:6.0.23 -> org.springframework:spring-webmvc:6.1.14 : Failed to compare JAR files: JAPICMP comparison failed for org.springframework:spring-webmvc
[2025-09-13 03:16:54] org.springframework:spring-webmvc:6.0.23 -> org.springframework:spring-webmvc:6.1.15 : Failed to compare JAR files: JAPICMP comparison failed for org.springframework:spring-webmvc
[2025-09-13 03:16:57] org.springframework:spring-webmvc:6.0.23 -> org.springframework:spring-webmvc:6.1.16 : Failed to compare JAR files: JAPICMP comparison failed for org.springframework:spring-webmvc
[2025-09-13 03:17:00] org.springframework:spring-webmvc:6.0.23 -> org.springframework:spring-webmvc:6.1.17 : Failed to compare JAR files: JAPICMP comparison failed for org.springframework:spring-webmvc
[2025-09-13 03:17:03] org.springframework:spring-webmvc:6.0.23 -> org.springframework:spring-webmvc:6.1.18 : Failed to compare JAR files: JAPICMP comparison failed for org.springframework:spring-webmvc
[2025-09-13 03:17:07] org.springframework:spring-webmvc:6.0.23 -> org.springframework:spring-webmvc:6.1.19 : Failed to compare JAR files: JAPICMP comparison failed for org.springframework:spring-webmvc
[2025-09-13 03:17:09] org.springframework:spring-webmvc:6.0.23 -> org.springframework:spring-webmvc:6.1.20 : Failed to compare JAR files: JAPICMP comparison failed for org.springframework:spring-webmvc
[2025-09-13 03:17:10] org.springframework:spring-webmvc:6.0.23 -> org.springframework:spring-webmvc:6.1.21 : Failed to compare JAR files: JAPICMP comparison failed for org.springframework:spring-webmvc
[2025-09-13 03:17:10] org.springframework:spring-webmvc:6.0.23 -> org.springframework:spring-webmvc:6.2.0 : Failed to compare JAR files: JAPICMP comparison failed for org.springframework:spring-webmvc
[2025-09-13 03:17:12] org.springframework:spring-webmvc:6.0.23 -> org.springframework:spring-webmvc:6.2.1 : Failed to compare JAR files: JAPICMP comparison failed for org.springframework:spring-webmvc
[2025-09-13 03:17:12] org.springframework:spring-webmvc:6.0.23 -> org.springframework:spring-webmvc:6.2.2 : Failed to compare JAR files: JAPICMP comparison failed for org.springframework:spring-webmvc
[2025-09-13 03:17:13] org.springframework:spring-webmvc:6.0.23 -> org.springframework:spring-webmvc:6.2.3 : Failed to compare JAR files: JAPICMP comparison failed for org.springframework:spring-webmvc
[2025-09-13 03:17:17] org.springframework:spring-webmvc:6.0.23 -> org.springframework:spring-webmvc:6.2.4 : Failed to compare JAR files: JAPICMP comparison failed for org.springframework:spring-webmvc
[2025-09-13 03:17:19] org.springframework:spring-webmvc:6.0.23 -> org.springframework:spring-webmvc:6.2.5 : Failed to compare JAR files: JAPICMP comparison failed for org.springframework:spring-webmvc
[2025-09-13 03:17:19] org.springframework:spring-webmvc:6.0.23 -> org.springframework:spring-webmvc:6.2.6 : Failed to compare JAR files: JAPICMP comparison failed for org.springframework:spring-webmvc
[2025-09-13 03:17:20] org.springframework:spring-webmvc:6.0.23 -> org.springframework:spring-webmvc:6.2.7 : Failed to compare JAR files: JAPICMP comparison failed for org.springframework:spring-webmvc
[2025-09-13 03:17:20] org.springframework:spring-webmvc:6.0.23 -> org.springframework:spring-webmvc:6.2.8 : Failed to compare JAR files: JAPICMP comparison failed for org.springframework:spring-webmvc
[2025-09-13 03:17:21] org.springframework:spring-webmvc:6.0.23 -> org.springframework:spring-webmvc:6.2.9 : Failed to compare JAR files: JAPICMP comparison failed for org.springframework:spring-webmvc
[2025-09-13 03:17:21] org.springframework:spring-webmvc:6.0.23 -> org.springframework:spring-webmvc:6.2.10 : Failed to compare JAR files: JAPICMP comparison failed for org.springframework:spring-webmvc
[2025-09-13 03:17:21] org.springframework:spring-webmvc:6.0.23 -> org.springframework:spring-webmvc:6.2.11 : Failed to compare JAR files: JAPICMP comparison failed for org.springframework:spring-webmvc
[2025-09-13 03:19:23] org.springframework.security:spring-security-taglibs:6.1.9 -> org.springframework.security:spring-security-taglibs:6.2.0 : Failed to compare JAR files: JAPICMP comparison failed for org.springframework.security:spring-security-taglibs
[2025-09-13 03:19:25] org.springframework.security:spring-security-taglibs:6.1.9 -> org.springframework.security:spring-security-taglibs:6.2.1 : Failed to compare JAR files: JAPICMP comparison failed for org.springframework.security:spring-security-taglibs
[2025-09-13 03:19:26] org.springframework.security:spring-security-taglibs:6.1.9 -> org.springframework.security:spring-security-taglibs:6.2.2 : Failed to compare JAR files: JAPICMP comparison failed for org.springframework.security:spring-security-taglibs
[2025-09-13 03:19:28] org.springframework.security:spring-security-taglibs:6.1.9 -> org.springframework.security:spring-security-taglibs:6.2.3 : Failed to compare JAR files: JAPICMP comparison failed for org.springframework.security:spring-security-taglibs
[2025-09-13 03:19:29] org.springframework.security:spring-security-taglibs:6.1.9 -> org.springframework.security:spring-security-taglibs:6.2.4 : Failed to compare JAR files: JAPICMP comparison failed for org.springframework.security:spring-security-taglibs
[2025-09-13 03:19:30] org.springframework.security:spring-security-taglibs:6.1.9 -> org.springframework.security:spring-security-taglibs:6.2.5 : Failed to compare JAR files: JAPICMP comparison failed for org.springframework.security:spring-security-taglibs
[2025-09-13 03:19:32] org.springframework.security:spring-security-taglibs:6.1.9 -> org.springframework.security:spring-security-taglibs:6.2.6 : Failed to compare JAR files: JAPICMP comparison failed for org.springframework.security:spring-security-taglibs
[2025-09-13 03:19:34] org.springframework.security:spring-security-taglibs:6.1.9 -> org.springframework.security:spring-security-taglibs:6.2.7 : Failed to compare JAR files: JAPICMP comparison failed for org.springframework.security:spring-security-taglibs
[2025-09-13 03:19:35] org.springframework.security:spring-security-taglibs:6.1.9 -> org.springframework.security:spring-security-taglibs:6.2.8 : Failed to compare JAR files: JAPICMP comparison failed for org.springframework.security:spring-security-taglibs
[2025-09-13 03:19:36] org.springframework.security:spring-security-taglibs:6.1.9 -> org.springframework.security:spring-security-taglibs:6.3.0 : Failed to compare JAR files: JAPICMP comparison failed for org.springframework.security:spring-security-taglibs
[2025-09-13 03:19:38] org.springframework.security:spring-security-taglibs:6.1.9 -> org.springframework.security:spring-security-taglibs:6.3.1 : Failed to compare JAR files: JAPICMP comparison failed for org.springframework.security:spring-security-taglibs
[2025-09-13 03:19:40] org.springframework.security:spring-security-taglibs:6.1.9 -> org.springframework.security:spring-security-taglibs:6.3.2 : Failed to compare JAR files: JAPICMP comparison failed for org.springframework.security:spring-security-taglibs
[2025-09-13 03:19:41] org.springframework.security:spring-security-taglibs:6.1.9 -> org.springframework.security:spring-security-taglibs:6.3.3 : Failed to compare JAR files: JAPICMP comparison failed for org.springframework.security:spring-security-taglibs
[2025-09-13 03:19:43] org.springframework.security:spring-security-taglibs:6.1.9 -> org.springframework.security:spring-security-taglibs:6.3.4 : Failed to compare JAR files: JAPICMP comparison failed for org.springframework.security:spring-security-taglibs
[2025-09-13 03:19:44] org.springframework.security:spring-security-taglibs:6.1.9 -> org.springframework.security:spring-security-taglibs:6.3.5 : Failed to compare JAR files: JAPICMP comparison failed for org.springframework.security:spring-security-taglibs
[2025-09-13 03:19:46] org.springframework.security:spring-security-taglibs:6.1.9 -> org.springframework.security:spring-security-taglibs:6.3.6 : Failed to compare JAR files: JAPICMP comparison failed for org.springframework.security:spring-security-taglibs
[2025-09-13 03:19:48] org.springframework.security:spring-security-taglibs:6.1.9 -> org.springframework.security:spring-security-taglibs:6.3.7 : Failed to compare JAR files: JAPICMP comparison failed for org.springframework.security:spring-security-taglibs
[2025-09-13 03:19:49] org.springframework.security:spring-security-taglibs:6.1.9 -> org.springframework.security:spring-security-taglibs:6.3.8 : Failed to compare JAR files: JAPICMP comparison failed for org.springframework.security:spring-security-taglibs
[2025-09-13 03:19:51] org.springframework.security:spring-security-taglibs:6.1.9 -> org.springframework.security:spring-security-taglibs:6.3.9 : Failed to compare JAR files: JAPICMP comparison failed for org.springframework.security:spring-security-taglibs
[2025-09-13 03:19:52] org.springframework.security:spring-security-taglibs:6.1.9 -> org.springframework.security:spring-security-taglibs:6.3.10 : Failed to compare JAR files: JAPICMP comparison failed for org.springframework.security:spring-security-taglibs
[2025-09-13 03:19:54] org.springframework.security:spring-security-taglibs:6.1.9 -> org.springframework.security:spring-security-taglibs:6.4.0 : Failed to compare JAR files: JAPICMP comparison failed for org.springframework.security:spring-security-taglibs
[2025-09-13 03:19:55] org.springframework.security:spring-security-taglibs:6.1.9 -> org.springframework.security:spring-security-taglibs:6.4.1 : Failed to compare JAR files: JAPICMP comparison failed for org.springframework.security:spring-security-taglibs
[2025-09-13 03:19:57] org.springframework.security:spring-security-taglibs:6.1.9 -> org.springframework.security:spring-security-taglibs:6.4.2 : Failed to compare JAR files: JAPICMP comparison failed for org.springframework.security:spring-security-taglibs
[2025-09-13 03:19:58] org.springframework.security:spring-security-taglibs:6.1.9 -> org.springframework.security:spring-security-taglibs:6.4.3 : Failed to compare JAR files: JAPICMP comparison failed for org.springframework.security:spring-security-taglibs
[2025-09-13 03:20:00] org.springframework.security:spring-security-taglibs:6.1.9 -> org.springframework.security:spring-security-taglibs:6.4.4 : Failed to compare JAR files: JAPICMP comparison failed for org.springframework.security:spring-security-taglibs
[2025-09-13 03:20:01] org.springframework.security:spring-security-taglibs:6.1.9 -> org.springframework.security:spring-security-taglibs:6.4.5 : Failed to compare JAR files: JAPICMP comparison failed for org.springframework.security:spring-security-taglibs
[2025-09-13 03:20:02] org.springframework.security:spring-security-taglibs:6.1.9 -> org.springframework.security:spring-security-taglibs:6.4.6 : Failed to compare JAR files: JAPICMP comparison failed for org.springframework.security:spring-security-taglibs
[2025-09-13 03:20:03] org.springframework.security:spring-security-taglibs:6.1.9 -> org.springframework.security:spring-security-taglibs:6.4.7 : Failed to compare JAR files: JAPICMP comparison failed for org.springframework.security:spring-security-taglibs
[2025-09-13 03:20:04] org.springframework.security:spring-security-taglibs:6.1.9 -> org.springframework.security:spring-security-taglibs:6.4.8 : Failed to compare JAR files: JAPICMP comparison failed for org.springframework.security:spring-security-taglibs
[2025-09-13 03:20:05] org.springframework.security:spring-security-taglibs:6.1.9 -> org.springframework.security:spring-security-taglibs:6.4.9 : Failed to compare JAR files: JAPICMP comparison failed for org.springframework.security:spring-security-taglibs
[2025-09-13 03:20:07] org.springframework.security:spring-security-taglibs:6.1.9 -> org.springframework.security:spring-security-taglibs:6.5.0 : Failed to compare JAR files: JAPICMP comparison failed for org.springframework.security:spring-security-taglibs
[2025-09-13 03:20:08] org.springframework.security:spring-security-taglibs:6.1.9 -> org.springframework.security:spring-security-taglibs:6.5.1 : Failed to compare JAR files: JAPICMP comparison failed for org.springframework.security:spring-security-taglibs
[2025-09-13 03:20:09] org.springframework.security:spring-security-taglibs:6.1.9 -> org.springframework.security:spring-security-taglibs:6.5.2 : Failed to compare JAR files: JAPICMP comparison failed for org.springframework.security:spring-security-taglibs
[2025-09-13 03:20:10] org.springframework.security:spring-security-taglibs:6.1.9 -> org.springframework.security:spring-security-taglibs:6.5.3 : Failed to compare JAR files: JAPICMP comparison failed for org.springframework.security:spring-security-taglibs
[2025-09-13 03:20:11] org.springframework.security:spring-security-config:6.1.9 -> org.springframework.security:spring-security-config:6.2.0 : Failed to compare JAR files: JAPICMP comparison failed for org.springframework.security:spring-security-config
[2025-09-13 03:20:11] org.springframework.security:spring-security-config:6.1.9 -> org.springframework.security:spring-security-config:6.2.1 : Failed to compare JAR files: JAPICMP comparison failed for org.springframework.security:spring-security-config
[2025-09-13 03:20:12] org.springframework.security:spring-security-config:6.1.9 -> org.springframework.security:spring-security-config:6.2.2 : Failed to compare JAR files: JAPICMP comparison failed for org.springframework.security:spring-security-config
[2025-09-13 03:20:14] org.springframework.security:spring-security-config:6.1.9 -> org.springframework.security:spring-security-config:6.2.3 : Failed to compare JAR files: JAPICMP comparison failed for org.springframework.security:spring-security-config
[2025-09-13 03:20:14] org.springframework.security:spring-security-config:6.1.9 -> org.springframework.security:spring-security-config:6.2.4 : Failed to compare JAR files: JAPICMP comparison failed for org.springframework.security:spring-security-config
[2025-09-13 03:20:15] org.springframework.security:spring-security-config:6.1.9 -> org.springframework.security:spring-security-config:6.2.5 : Failed to compare JAR files: JAPICMP comparison failed for org.springframework.security:spring-security-config
[2025-09-13 03:20:17] org.springframework.security:spring-security-config:6.1.9 -> org.springframework.security:spring-security-config:6.2.6 : Failed to compare JAR files: JAPICMP comparison failed for org.springframework.security:spring-security-config
[2025-09-13 03:20:18] org.springframework.security:spring-security-config:6.1.9 -> org.springframework.security:spring-security-config:6.2.7 : Failed to compare JAR files: JAPICMP comparison failed for org.springframework.security:spring-security-config
[2025-09-13 03:20:19] org.springframework.security:spring-security-config:6.1.9 -> org.springframework.security:spring-security-config:6.2.8 : Failed to compare JAR files: JAPICMP comparison failed for org.springframework.security:spring-security-config
[2025-09-13 03:20:21] org.springframework.security:spring-security-config:6.1.9 -> org.springframework.security:spring-security-config:6.3.0 : Failed to compare JAR files: JAPICMP comparison failed for org.springframework.security:spring-security-config
[2025-09-13 03:20:23] org.springframework.security:spring-security-config:6.1.9 -> org.springframework.security:spring-security-config:6.3.1 : Failed to compare JAR files: JAPICMP comparison failed for org.springframework.security:spring-security-config
[2025-09-13 03:20:25] org.springframework.security:spring-security-config:6.1.9 -> org.springframework.security:spring-security-config:6.3.2 : Failed to compare JAR files: JAPICMP comparison failed for org.springframework.security:spring-security-config
[2025-09-13 03:20:26] org.springframework.security:spring-security-config:6.1.9 -> org.springframework.security:spring-security-config:6.3.3 : Failed to compare JAR files: JAPICMP comparison failed for org.springframework.security:spring-security-config
[2025-09-13 03:20:27] org.springframework.security:spring-security-config:6.1.9 -> org.springframework.security:spring-security-config:6.3.4 : Failed to compare JAR files: JAPICMP comparison failed for org.springframework.security:spring-security-config
[2025-09-13 03:20:28] org.springframework.security:spring-security-config:6.1.9 -> org.springframework.security:spring-security-config:6.3.5 : Failed to compare JAR files: JAPICMP comparison failed for org.springframework.security:spring-security-config
[2025-09-13 03:20:30] org.springframework.security:spring-security-config:6.1.9 -> org.springframework.security:spring-security-config:6.3.6 : Failed to compare JAR files: JAPICMP comparison failed for org.springframework.security:spring-security-config
[2025-09-13 03:20:31] org.springframework.security:spring-security-config:6.1.9 -> org.springframework.security:spring-security-config:6.3.7 : Failed to compare JAR files: JAPICMP comparison failed for org.springframework.security:spring-security-config
[2025-09-13 03:20:33] org.springframework.security:spring-security-config:6.1.9 -> org.springframework.security:spring-security-config:6.3.8 : Failed to compare JAR files: JAPICMP comparison failed for org.springframework.security:spring-security-config
[2025-09-13 03:20:34] org.springframework.security:spring-security-config:6.1.9 -> org.springframework.security:spring-security-config:6.3.9 : Failed to compare JAR files: JAPICMP comparison failed for org.springframework.security:spring-security-config
[2025-09-13 03:20:36] org.springframework.security:spring-security-config:6.1.9 -> org.springframework.security:spring-security-config:6.3.10 : Failed to compare JAR files: JAPICMP comparison failed for org.springframework.security:spring-security-config
[2025-09-13 03:20:37] org.springframework.security:spring-security-config:6.1.9 -> org.springframework.security:spring-security-config:6.4.0 : Failed to compare JAR files: JAPICMP comparison failed for org.springframework.security:spring-security-config
[2025-09-13 03:20:38] org.springframework.security:spring-security-config:6.1.9 -> org.springframework.security:spring-security-config:6.4.1 : Failed to compare JAR files: JAPICMP comparison failed for org.springframework.security:spring-security-config
[2025-09-13 03:20:39] org.springframework.security:spring-security-config:6.1.9 -> org.springframework.security:spring-security-config:6.4.2 : Failed to compare JAR files: JAPICMP comparison failed for org.springframework.security:spring-security-config
[2025-09-13 03:20:40] org.springframework.security:spring-security-config:6.1.9 -> org.springframework.security:spring-security-config:6.4.3 : Failed to compare JAR files: JAPICMP comparison failed for org.springframework.security:spring-security-config
[2025-09-13 03:20:42] org.springframework.security:spring-security-config:6.1.9 -> org.springframework.security:spring-security-config:6.4.4 : Failed to compare JAR files: JAPICMP comparison failed for org.springframework.security:spring-security-config
[2025-09-13 03:20:42] org.springframework.security:spring-security-config:6.1.9 -> org.springframework.security:spring-security-config:6.4.5 : Failed to compare JAR files: JAPICMP comparison failed for org.springframework.security:spring-security-config
[2025-09-13 03:20:43] org.springframework.security:spring-security-config:6.1.9 -> org.springframework.security:spring-security-config:6.4.6 : Failed to compare JAR files: JAPICMP comparison failed for org.springframework.security:spring-security-config
[2025-09-13 03:20:43] org.springframework.security:spring-security-config:6.1.9 -> org.springframework.security:spring-security-config:6.4.7 : Failed to compare JAR files: JAPICMP comparison failed for org.springframework.security:spring-security-config
[2025-09-13 03:20:44] org.springframework.security:spring-security-config:6.1.9 -> org.springframework.security:spring-security-config:6.4.8 : Failed to compare JAR files: JAPICMP comparison failed for org.springframework.security:spring-security-config
[2025-09-13 03:20:45] org.springframework.security:spring-security-config:6.1.9 -> org.springframework.security:spring-security-config:6.4.9 : Failed to compare JAR files: JAPICMP comparison failed for org.springframework.security:spring-security-config
[2025-09-13 03:20:45] org.springframework.security:spring-security-config:6.1.9 -> org.springframework.security:spring-security-config:6.5.0 : Failed to compare JAR files: JAPICMP comparison failed for org.springframework.security:spring-security-config
[2025-09-13 03:20:45] org.springframework.security:spring-security-config:6.1.9 -> org.springframework.security:spring-security-config:6.5.1 : Failed to compare JAR files: JAPICMP comparison failed for org.springframework.security:spring-security-config
[2025-09-13 03:20:46] org.springframework.security:spring-security-config:6.1.9 -> org.springframework.security:spring-security-config:6.5.2 : Failed to compare JAR files: JAPICMP comparison failed for org.springframework.security:spring-security-config
[2025-09-13 03:20:46] org.springframework.security:spring-security-config:6.1.9 -> org.springframework.security:spring-security-config:6.5.3 : Failed to compare JAR files: JAPICMP comparison failed for org.springframework.security:spring-security-config
[2025-09-13 03:20:47] org.springframework:spring-oxm:6.0.23 -> org.springframework:spring-oxm:6.1.0 : Failed to compare JAR files: JAPICMP comparison failed for org.springframework:spring-oxm
[2025-09-13 03:20:47] org.springframework:spring-oxm:6.0.23 -> org.springframework:spring-oxm:6.1.1 : Failed to compare JAR files: JAPICMP comparison failed for org.springframework:spring-oxm
[2025-09-13 03:20:48] org.springframework:spring-oxm:6.0.23 -> org.springframework:spring-oxm:6.1.2 : Failed to compare JAR files: JAPICMP comparison failed for org.springframework:spring-oxm
[2025-09-13 03:20:49] org.springframework:spring-oxm:6.0.23 -> org.springframework:spring-oxm:6.1.3 : Failed to compare JAR files: JAPICMP comparison failed for org.springframework:spring-oxm
[2025-09-13 03:20:49] org.springframework:spring-oxm:6.0.23 -> org.springframework:spring-oxm:6.1.4 : Failed to compare JAR files: JAPICMP comparison failed for org.springframework:spring-oxm
[2025-09-13 03:20:50] org.springframework:spring-oxm:6.0.23 -> org.springframework:spring-oxm:6.1.5 : Failed to compare JAR files: JAPICMP comparison failed for org.springframework:spring-oxm
[2025-09-13 03:20:51] org.springframework:spring-oxm:6.0.23 -> org.springframework:spring-oxm:6.1.6 : Failed to compare JAR files: JAPICMP comparison failed for org.springframework:spring-oxm
[2025-09-13 03:20:51] org.springframework:spring-oxm:6.0.23 -> org.springframework:spring-oxm:6.1.7 : Failed to compare JAR files: JAPICMP comparison failed for org.springframework:spring-oxm
[2025-09-13 03:20:51] org.springframework:spring-oxm:6.0.23 -> org.springframework:spring-oxm:6.1.8 : Failed to compare JAR files: JAPICMP comparison failed for org.springframework:spring-oxm
[2025-09-13 03:20:51] org.springframework:spring-oxm:6.0.23 -> org.springframework:spring-oxm:6.1.9 : Failed to compare JAR files: JAPICMP comparison failed for org.springframework:spring-oxm
[2025-09-13 03:20:53] org.springframework:spring-oxm:6.0.23 -> org.springframework:spring-oxm:6.1.10 : Failed to compare JAR files: JAPICMP comparison failed for org.springframework:spring-oxm
[2025-09-13 03:20:53] org.springframework:spring-oxm:6.0.23 -> org.springframework:spring-oxm:6.1.11 : Failed to compare JAR files: JAPICMP comparison failed for org.springframework:spring-oxm
[2025-09-13 03:20:54] org.springframework:spring-oxm:6.0.23 -> org.springframework:spring-oxm:6.1.12 : Failed to compare JAR files: JAPICMP comparison failed for org.springframework:spring-oxm
[2025-09-13 03:20:54] org.springframework:spring-oxm:6.0.23 -> org.springframework:spring-oxm:6.1.13 : Failed to compare JAR files: JAPICMP comparison failed for org.springframework:spring-oxm
[2025-09-13 03:20:55] org.springframework:spring-oxm:6.0.23 -> org.springframework:spring-oxm:6.1.14 : Failed to compare JAR files: JAPICMP comparison failed for org.springframework:spring-oxm
[2025-09-13 03:20:56] org.springframework:spring-oxm:6.0.23 -> org.springframework:spring-oxm:6.1.15 : Failed to compare JAR files: JAPICMP comparison failed for org.springframework:spring-oxm
[2025-09-13 03:20:57] org.springframework:spring-oxm:6.0.23 -> org.springframework:spring-oxm:6.1.16 : Failed to compare JAR files: JAPICMP comparison failed for org.springframework:spring-oxm
[2025-09-13 03:20:57] org.springframework:spring-oxm:6.0.23 -> org.springframework:spring-oxm:6.1.17 : Failed to compare JAR files: JAPICMP comparison failed for org.springframework:spring-oxm
[2025-09-13 03:20:58] org.springframework:spring-oxm:6.0.23 -> org.springframework:spring-oxm:6.1.18 : Failed to compare JAR files: JAPICMP comparison failed for org.springframework:spring-oxm
[2025-09-13 03:20:58] org.springframework:spring-oxm:6.0.23 -> org.springframework:spring-oxm:6.1.19 : Failed to compare JAR files: JAPICMP comparison failed for org.springframework:spring-oxm
[2025-09-13 03:20:59] org.springframework:spring-oxm:6.0.23 -> org.springframework:spring-oxm:6.1.20 : Failed to compare JAR files: JAPICMP comparison failed for org.springframework:spring-oxm
[2025-09-13 03:20:59] org.springframework:spring-oxm:6.0.23 -> org.springframework:spring-oxm:6.1.21 : Failed to compare JAR files: JAPICMP comparison failed for org.springframework:spring-oxm
[2025-09-13 03:21:00] org.springframework:spring-oxm:6.0.23 -> org.springframework:spring-oxm:6.2.0 : Failed to compare JAR files: JAPICMP comparison failed for org.springframework:spring-oxm
[2025-09-13 03:21:00] org.springframework:spring-oxm:6.0.23 -> org.springframework:spring-oxm:6.2.1 : Failed to compare JAR files: JAPICMP comparison failed for org.springframework:spring-oxm
[2025-09-13 03:21:01] org.springframework:spring-oxm:6.0.23 -> org.springframework:spring-oxm:6.2.2 : Failed to compare JAR files: JAPICMP comparison failed for org.springframework:spring-oxm
[2025-09-13 03:21:02] org.springframework:spring-oxm:6.0.23 -> org.springframework:spring-oxm:6.2.3 : Failed to compare JAR files: JAPICMP comparison failed for org.springframework:spring-oxm
[2025-09-13 03:21:03] org.springframework:spring-oxm:6.0.23 -> org.springframework:spring-oxm:6.2.4 : Failed to compare JAR files: JAPICMP comparison failed for org.springframework:spring-oxm
[2025-09-13 03:21:04] org.springframework:spring-oxm:6.0.23 -> org.springframework:spring-oxm:6.2.5 : Failed to compare JAR files: JAPICMP comparison failed for org.springframework:spring-oxm
[2025-09-13 03:21:04] org.springframework:spring-oxm:6.0.23 -> org.springframework:spring-oxm:6.2.6 : Failed to compare JAR files: JAPICMP comparison failed for org.springframework:spring-oxm
[2025-09-13 03:21:04] org.springframework:spring-oxm:6.0.23 -> org.springframework:spring-oxm:6.2.7 : Failed to compare JAR files: JAPICMP comparison failed for org.springframework:spring-oxm
[2025-09-13 03:21:04] org.springframework:spring-oxm:6.0.23 -> org.springframework:spring-oxm:6.2.8 : Failed to compare JAR files: JAPICMP comparison failed for org.springframework:spring-oxm
[2025-09-13 03:21:04] org.springframework:spring-oxm:6.0.23 -> org.springframework:spring-oxm:6.2.9 : Failed to compare JAR files: JAPICMP comparison failed for org.springframework:spring-oxm
[2025-09-13 03:21:04] org.springframework:spring-oxm:6.0.23 -> org.springframework:spring-oxm:6.2.10 : Failed to compare JAR files: JAPICMP comparison failed for org.springframework:spring-oxm
[2025-09-13 03:21:05] org.springframework:spring-oxm:6.0.23 -> org.springframework:spring-oxm:6.2.11 : Failed to compare JAR files: JAPICMP comparison failed for org.springframework:spring-oxm
[2025-09-13 03:21:09] org.springframework.security:spring-security-oauth2-client:6.1.9 -> org.springframework.security:spring-security-oauth2-client:6.2.0 : Failed to compare JAR files: JAPICMP comparison failed for org.springframework.security:spring-security-oauth2-client
[2025-09-13 03:21:11] org.springframework.security:spring-security-oauth2-client:6.1.9 -> org.springframework.security:spring-security-oauth2-client:6.2.1 : Failed to compare JAR files: JAPICMP comparison failed for org.springframework.security:spring-security-oauth2-client
[2025-09-13 03:21:13] org.springframework.security:spring-security-oauth2-client:6.1.9 -> org.springframework.security:spring-security-oauth2-client:6.2.2 : Failed to compare JAR files: JAPICMP comparison failed for org.springframework.security:spring-security-oauth2-client
[2025-09-13 03:21:15] org.springframework.security:spring-security-oauth2-client:6.1.9 -> org.springframework.security:spring-security-oauth2-client:6.2.3 : Failed to compare JAR files: JAPICMP comparison failed for org.springframework.security:spring-security-oauth2-client
[2025-09-13 03:21:18] org.springframework.security:spring-security-oauth2-client:6.1.9 -> org.springframework.security:spring-security-oauth2-client:6.2.4 : Failed to compare JAR files: JAPICMP comparison failed for org.springframework.security:spring-security-oauth2-client
[2025-09-13 03:21:20] org.springframework.security:spring-security-oauth2-client:6.1.9 -> org.springframework.security:spring-security-oauth2-client:6.2.5 : Failed to compare JAR files: JAPICMP comparison failed for org.springframework.security:spring-security-oauth2-client
[2025-09-13 03:21:22] org.springframework.security:spring-security-oauth2-client:6.1.9 -> org.springframework.security:spring-security-oauth2-client:6.2.6 : Failed to compare JAR files: JAPICMP comparison failed for org.springframework.security:spring-security-oauth2-client
[2025-09-13 03:21:24] org.springframework.security:spring-security-oauth2-client:6.1.9 -> org.springframework.security:spring-security-oauth2-client:6.2.7 : Failed to compare JAR files: JAPICMP comparison failed for org.springframework.security:spring-security-oauth2-client
[2025-09-13 03:21:26] org.springframework.security:spring-security-oauth2-client:6.1.9 -> org.springframework.security:spring-security-oauth2-client:6.2.8 : Failed to compare JAR files: JAPICMP comparison failed for org.springframework.security:spring-security-oauth2-client
[2025-09-13 03:21:28] org.springframework.security:spring-security-oauth2-client:6.1.9 -> org.springframework.security:spring-security-oauth2-client:6.3.0 : Failed to compare JAR files: JAPICMP comparison failed for org.springframework.security:spring-security-oauth2-client
[2025-09-13 03:21:30] org.springframework.security:spring-security-oauth2-client:6.1.9 -> org.springframework.security:spring-security-oauth2-client:6.3.1 : Failed to compare JAR files: JAPICMP comparison failed for org.springframework.security:spring-security-oauth2-client
[2025-09-13 03:21:32] org.springframework.security:spring-security-oauth2-client:6.1.9 -> org.springframework.security:spring-security-oauth2-client:6.3.2 : Failed to compare JAR files: JAPICMP comparison failed for org.springframework.security:spring-security-oauth2-client
[2025-09-13 03:21:34] org.springframework.security:spring-security-oauth2-client:6.1.9 -> org.springframework.security:spring-security-oauth2-client:6.3.3 : Failed to compare JAR files: JAPICMP comparison failed for org.springframework.security:spring-security-oauth2-client
[2025-09-13 03:21:36] org.springframework.security:spring-security-oauth2-client:6.1.9 -> org.springframework.security:spring-security-oauth2-client:6.3.4 : Failed to compare JAR files: JAPICMP comparison failed for org.springframework.security:spring-security-oauth2-client
[2025-09-13 03:21:38] org.springframework.security:spring-security-oauth2-client:6.1.9 -> org.springframework.security:spring-security-oauth2-client:6.3.5 : Failed to compare JAR files: JAPICMP comparison failed for org.springframework.security:spring-security-oauth2-client
[2025-09-13 03:21:40] org.springframework.security:spring-security-oauth2-client:6.1.9 -> org.springframework.security:spring-security-oauth2-client:6.3.6 : Failed to compare JAR files: JAPICMP comparison failed for org.springframework.security:spring-security-oauth2-client
[2025-09-13 03:21:42] org.springframework.security:spring-security-oauth2-client:6.1.9 -> org.springframework.security:spring-security-oauth2-client:6.3.7 : Failed to compare JAR files: JAPICMP comparison failed for org.springframework.security:spring-security-oauth2-client
[2025-09-13 03:21:44] org.springframework.security:spring-security-oauth2-client:6.1.9 -> org.springframework.security:spring-security-oauth2-client:6.3.8 : Failed to compare JAR files: JAPICMP comparison failed for org.springframework.security:spring-security-oauth2-client
[2025-09-13 03:21:45] org.springframework.security:spring-security-oauth2-client:6.1.9 -> org.springframework.security:spring-security-oauth2-client:6.3.9 : Failed to compare JAR files: JAPICMP comparison failed for org.springframework.security:spring-security-oauth2-client
[2025-09-13 03:21:47] org.springframework.security:spring-security-oauth2-client:6.1.9 -> org.springframework.security:spring-security-oauth2-client:6.3.10 : Failed to compare JAR files: JAPICMP comparison failed for org.springframework.security:spring-security-oauth2-client
[2025-09-13 03:21:49] org.springframework.security:spring-security-oauth2-client:6.1.9 -> org.springframework.security:spring-security-oauth2-client:6.4.0 : Failed to compare JAR files: JAPICMP comparison failed for org.springframework.security:spring-security-oauth2-client
[2025-09-13 03:21:51] org.springframework.security:spring-security-oauth2-client:6.1.9 -> org.springframework.security:spring-security-oauth2-client:6.4.1 : Failed to compare JAR files: JAPICMP comparison failed for org.springframework.security:spring-security-oauth2-client
[2025-09-13 03:21:52] org.springframework.security:spring-security-oauth2-client:6.1.9 -> org.springframework.security:spring-security-oauth2-client:6.4.2 : Failed to compare JAR files: JAPICMP comparison failed for org.springframework.security:spring-security-oauth2-client
[2025-09-13 03:21:54] org.springframework.security:spring-security-oauth2-client:6.1.9 -> org.springframework.security:spring-security-oauth2-client:6.4.3 : Failed to compare JAR files: JAPICMP comparison failed for org.springframework.security:spring-security-oauth2-client
[2025-09-13 03:21:55] org.springframework.security:spring-security-oauth2-client:6.1.9 -> org.springframework.security:spring-security-oauth2-client:6.4.4 : Failed to compare JAR files: JAPICMP comparison failed for org.springframework.security:spring-security-oauth2-client
[2025-09-13 03:21:56] org.springframework.security:spring-security-oauth2-client:6.1.9 -> org.springframework.security:spring-security-oauth2-client:6.4.5 : Failed to compare JAR files: JAPICMP comparison failed for org.springframework.security:spring-security-oauth2-client
[2025-09-13 03:21:58] org.springframework.security:spring-security-oauth2-client:6.1.9 -> org.springframework.security:spring-security-oauth2-client:6.4.6 : Failed to compare JAR files: JAPICMP comparison failed for org.springframework.security:spring-security-oauth2-client
[2025-09-13 03:22:00] org.springframework.security:spring-security-oauth2-client:6.1.9 -> org.springframework.security:spring-security-oauth2-client:6.4.7 : Failed to compare JAR files: JAPICMP comparison failed for org.springframework.security:spring-security-oauth2-client
[2025-09-13 03:22:02] org.springframework.security:spring-security-oauth2-client:6.1.9 -> org.springframework.security:spring-security-oauth2-client:6.4.8 : Failed to compare JAR files: JAPICMP comparison failed for org.springframework.security:spring-security-oauth2-client
[2025-09-13 03:22:03] org.springframework.security:spring-security-oauth2-client:6.1.9 -> org.springframework.security:spring-security-oauth2-client:6.4.9 : Failed to compare JAR files: JAPICMP comparison failed for org.springframework.security:spring-security-oauth2-client
[2025-09-13 03:22:08] org.springframework.security:spring-security-oauth2-client:6.1.9 -> org.springframework.security:spring-security-oauth2-client:6.5.0 : Failed to compare JAR files: JAPICMP comparison failed for org.springframework.security:spring-security-oauth2-client
[2025-09-13 03:22:09] org.springframework.security:spring-security-oauth2-client:6.1.9 -> org.springframework.security:spring-security-oauth2-client:6.5.1 : Failed to compare JAR files: JAPICMP comparison failed for org.springframework.security:spring-security-oauth2-client
[2025-09-13 03:22:11] org.springframework.security:spring-security-oauth2-client:6.1.9 -> org.springframework.security:spring-security-oauth2-client:6.5.2 : Failed to compare JAR files: JAPICMP comparison failed for org.springframework.security:spring-security-oauth2-client
[2025-09-13 03:22:12] org.springframework.security:spring-security-oauth2-client:6.1.9 -> org.springframework.security:spring-security-oauth2-client:6.5.3 : Failed to compare JAR files: JAPICMP comparison failed for org.springframework.security:spring-security-oauth2-client
[2025-09-13 03:22:12] org.projectlombok:lombok:1.18.38 -> org.projectlombok:lombok:1.18.40 : Failed to compare JAR files: JAPICMP comparison failed for org.projectlombok:lombok

=== Summary ===
Total comparisons: 564
Failures: 171
Success rate: 69.68%
