=== Comparison Failure Log ===
[2025-08-22 14:30:58] org.apache.jmeter:ApacheJMeter_http:5.5 -> org.apache.jmeter:ApacheJMeter_http:5.6 : Failed to compare JAR files: JAPICMP comparison failed for org.apache.jmeter:ApacheJMeter_http
[2025-08-22 14:31:00] org.apache.jmeter:ApacheJMeter_http:5.5 -> org.apache.jmeter:ApacheJMeter_http:5.6.1 : Failed to compare JAR files: JAPICMP comparison failed for org.apache.jmeter:ApacheJMeter_http
[2025-08-22 14:35:42] org.apache.jmeter:ApacheJMeter_components:5.5 -> org.apache.jmeter:ApacheJMeter_components:5.6 : Failed to compare JAR files: JAPICMP comparison failed for org.apache.jmeter:ApacheJMeter_components
[2025-08-22 14:35:43] org.apache.jmeter:ApacheJMeter_components:5.5 -> org.apache.jmeter:ApacheJMeter_components:5.6.1 : Failed to compare JAR files: JAPICMP comparison failed for org.apache.jmeter:ApacheJMeter_components
[2025-08-22 14:35:44] org.apache.jmeter:ApacheJMeter_components:5.5 -> org.apache.jmeter:ApacheJMeter_components:5.6.2 : Failed to compare JAR files: JAPICMP comparison failed for org.apache.jmeter:ApacheJMeter_components
[2025-08-22 14:35:45] org.apache.jmeter:ApacheJMeter_components:5.5 -> org.apache.jmeter:ApacheJMeter_components:5.6.3 : Failed to compare JAR files: JAPICMP comparison failed for org.apache.jmeter:ApacheJMeter_components
[2025-08-22 14:35:52] org.apache.jmeter:ApacheJMeter_java:5.5 -> org.apache.jmeter:ApacheJMeter_java:5.6 : Failed to compare JAR files: JAPICMP comparison failed for org.apache.jmeter:ApacheJMeter_java
[2025-08-22 14:35:53] org.apache.jmeter:ApacheJMeter_java:5.5 -> org.apache.jmeter:ApacheJMeter_java:5.6.1 : Failed to compare JAR files: JAPICMP comparison failed for org.apache.jmeter:ApacheJMeter_java
[2025-08-22 14:38:22] org.influxdb:influxdb-java:2.23 -> org.influxdb:influxdb-java:2.24 : Failed to compare JAR files: JAPICMP comparison failed for org.influxdb:influxdb-java
[2025-08-22 14:38:23] org.influxdb:influxdb-java:2.23 -> org.influxdb:influxdb-java:2.25 : Failed to compare JAR files: JAPICMP comparison failed for org.influxdb:influxdb-java
[2025-08-22 14:38:24] com.squareup.retrofit2:retrofit:2.9.0 -> com.squareup.retrofit2:retrofit:2.10.0 : Failed to compare JAR files: JAPICMP comparison failed for com.squareup.retrofit2:retrofit
[2025-08-22 14:38:24] com.squareup.retrofit2:retrofit:2.9.0 -> com.squareup.retrofit2:retrofit:2.11.0 : Failed to compare JAR files: JAPICMP comparison failed for com.squareup.retrofit2:retrofit
[2025-08-22 14:38:25] com.squareup.retrofit2:retrofit:2.9.0 -> com.squareup.retrofit2:retrofit:2.12.0 : Failed to compare JAR files: JAPICMP comparison failed for com.squareup.retrofit2:retrofit
[2025-08-22 14:38:42] org.junit.jupiter:junit-jupiter-api:5.9.1 -> org.junit.jupiter:junit-jupiter-api:5.9.2 : Failed to compare JAR files: JAPICMP comparison failed for org.junit.jupiter:junit-jupiter-api
[2025-08-22 14:38:42] org.junit.jupiter:junit-jupiter-api:5.9.1 -> org.junit.jupiter:junit-jupiter-api:5.9.3 : Failed to compare JAR files: JAPICMP comparison failed for org.junit.jupiter:junit-jupiter-api
[2025-08-22 14:38:42] org.junit.jupiter:junit-jupiter-api:5.9.1 -> org.junit.jupiter:junit-jupiter-api:5.10.0 : Failed to compare JAR files: JAPICMP comparison failed for org.junit.jupiter:junit-jupiter-api
[2025-08-22 14:38:42] org.junit.jupiter:junit-jupiter-api:5.9.1 -> org.junit.jupiter:junit-jupiter-api:5.10.1 : Failed to compare JAR files: JAPICMP comparison failed for org.junit.jupiter:junit-jupiter-api
[2025-08-22 14:38:43] org.junit.jupiter:junit-jupiter-api:5.9.1 -> org.junit.jupiter:junit-jupiter-api:5.10.2 : Failed to compare JAR files: JAPICMP comparison failed for org.junit.jupiter:junit-jupiter-api
[2025-08-22 14:38:43] org.junit.jupiter:junit-jupiter-api:5.9.1 -> org.junit.jupiter:junit-jupiter-api:5.10.3 : Failed to compare JAR files: JAPICMP comparison failed for org.junit.jupiter:junit-jupiter-api
[2025-08-22 14:38:44] org.junit.jupiter:junit-jupiter-api:5.9.1 -> org.junit.jupiter:junit-jupiter-api:5.10.4 : Failed to compare JAR files: JAPICMP comparison failed for org.junit.jupiter:junit-jupiter-api
[2025-08-22 14:38:44] org.junit.jupiter:junit-jupiter-api:5.9.1 -> org.junit.jupiter:junit-jupiter-api:5.10.5 : Failed to compare JAR files: JAPICMP comparison failed for org.junit.jupiter:junit-jupiter-api
[2025-08-22 14:38:45] org.junit.jupiter:junit-jupiter-api:5.9.1 -> org.junit.jupiter:junit-jupiter-api:5.11.0 : Failed to compare JAR files: JAPICMP comparison failed for org.junit.jupiter:junit-jupiter-api
[2025-08-22 14:38:45] org.junit.jupiter:junit-jupiter-api:5.9.1 -> org.junit.jupiter:junit-jupiter-api:5.11.1 : Failed to compare JAR files: JAPICMP comparison failed for org.junit.jupiter:junit-jupiter-api
[2025-08-22 14:38:46] org.junit.jupiter:junit-jupiter-api:5.9.1 -> org.junit.jupiter:junit-jupiter-api:5.11.2 : Failed to compare JAR files: JAPICMP comparison failed for org.junit.jupiter:junit-jupiter-api
[2025-08-22 14:38:46] org.junit.jupiter:junit-jupiter-api:5.9.1 -> org.junit.jupiter:junit-jupiter-api:5.11.3 : Failed to compare JAR files: JAPICMP comparison failed for org.junit.jupiter:junit-jupiter-api
[2025-08-22 14:38:46] org.junit.jupiter:junit-jupiter-api:5.9.1 -> org.junit.jupiter:junit-jupiter-api:5.11.4 : Failed to compare JAR files: JAPICMP comparison failed for org.junit.jupiter:junit-jupiter-api
[2025-08-22 14:38:47] org.junit.jupiter:junit-jupiter-api:5.9.1 -> org.junit.jupiter:junit-jupiter-api:5.12.0 : Failed to compare JAR files: JAPICMP comparison failed for org.junit.jupiter:junit-jupiter-api
[2025-08-22 14:38:47] org.junit.jupiter:junit-jupiter-api:5.9.1 -> org.junit.jupiter:junit-jupiter-api:5.12.1 : Failed to compare JAR files: JAPICMP comparison failed for org.junit.jupiter:junit-jupiter-api
[2025-08-22 14:38:47] org.junit.jupiter:junit-jupiter-api:5.9.1 -> org.junit.jupiter:junit-jupiter-api:5.12.2 : Failed to compare JAR files: JAPICMP comparison failed for org.junit.jupiter:junit-jupiter-api
[2025-08-22 14:38:49] org.junit.jupiter:junit-jupiter-api:5.9.1 -> org.junit.jupiter:junit-jupiter-api:5.13.0 : Failed to compare JAR files: JAPICMP comparison failed for org.junit.jupiter:junit-jupiter-api
[2025-08-22 14:38:49] org.junit.jupiter:junit-jupiter-api:5.9.1 -> org.junit.jupiter:junit-jupiter-api:5.13.1 : Failed to compare JAR files: JAPICMP comparison failed for org.junit.jupiter:junit-jupiter-api
[2025-08-22 14:38:50] org.junit.jupiter:junit-jupiter-api:5.9.1 -> org.junit.jupiter:junit-jupiter-api:5.13.2 : Failed to compare JAR files: JAPICMP comparison failed for org.junit.jupiter:junit-jupiter-api
[2025-08-22 14:38:50] org.junit.jupiter:junit-jupiter-api:5.9.1 -> org.junit.jupiter:junit-jupiter-api:5.13.3 : Failed to compare JAR files: JAPICMP comparison failed for org.junit.jupiter:junit-jupiter-api
[2025-08-22 14:38:51] org.junit.jupiter:junit-jupiter-api:5.9.1 -> org.junit.jupiter:junit-jupiter-api:5.13.4 : Failed to compare JAR files: JAPICMP comparison failed for org.junit.jupiter:junit-jupiter-api
[2025-08-22 14:39:05] org.assertj:assertj-core:3.23.1 -> org.assertj:assertj-core:3.24.0 : Failed to compare JAR files: JAPICMP comparison failed for org.assertj:assertj-core
[2025-08-22 14:39:06] org.assertj:assertj-core:3.23.1 -> org.assertj:assertj-core:3.24.1 : Failed to compare JAR files: JAPICMP comparison failed for org.assertj:assertj-core
[2025-08-22 14:39:06] org.assertj:assertj-core:3.23.1 -> org.assertj:assertj-core:3.24.2 : Failed to compare JAR files: JAPICMP comparison failed for org.assertj:assertj-core
[2025-08-22 14:39:07] org.assertj:assertj-core:3.23.1 -> org.assertj:assertj-core:3.25.0 : Failed to compare JAR files: JAPICMP comparison failed for org.assertj:assertj-core
[2025-08-22 14:39:07] org.assertj:assertj-core:3.23.1 -> org.assertj:assertj-core:3.25.1 : Failed to compare JAR files: JAPICMP comparison failed for org.assertj:assertj-core
[2025-08-22 14:39:08] org.assertj:assertj-core:3.23.1 -> org.assertj:assertj-core:3.25.2 : Failed to compare JAR files: JAPICMP comparison failed for org.assertj:assertj-core
[2025-08-22 14:39:08] org.assertj:assertj-core:3.23.1 -> org.assertj:assertj-core:3.25.3 : Failed to compare JAR files: JAPICMP comparison failed for org.assertj:assertj-core
[2025-08-22 14:39:09] org.assertj:assertj-core:3.23.1 -> org.assertj:assertj-core:3.26.0 : Failed to compare JAR files: JAPICMP comparison failed for org.assertj:assertj-core
[2025-08-22 14:39:09] org.assertj:assertj-core:3.23.1 -> org.assertj:assertj-core:3.26.3 : Failed to compare JAR files: JAPICMP comparison failed for org.assertj:assertj-core
[2025-08-22 14:39:10] org.assertj:assertj-core:3.23.1 -> org.assertj:assertj-core:3.27.0 : Failed to compare JAR files: JAPICMP comparison failed for org.assertj:assertj-core
[2025-08-22 14:39:11] org.assertj:assertj-core:3.23.1 -> org.assertj:assertj-core:3.27.1 : Failed to compare JAR files: JAPICMP comparison failed for org.assertj:assertj-core
[2025-08-22 14:39:12] org.assertj:assertj-core:3.23.1 -> org.assertj:assertj-core:3.27.2 : Failed to compare JAR files: JAPICMP comparison failed for org.assertj:assertj-core
[2025-08-22 14:39:12] org.assertj:assertj-core:3.23.1 -> org.assertj:assertj-core:3.27.3 : Failed to compare JAR files: JAPICMP comparison failed for org.assertj:assertj-core
[2025-08-22 14:39:12] org.assertj:assertj-core:3.23.1 -> org.assertj:assertj-core:3.27.4 : Failed to compare JAR files: JAPICMP comparison failed for org.assertj:assertj-core
[2025-08-22 14:39:37] com.github.tomakehurst:wiremock-jre8:2.35.0 -> com.github.tomakehurst:wiremock-jre8:2.35.1 : Failed to compare JAR files: JAPICMP comparison failed for com.github.tomakehurst:wiremock-jre8
[2025-08-22 14:39:38] com.github.tomakehurst:wiremock-jre8:2.35.0 -> com.github.tomakehurst:wiremock-jre8:2.35.2 : Failed to compare JAR files: JAPICMP comparison failed for com.github.tomakehurst:wiremock-jre8

=== Summary ===
Total comparisons: 796
Failures: 50
Success rate: 93.72%
