=== Comparison Failure Log ===
[2025-09-01 12:27:02] org.quartz-scheduler:quartz:2.4.0 -> org.quartz-scheduler:quartz:2.5.0 : Failed to compare JAR files: JAPICMP comparison failed for org.quartz-scheduler:quartz
[2025-09-01 12:27:02] org.projectlombok:lombok:1.18.30 -> org.projectlombok:lombok:1.18.32 : Failed to compare JAR files: JAPICMP comparison failed for org.projectlombok:lombok
[2025-09-01 12:27:02] org.projectlombok:lombok:1.18.30 -> org.projectlombok:lombok:1.18.34 : Failed to compare JAR files: JAPICMP comparison failed for org.projectlombok:lombok
[2025-09-01 12:27:02] org.projectlombok:lombok:1.18.30 -> org.projectlombok:lombok:1.18.36 : Failed to compare JAR files: JAPICMP comparison failed for org.projectlombok:lombok
[2025-09-01 12:27:02] org.projectlombok:lombok:1.18.30 -> org.projectlombok:lombok:1.18.38 : Failed to compare JAR files: JAPICMP comparison failed for org.projectlombok:lombok
[2025-09-01 12:27:10] org.junit.jupiter:junit-jupiter-params:5.9.3 -> org.junit.jupiter:junit-jupiter-params:5.10.0 : Failed to compare JAR files: JAPICMP comparison failed for org.junit.jupiter:junit-jupiter-params
[2025-09-01 12:27:11] org.junit.jupiter:junit-jupiter-params:5.9.3 -> org.junit.jupiter:junit-jupiter-params:5.10.1 : Failed to compare JAR files: JAPICMP comparison failed for org.junit.jupiter:junit-jupiter-params
[2025-09-01 12:27:11] org.junit.jupiter:junit-jupiter-params:5.9.3 -> org.junit.jupiter:junit-jupiter-params:5.10.2 : Failed to compare JAR files: JAPICMP comparison failed for org.junit.jupiter:junit-jupiter-params
[2025-09-01 12:27:11] org.junit.jupiter:junit-jupiter-params:5.9.3 -> org.junit.jupiter:junit-jupiter-params:5.10.3 : Failed to compare JAR files: JAPICMP comparison failed for org.junit.jupiter:junit-jupiter-params
[2025-09-01 12:27:12] org.junit.jupiter:junit-jupiter-params:5.9.3 -> org.junit.jupiter:junit-jupiter-params:5.10.4 : Failed to compare JAR files: JAPICMP comparison failed for org.junit.jupiter:junit-jupiter-params
[2025-09-01 12:27:12] org.junit.jupiter:junit-jupiter-params:5.9.3 -> org.junit.jupiter:junit-jupiter-params:5.10.5 : Failed to compare JAR files: JAPICMP comparison failed for org.junit.jupiter:junit-jupiter-params
[2025-09-01 12:27:12] org.junit.jupiter:junit-jupiter-params:5.9.3 -> org.junit.jupiter:junit-jupiter-params:5.11.0 : Failed to compare JAR files: JAPICMP comparison failed for org.junit.jupiter:junit-jupiter-params
[2025-09-01 12:27:13] org.junit.jupiter:junit-jupiter-params:5.9.3 -> org.junit.jupiter:junit-jupiter-params:5.11.1 : Failed to compare JAR files: JAPICMP comparison failed for org.junit.jupiter:junit-jupiter-params
[2025-09-01 12:27:13] org.junit.jupiter:junit-jupiter-params:5.9.3 -> org.junit.jupiter:junit-jupiter-params:5.11.2 : Failed to compare JAR files: JAPICMP comparison failed for org.junit.jupiter:junit-jupiter-params
[2025-09-01 12:27:13] org.junit.jupiter:junit-jupiter-params:5.9.3 -> org.junit.jupiter:junit-jupiter-params:5.11.3 : Failed to compare JAR files: JAPICMP comparison failed for org.junit.jupiter:junit-jupiter-params
[2025-09-01 12:27:14] org.junit.jupiter:junit-jupiter-params:5.9.3 -> org.junit.jupiter:junit-jupiter-params:5.11.4 : Failed to compare JAR files: JAPICMP comparison failed for org.junit.jupiter:junit-jupiter-params
[2025-09-01 12:27:14] org.junit.jupiter:junit-jupiter-params:5.9.3 -> org.junit.jupiter:junit-jupiter-params:5.12.0 : Failed to compare JAR files: JAPICMP comparison failed for org.junit.jupiter:junit-jupiter-params
[2025-09-01 12:27:14] org.junit.jupiter:junit-jupiter-params:5.9.3 -> org.junit.jupiter:junit-jupiter-params:5.12.1 : Failed to compare JAR files: JAPICMP comparison failed for org.junit.jupiter:junit-jupiter-params
[2025-09-01 12:27:14] org.junit.jupiter:junit-jupiter-params:5.9.3 -> org.junit.jupiter:junit-jupiter-params:5.12.2 : Failed to compare JAR files: JAPICMP comparison failed for org.junit.jupiter:junit-jupiter-params
[2025-09-01 12:27:15] org.junit.jupiter:junit-jupiter-params:5.9.3 -> org.junit.jupiter:junit-jupiter-params:5.13.0 : Failed to compare JAR files: JAPICMP comparison failed for org.junit.jupiter:junit-jupiter-params
[2025-09-01 12:27:15] org.junit.jupiter:junit-jupiter-params:5.9.3 -> org.junit.jupiter:junit-jupiter-params:5.13.1 : Failed to compare JAR files: JAPICMP comparison failed for org.junit.jupiter:junit-jupiter-params
[2025-09-01 12:27:15] org.junit.jupiter:junit-jupiter-params:5.9.3 -> org.junit.jupiter:junit-jupiter-params:5.13.2 : Failed to compare JAR files: JAPICMP comparison failed for org.junit.jupiter:junit-jupiter-params
[2025-09-01 12:27:15] org.junit.jupiter:junit-jupiter-params:5.9.3 -> org.junit.jupiter:junit-jupiter-params:5.13.3 : Failed to compare JAR files: JAPICMP comparison failed for org.junit.jupiter:junit-jupiter-params
[2025-09-01 12:27:15] org.junit.jupiter:junit-jupiter-params:5.9.3 -> org.junit.jupiter:junit-jupiter-params:5.13.4 : Failed to compare JAR files: JAPICMP comparison failed for org.junit.jupiter:junit-jupiter-params
[2025-09-01 12:27:15] org.assertj:assertj-core:3.26.3 -> org.assertj:assertj-core:3.27.0 : Failed to compare JAR files: JAPICMP comparison failed for org.assertj:assertj-core
[2025-09-01 12:27:15] org.assertj:assertj-core:3.26.3 -> org.assertj:assertj-core:3.27.1 : Failed to compare JAR files: JAPICMP comparison failed for org.assertj:assertj-core
[2025-09-01 12:27:15] org.assertj:assertj-core:3.26.3 -> org.assertj:assertj-core:3.27.2 : Failed to compare JAR files: JAPICMP comparison failed for org.assertj:assertj-core
[2025-09-01 12:27:15] org.assertj:assertj-core:3.26.3 -> org.assertj:assertj-core:3.27.3 : Failed to compare JAR files: JAPICMP comparison failed for org.assertj:assertj-core
[2025-09-01 12:27:15] org.assertj:assertj-core:3.26.3 -> org.assertj:assertj-core:3.27.4 : Failed to compare JAR files: JAPICMP comparison failed for org.assertj:assertj-core

=== Summary ===
Total comparisons: 62
Failures: 29
Success rate: 53.23%
