648540858__wvp-GB28181-pro/648540858__wvp-GB28181-pro: Maven failed
648540858__wvp-GB28181-pro: All modules failed
akto-api-security__akto/api-analyser: Maven failed
akto-api-security__akto/api-runtime: Maven failed
akto-api-security__akto/mini-runtime: Maven failed
akto-api-security__akto/source-code-analyser: Maven failed
akto-api-security__akto/testing: Maven failed
akto-api-security__akto/testing-cli: Maven failed
akto-api-security__akto/threat-detection: Maven failed
akto-api-security__akto/threat-detection-backend: Maven failed
alibaba__arthas/arthas-spring-boot-starter-example: Maven failed
alibaba__arthas/arthas-spring-boot3-starter-example: Maven failed
alibaba__arthas/arthas-grpc-web-proxy: Maven failed
alibaba__arthas/native-agent: Maven failed
apache__ambari/ambari-server: Maven failed
apache__ambari/calculator-view: Maven failed
apache__ambari/cluster-view: Maven failed
apache__ambari/favorite-view: Maven failed
apache__ambari/hello-servlet-view: Maven failed
apache__ambari/hello-spring-view: Maven failed
apache__ambari/phone-list-upgrade-view: Maven failed
apache__ambari/phone-list-view: Maven failed
apache__ambari/property-validator-view: Maven failed
apache__ambari/property-view: Maven failed
apache__ambari/restricted-view: Maven failed
apache__ambari/simple-view: Maven failed
apache__ambari/ambari-log4j: Maven failed
apache__ambari/ambari-scom-server: Maven failed
apache__ambari/fast-hdfs-resource: Maven failed
apache__ambari/capacity-scheduler: Maven failed
apache__ambari/commons: Maven failed
apache__ambari/files: Maven failed
apache__ambari/pig: Maven failed
apache__ambari/utils: Maven failed
apache__ambari/wfmanager: Maven failed
apache__amoro/amoro-common: Maven failed
apache__amoro/amoro-format-hudi: Maven failed
apache__amoro/amoro-mixed-hive: Maven failed
apache__cassandra-java-driver/core: Maven failed
apache__cassandra-java-driver/examples: Maven failed
apache__cassandra-java-driver/mapper-processor: Maven failed
apache__cassandra-java-driver/mapper-runtime: Maven failed
apache__cassandra-java-driver/micrometer: Maven failed
apache__cassandra-java-driver/microprofile: Maven failed
apache__cassandra-java-driver/osgi-tests: Maven failed
apache__cassandra-java-driver/query-builder: Maven failed
apache__cassandra-java-driver/test-infra: Maven failed
apache__celeborn/client: Maven failed
apache__celeborn/common: Maven failed
apache__celeborn/flink-1.16: Maven failed
apache__celeborn/flink-1.17: Maven failed
apache__celeborn/flink-1.18: Maven failed
apache__celeborn/flink-1.19: Maven failed
apache__celeborn/flink-1.20: Maven failed
apache__celeborn/flink-2.0: Maven failed
apache__celeborn/flink-2.1: Maven failed
apache__celeborn/mr: Maven failed
apache__celeborn/common: Maven failed
apache__celeborn/spark-2: Maven failed
apache__celeborn/spark-3: Maven failed
apache__celeborn/spark-3-columnar-common: Maven failed
apache__celeborn/spark-3-columnar-shuffle: Maven failed
apache__celeborn/spark-3.5-columnar-shuffle: Maven failed
apache__celeborn/spark-4-columnar-shuffle: Maven failed
apache__celeborn/tez: Maven failed
apache__celeborn/common: Maven failed
apache__celeborn/master: Maven failed
apache__celeborn/multipart-uploader-oss: Maven failed
apache__celeborn/multipart-uploader-s3: Maven failed
apache__celeborn/service: Maven failed
apache__celeborn/worker: Maven failed
apache__curator/curator-client: Maven failed
apache__curator/curator-framework: Maven failed
apache__curator/curator-recipes: Maven failed
apache__curator/curator-test: Maven failed
apache__curator/curator-x-discovery: Maven failed
apache__helix/helix-admin-webapp: Maven failed
apache__incubator-hugegraph/hugegraph-clustertest-test: Maven failed
apache__jackrabbit/jackrabbit-firsthops: Maven failed
apache__jackrabbit/jackrabbit-bundle-it: Maven failed
apache__streampark/streampark-common: Maven failed
apache__streampark/streampark-console-service: Maven failed
apache__streampark/streampark-flink-connector-base: Maven failed
apache__streampark/streampark-flink-connector-doris: Maven failed
apache__streampark/streampark-flink-connector-hbase: Maven failed
apache__streampark/streampark-flink-connector-influx: Maven failed
apache__streampark/streampark-flink-connector-jdbc: Maven failed
apache__streampark/streampark-flink-connector-kafka: Maven failed
apache__streampark/streampark-flink-connector-mongo: Maven failed
apache__streampark/streampark-flink-kubernetes: Maven failed
apache__streampark/streampark-flink-packer: Maven failed
apache__streampark/streampark-flink-shims-base: Maven failed
apache__streampark/streampark-flink-udf: Maven failed
approvals__ApprovalTests.Java/approvaltests-hadoop: Maven failed
AutoMQ__automq/archetype-resources: Maven failed
aws__serverless-java-container/archetype-resources: Maven failed
aws__serverless-java-container/archetype-resources: Maven failed
aws__serverless-java-container/archetype-resources: Maven failed
aws__serverless-java-container/archetype-resources: Maven failed
aws__serverless-java-container/archetype-resources: Maven failed
aws__serverless-java-container/archetype-resources: Maven failed
axkr__symja_android_library/matheclipse-beakerx: Maven failed
AzureAD__microsoft-authentication-library-for-java/msal-obo-sample: Maven failed
baidu__starlight/springboot-demo-consumer: Maven failed
baidu__starlight/springboot-demo-provider: Maven failed
baidu__starlight/springcloud-demo-consumer: Maven failed
baidu__starlight/springcloud-demo-provider: Maven failed
benwang6__spring-cloud-repo/sp02-itemservice: Maven failed
benwang6__spring-cloud-repo/sp03-userservice: Maven failed
benwang6__spring-cloud-repo/sp04-orderservice: Maven failed
benwang6__spring-cloud-repo/sp06-ribbon: Maven failed
benwang6__spring-cloud-repo/sp07-hystrix: Maven failed
benwang6__spring-cloud-repo/sp09-feign: Maven failed
benwang6__spring-cloud-repo/sp11-zuul: Maven failed
binarywang__weixin-java-miniapp-demo/binarywang__weixin-java-miniapp-demo: Maven failed
binarywang__weixin-java-miniapp-demo: All modules failed
castlemock__castlemock/web-site: Maven failed
ch4mpy__spring-addons/springdoc-openapi-2494-reactive: Maven failed
ch4mpy__spring-addons/springdoc-openapi-2494-servlet: Maven failed
CompPsyUnion__NottinghamWall/wall-server: Maven failed
confluentinc__ksql/archetype-resources: Maven failed
confluentinc__ksql/archetype-resources: Maven failed
Cosium__git-code-format-maven-plugin/module: Maven failed
Cosium__git-code-format-maven-plugin/single-module: Maven failed
CycloneDX__cyclonedx-maven-plugin/dependency_A: Maven failed
CycloneDX__cyclonedx-maven-plugin/dependency_A: Maven failed
CyrilFeng__karma/CyrilFeng__karma: Maven failed
CyrilFeng__karma: All modules failed
davidB__scala-maven-plugin/includesExcludes: Maven failed
davidB__scala-maven-plugin/test-incremental-compile: Maven failed
davidB__scala-maven-plugin/test1: Maven failed
davidB__scala-maven-plugin/testJavaAndScala: Maven failed
davidB__scala-maven-plugin/test_custom_outputdir: Maven failed
davidB__scala-maven-plugin/test_directory_with_class_name: Maven failed
davidB__scala-maven-plugin/test_goal_doc: Maven failed
davidB__scala-maven-plugin/test_goal_site: Maven failed
davidB__scala-maven-plugin/test_scaladoc2_onJavaScala: Maven failed
davidB__scala-maven-plugin/includesExcludes: Maven failed
davidB__scala-maven-plugin/test-incremental-compile: Maven failed
davidB__scala-maven-plugin/test1: Maven failed
davidB__scala-maven-plugin/testJavaAndScala: Maven failed
davidB__scala-maven-plugin/testLotsofJavaFiles: Maven failed
davidB__scala-maven-plugin/testLotsofJavaFilesNoFork: Maven failed
davidB__scala-maven-plugin/test_custom_outputdir: Maven failed
davidB__scala-maven-plugin/test_directory_with_class_name: Maven failed
davidB__scala-maven-plugin/test_goal_doc: Maven failed
davidB__scala-maven-plugin/test_goal_site: Maven failed
davidB__scala-maven-plugin/test_scaladoc2_onJavaScala: Maven failed
decentralized-identity__universal-resolver/examples: Maven failed
didi__KnowStreaming/km-biz: Maven failed
didi__KnowStreaming/km-collector: Maven failed
didi__KnowStreaming/km-core: Maven failed
didi__KnowStreaming/km-ha: Maven failed
didi__KnowStreaming/km-account: Maven failed
didi__KnowStreaming/km-monitor: Maven failed
didi__KnowStreaming/km-persistence: Maven failed
didi__KnowStreaming/km-rest: Maven failed
didi__KnowStreaming/km-task: Maven failed
dromara__forest/example-solon: Maven failed
dynamicreports__dynamicreports/dynamicreports-adhoc: Maven failed
dynamicreports__dynamicreports/dynamicreports-googlecharts: Maven failed
easymock__objenesis/tck-android: Maven failed
elunez__eladmin/eladmin-common: Maven failed
elunez__eladmin/eladmin-generator: Maven failed
elunez__eladmin/eladmin-logging: Maven failed
elunez__eladmin/eladmin-system: Maven failed
elunez__eladmin/eladmin-tools: Maven failed
elunez__eladmin: All modules failed
elunez__eladmin-mp/eladmin-common: Maven failed
elunez__eladmin-mp/eladmin-generator: Maven failed
elunez__eladmin-mp/eladmin-logging: Maven failed
elunez__eladmin-mp/eladmin-system: Maven failed
elunez__eladmin-mp/eladmin-tools: Maven failed
elunez__eladmin-mp: All modules failed
eyesmoons__lacus/lacus-admin: Maven failed
eyesmoons__lacus/lacus-core: Maven failed
eyesmoons__lacus/lacus-dao: Maven failed
eyesmoons__lacus/lacus-datasource-plugin: Maven failed
eyesmoons__lacus/lacus-domain: Maven failed
eyesmoons__lacus/lacus-one-api-app: Maven failed
eyesmoons__lacus/lacus-service: Maven failed
feiyuchuixue__sz-boot-parent/sz-common-core: Maven failed
feiyuchuixue__sz-boot-parent/sz-common-db-mysql: Maven failed
feiyuchuixue__sz-boot-parent/sz-common-db-redis: Maven failed
feiyuchuixue__sz-boot-parent/sz-common-excel: Maven failed
feiyuchuixue__sz-boot-parent/sz-common-generator: Maven failed
feiyuchuixue__sz-boot-parent/sz-common-log: Maven failed
feiyuchuixue__sz-boot-parent/sz-common-oss: Maven failed
feiyuchuixue__sz-boot-parent/sz-common-security: Maven failed
feiyuchuixue__sz-boot-parent/sz-common-wechat: Maven failed
feiyuchuixue__sz-boot-parent/sz-service-admin: Maven failed
feiyuchuixue__sz-boot-parent/sz-service-websocket: Maven failed
feiyuchuixue__sz-boot-parent: All modules failed
flamingock__mongock/couchbase-driver: Maven failed
flamingock__mongock/couchbase-springboot-driver: Maven failed
flamingock__mongock/mongodb-driver-test-template: Maven failed
flamingock__mongock/mongodb-reactive-driver: Maven failed
flamingock__mongock/mongodb-springdata-v2-driver: Maven failed
flamingock__mongock/mongodb-springdata-v3-driver: Maven failed
flamingock__mongock/mongodb-sync-v4-driver: Maven failed
flamingock__mongock/mongodb-v3-driver: Maven failed
flamingock__mongock/mongock-api: Maven failed
flamingock__mongock/mongock-decorator-util: Maven failed
flamingock__mongock/mongock-driver-api: Maven failed
flamingock__mongock/mongock-driver-core: Maven failed
flamingock__mongock/mongock-runner-core: Maven failed
flamingock__mongock/mongock-test-runner: Maven failed
flamingock__mongock/mongock-spring-base: Maven failed
flamingock__mongock/mongock-springboot: Maven failed
flamingock__mongock/mongock-springboot-base: Maven failed
flamingock__mongock/mongock-standalone-base: Maven failed
flamingock__mongock/mongock-test-core: Maven failed
GeoWebCache__geowebcache/core: Maven failed
getrebuild__rebuild/getrebuild__rebuild: Maven failed
getrebuild__rebuild: All modules failed
gf-huanchupk__SpringBootLearning/hello-spring-boot-starter-test: Maven failed
gf-huanchupk__SpringBootLearning/springboot-security: Maven failed
googleapis__google-http-java-client/google-http-client-android-test: Maven failed
groovy__GMavenPlus/mixedCompile: Maven failed
groovy__GMavenPlus/mixedCompile2: Maven failed
groovy__GMavenPlus/mixedCompileCircular: Maven failed
groovy__GMavenPlus/javaModule: Maven failed
groovy__GMavenPlus/javaModule: Maven failed
groovy__GMavenPlus/mixedGroovydoc: Maven failed
groovy__GMavenPlus/mixedGroovydoc2: Maven failed
guchengwuyue__yshopmall/yshop-admin: Maven failed
guchengwuyue__yshopmall/yshop-app: Maven failed
guchengwuyue__yshopmall/yshop-common: Maven failed
guchengwuyue__yshopmall/yshop-generator: Maven failed
guchengwuyue__yshopmall/yshop-logging: Maven failed
guchengwuyue__yshopmall/yshop-mall: Maven failed
guchengwuyue__yshopmall/yshop-message: Maven failed
guchengwuyue__yshopmall/yshop-mproot: Maven failed
guchengwuyue__yshopmall/yshop-oss: Maven failed
guchengwuyue__yshopmall/yshop-shop: Maven failed
guchengwuyue__yshopmall/yshop-tools: Maven failed
guchengwuyue__yshopmall/yshop-weixin: Maven failed
guchengwuyue__yshopmall: All modules failed
HamaWhiteGG__flink-sql-lineage/lineage-common: Maven failed
HamaWhiteGG__flink-sql-lineage/lineage-flink1.14.x: Maven failed
HamaWhiteGG__flink-sql-lineage/lineage-flink1.16.x: Maven failed
HamaWhiteGG__flink-sql-lineage/lineage-server-application: Maven failed
HamaWhiteGG__flink-sql-lineage/lineage-server-domain: Maven failed
HamaWhiteGG__flink-sql-lineage/lineage-server-infrastructure: Maven failed
HamaWhiteGG__flink-sql-lineage/lineage-server-interfaces: Maven failed
HamaWhiteGG__flink-sql-lineage/lineage-server-start: Maven failed
hprose__hprose-java/server: Maven failed
hprose__hprose-java/server: Maven failed
IanDarwin__javasrc/main: Maven failed
iflytek__datasophon/datasophon-infrastructure: Maven failed
iflytek__datasophon/datasophon-service: Maven failed
iflytek__datasophon/datasophon-worker: Maven failed
itwanger__paicoding/paicoding-core: Maven failed
itwanger__paicoding/paicoding-service: Maven failed
itwanger__paicoding/paicoding-web: Maven failed
jaygajera17__E-commerce-project-springBoot/JtProject: Maven failed
jaygajera17__E-commerce-project-springBoot: All modules failed
jcabi__jcabi-github/basic-usage: Maven failed
jeecgboot__JeecgBoot/jeecg-boot-base-core: Maven failed
jeecgboot__JeecgBoot/jeecg-cloud-test-seata-account: Maven failed
jeecgboot__JeecgBoot/jeecg-cloud-test-seata-order: Maven failed
jeecgboot__JeecgBoot/jeecg-cloud-test-seata-product: Maven failed
jeecgboot__jimureport/jimureport-example: Maven failed
jeecgboot__jimureport: All modules failed
juejin-wuyang__memberclub/downstream.examples: Maven failed
juejin-wuyang__memberclub/memberclub.common: Maven failed
juejin-wuyang__memberclub/memberclub.infrastructure: Maven failed
juejin-wuyang__memberclub/memberclub.plugin.demomember: Maven failed
juejin-wuyang__memberclub/memberclub.plugin.douyin_coupon_package: Maven failed
juejin-wuyang__memberclub/memberclub.plugin.lesson: Maven failed
juejin-wuyang__memberclub/memberclub.sdk: Maven failed
juejin-wuyang__memberclub/memberclub.starter: Maven failed
keycloak__keycloak-quickstarts/action-token-authenticator: Maven failed
keycloak__keycloak-quickstarts/action-token-required-action: Maven failed
keycloak__keycloak-quickstarts/authenticator: Maven failed
keycloak__keycloak-quickstarts/event-listener-sysout: Maven failed
keycloak__keycloak-quickstarts/event-store-mem: Maven failed
keycloak__keycloak-quickstarts/extend-admin-console-spi: Maven failed
keycloak__keycloak-quickstarts/user-storage-jpa: Maven failed
keycloak__keycloak-quickstarts/user-storage-simple: Maven failed
keycloak__keycloak-quickstarts/jaxrs-resource-server: Maven failed
keycloak__keycloak-quickstarts/servlet-authz-client: Maven failed
keycloak__keycloak-quickstarts/servlet-saml-service-provider: Maven failed
kingston-csj__jforgame/jforgame-codec-protobuf: Maven failed
kingston-csj__jforgame/jforgame-codec-struct: Maven failed
kingston-csj__jforgame/jforgame-demo: Maven failed
kingston-csj__jforgame/jforgame-orm: Maven failed
kingston-csj__jforgame/jforgame-runtime: Maven failed
kingston-csj__jforgame/jforgame-socket-api: Maven failed
kingston-csj__jforgame/jforgame-socket-mina: Maven failed
kingston-csj__jforgame/jforgame-socket-netty: Maven failed
kingston-csj__jforgame/jforgame-spring-boot-starter-data: Maven failed
lacus-dist: All modules failed
larksuite__oapi-sdk-java/sample: Maven failed
lijiahangmax__orion-ops/orion-ops-data: Maven failed
lijiahangmax__orion-ops/orion-ops-mapping: Maven failed
lijiahangmax__orion-ops/orion-ops-runner: Maven failed
lijiahangmax__orion-ops/orion-ops-service: Maven failed
lijiahangmax__orion-ops/orion-ops-web: Maven failed
lilishop__lilishop/buyer-api: Maven failed
lilishop__lilishop/common-api: Maven failed
lilishop__lilishop/consumer: Maven failed
lilishop__lilishop/im-api: Maven failed
lilishop__lilishop/manager-api: Maven failed
lilishop__lilishop/seller-api: Maven failed
liquibase__liquibase/maven: Maven failed
liuyueyi__quick-media/console: Maven failed
liuyueyi__quick-media/svg-core: Maven failed
lmxdawn__vue-admin-java/api-admin: Maven failed
macrozheng__mall/mall-admin: Maven failed
macrozheng__mall/mall-demo: Maven failed
macrozheng__mall/mall-mbg: Maven failed
macrozheng__mall/mall-portal: Maven failed
macrozheng__mall/mall-search: Maven failed
makunet__maku-boot/maku-module-iot: Maven failed
makunet__maku-boot/maku-module-member: Maven failed
makunet__maku-boot/maku-module-monitor: Maven failed
makunet__maku-boot/maku-module-quartz: Maven failed
makunet__maku-boot/maku-module-websocket: Maven failed
makunet__maku-boot/maku-boot-new: Maven failed
makunet__maku-boot/maku-boot-system: Maven failed
makunet__maku-boot/maku-server: Maven failed
maliangnansheng__bbs-springboot/bbs-article-facade: Maven failed
maliangnansheng__bbs-springboot/bbs-article-persistence: Maven failed
maliangnansheng__bbs-springboot/bbs-article-service: Maven failed
maliangnansheng__bbs-springboot/bbs-rest: Maven failed
maliangnansheng__bbs-springboot/bbs-user-facade: Maven failed
maliangnansheng__bbs-springboot/bbs-user-service: Maven failed
mark-watson__Java-AI-Book-Code/kgn: Maven failed
maven-nar__nar-maven-plugin/it0003-jni: Maven failed
maven-nar__nar-maven-plugin/it0004-java-dep-jni: Maven failed
maven-nar__nar-maven-plugin/it0005-jni-static: Maven failed
maven-nar__nar-maven-plugin/it0009-jni-dep-lib-shared: Maven failed
maven-nar__nar-maven-plugin/it0012-jni-dep-lib-static: Maven failed
maven-nar__nar-maven-plugin/it0014-jni-dep-lib-shared: Maven failed
maven-nar__nar-maven-plugin/it0017-toolchain: Maven failed
maven-nar__nar-maven-plugin/it0025-jar-dep-jni: Maven failed
maven-nar__nar-maven-plugin/it0026-native-lib-loader: Maven failed
maven-nar__nar-maven-plugin/it0026-native-lib-loader-2.3.0: Maven failed
membrane__api-gateway/core: Maven failed
membrane__api-gateway/distribution: Maven failed
membrane__api-gateway/maven-plugin: Maven failed
membrane__api-gateway/starter: Maven failed
membrane__api-gateway/war: Maven failed
microsoft__azure-tools-for-java/com.microsoft.applicationinsights.ui: Maven failed
microsoft__azure-tools-for-java/com.microsoft.azuretools.wasdkjava.ui: Maven failed
microsoft__azure-tools-for-java/com.microsoft.sqljdbc4.ui: Maven failed
microsoft__azure-tools-for-java/com.microsoft.azuretools.container: Maven failed
microsoft__azure-tools-for-java/com.microsoft.azuretools.springcloud: Maven failed
microsoft__azure-tools-for-java/azure-toolkit-ide-cosmos-spark-lib: Maven failed
microsoft__azure-tools-for-java/azure-toolkit-ide-hdinsight-spark-lib: Maven failed
microsoft__azure-tools-for-java/azure-toolkit-ide-sqlserver-spark-lib: Maven failed
microsoft__azure-tools-for-java/azure-toolkit-ide-synapse-spark-lib: Maven failed
microsoft__azure-tools-for-java/spark-localrun-mock: Maven failed
microsoft__mssql-jdbc/adaptive: Maven failed
microsoft__mssql-jdbc/alwaysencrypted: Maven failed
microsoft__mssql-jdbc/azureactivedirectoryauthentication: Maven failed
microsoft__mssql-jdbc/connections: Maven failed
microsoft__mssql-jdbc/constrained: Maven failed
microsoft__mssql-jdbc/dataclassification: Maven failed
microsoft__mssql-jdbc/datatypes: Maven failed
microsoft__mssql-jdbc/resultsets: Maven failed
microsoft__mssql-jdbc/sparse: Maven failed
milvus-io__milvus-sdk-java/milvustest: Maven failed
milvus-io__milvus-sdk-java/milvustestv2: Maven failed
MobiVM__robovm/archetype-resources: Maven failed
MobiVM__robovm/archetype-resources: Maven failed
MobiVM__robovm/archetype-resources: Maven failed
mybatis-flex__mybatis-flex/mybatis-flex-loveqq-test: Maven failed
neo4j__neo4j-java-driver/driver: Maven failed
novicezk__midjourney-proxy/novicezk__midjourney-proxy: Maven failed
novicezk__midjourney-proxy: All modules failed
openjdk__jcstress/archetype-resources: Maven failed
openjdk__jmh/archetype-resources: Maven failed
ORCID__ORCID-Source/orcid-activities-indexer: Maven failed
paul-hammant__qdox/gh-182: Maven failed
paul-hammant__qdox/gh-263: Maven failed
paul-hammant__qdox/qdox-223: Maven failed
paul-hammant__qdox/gh-263: Maven failed
paulcwarren__spring-content/spring-content-docx4j: Maven failed
playn__playn/android: Maven failed
playn__playn/core: Maven failed
playn__playn/html: Maven failed
playn__playn/java: Maven failed
playn__playn/robovm: Maven failed
playn__playn/android: Maven failed
playn__playn/core: Maven failed
playn__playn/html: Maven failed
playn__playn/java: Maven failed
playn__playn/robovm: Maven failed
qaiu__netdisk-fast-download/core-database: Maven failed
qaiu__netdisk-fast-download/web-service: Maven failed
qos-ch__logback/logback-classic: Maven failed
qos-ch__logback/logback-core: Maven failed
qos-ch__logback/logback-examples: Maven failed
qos-ch__logback: All modules failed
refactorfirst__RefactorFirst/refactor-first-gradle-plugin: Maven failed
revelc__formatter-maven-plugin/cache: Maven failed
rule-engine__rule-engine-open/rule-engine-open-compute: Maven failed
rule-engine__rule-engine-open/rule-engine-open-web: Maven failed
siam1026__siam-cloud/kitty-core: Maven failed
siam1026__siam-cloud/kitty-generator: Maven failed
siam1026__siam-server/kitty-core: Maven failed
siam1026__siam-server/kitty-generator: Maven failed
smallrye__jandex/defaultFileset: Maven failed
smallrye__jandex/filesets: Maven failed
smallrye__jandex/multipleIndices: Maven failed
spring-cloud__spring-cloud-commons/spring-cloud-commons: Maven failed
spring-cloud__spring-cloud-commons/spring-cloud-context: Maven failed
spring-cloud__spring-cloud-config/spring-cloud-config-client: Maven failed
spring-cloud__spring-cloud-consul/spring-cloud-consul-config: Maven failed
spring-cloud__spring-cloud-consul/spring-cloud-consul-core: Maven failed
spring-cloud__spring-cloud-contract/spring-cloud-contract-stub-runner: Maven failed
spring-cloud__spring-cloud-contract/spring-cloud-contract-converters: Maven failed
spring-cloud__spring-cloud-contract/spring-cloud-contract-gradle-plugin: Maven failed
spring-cloud__spring-cloud-contract/complex-configuration: Maven failed
spring-cloud__spring-cloud-contract/module: Maven failed
spring-cloud__spring-cloud-contract/plugin-extension: Maven failed
spring-cloud__spring-cloud-contract/spring-boot-groovy: Maven failed
spring-cloud__spring-cloud-contract/spring-boot-java: Maven failed
spring-cloud__spring-cloud-contract/spring-cloud-contract-verifier: Maven failed
spring-cloud__spring-cloud-contract/spring-cloud-contract-wiremock: Maven failed
spring-cloud__spring-cloud-kubernetes/spring-cloud-kubernetes-client-config: Maven failed
spring-cloud__spring-cloud-kubernetes/spring-cloud-kubernetes-commons: Maven failed
spring-cloud__spring-cloud-kubernetes/spring-cloud-kubernetes-fabric8-config: Maven failed
spring-cloud__spring-cloud-netflix/spring-cloud-netflix-eureka-server: Maven failed
spring-cloud__spring-cloud-task/spring-cloud-task-core: Maven failed
spring-cloud__stream-applications/script-processor: Maven failed
stargate__stargate/auth-api: Maven failed
stargate__stargate/persistence-dse-6.8: Maven failed
stargate__stargate/restapi: Maven failed
tcurdt__jdeb/extension: Maven failed
togglz__togglz/microprofile-config: Maven failed
twelvet-projects__twelvet/twelvet-auth: Maven failed
twelvet-projects__twelvet/twelvet-gateway: Maven failed
twelvet-projects__twelvet/twelvet-nacos: Maven failed
twelvet-projects__twelvet/twelvet-server-ai: Maven failed
twelvet-projects__twelvet/twelvet-server-dfs: Maven failed
twelvet-projects__twelvet/twelvet-server-gen: Maven failed
twelvet-projects__twelvet/twelvet-server-job: Maven failed
twelvet-projects__twelvet/twelvet-server-system: Maven failed
twelvet-projects__twelvet/twelvet-visual-monitor: Maven failed
twelvet-projects__twelvet/twelvet-visual-sentinel: Maven failed
warmuuh__milkman/milkman-cassandra: Maven failed
warmuuh__milkman/milkman-explore: Maven failed
warmuuh__milkman/milkman-graphql: Maven failed
warmuuh__milkman/milkman-grpc: Maven failed
warmuuh__milkman/milkman-rest: Maven failed
warmuuh__milkman/milkman-sio: Maven failed
warmuuh__milkman/milkman-sync-git: Maven failed
warmuuh__milkman/milkman-ws: Maven failed
winder__Universal-G-Code-Sender/archetype-resources: Maven failed
wso2__product-apim/sample-scenarios: Maven failed
wso2__product-apim/backend: Maven failed
wso2__product-apim/admin: Maven failed
wso2__product-apim/publisher: Maven failed
wso2__product-apim/store: Maven failed
wso2__product-apim/sample-utils: Maven failed
wso2__product-apim/sample1: Maven failed
wso2__product-apim/sample10: Maven failed
wso2__product-apim/sample2: Maven failed
wso2__product-apim/sample4: Maven failed
wso2__product-apim/sample7: Maven failed
wso2__product-apim/sample8: Maven failed
wso2__product-apim/sample9: Maven failed
xaecbd__KCenter/KCenter-Core: Maven failed
yegor256__takes/file-manager: Maven failed
YouHaveTrouble__CommandWhitelist/CommandWhitelistBukkit: Maven failed
YouHaveTrouble__CommandWhitelist/CommandWhitelistVelocity: Maven failed
YouHaveTrouble__CommandWhitelist/CommandWhitelistWaterfall: Maven failed
Zerek-Cheng__Simple-Assets-Platform/Zerek-Cheng__Simple-Assets-Platform: Maven failed
Zerek-Cheng__Simple-Assets-Platform: All modules failed
zxing__zxing/android-core: Maven failed
zxing__zxing/android-integration: Maven failed
